Command line invocation:
    /Applications/Xcode.app/Contents/Developer/usr/bin/xcodebuild build -project ResourceRunner.xcodeproj -scheme ResourceRunner -configuration Release -destination platform=macOS,arch=arm64 -derivedDataPath /tmp/rr-macos-capacity-release CODE_SIGNING_ALLOWED=YES

Build settings from command line:
    CODE_SIGNING_ALLOWED = YES

2026-10-04 15:46:35.517 xcodebuild[38305:52610748] [MT] IDERunDestination: Supported platforms for the buildables in the current scheme is empty.
ComputePackagePrebuildTargetDependencyGraph

Prepare packages

CreateBuildRequest

SendProjectDescription

CreateBuildOperation

ComputeTargetDependencyGraph
note: Building targets in dependency order
note: Target dependency graph (1 target)
    Target 'ResourceRunner' in project 'ResourceRunner' (no dependencies)

GatherProvisioningInputs

CreateBuildDescription

ExecuteExternalTool /Applications/Xcode.app/Contents/Developer/Toolchains/XcodeDefault.xctoolchain/usr/bin/clang -v -E -dM -isysroot /Applications/Xcode.app/Contents/Developer/Platforms/MacOSX.platform/Developer/SDKs/MacOSX26.5.sdk -x c -c /dev/null

ExecuteExternalTool /Applications/Xcode.app/Contents/Developer/usr/bin/actool --version --output-format xml1

ExecuteExternalTool /Applications/Xcode.app/Contents/Developer/Toolchains/XcodeDefault.xctoolchain/usr/bin/swiftc --version

ExecuteExternalTool /Applications/Xcode.app/Contents/Developer/Toolchains/XcodeDefault.xctoolchain/usr/bin/ld -version_details

Build description signature: 444cc0740f3266cd147d2a82acde5d80
Build description path: /tmp/rr-macos-capacity-release/Build/Intermediates.noindex/XCBuildData/444cc0740f3266cd147d2a82acde5d80.xcbuilddata
ClangStatCache /Applications/Xcode.app/Contents/Developer/Toolchains/XcodeDefault.xctoolchain/usr/bin/clang-stat-cache /Applications/Xcode.app/Contents/Developer/Platforms/MacOSX.platform/Developer/SDKs/MacOSX26.5.sdk /tmp/rr-macos-capacity-release/SDKStatCaches.noindex/macosx26.5-25F70-e082c4a02f00227109f4ed75e425c832.sdkstatcache
    cd /Users/zipkero/XcodeProjects/ResourceRunner/ResourceRunner.xcodeproj
    /Applications/Xcode.app/Contents/Developer/Toolchains/XcodeDefault.xctoolchain/usr/bin/clang-stat-cache /Applications/Xcode.app/Contents/Developer/Platforms/MacOSX.platform/Developer/SDKs/MacOSX26.5.sdk -o /tmp/rr-macos-capacity-release/SDKStatCaches.noindex/macosx26.5-25F70-e082c4a02f00227109f4ed75e425c832.sdkstatcache

CpResource /tmp/rr-macos-capacity-release/Build/Products/Release/ResourceRunner.app/Contents/Resources/PrivacyInfo.xcprivacy /Users/zipkero/XcodeProjects/ResourceRunner/ResourceRunner/PrivacyInfo.xcprivacy (in target 'ResourceRunner' from project 'ResourceRunner')
    cd /Users/zipkero/XcodeProjects/ResourceRunner
    builtin-copy -exclude .DS_Store -exclude CVS -exclude .svn -exclude .git -exclude .hg -resolve-src-symlinks /Users/zipkero/XcodeProjects/ResourceRunner/ResourceRunner/PrivacyInfo.xcprivacy /tmp/rr-macos-capacity-release/Build/Products/Release/ResourceRunner.app/Contents/Resources

CopySwiftLibs /tmp/rr-macos-capacity-release/Build/Products/Release/ResourceRunner.app (in target 'ResourceRunner' from project 'ResourceRunner')
    cd /Users/zipkero/XcodeProjects/ResourceRunner
    builtin-swiftStdLibTool --copy --verbose --sign - --scan-executable /tmp/rr-macos-capacity-release/Build/Products/Release/ResourceRunner.app/Contents/MacOS/ResourceRunner --scan-folder /tmp/rr-macos-capacity-release/Build/Products/Release/ResourceRunner.app/Contents/Frameworks --scan-folder /tmp/rr-macos-capacity-release/Build/Products/Release/ResourceRunner.app/Contents/PlugIns --scan-folder /tmp/rr-macos-capacity-release/Build/Products/Release/ResourceRunner.app/Contents/Library/SystemExtensions --scan-folder /tmp/rr-macos-capacity-release/Build/Products/Release/ResourceRunner.app/Contents/Extensions --platform macosx --toolchain /Applications/Xcode.app/Contents/Developer/Toolchains/XcodeDefault.xctoolchain --destination /tmp/rr-macos-capacity-release/Build/Products/Release/ResourceRunner.app/Contents/Frameworks --strip-bitcode --strip-bitcode-tool /Applications/Xcode.app/Contents/Developer/Toolchains/XcodeDefault.xctoolchain/usr/bin/bitcode_strip --emit-dependency-info /tmp/rr-macos-capacity-release/Build/Intermediates.noindex/ResourceRunner.build/Release/ResourceRunner.build/SwiftStdLibToolInputDependencies.dep --filter-for-swift-os

ProcessInfoPlistFile /tmp/rr-macos-capacity-release/Build/Products/Release/ResourceRunner.app/Contents/Info.plist /tmp/rr-macos-capacity-release/Build/Intermediates.noindex/ResourceRunner.build/Release/ResourceRunner.build/empty-ResourceRunner.plist (in target 'ResourceRunner' from project 'ResourceRunner')
    cd /Users/zipkero/XcodeProjects/ResourceRunner
    builtin-infoPlistUtility /tmp/rr-macos-capacity-release/Build/Intermediates.noindex/ResourceRunner.build/Release/ResourceRunner.build/empty-ResourceRunner.plist -producttype com.apple.product-type.application -genpkginfo /tmp/rr-macos-capacity-release/Build/Products/Release/ResourceRunner.app/Contents/PkgInfo -expandbuildsettings -platform macosx -additionalcontentfile /tmp/rr-macos-capacity-release/Build/Intermediates.noindex/ResourceRunner.build/Release/ResourceRunner.build/assetcatalog_generated_info.plist -o /tmp/rr-macos-capacity-release/Build/Products/Release/ResourceRunner.app/Contents/Info.plist

CodeSign /tmp/rr-macos-capacity-release/Build/Products/Release/ResourceRunner.app (in target 'ResourceRunner' from project 'ResourceRunner')
    cd /Users/zipkero/XcodeProjects/ResourceRunner
    
    Signing Identity:     "Sign to Run Locally"
    
    /usr/bin/codesign --force --sign - --entitlements /tmp/rr-macos-capacity-release/Build/Intermediates.noindex/ResourceRunner.build/Release/ResourceRunner.build/ResourceRunner.app.xcent --timestamp\=none --generate-entitlement-der /tmp/rr-macos-capacity-release/Build/Products/Release/ResourceRunner.app
/tmp/rr-macos-capacity-release/Build/Products/Release/ResourceRunner.app: replacing existing signature

Validate /tmp/rr-macos-capacity-release/Build/Products/Release/ResourceRunner.app (in target 'ResourceRunner' from project 'ResourceRunner')
    cd /Users/zipkero/XcodeProjects/ResourceRunner
    builtin-validationUtility /tmp/rr-macos-capacity-release/Build/Products/Release/ResourceRunner.app -no-validate-extension -infoplist-subpath Contents/Info.plist

RegisterWithLaunchServices /tmp/rr-macos-capacity-release/Build/Products/Release/ResourceRunner.app (in target 'ResourceRunner' from project 'ResourceRunner')
    cd /Users/zipkero/XcodeProjects/ResourceRunner
    /System/Library/Frameworks/CoreServices.framework/Versions/Current/Frameworks/LaunchServices.framework/Versions/Current/Support/lsregister -f -R -trusted /tmp/rr-macos-capacity-release/Build/Products/Release/ResourceRunner.app

** BUILD SUCCEEDED **

