Executable=/private/tmp/ResourceRunner-M3-task010sample-probe/Build/Products/Debug/ResourceRunner.app/Contents/MacOS/ResourceRunner
Identifier=com.zipkero.ResourceRunner
Format=app bundle with Mach-O thin (arm64)
CodeDirectory v=20400 size=435 flags=0x2(adhoc) hashes=3+7 location=embedded
VersionPlatform=1
VersionMin=1705216
VersionSDK=1705216
Hash type=sha256 size=32
CandidateCDHash sha256=04c9659a572210ef24ef95d3c85cef18fd4180b7
CandidateCDHashFull sha256=04c9659a572210ef24ef95d3c85cef18fd4180b7c72f4a9f2b5a92cb83489727
Hash choices=sha256
CMSDigest=04c9659a572210ef24ef95d3c85cef18fd4180b7c72f4a9f2b5a92cb83489727
CMSDigestType=2
Executable Segment base=0
Executable Segment limit=16384
Executable Segment flags=0x1
Page size=16384
CDHash=04c9659a572210ef24ef95d3c85cef18fd4180b7
Signature=adhoc
Info.plist entries=20
TeamIdentifier=not set
Sealed Resources version=2 rules=13 files=3
Internal requirements count=0 size=12
