Command line invocation:
    /Applications/Xcode.app/Contents/Developer/usr/bin/xcodebuild build -project ResourceRunner.xcodeproj -scheme ResourceRunner -configuration Release -destination platform=macOS -derivedDataPath /tmp/ResourceRunner-M3-task004-release CODE_SIGNING_ALLOWED=NO

Build settings from command line:
    CODE_SIGNING_ALLOWED = NO

2026-10-01 20:26:27.703 xcodebuild[86894:44696046] [MT] IDERunDestination: Supported platforms for the buildables in the current scheme is empty.
ComputePackagePrebuildTargetDependencyGraph

Prepare packages

CreateBuildRequest

SendProjectDescription

CreateBuildOperation

ComputeTargetDependencyGraph
note: Building targets in dependency order
note: Target dependency graph (1 target)
    Target 'ResourceRunner' in project 'ResourceRunner' (no dependencies)

GatherProvisioningInputs

CreateBuildDescription

ExecuteExternalTool /Applications/Xcode.app/Contents/Developer/Toolchains/XcodeDefault.xctoolchain/usr/bin/clang -v -E -dM -isysroot /Applications/Xcode.app/Contents/Developer/Platforms/MacOSX.platform/Developer/SDKs/MacOSX26.5.sdk -x c -c /dev/null

ExecuteExternalTool /Applications/Xcode.app/Contents/Developer/usr/bin/actool --version --output-format xml1

ExecuteExternalTool /Applications/Xcode.app/Contents/Developer/Toolchains/XcodeDefault.xctoolchain/usr/bin/swiftc --version

ExecuteExternalTool /Applications/Xcode.app/Contents/Developer/Toolchains/XcodeDefault.xctoolchain/usr/bin/ld -version_details

Build description signature: 1dbdeda12f1c66569c4176d5aea38665
Build description path: /tmp/ResourceRunner-M3-task004-release/Build/Intermediates.noindex/XCBuildData/1dbdeda12f1c66569c4176d5aea38665.xcbuilddata
ClangStatCache /Applications/Xcode.app/Contents/Developer/Toolchains/XcodeDefault.xctoolchain/usr/bin/clang-stat-cache /Applications/Xcode.app/Contents/Developer/Platforms/MacOSX.platform/Developer/SDKs/MacOSX26.5.sdk /tmp/ResourceRunner-M3-task004-release/SDKStatCaches.noindex/macosx26.5-25F70-e082c4a02f00227109f4ed75e425c832.sdkstatcache
    cd /Users/zipkero/XcodeProjects/ResourceRunner/ResourceRunner.xcodeproj
    /Applications/Xcode.app/Contents/Developer/Toolchains/XcodeDefault.xctoolchain/usr/bin/clang-stat-cache /Applications/Xcode.app/Contents/Developer/Platforms/MacOSX.platform/Developer/SDKs/MacOSX26.5.sdk -o /tmp/ResourceRunner-M3-task004-release/SDKStatCaches.noindex/macosx26.5-25F70-e082c4a02f00227109f4ed75e425c832.sdkstatcache

CreateBuildDirectory /tmp/ResourceRunner-M3-task004-release/Build/Products
    cd /Users/zipkero/XcodeProjects/ResourceRunner/ResourceRunner.xcodeproj
    builtin-create-build-directory /tmp/ResourceRunner-M3-task004-release/Build/Products

CreateBuildDirectory /tmp/ResourceRunner-M3-task004-release/Build/Intermediates.noindex
    cd /Users/zipkero/XcodeProjects/ResourceRunner/ResourceRunner.xcodeproj
    builtin-create-build-directory /tmp/ResourceRunner-M3-task004-release/Build/Intermediates.noindex

CreateBuildDirectory /tmp/ResourceRunner-M3-task004-release/Build/Intermediates.noindex/ExplicitPrecompiledModules
    cd /Users/zipkero/XcodeProjects/ResourceRunner/ResourceRunner.xcodeproj
    builtin-create-build-directory /tmp/ResourceRunner-M3-task004-release/Build/Intermediates.noindex/ExplicitPrecompiledModules

CreateBuildDirectory /tmp/ResourceRunner-M3-task004-release/Build/Intermediates.noindex/SwiftExplicitPrecompiledModules
    cd /Users/zipkero/XcodeProjects/ResourceRunner/ResourceRunner.xcodeproj
    builtin-create-build-directory /tmp/ResourceRunner-M3-task004-release/Build/Intermediates.noindex/SwiftExplicitPrecompiledModules

CreateBuildDirectory /tmp/ResourceRunner-M3-task004-release/Build/Products/Release
    cd /Users/zipkero/XcodeProjects/ResourceRunner/ResourceRunner.xcodeproj
    builtin-create-build-directory /tmp/ResourceRunner-M3-task004-release/Build/Products/Release

CreateBuildDirectory /tmp/ResourceRunner-M3-task004-release/Build/Intermediates.noindex/EagerLinkingTBDs/Release
    cd /Users/zipkero/XcodeProjects/ResourceRunner/ResourceRunner.xcodeproj
    builtin-create-build-directory /tmp/ResourceRunner-M3-task004-release/Build/Intermediates.noindex/EagerLinkingTBDs/Release

WriteAuxiliaryFile /tmp/ResourceRunner-M3-task004-release/Build/Intermediates.noindex/ResourceRunner.build/Release/ResourceRunner-8c3503f0990367d409751a2585fa2393-VFS/all-product-headers.yaml
    cd /Users/zipkero/XcodeProjects/ResourceRunner/ResourceRunner.xcodeproj
    write-file /tmp/ResourceRunner-M3-task004-release/Build/Intermediates.noindex/ResourceRunner.build/Release/ResourceRunner-8c3503f0990367d409751a2585fa2393-VFS/all-product-headers.yaml

WriteAuxiliaryFile /tmp/ResourceRunner-M3-task004-release/Build/Intermediates.noindex/ResourceRunner.build/Release/ResourceRunner.build/ResourceRunner.DependencyMetadataFileList (in target 'ResourceRunner' from project 'ResourceRunner')
    cd /Users/zipkero/XcodeProjects/ResourceRunner
    write-file /tmp/ResourceRunner-M3-task004-release/Build/Intermediates.noindex/ResourceRunner.build/Release/ResourceRunner.build/ResourceRunner.DependencyMetadataFileList

WriteAuxiliaryFile /tmp/ResourceRunner-M3-task004-release/Build/Intermediates.noindex/ResourceRunner.build/Release/ResourceRunner.build/ResourceRunner-project-headers.hmap (in target 'ResourceRunner' from project 'ResourceRunner')
    cd /Users/zipkero/XcodeProjects/ResourceRunner
    write-file /tmp/ResourceRunner-M3-task004-release/Build/Intermediates.noindex/ResourceRunner.build/Release/ResourceRunner.build/ResourceRunner-project-headers.hmap

WriteAuxiliaryFile /tmp/ResourceRunner-M3-task004-release/Build/Intermediates.noindex/ResourceRunner.build/Release/ResourceRunner.build/ResourceRunner-own-target-headers.hmap (in target 'ResourceRunner' from project 'ResourceRunner')
    cd /Users/zipkero/XcodeProjects/ResourceRunner
    write-file /tmp/ResourceRunner-M3-task004-release/Build/Intermediates.noindex/ResourceRunner.build/Release/ResourceRunner.build/ResourceRunner-own-target-headers.hmap

WriteAuxiliaryFile /tmp/ResourceRunner-M3-task004-release/Build/Intermediates.noindex/ResourceRunner.build/Release/ResourceRunner.build/empty-ResourceRunner.plist (in target 'ResourceRunner' from project 'ResourceRunner')
    cd /Users/zipkero/XcodeProjects/ResourceRunner
    write-file /tmp/ResourceRunner-M3-task004-release/Build/Intermediates.noindex/ResourceRunner.build/Release/ResourceRunner.build/empty-ResourceRunner.plist

WriteAuxiliaryFile /tmp/ResourceRunner-M3-task004-release/Build/Intermediates.noindex/ResourceRunner.build/Release/ResourceRunner.build/ResourceRunner-generated-files.hmap (in target 'ResourceRunner' from project 'ResourceRunner')
    cd /Users/zipkero/XcodeProjects/ResourceRunner
    write-file /tmp/ResourceRunner-M3-task004-release/Build/Intermediates.noindex/ResourceRunner.build/Release/ResourceRunner.build/ResourceRunner-generated-files.hmap

WriteAuxiliaryFile /tmp/ResourceRunner-M3-task004-release/Build/Intermediates.noindex/ResourceRunner.build/Release/ResourceRunner.build/ResourceRunner-all-non-framework-target-headers.hmap (in target 'ResourceRunner' from project 'ResourceRunner')
    cd /Users/zipkero/XcodeProjects/ResourceRunner
    write-file /tmp/ResourceRunner-M3-task004-release/Build/Intermediates.noindex/ResourceRunner.build/Release/ResourceRunner.build/ResourceRunner-all-non-framework-target-headers.hmap

WriteAuxiliaryFile /tmp/ResourceRunner-M3-task004-release/Build/Intermediates.noindex/ResourceRunner.build/Release/ResourceRunner.build/ResourceRunner-all-target-headers.hmap (in target 'ResourceRunner' from project 'ResourceRunner')
    cd /Users/zipkero/XcodeProjects/ResourceRunner
    write-file /tmp/ResourceRunner-M3-task004-release/Build/Intermediates.noindex/ResourceRunner.build/Release/ResourceRunner.build/ResourceRunner-all-target-headers.hmap

WriteAuxiliaryFile /tmp/ResourceRunner-M3-task004-release/Build/Intermediates.noindex/ResourceRunner.build/Release/ResourceRunner.build/ResourceRunner.DependencyStaticMetadataFileList (in target 'ResourceRunner' from project 'ResourceRunner')
    cd /Users/zipkero/XcodeProjects/ResourceRunner
    write-file /tmp/ResourceRunner-M3-task004-release/Build/Intermediates.noindex/ResourceRunner.build/Release/ResourceRunner.build/ResourceRunner.DependencyStaticMetadataFileList

WriteAuxiliaryFile /tmp/ResourceRunner-M3-task004-release/Build/Intermediates.noindex/ResourceRunner.build/Release/ResourceRunner.build/ResourceRunner.hmap (in target 'ResourceRunner' from project 'ResourceRunner')
    cd /Users/zipkero/XcodeProjects/ResourceRunner
    write-file /tmp/ResourceRunner-M3-task004-release/Build/Intermediates.noindex/ResourceRunner.build/Release/ResourceRunner.build/ResourceRunner.hmap

WriteAuxiliaryFile /tmp/ResourceRunner-M3-task004-release/Build/Intermediates.noindex/ResourceRunner.build/Release/ResourceRunner.build/Objects-normal/arm64/ResourceRunner_const_extract_protocols.json (in target 'ResourceRunner' from project 'ResourceRunner')
    cd /Users/zipkero/XcodeProjects/ResourceRunner
    write-file /tmp/ResourceRunner-M3-task004-release/Build/Intermediates.noindex/ResourceRunner.build/Release/ResourceRunner.build/Objects-normal/arm64/ResourceRunner_const_extract_protocols.json

WriteAuxiliaryFile /tmp/ResourceRunner-M3-task004-release/Build/Intermediates.noindex/ResourceRunner.build/Release/ResourceRunner.build/Objects-normal/arm64/ResourceRunner.SwiftFileList (in target 'ResourceRunner' from project 'ResourceRunner')
    cd /Users/zipkero/XcodeProjects/ResourceRunner
    write-file /tmp/ResourceRunner-M3-task004-release/Build/Intermediates.noindex/ResourceRunner.build/Release/ResourceRunner.build/Objects-normal/arm64/ResourceRunner.SwiftFileList

WriteAuxiliaryFile /tmp/ResourceRunner-M3-task004-release/Build/Intermediates.noindex/ResourceRunner.build/Release/ResourceRunner.build/Objects-normal/arm64/ResourceRunner.SwiftConstValuesFileList (in target 'ResourceRunner' from project 'ResourceRunner')
    cd /Users/zipkero/XcodeProjects/ResourceRunner
    write-file /tmp/ResourceRunner-M3-task004-release/Build/Intermediates.noindex/ResourceRunner.build/Release/ResourceRunner.build/Objects-normal/arm64/ResourceRunner.SwiftConstValuesFileList

WriteAuxiliaryFile /tmp/ResourceRunner-M3-task004-release/Build/Intermediates.noindex/ResourceRunner.build/Release/ResourceRunner.build/Objects-normal/arm64/ResourceRunner.LinkFileList (in target 'ResourceRunner' from project 'ResourceRunner')
    cd /Users/zipkero/XcodeProjects/ResourceRunner
    write-file /tmp/ResourceRunner-M3-task004-release/Build/Intermediates.noindex/ResourceRunner.build/Release/ResourceRunner.build/Objects-normal/arm64/ResourceRunner.LinkFileList

WriteAuxiliaryFile /tmp/ResourceRunner-M3-task004-release/Build/Intermediates.noindex/ResourceRunner.build/Release/ResourceRunner.build/Objects-normal/arm64/ResourceRunner-OutputFileMap.json (in target 'ResourceRunner' from project 'ResourceRunner')
    cd /Users/zipkero/XcodeProjects/ResourceRunner
    write-file /tmp/ResourceRunner-M3-task004-release/Build/Intermediates.noindex/ResourceRunner.build/Release/ResourceRunner.build/Objects-normal/arm64/ResourceRunner-OutputFileMap.json

MkDir /tmp/ResourceRunner-M3-task004-release/Build/Products/Release/ResourceRunner.app/Contents/Resources (in target 'ResourceRunner' from project 'ResourceRunner')
    cd /Users/zipkero/XcodeProjects/ResourceRunner
    /bin/mkdir -p /tmp/ResourceRunner-M3-task004-release/Build/Products/Release/ResourceRunner.app/Contents/Resources

MkDir /tmp/ResourceRunner-M3-task004-release/Build/Products/Release/ResourceRunner.app/Contents/MacOS (in target 'ResourceRunner' from project 'ResourceRunner')
    cd /Users/zipkero/XcodeProjects/ResourceRunner
    /bin/mkdir -p /tmp/ResourceRunner-M3-task004-release/Build/Products/Release/ResourceRunner.app/Contents/MacOS

MkDir /tmp/ResourceRunner-M3-task004-release/Build/Products/Release/ResourceRunner.app/Contents (in target 'ResourceRunner' from project 'ResourceRunner')
    cd /Users/zipkero/XcodeProjects/ResourceRunner
    /bin/mkdir -p /tmp/ResourceRunner-M3-task004-release/Build/Products/Release/ResourceRunner.app/Contents

MkDir /tmp/ResourceRunner-M3-task004-release/Build/Products/Release/ResourceRunner.app (in target 'ResourceRunner' from project 'ResourceRunner')
    cd /Users/zipkero/XcodeProjects/ResourceRunner
    /bin/mkdir -p /tmp/ResourceRunner-M3-task004-release/Build/Products/Release/ResourceRunner.app

MkDir /tmp/ResourceRunner-M3-task004-release/Build/Intermediates.noindex/ResourceRunner.build/Release/ResourceRunner.build/assetcatalog_output/thinned (in target 'ResourceRunner' from project 'ResourceRunner')
    cd /Users/zipkero/XcodeProjects/ResourceRunner
    /bin/mkdir -p /tmp/ResourceRunner-M3-task004-release/Build/Intermediates.noindex/ResourceRunner.build/Release/ResourceRunner.build/assetcatalog_output/thinned

MkDir /tmp/ResourceRunner-M3-task004-release/Build/Intermediates.noindex/ResourceRunner.build/Release/ResourceRunner.build/assetcatalog_output/unthinned (in target 'ResourceRunner' from project 'ResourceRunner')
    cd /Users/zipkero/XcodeProjects/ResourceRunner
    /bin/mkdir -p /tmp/ResourceRunner-M3-task004-release/Build/Intermediates.noindex/ResourceRunner.build/Release/ResourceRunner.build/assetcatalog_output/unthinned

GenerateAssetSymbols /Users/zipkero/XcodeProjects/ResourceRunner/ResourceRunner/Assets.xcassets (in target 'ResourceRunner' from project 'ResourceRunner')
    cd /Users/zipkero/XcodeProjects/ResourceRunner
    /Applications/Xcode.app/Contents/Developer/usr/bin/actool /Users/zipkero/XcodeProjects/ResourceRunner/ResourceRunner/Assets.xcassets --compile /tmp/ResourceRunner-M3-task004-release/Build/Products/Release/ResourceRunner.app/Contents/Resources --output-format human-readable-text --notices --warnings --export-dependency-info /tmp/ResourceRunner-M3-task004-release/Build/Intermediates.noindex/ResourceRunner.build/Release/ResourceRunner.build/assetcatalog_dependencies --output-partial-info-plist /tmp/ResourceRunner-M3-task004-release/Build/Intermediates.noindex/ResourceRunner.build/Release/ResourceRunner.build/assetcatalog_generated_info.plist --app-icon AppIcon --accent-color AccentColor --enable-on-demand-resources NO --development-region en --target-device mac --minimum-deployment-target 26.5 --platform macosx --bundle-identifier com.zipkero.ResourceRunner --generate-swift-asset-symbols /tmp/ResourceRunner-M3-task004-release/Build/Intermediates.noindex/ResourceRunner.build/Release/ResourceRunner.build/DerivedSources/GeneratedAssetSymbols.swift --generate-objc-asset-symbols /tmp/ResourceRunner-M3-task004-release/Build/Intermediates.noindex/ResourceRunner.build/Release/ResourceRunner.build/DerivedSources/GeneratedAssetSymbols.h --generate-asset-symbol-index /tmp/ResourceRunner-M3-task004-release/Build/Intermediates.noindex/ResourceRunner.build/Release/ResourceRunner.build/DerivedSources/GeneratedAssetSymbols-Index.plist
/* com.apple.actool.compilation-results */
/tmp/ResourceRunner-M3-task004-release/Build/Intermediates.noindex/ResourceRunner.build/Release/ResourceRunner.build/DerivedSources/GeneratedAssetSymbols-Index.plist
/tmp/ResourceRunner-M3-task004-release/Build/Intermediates.noindex/ResourceRunner.build/Release/ResourceRunner.build/DerivedSources/GeneratedAssetSymbols.h
/tmp/ResourceRunner-M3-task004-release/Build/Intermediates.noindex/ResourceRunner.build/Release/ResourceRunner.build/DerivedSources/GeneratedAssetSymbols.swift


CompileAssetCatalogVariant thinned /tmp/ResourceRunner-M3-task004-release/Build/Products/Release/ResourceRunner.app/Contents/Resources /Users/zipkero/XcodeProjects/ResourceRunner/ResourceRunner/Assets.xcassets (in target 'ResourceRunner' from project 'ResourceRunner')
    cd /Users/zipkero/XcodeProjects/ResourceRunner
    /Applications/Xcode.app/Contents/Developer/usr/bin/actool /Users/zipkero/XcodeProjects/ResourceRunner/ResourceRunner/Assets.xcassets --compile /tmp/ResourceRunner-M3-task004-release/Build/Intermediates.noindex/ResourceRunner.build/Release/ResourceRunner.build/assetcatalog_output/thinned --output-format human-readable-text --notices --warnings --export-dependency-info /tmp/ResourceRunner-M3-task004-release/Build/Intermediates.noindex/ResourceRunner.build/Release/ResourceRunner.build/assetcatalog_dependencies_thinned --output-partial-info-plist /tmp/ResourceRunner-M3-task004-release/Build/Intermediates.noindex/ResourceRunner.build/Release/ResourceRunner.build/assetcatalog_generated_info.plist_thinned --app-icon AppIcon --accent-color AccentColor --enable-on-demand-resources NO --development-region en --target-device mac --minimum-deployment-target 26.5 --platform macosx
/* com.apple.actool.compilation-results */
/tmp/ResourceRunner-M3-task004-release/Build/Intermediates.noindex/ResourceRunner.build/Release/ResourceRunner.build/assetcatalog_generated_info.plist_thinned
/tmp/ResourceRunner-M3-task004-release/Build/Intermediates.noindex/ResourceRunner.build/Release/ResourceRunner.build/assetcatalog_output/thinned/Assets.car


LinkAssetCatalog /Users/zipkero/XcodeProjects/ResourceRunner/ResourceRunner/Assets.xcassets (in target 'ResourceRunner' from project 'ResourceRunner')
    cd /Users/zipkero/XcodeProjects/ResourceRunner
    builtin-linkAssetCatalog --thinned /tmp/ResourceRunner-M3-task004-release/Build/Intermediates.noindex/ResourceRunner.build/Release/ResourceRunner.build/assetcatalog_output/thinned --thinned-dependencies /tmp/ResourceRunner-M3-task004-release/Build/Intermediates.noindex/ResourceRunner.build/Release/ResourceRunner.build/assetcatalog_dependencies_thinned --thinned-info-plist-content /tmp/ResourceRunner-M3-task004-release/Build/Intermediates.noindex/ResourceRunner.build/Release/ResourceRunner.build/assetcatalog_generated_info.plist_thinned --unthinned /tmp/ResourceRunner-M3-task004-release/Build/Intermediates.noindex/ResourceRunner.build/Release/ResourceRunner.build/assetcatalog_output/unthinned --unthinned-dependencies /tmp/ResourceRunner-M3-task004-release/Build/Intermediates.noindex/ResourceRunner.build/Release/ResourceRunner.build/assetcatalog_dependencies_unthinned --unthinned-info-plist-content /tmp/ResourceRunner-M3-task004-release/Build/Intermediates.noindex/ResourceRunner.build/Release/ResourceRunner.build/assetcatalog_generated_info.plist_unthinned --output /tmp/ResourceRunner-M3-task004-release/Build/Products/Release/ResourceRunner.app/Contents/Resources --plist-output /tmp/ResourceRunner-M3-task004-release/Build/Intermediates.noindex/ResourceRunner.build/Release/ResourceRunner.build/assetcatalog_generated_info.plist
note: Emplaced /tmp/ResourceRunner-M3-task004-release/Build/Products/Release/ResourceRunner.app/Contents/Resources/Assets.car (in target 'ResourceRunner' from project 'ResourceRunner')

ProcessInfoPlistFile /tmp/ResourceRunner-M3-task004-release/Build/Products/Release/ResourceRunner.app/Contents/Info.plist /tmp/ResourceRunner-M3-task004-release/Build/Intermediates.noindex/ResourceRunner.build/Release/ResourceRunner.build/empty-ResourceRunner.plist (in target 'ResourceRunner' from project 'ResourceRunner')
    cd /Users/zipkero/XcodeProjects/ResourceRunner
    builtin-infoPlistUtility /tmp/ResourceRunner-M3-task004-release/Build/Intermediates.noindex/ResourceRunner.build/Release/ResourceRunner.build/empty-ResourceRunner.plist -producttype com.apple.product-type.application -genpkginfo /tmp/ResourceRunner-M3-task004-release/Build/Products/Release/ResourceRunner.app/Contents/PkgInfo -expandbuildsettings -platform macosx -additionalcontentfile /tmp/ResourceRunner-M3-task004-release/Build/Intermediates.noindex/ResourceRunner.build/Release/ResourceRunner.build/assetcatalog_generated_info.plist -o /tmp/ResourceRunner-M3-task004-release/Build/Products/Release/ResourceRunner.app/Contents/Info.plist

SwiftDriver ResourceRunner normal arm64 com.apple.xcode.tools.swift.compiler (in target 'ResourceRunner' from project 'ResourceRunner')
    cd /Users/zipkero/XcodeProjects/ResourceRunner
    builtin-SwiftDriver -- /Applications/Xcode.app/Contents/Developer/Toolchains/XcodeDefault.xctoolchain/usr/bin/swiftc -module-name ResourceRunner -O -whole-module-optimization @/tmp/ResourceRunner-M3-task004-release/Build/Intermediates.noindex/ResourceRunner.build/Release/ResourceRunner.build/Objects-normal/arm64/ResourceRunner.SwiftFileList -default-isolation\=MainActor -enable-bare-slash-regex -enable-upcoming-feature DisableOutwardActorInference -enable-upcoming-feature InferSendableFromCaptures -enable-upcoming-feature GlobalActorIsolatedTypesUsability -enable-upcoming-feature MemberImportVisibility -enable-upcoming-feature InferIsolatedConformances -enable-upcoming-feature NonisolatedNonsendingByDefault -enable-experimental-feature DebugDescriptionMacro -sdk /Applications/Xcode.app/Contents/Developer/Platforms/MacOSX.platform/Developer/SDKs/MacOSX26.5.sdk -target arm64-apple-macos26.5 -g -module-cache-path /tmp/ResourceRunner-M3-task004-release/ModuleCache.noindex -Xfrontend -serialize-debugging-options -profile-coverage-mapping -profile-generate -swift-version 5 -I /tmp/ResourceRunner-M3-task004-release/Build/Products/Release -F /tmp/ResourceRunner-M3-task004-release/Build/Products/Release -emit-localized-strings -emit-localized-strings-path /tmp/ResourceRunner-M3-task004-release/Build/Intermediates.noindex/ResourceRunner.build/Release/ResourceRunner.build/Objects-normal/arm64 -c -num-threads 14 -Xcc -ivfsstatcache -Xcc /tmp/ResourceRunner-M3-task004-release/SDKStatCaches.noindex/macosx26.5-25F70-e082c4a02f00227109f4ed75e425c832.sdkstatcache -output-file-map /tmp/ResourceRunner-M3-task004-release/Build/Intermediates.noindex/ResourceRunner.build/Release/ResourceRunner.build/Objects-normal/arm64/ResourceRunner-OutputFileMap.json -use-frontend-parseable-output -save-temps -no-color-diagnostics -explicit-module-build -module-cache-path /tmp/ResourceRunner-M3-task004-release/Build/Intermediates.noindex/SwiftExplicitPrecompiledModules -clang-scanner-module-cache-path /tmp/ResourceRunner-M3-task004-release/ModuleCache.noindex -sdk-module-cache-path /tmp/ResourceRunner-M3-task004-release/ModuleCache.noindex -serialize-diagnostics -emit-dependencies -emit-module -emit-module-path /tmp/ResourceRunner-M3-task004-release/Build/Intermediates.noindex/ResourceRunner.build/Release/ResourceRunner.build/Objects-normal/arm64/ResourceRunner.swiftmodule -validate-clang-modules-once -clang-build-session-file /tmp/ResourceRunner-M3-task004-release/ModuleCache.noindex/Session.modulevalidation -Xcc -I/tmp/ResourceRunner-M3-task004-release/Build/Intermediates.noindex/ResourceRunner.build/Release/ResourceRunner.build/swift-overrides.hmap -emit-const-values -Xfrontend -const-gather-protocols-file -Xfrontend /tmp/ResourceRunner-M3-task004-release/Build/Intermediates.noindex/ResourceRunner.build/Release/ResourceRunner.build/Objects-normal/arm64/ResourceRunner_const_extract_protocols.json -Xcc -iquote -Xcc /tmp/ResourceRunner-M3-task004-release/Build/Intermediates.noindex/ResourceRunner.build/Release/ResourceRunner.build/ResourceRunner-generated-files.hmap -Xcc -I/tmp/ResourceRunner-M3-task004-release/Build/Intermediates.noindex/ResourceRunner.build/Release/ResourceRunner.build/ResourceRunner-own-target-headers.hmap -Xcc -I/tmp/ResourceRunner-M3-task004-release/Build/Intermediates.noindex/ResourceRunner.build/Release/ResourceRunner.build/ResourceRunner-all-target-headers.hmap -Xcc -iquote -Xcc /tmp/ResourceRunner-M3-task004-release/Build/Intermediates.noindex/ResourceRunner.build/Release/ResourceRunner.build/ResourceRunner-project-headers.hmap -Xcc -I/tmp/ResourceRunner-M3-task004-release/Build/Products/Release/include -Xcc -I/tmp/ResourceRunner-M3-task004-release/Build/Intermediates.noindex/ResourceRunner.build/Release/ResourceRunner.build/DerivedSources-normal/arm64 -Xcc -I/tmp/ResourceRunner-M3-task004-release/Build/Intermediates.noindex/ResourceRunner.build/Release/ResourceRunner.build/DerivedSources/arm64 -Xcc -I/tmp/ResourceRunner-M3-task004-release/Build/Intermediates.noindex/ResourceRunner.build/Release/ResourceRunner.build/DerivedSources -emit-objc-header -emit-objc-header-path /tmp/ResourceRunner-M3-task004-release/Build/Intermediates.noindex/ResourceRunner.build/Release/ResourceRunner.build/Objects-normal/arm64/ResourceRunner-Swift.h -working-directory /Users/zipkero/XcodeProjects/ResourceRunner -no-emit-module-separately-wmo

SwiftDriver\ Compilation ResourceRunner normal arm64 com.apple.xcode.tools.swift.compiler (in target 'ResourceRunner' from project 'ResourceRunner')
    cd /Users/zipkero/XcodeProjects/ResourceRunner
    builtin-Swift-Compilation -- /Applications/Xcode.app/Contents/Developer/Toolchains/XcodeDefault.xctoolchain/usr/bin/swiftc -module-name ResourceRunner -O -whole-module-optimization @/tmp/ResourceRunner-M3-task004-release/Build/Intermediates.noindex/ResourceRunner.build/Release/ResourceRunner.build/Objects-normal/arm64/ResourceRunner.SwiftFileList -default-isolation\=MainActor -enable-bare-slash-regex -enable-upcoming-feature DisableOutwardActorInference -enable-upcoming-feature InferSendableFromCaptures -enable-upcoming-feature GlobalActorIsolatedTypesUsability -enable-upcoming-feature MemberImportVisibility -enable-upcoming-feature InferIsolatedConformances -enable-upcoming-feature NonisolatedNonsendingByDefault -enable-experimental-feature DebugDescriptionMacro -sdk /Applications/Xcode.app/Contents/Developer/Platforms/MacOSX.platform/Developer/SDKs/MacOSX26.5.sdk -target arm64-apple-macos26.5 -g -module-cache-path /tmp/ResourceRunner-M3-task004-release/ModuleCache.noindex -Xfrontend -serialize-debugging-options -profile-coverage-mapping -profile-generate -swift-version 5 -I /tmp/ResourceRunner-M3-task004-release/Build/Products/Release -F /tmp/ResourceRunner-M3-task004-release/Build/Products/Release -emit-localized-strings -emit-localized-strings-path /tmp/ResourceRunner-M3-task004-release/Build/Intermediates.noindex/ResourceRunner.build/Release/ResourceRunner.build/Objects-normal/arm64 -c -num-threads 14 -Xcc -ivfsstatcache -Xcc /tmp/ResourceRunner-M3-task004-release/SDKStatCaches.noindex/macosx26.5-25F70-e082c4a02f00227109f4ed75e425c832.sdkstatcache -output-file-map /tmp/ResourceRunner-M3-task004-release/Build/Intermediates.noindex/ResourceRunner.build/Release/ResourceRunner.build/Objects-normal/arm64/ResourceRunner-OutputFileMap.json -use-frontend-parseable-output -save-temps -no-color-diagnostics -explicit-module-build -module-cache-path /tmp/ResourceRunner-M3-task004-release/Build/Intermediates.noindex/SwiftExplicitPrecompiledModules -clang-scanner-module-cache-path /tmp/ResourceRunner-M3-task004-release/ModuleCache.noindex -sdk-module-cache-path /tmp/ResourceRunner-M3-task004-release/ModuleCache.noindex -serialize-diagnostics -emit-dependencies -emit-module -emit-module-path /tmp/ResourceRunner-M3-task004-release/Build/Intermediates.noindex/ResourceRunner.build/Release/ResourceRunner.build/Objects-normal/arm64/ResourceRunner.swiftmodule -validate-clang-modules-once -clang-build-session-file /tmp/ResourceRunner-M3-task004-release/ModuleCache.noindex/Session.modulevalidation -Xcc -I/tmp/ResourceRunner-M3-task004-release/Build/Intermediates.noindex/ResourceRunner.build/Release/ResourceRunner.build/swift-overrides.hmap -emit-const-values -Xfrontend -const-gather-protocols-file -Xfrontend /tmp/ResourceRunner-M3-task004-release/Build/Intermediates.noindex/ResourceRunner.build/Release/ResourceRunner.build/Objects-normal/arm64/ResourceRunner_const_extract_protocols.json -Xcc -iquote -Xcc /tmp/ResourceRunner-M3-task004-release/Build/Intermediates.noindex/ResourceRunner.build/Release/ResourceRunner.build/ResourceRunner-generated-files.hmap -Xcc -I/tmp/ResourceRunner-M3-task004-release/Build/Intermediates.noindex/ResourceRunner.build/Release/ResourceRunner.build/ResourceRunner-own-target-headers.hmap -Xcc -I/tmp/ResourceRunner-M3-task004-release/Build/Intermediates.noindex/ResourceRunner.build/Release/ResourceRunner.build/ResourceRunner-all-target-headers.hmap -Xcc -iquote -Xcc /tmp/ResourceRunner-M3-task004-release/Build/Intermediates.noindex/ResourceRunner.build/Release/ResourceRunner.build/ResourceRunner-project-headers.hmap -Xcc -I/tmp/ResourceRunner-M3-task004-release/Build/Products/Release/include -Xcc -I/tmp/ResourceRunner-M3-task004-release/Build/Intermediates.noindex/ResourceRunner.build/Release/ResourceRunner.build/DerivedSources-normal/arm64 -Xcc -I/tmp/ResourceRunner-M3-task004-release/Build/Intermediates.noindex/ResourceRunner.build/Release/ResourceRunner.build/DerivedSources/arm64 -Xcc -I/tmp/ResourceRunner-M3-task004-release/Build/Intermediates.noindex/ResourceRunner.build/Release/ResourceRunner.build/DerivedSources -emit-objc-header -emit-objc-header-path /tmp/ResourceRunner-M3-task004-release/Build/Intermediates.noindex/ResourceRunner.build/Release/ResourceRunner.build/Objects-normal/arm64/ResourceRunner-Swift.h -working-directory /Users/zipkero/XcodeProjects/ResourceRunner -no-emit-module-separately-wmo

SwiftExplicitDependencyGeneratePcm arm64 /tmp/ResourceRunner-M3-task004-release/ModuleCache.noindex/_Builtin_stdbool-S6HAQLDT3LT5PYWFW6R7JTXP.pcm

SwiftExplicitDependencyGeneratePcm arm64 /tmp/ResourceRunner-M3-task004-release/ModuleCache.noindex/SwiftShims-EVL6418EXLP5L45XQRG6LDN3V.pcm

SwiftExplicitDependencyGeneratePcm arm64 /tmp/ResourceRunner-M3-task004-release/ModuleCache.noindex/_Builtin_stddef-575KIIW5SG8VR3RM6K68Y1INQ.pcm

SwiftExplicitDependencyGeneratePcm arm64 /tmp/ResourceRunner-M3-task004-release/ModuleCache.noindex/_Builtin_stdarg-7KMXKUDZR34CR88YS4DXEDJTE.pcm

SwiftExplicitDependencyGeneratePcm arm64 /tmp/ResourceRunner-M3-task004-release/ModuleCache.noindex/_Builtin_float-APHDSR0UNB1SS46IDSN8O0EV5.pcm

SwiftExplicitDependencyGeneratePcm arm64 /tmp/ResourceRunner-M3-task004-release/ModuleCache.noindex/ptrauth-VLBS8BP9ACS0DK1NVVX7WJIU.pcm

SwiftExplicitDependencyGeneratePcm arm64 /tmp/ResourceRunner-M3-task004-release/ModuleCache.noindex/_AvailabilityInternal-9S2WOZV9NHWBII40DY1WG9RD7.pcm

SwiftExplicitDependencyGeneratePcm arm64 /tmp/ResourceRunner-M3-task004-release/ModuleCache.noindex/ptrcheck-DCMWKH6YJTMJ9XRPR1ZWIWZO1.pcm

SwiftExplicitDependencyGeneratePcm arm64 /tmp/ResourceRunner-M3-task004-release/ModuleCache.noindex/_SwiftConcurrencyShims-5IL6DUCX7NHIU6AWPCDHLQAK1.pcm

SwiftExplicitDependencyGeneratePcm arm64 /tmp/ResourceRunner-M3-task004-release/ModuleCache.noindex/DeveloperToolsSupport-7Z73Z2UIUGYKCUYHBLWFJCJ2K.pcm

SwiftExplicitDependencyGeneratePcm arm64 /tmp/ResourceRunner-M3-task004-release/ModuleCache.noindex/_DarwinFoundation1-2OU541TIRUEN5NYN8IJ57OA45.pcm

SwiftExplicitDependencyGeneratePcm arm64 /tmp/ResourceRunner-M3-task004-release/ModuleCache.noindex/_DarwinFoundation2-5W5NZKBZHCKUXTLMLAE459HS8.pcm

SwiftExplicitDependencyGeneratePcm arm64 /tmp/ResourceRunner-M3-task004-release/ModuleCache.noindex/_Builtin_limits-DKLXG8M51BLN815IZ9A2ZIMMU.pcm

SwiftExplicitDependencyGeneratePcm arm64 /tmp/ResourceRunner-M3-task004-release/ModuleCache.noindex/_Builtin_tgmath-I5UBOKT6J3ZH6HMAXMLD1TAF.pcm

SwiftExplicitDependencyGeneratePcm arm64 /tmp/ResourceRunner-M3-task004-release/ModuleCache.noindex/sys_types-86Z8ZTCR59XKMP8UGIWTS144.pcm

SwiftExplicitDependencyGeneratePcm arm64 /tmp/ResourceRunner-M3-task004-release/ModuleCache.noindex/_Builtin_stdint-5YVBRBL4FUN3IOGAPTVKMD7JK.pcm

SwiftExplicitDependencyGeneratePcm arm64 /tmp/ResourceRunner-M3-task004-release/ModuleCache.noindex/OpenGL-6OAIJWIXPPU5C66E6VISKTC08.pcm

SwiftExplicitDependencyGeneratePcm arm64 /tmp/ResourceRunner-M3-task004-release/ModuleCache.noindex/libDER-C3B1HL7VI85HCX77BNQ3P0K0N.pcm

SwiftExplicitDependencyGeneratePcm arm64 /tmp/ResourceRunner-M3-task004-release/ModuleCache.noindex/_Builtin_intrinsics-31U53VZHVGVFRV5F8TI1NL49H.pcm

SwiftExplicitDependencyGeneratePcm arm64 /tmp/ResourceRunner-M3-task004-release/ModuleCache.noindex/_Builtin_stdatomic-EL9ADXEOLGK3SK09C0QZIGX7N.pcm

SwiftExplicitDependencyGeneratePcm arm64 /tmp/ResourceRunner-M3-task004-release/ModuleCache.noindex/_DarwinFoundation3-F9T5GDGSJHITDILYWQOAJOYV.pcm

SwiftExplicitDependencyGeneratePcm arm64 /tmp/ResourceRunner-M3-task004-release/ModuleCache.noindex/_Builtin_inttypes-84EYDYG411141E51JKEA0KZW4.pcm

SwiftExplicitDependencyGeneratePcm arm64 /tmp/ResourceRunner-M3-task004-release/ModuleCache.noindex/Darwin-6BZEMUG5H6GVQSYWXZZ5XDG58.pcm

SwiftExplicitDependencyGeneratePcm arm64 /tmp/ResourceRunner-M3-task004-release/ModuleCache.noindex/simd-5C3F9FX90Z03ANJBDF3DMXWG6.pcm

SwiftExplicitDependencyGeneratePcm arm64 /tmp/ResourceRunner-M3-task004-release/ModuleCache.noindex/libkern-F3GDDRGLTSHOY69QULLF80WG6.pcm

SwiftExplicitDependencyGeneratePcm arm64 /tmp/ResourceRunner-M3-task004-release/ModuleCache.noindex/CUPS-B078D95KCRM6ZL5DV7UF78H19.pcm

SwiftExplicitDependencyGeneratePcm arm64 /tmp/ResourceRunner-M3-task004-release/ModuleCache.noindex/MachO-5ZT0O0Y01SUT0O0S79EE4RJ8W.pcm

SwiftExplicitDependencyGeneratePcm arm64 /tmp/ResourceRunner-M3-task004-release/ModuleCache.noindex/launch-CCA0UIMBFJ09RFY13L4V0AUD3.pcm

SwiftExplicitDependencyGeneratePcm arm64 /tmp/ResourceRunner-M3-task004-release/ModuleCache.noindex/Spatial-CFNEGDW2WPYZR9G51EO16DJI5.pcm

SwiftExplicitDependencyGeneratePcm arm64 /tmp/ResourceRunner-M3-task004-release/ModuleCache.noindex/ObjectiveC-16V63NRDFWVGUE5JSPKU9CSVS.pcm

SwiftExplicitDependencyGeneratePcm arm64 /tmp/ResourceRunner-M3-task004-release/ModuleCache.noindex/os_object-DDOE3XBFJWP0VPZG3SQZ22EQ2.pcm

SwiftExplicitDependencyGeneratePcm arm64 /tmp/ResourceRunner-M3-task004-release/ModuleCache.noindex/os_workgroup-630HMT4V345EB29K84X54CV8D.pcm

SwiftExplicitDependencyGeneratePcm arm64 /tmp/ResourceRunner-M3-task004-release/ModuleCache.noindex/Dispatch-1R885H8ET2F5ALT7WD9KMS00Q.pcm

SwiftExplicitDependencyGeneratePcm arm64 /tmp/ResourceRunner-M3-task004-release/ModuleCache.noindex/XPC-A1N4Y0TM69GXRZRCRHGK09PIE.pcm

SwiftExplicitDependencyGeneratePcm arm64 /tmp/ResourceRunner-M3-task004-release/ModuleCache.noindex/CoreFoundation-DE8X4N9EL5O48CJ2D498NK0DH.pcm

SwiftExplicitDependencyGeneratePcm arm64 /tmp/ResourceRunner-M3-task004-release/ModuleCache.noindex/os-BA4HSMXTD1ECB7FKNSIK2NZJN.pcm

SwiftExplicitDependencyGeneratePcm arm64 /tmp/ResourceRunner-M3-task004-release/ModuleCache.noindex/CFNetwork-BJA9UH9CN5V8DE0A5224D7VSM.pcm

SwiftExplicitDependencyGeneratePcm arm64 /tmp/ResourceRunner-M3-task004-release/ModuleCache.noindex/ColorSync-15JGM3PPP5O1Q99AQHKPHDZEY.pcm

SwiftExplicitDependencyGeneratePcm arm64 /tmp/ResourceRunner-M3-task004-release/ModuleCache.noindex/Security-EHOYGMY66TS34452KR818D33M.pcm

SwiftExplicitDependencyGeneratePcm arm64 /tmp/ResourceRunner-M3-task004-release/ModuleCache.noindex/IOKit-5GQZATDSMLR8JXBGR2PPC6DFM.pcm

SwiftExplicitDependencyGeneratePcm arm64 /tmp/ResourceRunner-M3-task004-release/ModuleCache.noindex/SystemConfiguration-DFCKC4LBW1UHSJ5XVYHVCHGVF.pcm

SwiftExplicitDependencyGeneratePcm arm64 /tmp/ResourceRunner-M3-task004-release/ModuleCache.noindex/DiskArbitration-6V3TIQZJYDPVBQIJDNUEN5M2L.pcm

SwiftExplicitDependencyGeneratePcm arm64 /tmp/ResourceRunner-M3-task004-release/ModuleCache.noindex/CoreGraphics-2UKNLLBHMD6K44HOMDIIDK2KG.pcm

SwiftExplicitDependencyGeneratePcm arm64 /tmp/ResourceRunner-M3-task004-release/ModuleCache.noindex/CoreServices-148IIFDQF8C9TW14TJ6EF9TFJ.pcm

SwiftExplicitDependencyGeneratePcm arm64 /tmp/ResourceRunner-M3-task004-release/ModuleCache.noindex/CoreText-9X0B889E2F39Q73NUV5II66T6.pcm

SwiftExplicitDependencyGeneratePcm arm64 /tmp/ResourceRunner-M3-task004-release/ModuleCache.noindex/ImageIO-8Q3ATUBV59GQVM0GN2SB8AP7W.pcm

SwiftExplicitDependencyGeneratePcm arm64 /tmp/ResourceRunner-M3-task004-release/ModuleCache.noindex/Foundation-BJUS2A30I5EQJG1KV6I5LXAV.pcm

SwiftExplicitDependencyGeneratePcm arm64 /tmp/ResourceRunner-M3-task004-release/ModuleCache.noindex/ApplicationServices-F0E185D2E983F0CUQXULIB7ZG.pcm

SwiftExplicitDependencyGeneratePcm arm64 /tmp/ResourceRunner-M3-task004-release/ModuleCache.noindex/Accessibility-81IPQ1AFYHAOFI8TYO7JSJEZE.pcm

SwiftExplicitDependencyGeneratePcm arm64 /tmp/ResourceRunner-M3-task004-release/ModuleCache.noindex/OSLog-7NXUHECDS7S9C9G4NB7V3J6FE.pcm

SwiftExplicitDependencyGeneratePcm arm64 /tmp/ResourceRunner-M3-task004-release/ModuleCache.noindex/Symbols-27JZXYS953B1GAAEZIOORRLN2.pcm

SwiftExplicitDependencyGeneratePcm arm64 /tmp/ResourceRunner-M3-task004-release/ModuleCache.noindex/CoreTransferable-8JY1HEF85PKZ0IXLHCBUEMZ5B.pcm

SwiftExplicitDependencyGeneratePcm arm64 /tmp/ResourceRunner-M3-task004-release/ModuleCache.noindex/UniformTypeIdentifiers-2LA9FSZ6AUE25UY0FH9AOK235.pcm

SwiftExplicitDependencyGeneratePcm arm64 /tmp/ResourceRunner-M3-task004-release/ModuleCache.noindex/CoreData-BCK9JMG2INN8IEVSW3GEW859O.pcm

SwiftExplicitDependencyGeneratePcm arm64 /tmp/ResourceRunner-M3-task004-release/ModuleCache.noindex/IOSurface-4I3OLJRY0LXAFI8WZC7H3HDV6.pcm

SwiftExplicitDependencyGeneratePcm arm64 /tmp/ResourceRunner-M3-task004-release/ModuleCache.noindex/DataDetection-EM2GAF2LCYEE27UFCLPQJ684C.pcm

SwiftExplicitDependencyGeneratePcm arm64 /tmp/ResourceRunner-M3-task004-release/ModuleCache.noindex/Metal-2RTQ2671FY2P7LDC16YSTWFEM.pcm

SwiftExplicitDependencyGeneratePcm arm64 /tmp/ResourceRunner-M3-task004-release/ModuleCache.noindex/CoreVideo-D0FCADZBUP9P6D4WCNOCKH2W2.pcm

SwiftExplicitDependencyGeneratePcm arm64 /tmp/ResourceRunner-M3-task004-release/ModuleCache.noindex/CoreImage-BMRF82OG1M7SCX38PJDB7PDI7.pcm

SwiftExplicitDependencyGeneratePcm arm64 /tmp/ResourceRunner-M3-task004-release/ModuleCache.noindex/QuartzCore-EQTNHQ1LKCFV8HVJHH25UTKYH.pcm

SwiftExplicitDependencyGeneratePcm arm64 /tmp/ResourceRunner-M3-task004-release/ModuleCache.noindex/SwiftUICore-5N6C9SFS7VSNNL7T2U3YGWJP8.pcm

SwiftExplicitDependencyGeneratePcm arm64 /tmp/ResourceRunner-M3-task004-release/ModuleCache.noindex/AppKit-96W9CQ8FLJ0E1KINABFDPKTTI.pcm

SwiftExplicitDependencyGeneratePcm arm64 /tmp/ResourceRunner-M3-task004-release/ModuleCache.noindex/SwiftUI-9BHW63KLQFIQ3ALHBLX1ZEABA.pcm

SwiftCompile normal arm64 Compiling\ AppDelegate.swift,\ ApplicationCoordinator.swift,\ ApplicationIconCache.swift,\ ApplicationRanking.swift,\ ApplicationRowIcon.swift,\ AuxiliaryCollectionScheduler.swift,\ CharacterStateSource.swift,\ CollectionAdmission.swift,\ CPUActivityStateEvaluator.swift,\ CPUSystemMetricsCollector.swift,\ DashboardColorPalette.swift,\ DashboardPresentation.swift,\ DashboardPresentationStore.swift,\ DashboardStyle.swift,\ DashboardView.swift,\ DiskNativeAdapter.swift,\ MemorySystemMetricsCollector.swift,\ MonitoringLifecycle.swift,\ MonitoringSampleStore.swift,\ MonitoringScheduler.swift,\ NetworkNativeAdapter.swift,\ ProcessHistoryStore.swift,\ ProcessSurvey.swift,\ ProcessSurveyCollector.swift,\ ProcessSurveySampleSource.swift,\ ResourceRunnerApp.swift,\ StatusBarController.swift,\ SystemLifecycleObserver.swift,\ SystemMetrics.swift,\ SystemMetricsSampleSource.swift,\ GeneratedAssetSymbols.swift /Users/zipkero/XcodeProjects/ResourceRunner/ResourceRunner/AppDelegate.swift /Users/zipkero/XcodeProjects/ResourceRunner/ResourceRunner/ApplicationCoordinator.swift /Users/zipkero/XcodeProjects/ResourceRunner/ResourceRunner/ApplicationIconCache.swift /Users/zipkero/XcodeProjects/ResourceRunner/ResourceRunner/ApplicationRanking.swift /Users/zipkero/XcodeProjects/ResourceRunner/ResourceRunner/ApplicationRowIcon.swift /Users/zipkero/XcodeProjects/ResourceRunner/ResourceRunner/AuxiliaryCollectionScheduler.swift /Users/zipkero/XcodeProjects/ResourceRunner/ResourceRunner/CharacterStateSource.swift /Users/zipkero/XcodeProjects/ResourceRunner/ResourceRunner/CollectionAdmission.swift /Users/zipkero/XcodeProjects/ResourceRunner/ResourceRunner/CPUActivityStateEvaluator.swift /Users/zipkero/XcodeProjects/ResourceRunner/ResourceRunner/CPUSystemMetricsCollector.swift /Users/zipkero/XcodeProjects/ResourceRunner/ResourceRunner/DashboardColorPalette.swift /Users/zipkero/XcodeProjects/ResourceRunner/ResourceRunner/DashboardPresentation.swift /Users/zipkero/XcodeProjects/ResourceRunner/ResourceRunner/DashboardPresentationStore.swift /Users/zipkero/XcodeProjects/ResourceRunner/ResourceRunner/DashboardStyle.swift /Users/zipkero/XcodeProjects/ResourceRunner/ResourceRunner/DashboardView.swift /Users/zipkero/XcodeProjects/ResourceRunner/ResourceRunner/DiskNativeAdapter.swift /Users/zipkero/XcodeProjects/ResourceRunner/ResourceRunner/MemorySystemMetricsCollector.swift /Users/zipkero/XcodeProjects/ResourceRunner/ResourceRunner/MonitoringLifecycle.swift /Users/zipkero/XcodeProjects/ResourceRunner/ResourceRunner/MonitoringSampleStore.swift /Users/zipkero/XcodeProjects/ResourceRunner/ResourceRunner/MonitoringScheduler.swift /Users/zipkero/XcodeProjects/ResourceRunner/ResourceRunner/NetworkNativeAdapter.swift /Users/zipkero/XcodeProjects/ResourceRunner/ResourceRunner/ProcessHistoryStore.swift /Users/zipkero/XcodeProjects/ResourceRunner/ResourceRunner/ProcessSurvey.swift /Users/zipkero/XcodeProjects/ResourceRunner/ResourceRunner/ProcessSurveyCollector.swift /Users/zipkero/XcodeProjects/ResourceRunner/ResourceRunner/ProcessSurveySampleSource.swift /Users/zipkero/XcodeProjects/ResourceRunner/ResourceRunner/ResourceRunnerApp.swift /Users/zipkero/XcodeProjects/ResourceRunner/ResourceRunner/StatusBarController.swift /Users/zipkero/XcodeProjects/ResourceRunner/ResourceRunner/SystemLifecycleObserver.swift /Users/zipkero/XcodeProjects/ResourceRunner/ResourceRunner/SystemMetrics.swift /Users/zipkero/XcodeProjects/ResourceRunner/ResourceRunner/SystemMetricsSampleSource.swift /tmp/ResourceRunner-M3-task004-release/Build/Intermediates.noindex/ResourceRunner.build/Release/ResourceRunner.build/DerivedSources/GeneratedAssetSymbols.swift /Applications/Xcode.app/Contents/Developer/Toolchains/XcodeDefault.xctoolchain/usr/lib/swift/macosx/prebuilt-modules/26.5/_DarwinFoundation2.swiftmodule/arm64e-apple-macos.swiftmodule /Applications/Xcode.app/Contents/Developer/Toolchains/XcodeDefault.xctoolchain/usr/lib/swift/macosx/prebuilt-modules/26.5/SwiftUI.swiftmodule/arm64e-apple-macos.swiftmodule /Applications/Xcode.app/Contents/Developer/Toolchains/XcodeDefault.xctoolchain/usr/lib/swift/macosx/prebuilt-modules/26.5/Combine.swiftmodule/arm64e-apple-macos.swiftmodule /Applications/Xcode.app/Contents/Developer/Toolchains/XcodeDefault.xctoolchain/usr/lib/swift/macosx/prebuilt-modules/26.5/DeveloperToolsSupport.swiftmodule/arm64e-apple-macos.swiftmodule /Applications/Xcode.app/Contents/Developer/Toolchains/XcodeDefault.xctoolchain/usr/lib/swift/macosx/prebuilt-modules/26.5/CoreGraphics.swiftmodule/arm64e-apple-macos.swiftmodule /Applications/Xcode.app/Contents/Developer/Toolchains/XcodeDefault.xctoolchain/usr/lib/swift/macosx/prebuilt-modules/26.5/_DarwinFoundation1.swiftmodule/arm64e-apple-macos.swiftmodule /Applications/Xcode.app/Contents/Developer/Toolchains/XcodeDefault.xctoolchain/usr/lib/swift/macosx/prebuilt-modules/26.5/_Builtin_float.swiftmodule/arm64e-apple-macos.swiftmodule /Applications/Xcode.app/Contents/Developer/Toolchains/XcodeDefault.xctoolchain/usr/lib/swift/macosx/prebuilt-modules/26.5/os.swiftmodule/arm64e-apple-macos.swiftmodule /Applications/Xcode.app/Contents/Developer/Toolchains/XcodeDefault.xctoolchain/usr/lib/swift/macosx/prebuilt-modules/26.5/Observation.swiftmodule/arm64e-apple-macos.swiftmodule /Applications/Xcode.app/Contents/Developer/Toolchains/XcodeDefault.xctoolchain/usr/lib/swift/macosx/prebuilt-modules/26.5/IOKit.swiftmodule/arm64e-apple-macos.swiftmodule /Applications/Xcode.app/Contents/Developer/Toolchains/XcodeDefault.xctoolchain/usr/lib/swift/macosx/prebuilt-modules/26.5/DataDetection.swiftmodule/arm64e-apple-macos.swiftmodule /Applications/Xcode.app/Contents/Developer/Toolchains/XcodeDefault.xctoolchain/usr/lib/swift/macosx/prebuilt-modules/26.5/Accessibility.swiftmodule/arm64e-apple-macos.swiftmodule /Applications/Xcode.app/Contents/Developer/Toolchains/XcodeDefault.xctoolchain/usr/lib/swift/macosx/prebuilt-modules/26.5/CoreData.swiftmodule/arm64e-apple-macos.swiftmodule /Applications/Xcode.app/Contents/Developer/Toolchains/XcodeDefault.xctoolchain/usr/lib/swift/macosx/prebuilt-modules/26.5/CoreTransferable.swiftmodule/arm64e-apple-macos.swiftmodule /Applications/Xcode.app/Contents/Developer/Toolchains/XcodeDefault.xctoolchain/usr/lib/swift/macosx/prebuilt-modules/26.5/Spatial.swiftmodule/arm64e-apple-macos.swiftmodule /Applications/Xcode.app/Contents/Developer/Toolchains/XcodeDefault.xctoolchain/usr/lib/swift/macosx/prebuilt-modules/26.5/UniformTypeIdentifiers.swiftmodule/arm64e-apple-macos.swiftmodule /Applications/Xcode.app/Contents/Developer/Toolchains/XcodeDefault.xctoolchain/usr/lib/swift/macosx/prebuilt-modules/26.5/Symbols.swiftmodule/arm64e-apple-macos.swiftmodule /Applications/Xcode.app/Contents/Developer/Toolchains/XcodeDefault.xctoolchain/usr/lib/swift/macosx/prebuilt-modules/26.5/_Concurrency.swiftmodule/arm64e-apple-macos.swiftmodule /Applications/Xcode.app/Contents/Developer/Toolchains/XcodeDefault.xctoolchain/usr/lib/swift/macosx/prebuilt-modules/26.5/SwiftUICore.swiftmodule/arm64e-apple-macos.swiftmodule /Applications/Xcode.app/Contents/Developer/Toolchains/XcodeDefault.xctoolchain/usr/lib/swift/macosx/prebuilt-modules/26.5/QuartzCore.swiftmodule/arm64e-apple-macos.swiftmodule /Applications/Xcode.app/Contents/Developer/Toolchains/XcodeDefault.xctoolchain/usr/lib/swift/macosx/prebuilt-modules/26.5/Metal.swiftmodule/arm64e-apple-macos.swiftmodule /Applications/Xcode.app/Contents/Developer/Toolchains/XcodeDefault.xctoolchain/usr/lib/swift/macosx/prebuilt-modules/26.5/_StringProcessing.swiftmodule/arm64e-apple-macos.swiftmodule /Applications/Xcode.app/Contents/Developer/Toolchains/XcodeDefault.xctoolchain/usr/lib/swift/macosx/prebuilt-modules/26.5/CoreVideo.swiftmodule/arm64e-apple-macos.swiftmodule /Applications/Xcode.app/Contents/Developer/Toolchains/XcodeDefault.xctoolchain/usr/lib/swift/macosx/prebuilt-modules/26.5/XPC.swiftmodule/arm64e-apple-macos.swiftmodule /Applications/Xcode.app/Contents/Developer/Toolchains/XcodeDefault.xctoolchain/usr/lib/swift/macosx/prebuilt-modules/26.5/CoreImage.swiftmodule/arm64e-apple-macos.swiftmodule /Applications/Xcode.app/Contents/Developer/Toolchains/XcodeDefault.xctoolchain/usr/lib/swift/macosx/prebuilt-modules/26.5/CoreText.swiftmodule/arm64e-apple-macos.swiftmodule /Applications/Xcode.app/Contents/Developer/Toolchains/XcodeDefault.xctoolchain/usr/lib/swift/macosx/prebuilt-modules/26.5/Foundation.swiftmodule/arm64e-apple-macos.swiftmodule /Applications/Xcode.app/Contents/Developer/Toolchains/XcodeDefault.xctoolchain/usr/lib/swift/macosx/prebuilt-modules/26.5/Swift.swiftmodule/arm64e-apple-macos.swiftmodule /Applications/Xcode.app/Contents/Developer/Toolchains/XcodeDefault.xctoolchain/usr/lib/swift/macosx/prebuilt-modules/26.5/CoreFoundation.swiftmodule/arm64e-apple-macos.swiftmodule /Applications/Xcode.app/Contents/Developer/Toolchains/XcodeDefault.xctoolchain/usr/lib/swift/macosx/prebuilt-modules/26.5/Dispatch.swiftmodule/arm64e-apple-macos.swiftmodule /Applications/Xcode.app/Contents/Developer/Toolchains/XcodeDefault.xctoolchain/usr/lib/swift/macosx/prebuilt-modules/26.5/ObjectiveC.swiftmodule/arm64e-apple-macos.swiftmodule /Applications/Xcode.app/Contents/Developer/Toolchains/XcodeDefault.xctoolchain/usr/lib/swift/macosx/prebuilt-modules/26.5/Darwin.swiftmodule/arm64e-apple-macos.swiftmodule /Applications/Xcode.app/Contents/Developer/Toolchains/XcodeDefault.xctoolchain/usr/lib/swift/macosx/prebuilt-modules/26.5/_DarwinFoundation3.swiftmodule/arm64e-apple-macos.swiftmodule /Applications/Xcode.app/Contents/Developer/Toolchains/XcodeDefault.xctoolchain/usr/lib/swift/macosx/prebuilt-modules/26.5/System.swiftmodule/arm64e-apple-macos.swiftmodule /Applications/Xcode.app/Contents/Developer/Toolchains/XcodeDefault.xctoolchain/usr/lib/swift/macosx/prebuilt-modules/26.5/simd.swiftmodule/arm64e-apple-macos.swiftmodule /Applications/Xcode.app/Contents/Developer/Toolchains/XcodeDefault.xctoolchain/usr/lib/swift/macosx/prebuilt-modules/26.5/OSLog.swiftmodule/arm64e-apple-macos.swiftmodule /Applications/Xcode.app/Contents/Developer/Toolchains/XcodeDefault.xctoolchain/usr/lib/swift/macosx/prebuilt-modules/26.5/AppKit.swiftmodule/arm64e-apple-macos.swiftmodule /tmp/ResourceRunner-M3-task004-release/ModuleCache.noindex/CoreText-9X0B889E2F39Q73NUV5II66T6.pcm /tmp/ResourceRunner-M3-task004-release/ModuleCache.noindex/ColorSync-15JGM3PPP5O1Q99AQHKPHDZEY.pcm /tmp/ResourceRunner-M3-task004-release/ModuleCache.noindex/os_workgroup-630HMT4V345EB29K84X54CV8D.pcm /tmp/ResourceRunner-M3-task004-release/ModuleCache.noindex/UniformTypeIdentifiers-2LA9FSZ6AUE25UY0FH9AOK235.pcm /tmp/ResourceRunner-M3-task004-release/ModuleCache.noindex/ptrauth-VLBS8BP9ACS0DK1NVVX7WJIU.pcm /tmp/ResourceRunner-M3-task004-release/ModuleCache.noindex/CoreTransferable-8JY1HEF85PKZ0IXLHCBUEMZ5B.pcm /tmp/ResourceRunner-M3-task004-release/ModuleCache.noindex/_Builtin_stdbool-S6HAQLDT3LT5PYWFW6R7JTXP.pcm /tmp/ResourceRunner-M3-task004-release/ModuleCache.noindex/_Builtin_limits-DKLXG8M51BLN815IZ9A2ZIMMU.pcm /tmp/ResourceRunner-M3-task004-release/ModuleCache.noindex/_Builtin_inttypes-84EYDYG411141E51JKEA0KZW4.pcm /tmp/ResourceRunner-M3-task004-release/ModuleCache.noindex/CFNetwork-BJA9UH9CN5V8DE0A5224D7VSM.pcm /tmp/ResourceRunner-M3-task004-release/ModuleCache.noindex/ObjectiveC-16V63NRDFWVGUE5JSPKU9CSVS.pcm /tmp/ResourceRunner-M3-task004-release/ModuleCache.noindex/Darwin-6BZEMUG5H6GVQSYWXZZ5XDG58.pcm /tmp/ResourceRunner-M3-task004-release/ModuleCache.noindex/ImageIO-8Q3ATUBV59GQVM0GN2SB8AP7W.pcm /tmp/ResourceRunner-M3-task004-release/ModuleCache.noindex/launch-CCA0UIMBFJ09RFY13L4V0AUD3.pcm /tmp/ResourceRunner-M3-task004-release/ModuleCache.noindex/simd-5C3F9FX90Z03ANJBDF3DMXWG6.pcm /tmp/ResourceRunner-M3-task004-release/ModuleCache.noindex/ApplicationServices-F0E185D2E983F0CUQXULIB7ZG.pcm /tmp/ResourceRunner-M3-task004-release/ModuleCache.noindex/DiskArbitration-6V3TIQZJYDPVBQIJDNUEN5M2L.pcm /tmp/ResourceRunner-M3-task004-release/ModuleCache.noindex/_Builtin_intrinsics-31U53VZHVGVFRV5F8TI1NL49H.pcm /tmp/ResourceRunner-M3-task004-release/ModuleCache.noindex/MachO-5ZT0O0Y01SUT0O0S79EE4RJ8W.pcm /tmp/ResourceRunner-M3-task004-release/ModuleCache.noindex/SystemConfiguration-DFCKC4LBW1UHSJ5XVYHVCHGVF.pcm /tmp/ResourceRunner-M3-task004-release/ModuleCache.noindex/SwiftShims-EVL6418EXLP5L45XQRG6LDN3V.pcm /tmp/ResourceRunner-M3-task004-release/ModuleCache.noindex/OpenGL-6OAIJWIXPPU5C66E6VISKTC08.pcm /tmp/ResourceRunner-M3-task004-release/ModuleCache.noindex/CoreServices-148IIFDQF8C9TW14TJ6EF9TFJ.pcm /tmp/ResourceRunner-M3-task004-release/ModuleCache.noindex/SwiftUI-9BHW63KLQFIQ3ALHBLX1ZEABA.pcm /tmp/ResourceRunner-M3-task004-release/ModuleCache.noindex/DeveloperToolsSupport-7Z73Z2UIUGYKCUYHBLWFJCJ2K.pcm /tmp/ResourceRunner-M3-task004-release/ModuleCache.noindex/Foundation-BJUS2A30I5EQJG1KV6I5LXAV.pcm /tmp/ResourceRunner-M3-task004-release/ModuleCache.noindex/XPC-A1N4Y0TM69GXRZRCRHGK09PIE.pcm /tmp/ResourceRunner-M3-task004-release/ModuleCache.noindex/Accessibility-81IPQ1AFYHAOFI8TYO7JSJEZE.pcm /tmp/ResourceRunner-M3-task004-release/ModuleCache.noindex/_DarwinFoundation2-5W5NZKBZHCKUXTLMLAE459HS8.pcm /tmp/ResourceRunner-M3-task004-release/ModuleCache.noindex/CUPS-B078D95KCRM6ZL5DV7UF78H19.pcm /tmp/ResourceRunner-M3-task004-release/ModuleCache.noindex/Spatial-CFNEGDW2WPYZR9G51EO16DJI5.pcm /tmp/ResourceRunner-M3-task004-release/ModuleCache.noindex/libDER-C3B1HL7VI85HCX77BNQ3P0K0N.pcm /tmp/ResourceRunner-M3-task004-release/ModuleCache.noindex/ptrcheck-DCMWKH6YJTMJ9XRPR1ZWIWZO1.pcm /tmp/ResourceRunner-M3-task004-release/ModuleCache.noindex/_Builtin_stdatomic-EL9ADXEOLGK3SK09C0QZIGX7N.pcm /tmp/ResourceRunner-M3-task004-release/ModuleCache.noindex/CoreImage-BMRF82OG1M7SCX38PJDB7PDI7.pcm /tmp/ResourceRunner-M3-task004-release/ModuleCache.noindex/CoreGraphics-2UKNLLBHMD6K44HOMDIIDK2KG.pcm /tmp/ResourceRunner-M3-task004-release/ModuleCache.noindex/CoreVideo-D0FCADZBUP9P6D4WCNOCKH2W2.pcm /tmp/ResourceRunner-M3-task004-release/ModuleCache.noindex/DataDetection-EM2GAF2LCYEE27UFCLPQJ684C.pcm /tmp/ResourceRunner-M3-task004-release/ModuleCache.noindex/IOSurface-4I3OLJRY0LXAFI8WZC7H3HDV6.pcm /tmp/ResourceRunner-M3-task004-release/ModuleCache.noindex/OSLog-7NXUHECDS7S9C9G4NB7V3J6FE.pcm /tmp/ResourceRunner-M3-task004-release/ModuleCache.noindex/QuartzCore-EQTNHQ1LKCFV8HVJHH25UTKYH.pcm /tmp/ResourceRunner-M3-task004-release/ModuleCache.noindex/_Builtin_float-APHDSR0UNB1SS46IDSN8O0EV5.pcm /tmp/ResourceRunner-M3-task004-release/ModuleCache.noindex/AppKit-96W9CQ8FLJ0E1KINABFDPKTTI.pcm /tmp/ResourceRunner-M3-task004-release/ModuleCache.noindex/_Builtin_tgmath-I5UBOKT6J3ZH6HMAXMLD1TAF.pcm /tmp/ResourceRunner-M3-task004-release/ModuleCache.noindex/os_object-DDOE3XBFJWP0VPZG3SQZ22EQ2.pcm /tmp/ResourceRunner-M3-task004-release/ModuleCache.noindex/CoreFoundation-DE8X4N9EL5O48CJ2D498NK0DH.pcm /tmp/ResourceRunner-M3-task004-release/ModuleCache.noindex/Dispatch-1R885H8ET2F5ALT7WD9KMS00Q.pcm /tmp/ResourceRunner-M3-task004-release/ModuleCache.noindex/_AvailabilityInternal-9S2WOZV9NHWBII40DY1WG9RD7.pcm /tmp/ResourceRunner-M3-task004-release/ModuleCache.noindex/_SwiftConcurrencyShims-5IL6DUCX7NHIU6AWPCDHLQAK1.pcm /tmp/ResourceRunner-M3-task004-release/ModuleCache.noindex/_Builtin_stddef-575KIIW5SG8VR3RM6K68Y1INQ.pcm /tmp/ResourceRunner-M3-task004-release/ModuleCache.noindex/_Builtin_stdarg-7KMXKUDZR34CR88YS4DXEDJTE.pcm /tmp/ResourceRunner-M3-task004-release/ModuleCache.noindex/sys_types-86Z8ZTCR59XKMP8UGIWTS144.pcm /tmp/ResourceRunner-M3-task004-release/ModuleCache.noindex/Metal-2RTQ2671FY2P7LDC16YSTWFEM.pcm /tmp/ResourceRunner-M3-task004-release/ModuleCache.noindex/Security-EHOYGMY66TS34452KR818D33M.pcm /tmp/ResourceRunner-M3-task004-release/ModuleCache.noindex/SwiftUICore-5N6C9SFS7VSNNL7T2U3YGWJP8.pcm /tmp/ResourceRunner-M3-task004-release/ModuleCache.noindex/_DarwinFoundation1-2OU541TIRUEN5NYN8IJ57OA45.pcm /tmp/ResourceRunner-M3-task004-release/ModuleCache.noindex/CoreData-BCK9JMG2INN8IEVSW3GEW859O.pcm /tmp/ResourceRunner-M3-task004-release/ModuleCache.noindex/IOKit-5GQZATDSMLR8JXBGR2PPC6DFM.pcm /tmp/ResourceRunner-M3-task004-release/ModuleCache.noindex/_DarwinFoundation3-F9T5GDGSJHITDILYWQOAJOYV.pcm /tmp/ResourceRunner-M3-task004-release/ModuleCache.noindex/libkern-F3GDDRGLTSHOY69QULLF80WG6.pcm /tmp/ResourceRunner-M3-task004-release/ModuleCache.noindex/Symbols-27JZXYS953B1GAAEZIOORRLN2.pcm /tmp/ResourceRunner-M3-task004-release/ModuleCache.noindex/os-BA4HSMXTD1ECB7FKNSIK2NZJN.pcm /tmp/ResourceRunner-M3-task004-release/ModuleCache.noindex/_Builtin_stdint-5YVBRBL4FUN3IOGAPTVKMD7JK.pcm /tmp/ResourceRunner-M3-task004-release/Build/Intermediates.noindex/ResourceRunner.build/Release/ResourceRunner.build/Objects-normal/arm64/ResourceRunner-dependencies-1.json (in target 'ResourceRunner' from project 'ResourceRunner')

CompileSwift normal arm64 (in target 'ResourceRunner' from project 'ResourceRunner')
    cd /Users/zipkero/XcodeProjects/ResourceRunner
    
/Users/zipkero/XcodeProjects/ResourceRunner/ResourceRunner/DashboardView.swift:205:17: warning: '+' was deprecated in macOS 26.0: Use string interpolation on `Text` instead: `Text("Hello \(name)")`
                + Text("\(Int(lastKnown.presentation.overallUsage.rounded()))\(CPUCardPresentation.overallUsageUnitLabel)")
                ^
/Users/zipkero/XcodeProjects/ResourceRunner/ResourceRunner/DashboardView.swift:212:17: warning: '+' was deprecated in macOS 26.0: Use string interpolation on `Text` instead: `Text("Hello \(name)")`
                + Text("\(Int(lastKnown.presentation.overallUsage.rounded()))\(CPUCardPresentation.overallUsageUnitLabel)")
                ^
/Users/zipkero/XcodeProjects/ResourceRunner/ResourceRunner/DashboardView.swift:242:29: warning: '+' was deprecated in macOS 26.0: Use string interpolation on `Text` instead: `Text("Hello \(name)")`
                            + Text(entry.valueText).dashboardTypography(DashboardStyle.TypographyRole.value)
                            ^
/Users/zipkero/XcodeProjects/ResourceRunner/ResourceRunner/DashboardView.swift:414:17: warning: '+' was deprecated in macOS 26.0: Use string interpolation on `Text` instead: `Text("Hello \(name)")`
                + Text(" / \(DashboardValueColumn.byteText(presentation.totalPhysicalBytes))")
                ^
/Users/zipkero/XcodeProjects/ResourceRunner/ResourceRunner/DashboardView.swift:421:17: warning: '+' was deprecated in macOS 26.0: Use string interpolation on `Text` instead: `Text("Hello \(name)")`
                + Text(DashboardValueColumn.byteText(lastKnown.presentation.usedBytes))
                ^
/Users/zipkero/XcodeProjects/ResourceRunner/ResourceRunner/DashboardView.swift:428:17: warning: '+' was deprecated in macOS 26.0: Use string interpolation on `Text` instead: `Text("Hello \(name)")`
                + Text(DashboardValueColumn.byteText(lastKnown.presentation.usedBytes))
                ^
/Users/zipkero/XcodeProjects/ResourceRunner/ResourceRunner/DashboardView.swift:453:29: warning: '+' was deprecated in macOS 26.0: Use string interpolation on `Text` instead: `Text("Hello \(name)")`
                return line + Text(Image(systemName: name))
                            ^
/Users/zipkero/XcodeProjects/ResourceRunner/ResourceRunner/DashboardView.swift:455:29: warning: '+' was deprecated in macOS 26.0: Use string interpolation on `Text` instead: `Text("Hello \(name)")`
                return line + Text(" \(text)")
                            ^
/Users/zipkero/XcodeProjects/ResourceRunner/ResourceRunner/DashboardView.swift:457:29: warning: '+' was deprecated in macOS 26.0: Use string interpolation on `Text` instead: `Text("Hello \(name)")`
                return line + Text(" · ")
/Users/zipkero/XcodeProjects/ResourceRunner/ResourceRunner/DashboardView.swift:459:29: warning: '+' was deprecated in macOS 26.0: Use string interpolation on `Text` instead: `Text("Hello \(name)")`
                return line + Text("Swap \(text)")
                            ^
/Users/zipkero/XcodeProjects/ResourceRunner/ResourceRunner/DashboardView.swift:461:29: warning: '+' was deprecated in macOS 26.0: Use string interpolation on `Text` instead: `Text("Hello \(name)")`
                return line + Text(" (\(text))")
                            ^
/Users/zipkero/XcodeProjects/ResourceRunner/ResourceRunner/DashboardView.swift:463:29: warning: '+' was deprecated in macOS 26.0: Use string interpolation on `Text` instead: `Text("Hello \(name)")`
                return line + Text("구성 \(text)")
/Users/zipkero/XcodeProjects/ResourceRunner/ResourceRunner/DashboardView.swift:483:29: warning: '+' was deprecated in macOS 26.0: Use string interpolation on `Text` instead: `Text("Hello \(name)")`
                return line + Text(Image(systemName: "square.fill"))
                            ^
/Users/zipkero/XcodeProjects/ResourceRunner/ResourceRunner/DashboardView.swift:486:29: warning: '+' was deprecated in macOS 26.0: Use string interpolation on `Text` instead: `Text("Hello \(name)")`
                return line + Text(" \(text)")
                            ^
/Users/zipkero/XcodeProjects/ResourceRunner/ResourceRunner/DashboardView.swift:488:29: warning: '+' was deprecated in macOS 26.0: Use string interpolation on `Text` instead: `Text("Hello \(name)")`
                return line + Text("  ")
                            ^
/Users/zipkero/XcodeProjects/ResourceRunner/ResourceRunner/DashboardView.swift:675:46: warning: main actor-isolated conformance of 'HistoryGraphView.BandRole' to 'Equatable' cannot be used in nonisolated context; this is an error in the Swift 6 language mode
                            let value = band == .lower ? point.lowerBandValue : point.lowerBandValue + point.upperBandValue
                                             ^
/Users/zipkero/XcodeProjects/ResourceRunner/ResourceRunner/DashboardView.swift:1143:25: warning: '+' was deprecated in macOS 26.0: Use string interpolation on `Text` instead: `Text("Hello \(name)")`
                        + Text("\(fmt(load.oneMinute)) / \(fmt(load.fiveMinutes)) / \(fmt(load.fifteenMinutes))")
                        ^
/Users/zipkero/XcodeProjects/ResourceRunner/ResourceRunner/NetworkNativeAdapter.swift:210:23: warning: call to main actor-isolated initializer 'init()' in a synchronous nonisolated context
    let routeReader = NetworkRouteReader()
                      ^
/Users/zipkero/XcodeProjects/ResourceRunner/ResourceRunner/NetworkNativeAdapter.swift:87:8: note: calls to initializer 'init()' from outside of its actor context are implicitly asynchronous
struct NetworkRouteReader: Sendable {
       ^
/Users/zipkero/XcodeProjects/ResourceRunner/ResourceRunner/NetworkNativeAdapter.swift:213:35: warning: call to main actor-isolated instance method 'read()' in a synchronous nonisolated context
        let raw = try routeReader.read()
                                  ^
/Users/zipkero/XcodeProjects/ResourceRunner/ResourceRunner/NetworkNativeAdapter.swift:88:10: note: calls to instance method 'read()' from outside of its actor context are implicitly asynchronous
    func read() throws -> [NetworkRawInterface] {
         ^
/Users/zipkero/XcodeProjects/ResourceRunner/ResourceRunner/NetworkNativeAdapter.swift:222:56: warning: call to main actor-isolated static method 'classify(name:flags:linkType:functionalType:type:lower:record:)' in a synchronous nonisolated context
            let (kind, reason) = NetworkClassification.classify(
                                                       ^
/Users/zipkero/XcodeProjects/ResourceRunner/ResourceRunner/NetworkNativeAdapter.swift:168:17: note: calls to static method 'classify(name:flags:linkType:functionalType:type:lower:record:)' from outside of its actor context are implicitly asynchronous
    static func classify(name: String, flags: Int32, linkType: UInt8, functionalType: UInt32?, type: String?, lower: String?, record: NetworkRegistryRecord?) -> (NetworkInterfaceKind, String) {
                ^

SwiftDriverJobDiscovery normal arm64 Compiling AppDelegate.swift, ApplicationCoordinator.swift, ApplicationIconCache.swift, ApplicationRanking.swift, ApplicationRowIcon.swift, AuxiliaryCollectionScheduler.swift, CharacterStateSource.swift, CollectionAdmission.swift, CPUActivityStateEvaluator.swift, CPUSystemMetricsCollector.swift, DashboardColorPalette.swift, DashboardPresentation.swift, DashboardPresentationStore.swift, DashboardStyle.swift, DashboardView.swift, DiskNativeAdapter.swift, MemorySystemMetricsCollector.swift, MonitoringLifecycle.swift, MonitoringSampleStore.swift, MonitoringScheduler.swift, NetworkNativeAdapter.swift, ProcessHistoryStore.swift, ProcessSurvey.swift, ProcessSurveyCollector.swift, ProcessSurveySampleSource.swift, ResourceRunnerApp.swift, StatusBarController.swift, SystemLifecycleObserver.swift, SystemMetrics.swift, SystemMetricsSampleSource.swift, GeneratedAssetSymbols.swift (in target 'ResourceRunner' from project 'ResourceRunner')

SwiftDriver\ Compilation\ Requirements ResourceRunner normal arm64 com.apple.xcode.tools.swift.compiler (in target 'ResourceRunner' from project 'ResourceRunner')
    cd /Users/zipkero/XcodeProjects/ResourceRunner
    builtin-Swift-Compilation-Requirements -- /Applications/Xcode.app/Contents/Developer/Toolchains/XcodeDefault.xctoolchain/usr/bin/swiftc -module-name ResourceRunner -O -whole-module-optimization @/tmp/ResourceRunner-M3-task004-release/Build/Intermediates.noindex/ResourceRunner.build/Release/ResourceRunner.build/Objects-normal/arm64/ResourceRunner.SwiftFileList -default-isolation\=MainActor -enable-bare-slash-regex -enable-upcoming-feature DisableOutwardActorInference -enable-upcoming-feature InferSendableFromCaptures -enable-upcoming-feature GlobalActorIsolatedTypesUsability -enable-upcoming-feature MemberImportVisibility -enable-upcoming-feature InferIsolatedConformances -enable-upcoming-feature NonisolatedNonsendingByDefault -enable-experimental-feature DebugDescriptionMacro -sdk /Applications/Xcode.app/Contents/Developer/Platforms/MacOSX.platform/Developer/SDKs/MacOSX26.5.sdk -target arm64-apple-macos26.5 -g -module-cache-path /tmp/ResourceRunner-M3-task004-release/ModuleCache.noindex -Xfrontend -serialize-debugging-options -profile-coverage-mapping -profile-generate -swift-version 5 -I /tmp/ResourceRunner-M3-task004-release/Build/Products/Release -F /tmp/ResourceRunner-M3-task004-release/Build/Products/Release -emit-localized-strings -emit-localized-strings-path /tmp/ResourceRunner-M3-task004-release/Build/Intermediates.noindex/ResourceRunner.build/Release/ResourceRunner.build/Objects-normal/arm64 -c -num-threads 14 -Xcc -ivfsstatcache -Xcc /tmp/ResourceRunner-M3-task004-release/SDKStatCaches.noindex/macosx26.5-25F70-e082c4a02f00227109f4ed75e425c832.sdkstatcache -output-file-map /tmp/ResourceRunner-M3-task004-release/Build/Intermediates.noindex/ResourceRunner.build/Release/ResourceRunner.build/Objects-normal/arm64/ResourceRunner-OutputFileMap.json -use-frontend-parseable-output -save-temps -no-color-diagnostics -explicit-module-build -module-cache-path /tmp/ResourceRunner-M3-task004-release/Build/Intermediates.noindex/SwiftExplicitPrecompiledModules -clang-scanner-module-cache-path /tmp/ResourceRunner-M3-task004-release/ModuleCache.noindex -sdk-module-cache-path /tmp/ResourceRunner-M3-task004-release/ModuleCache.noindex -serialize-diagnostics -emit-dependencies -emit-module -emit-module-path /tmp/ResourceRunner-M3-task004-release/Build/Intermediates.noindex/ResourceRunner.build/Release/ResourceRunner.build/Objects-normal/arm64/ResourceRunner.swiftmodule -validate-clang-modules-once -clang-build-session-file /tmp/ResourceRunner-M3-task004-release/ModuleCache.noindex/Session.modulevalidation -Xcc -I/tmp/ResourceRunner-M3-task004-release/Build/Intermediates.noindex/ResourceRunner.build/Release/ResourceRunner.build/swift-overrides.hmap -emit-const-values -Xfrontend -const-gather-protocols-file -Xfrontend /tmp/ResourceRunner-M3-task004-release/Build/Intermediates.noindex/ResourceRunner.build/Release/ResourceRunner.build/Objects-normal/arm64/ResourceRunner_const_extract_protocols.json -Xcc -iquote -Xcc /tmp/ResourceRunner-M3-task004-release/Build/Intermediates.noindex/ResourceRunner.build/Release/ResourceRunner.build/ResourceRunner-generated-files.hmap -Xcc -I/tmp/ResourceRunner-M3-task004-release/Build/Intermediates.noindex/ResourceRunner.build/Release/ResourceRunner.build/ResourceRunner-own-target-headers.hmap -Xcc -I/tmp/ResourceRunner-M3-task004-release/Build/Intermediates.noindex/ResourceRunner.build/Release/ResourceRunner.build/ResourceRunner-all-target-headers.hmap -Xcc -iquote -Xcc /tmp/ResourceRunner-M3-task004-release/Build/Intermediates.noindex/ResourceRunner.build/Release/ResourceRunner.build/ResourceRunner-project-headers.hmap -Xcc -I/tmp/ResourceRunner-M3-task004-release/Build/Products/Release/include -Xcc -I/tmp/ResourceRunner-M3-task004-release/Build/Intermediates.noindex/ResourceRunner.build/Release/ResourceRunner.build/DerivedSources-normal/arm64 -Xcc -I/tmp/ResourceRunner-M3-task004-release/Build/Intermediates.noindex/ResourceRunner.build/Release/ResourceRunner.build/DerivedSources/arm64 -Xcc -I/tmp/ResourceRunner-M3-task004-release/Build/Intermediates.noindex/ResourceRunner.build/Release/ResourceRunner.build/DerivedSources -emit-objc-header -emit-objc-header-path /tmp/ResourceRunner-M3-task004-release/Build/Intermediates.noindex/ResourceRunner.build/Release/ResourceRunner.build/Objects-normal/arm64/ResourceRunner-Swift.h -working-directory /Users/zipkero/XcodeProjects/ResourceRunner -no-emit-module-separately-wmo

SwiftMergeGeneratedHeaders /tmp/ResourceRunner-M3-task004-release/Build/Intermediates.noindex/ResourceRunner.build/Release/ResourceRunner.build/DerivedSources/ResourceRunner-Swift.h /tmp/ResourceRunner-M3-task004-release/Build/Intermediates.noindex/ResourceRunner.build/Release/ResourceRunner.build/Objects-normal/arm64/ResourceRunner-Swift.h (in target 'ResourceRunner' from project 'ResourceRunner')
    cd /Users/zipkero/XcodeProjects/ResourceRunner
    builtin-swiftHeaderTool -arch arm64 /tmp/ResourceRunner-M3-task004-release/Build/Intermediates.noindex/ResourceRunner.build/Release/ResourceRunner.build/Objects-normal/arm64/ResourceRunner-Swift.h -o /tmp/ResourceRunner-M3-task004-release/Build/Intermediates.noindex/ResourceRunner.build/Release/ResourceRunner.build/DerivedSources/ResourceRunner-Swift.h

Copy /tmp/ResourceRunner-M3-task004-release/Build/Products/Release/ResourceRunner.swiftmodule/arm64-apple-macos.swiftmodule /tmp/ResourceRunner-M3-task004-release/Build/Intermediates.noindex/ResourceRunner.build/Release/ResourceRunner.build/Objects-normal/arm64/ResourceRunner.swiftmodule (in target 'ResourceRunner' from project 'ResourceRunner')
    cd /Users/zipkero/XcodeProjects/ResourceRunner
    builtin-copy -exclude .DS_Store -exclude CVS -exclude .svn -exclude .git -exclude .hg -resolve-src-symlinks -rename /tmp/ResourceRunner-M3-task004-release/Build/Intermediates.noindex/ResourceRunner.build/Release/ResourceRunner.build/Objects-normal/arm64/ResourceRunner.swiftmodule /tmp/ResourceRunner-M3-task004-release/Build/Products/Release/ResourceRunner.swiftmodule/arm64-apple-macos.swiftmodule

Copy /tmp/ResourceRunner-M3-task004-release/Build/Products/Release/ResourceRunner.swiftmodule/arm64-apple-macos.swiftdoc /tmp/ResourceRunner-M3-task004-release/Build/Intermediates.noindex/ResourceRunner.build/Release/ResourceRunner.build/Objects-normal/arm64/ResourceRunner.swiftdoc (in target 'ResourceRunner' from project 'ResourceRunner')
    cd /Users/zipkero/XcodeProjects/ResourceRunner
    builtin-copy -exclude .DS_Store -exclude CVS -exclude .svn -exclude .git -exclude .hg -resolve-src-symlinks -rename /tmp/ResourceRunner-M3-task004-release/Build/Intermediates.noindex/ResourceRunner.build/Release/ResourceRunner.build/Objects-normal/arm64/ResourceRunner.swiftdoc /tmp/ResourceRunner-M3-task004-release/Build/Products/Release/ResourceRunner.swiftmodule/arm64-apple-macos.swiftdoc

Copy /tmp/ResourceRunner-M3-task004-release/Build/Products/Release/ResourceRunner.swiftmodule/arm64-apple-macos.abi.json /tmp/ResourceRunner-M3-task004-release/Build/Intermediates.noindex/ResourceRunner.build/Release/ResourceRunner.build/Objects-normal/arm64/ResourceRunner.abi.json (in target 'ResourceRunner' from project 'ResourceRunner')
    cd /Users/zipkero/XcodeProjects/ResourceRunner
    builtin-copy -exclude .DS_Store -exclude CVS -exclude .svn -exclude .git -exclude .hg -resolve-src-symlinks -rename /tmp/ResourceRunner-M3-task004-release/Build/Intermediates.noindex/ResourceRunner.build/Release/ResourceRunner.build/Objects-normal/arm64/ResourceRunner.abi.json /tmp/ResourceRunner-M3-task004-release/Build/Products/Release/ResourceRunner.swiftmodule/arm64-apple-macos.abi.json

Copy /tmp/ResourceRunner-M3-task004-release/Build/Products/Release/ResourceRunner.swiftmodule/Project/arm64-apple-macos.swiftsourceinfo /tmp/ResourceRunner-M3-task004-release/Build/Intermediates.noindex/ResourceRunner.build/Release/ResourceRunner.build/Objects-normal/arm64/ResourceRunner.swiftsourceinfo (in target 'ResourceRunner' from project 'ResourceRunner')
    cd /Users/zipkero/XcodeProjects/ResourceRunner
    builtin-copy -exclude .DS_Store -exclude CVS -exclude .svn -exclude .git -exclude .hg -resolve-src-symlinks -rename /tmp/ResourceRunner-M3-task004-release/Build/Intermediates.noindex/ResourceRunner.build/Release/ResourceRunner.build/Objects-normal/arm64/ResourceRunner.swiftsourceinfo /tmp/ResourceRunner-M3-task004-release/Build/Products/Release/ResourceRunner.swiftmodule/Project/arm64-apple-macos.swiftsourceinfo

Ld /tmp/ResourceRunner-M3-task004-release/Build/Products/Release/ResourceRunner.app/Contents/MacOS/ResourceRunner normal (in target 'ResourceRunner' from project 'ResourceRunner')
    cd /Users/zipkero/XcodeProjects/ResourceRunner
    /Applications/Xcode.app/Contents/Developer/Toolchains/XcodeDefault.xctoolchain/usr/bin/clang -Xlinker -reproducible -target arm64-apple-macos26.5 -isysroot /Applications/Xcode.app/Contents/Developer/Platforms/MacOSX.platform/Developer/SDKs/MacOSX26.5.sdk -Os -L/tmp/ResourceRunner-M3-task004-release/Build/Intermediates.noindex/EagerLinkingTBDs/Release -L/tmp/ResourceRunner-M3-task004-release/Build/Products/Release -F/tmp/ResourceRunner-M3-task004-release/Build/Intermediates.noindex/EagerLinkingTBDs/Release -F/tmp/ResourceRunner-M3-task004-release/Build/Products/Release -filelist /tmp/ResourceRunner-M3-task004-release/Build/Intermediates.noindex/ResourceRunner.build/Release/ResourceRunner.build/Objects-normal/arm64/ResourceRunner.LinkFileList -Xlinker -rpath -Xlinker @executable_path/../Frameworks -Xlinker -object_path_lto -Xlinker /tmp/ResourceRunner-M3-task004-release/Build/Intermediates.noindex/ResourceRunner.build/Release/ResourceRunner.build/Objects-normal/arm64/ResourceRunner_lto.o -Xlinker -debug_variant -Xlinker -dependency_info -Xlinker /tmp/ResourceRunner-M3-task004-release/Build/Intermediates.noindex/ResourceRunner.build/Release/ResourceRunner.build/Objects-normal/arm64/ResourceRunner_dependency_info.dat -fobjc-link-runtime -fprofile-instr-generate -L/Applications/Xcode.app/Contents/Developer/Toolchains/XcodeDefault.xctoolchain/usr/lib/swift/macosx -L/usr/lib/swift -Xlinker -add_ast_path -Xlinker /tmp/ResourceRunner-M3-task004-release/Build/Intermediates.noindex/ResourceRunner.build/Release/ResourceRunner.build/Objects-normal/arm64/ResourceRunner.swiftmodule @/tmp/ResourceRunner-M3-task004-release/Build/Intermediates.noindex/ResourceRunner.build/Release/ResourceRunner.build/Objects-normal/arm64/ResourceRunner-linker-args.resp -o /tmp/ResourceRunner-M3-task004-release/Build/Products/Release/ResourceRunner.app/Contents/MacOS/ResourceRunner

CopySwiftLibs /tmp/ResourceRunner-M3-task004-release/Build/Products/Release/ResourceRunner.app (in target 'ResourceRunner' from project 'ResourceRunner')
    cd /Users/zipkero/XcodeProjects/ResourceRunner
    builtin-swiftStdLibTool --copy --verbose --scan-executable /tmp/ResourceRunner-M3-task004-release/Build/Products/Release/ResourceRunner.app/Contents/MacOS/ResourceRunner --scan-folder /tmp/ResourceRunner-M3-task004-release/Build/Products/Release/ResourceRunner.app/Contents/Frameworks --scan-folder /tmp/ResourceRunner-M3-task004-release/Build/Products/Release/ResourceRunner.app/Contents/PlugIns --scan-folder /tmp/ResourceRunner-M3-task004-release/Build/Products/Release/ResourceRunner.app/Contents/Library/SystemExtensions --scan-folder /tmp/ResourceRunner-M3-task004-release/Build/Products/Release/ResourceRunner.app/Contents/Extensions --platform macosx --toolchain /Applications/Xcode.app/Contents/Developer/Toolchains/XcodeDefault.xctoolchain --destination /tmp/ResourceRunner-M3-task004-release/Build/Products/Release/ResourceRunner.app/Contents/Frameworks --strip-bitcode --strip-bitcode-tool /Applications/Xcode.app/Contents/Developer/Toolchains/XcodeDefault.xctoolchain/usr/bin/bitcode_strip --emit-dependency-info /tmp/ResourceRunner-M3-task004-release/Build/Intermediates.noindex/ResourceRunner.build/Release/ResourceRunner.build/SwiftStdLibToolInputDependencies.dep --filter-for-swift-os
Ignoring --strip-bitcode because --sign was not passed

ExtractAppIntentsMetadata (in target 'ResourceRunner' from project 'ResourceRunner')
    cd /Users/zipkero/XcodeProjects/ResourceRunner
    /Applications/Xcode.app/Contents/Developer/Toolchains/XcodeDefault.xctoolchain/usr/bin/appintentsmetadataprocessor --toolchain-dir /Applications/Xcode.app/Contents/Developer/Toolchains/XcodeDefault.xctoolchain --module-name ResourceRunner --sdk-root /Applications/Xcode.app/Contents/Developer/Platforms/MacOSX.platform/Developer/SDKs/MacOSX26.5.sdk --xcode-version 17F113 --platform-family macOS --deployment-target 26.5 --bundle-identifier com.zipkero.ResourceRunner --output /tmp/ResourceRunner-M3-task004-release/Build/Products/Release/ResourceRunner.app/Contents/Resources --target-triple arm64-apple-macos26.5 --binary-file /tmp/ResourceRunner-M3-task004-release/Build/Products/Release/ResourceRunner.app/Contents/MacOS/ResourceRunner --dependency-file /tmp/ResourceRunner-M3-task004-release/Build/Intermediates.noindex/ResourceRunner.build/Release/ResourceRunner.build/Objects-normal/arm64/ResourceRunner_dependency_info.dat --stringsdata-file /tmp/ResourceRunner-M3-task004-release/Build/Intermediates.noindex/ResourceRunner.build/Release/ResourceRunner.build/Objects-normal/arm64/ExtractedAppShortcutsMetadata.stringsdata --source-file-list /tmp/ResourceRunner-M3-task004-release/Build/Intermediates.noindex/ResourceRunner.build/Release/ResourceRunner.build/Objects-normal/arm64/ResourceRunner.SwiftFileList --metadata-file-list /tmp/ResourceRunner-M3-task004-release/Build/Intermediates.noindex/ResourceRunner.build/Release/ResourceRunner.build/ResourceRunner.DependencyMetadataFileList --static-metadata-file-list /tmp/ResourceRunner-M3-task004-release/Build/Intermediates.noindex/ResourceRunner.build/Release/ResourceRunner.build/ResourceRunner.DependencyStaticMetadataFileList --swift-const-vals-list /tmp/ResourceRunner-M3-task004-release/Build/Intermediates.noindex/ResourceRunner.build/Release/ResourceRunner.build/Objects-normal/arm64/ResourceRunner.SwiftConstValuesFileList --compile-time-extraction --deployment-aware-processing --validate-assistant-intents --no-app-shortcuts-localization
2026-10-01 20:26:41.628 appintentsmetadataprocessor[87413:44698120] Starting appintentsmetadataprocessor export
2026-10-01 20:26:41.629 appintentsmetadataprocessor[87413:44698120] warning: Metadata extraction skipped. No AppIntents.framework dependency found.

GenerateDSYMFile /tmp/ResourceRunner-M3-task004-release/Build/Products/Release/ResourceRunner.app.dSYM /tmp/ResourceRunner-M3-task004-release/Build/Products/Release/ResourceRunner.app/Contents/MacOS/ResourceRunner (in target 'ResourceRunner' from project 'ResourceRunner')
    cd /Users/zipkero/XcodeProjects/ResourceRunner
    /Applications/Xcode.app/Contents/Developer/Toolchains/XcodeDefault.xctoolchain/usr/bin/dsymutil /tmp/ResourceRunner-M3-task004-release/Build/Products/Release/ResourceRunner.app/Contents/MacOS/ResourceRunner -o /tmp/ResourceRunner-M3-task004-release/Build/Products/Release/ResourceRunner.app.dSYM

RegisterExecutionPolicyException /tmp/ResourceRunner-M3-task004-release/Build/Products/Release/ResourceRunner.app (in target 'ResourceRunner' from project 'ResourceRunner')
    cd /Users/zipkero/XcodeProjects/ResourceRunner
    builtin-RegisterExecutionPolicyException /tmp/ResourceRunner-M3-task004-release/Build/Products/Release/ResourceRunner.app

Validate /tmp/ResourceRunner-M3-task004-release/Build/Products/Release/ResourceRunner.app (in target 'ResourceRunner' from project 'ResourceRunner')
    cd /Users/zipkero/XcodeProjects/ResourceRunner
    builtin-validationUtility /tmp/ResourceRunner-M3-task004-release/Build/Products/Release/ResourceRunner.app -no-validate-extension -infoplist-subpath Contents/Info.plist

RegisterWithLaunchServices /tmp/ResourceRunner-M3-task004-release/Build/Products/Release/ResourceRunner.app (in target 'ResourceRunner' from project 'ResourceRunner')
    cd /Users/zipkero/XcodeProjects/ResourceRunner
    /System/Library/Frameworks/CoreServices.framework/Versions/Current/Frameworks/LaunchServices.framework/Versions/Current/Support/lsregister -f -R -trusted /tmp/ResourceRunner-M3-task004-release/Build/Products/Release/ResourceRunner.app

Touch /tmp/ResourceRunner-M3-task004-release/Build/Products/Release/ResourceRunner.app (in target 'ResourceRunner' from project 'ResourceRunner')
    cd /Users/zipkero/XcodeProjects/ResourceRunner
    /usr/bin/touch -c /tmp/ResourceRunner-M3-task004-release/Build/Products/Release/ResourceRunner.app

** BUILD SUCCEEDED **

