Executable=/private/tmp/ResourceRunner-M3-task010compact-probe/Build/Products/Debug/ResourceRunner.app/Contents/MacOS/ResourceRunner
Identifier=com.zipkero.ResourceRunner
Format=app bundle with Mach-O thin (arm64)
CodeDirectory v=20400 size=435 flags=0x2(adhoc) hashes=3+7 location=embedded
VersionPlatform=1
VersionMin=1705216
VersionSDK=1705216
Hash type=sha256 size=32
CandidateCDHash sha256=3eebbe4c58a116447a3188e2edbded543e49bc8d
CandidateCDHashFull sha256=3eebbe4c58a116447a3188e2edbded543e49bc8d260abd4c4116c8929d8c5d58
Hash choices=sha256
CMSDigest=3eebbe4c58a116447a3188e2edbded543e49bc8d260abd4c4116c8929d8c5d58
CMSDigestType=2
Executable Segment base=0
Executable Segment limit=16384
Executable Segment flags=0x1
Page size=16384
CDHash=3eebbe4c58a116447a3188e2edbded543e49bc8d
Signature=adhoc
Info.plist entries=20
TeamIdentifier=not set
Sealed Resources version=2 rules=13 files=3
Internal requirements count=0 size=12
