Command line invocation:
    /Applications/Xcode.app/Contents/Developer/usr/bin/xcodebuild -project ResourceRunner.xcodeproj -scheme ResourceRunner -configuration Debug -derivedDataPath /tmp/rr-task016-signed build

2026-10-03 12:45:40.279 xcodebuild[50989:49658482] [MT] IDERunDestination: Supported platforms for the buildables in the current scheme is empty.
--- xcodebuild: WARNING: Using the first of multiple matching destinations:
{ platform:macOS, arch:arm64, id:00006034-000811520144001C, name:My Mac }
{ platform:macOS, name:Any Mac }
ComputePackagePrebuildTargetDependencyGraph

Prepare packages

CreateBuildRequest

SendProjectDescription

CreateBuildOperation

ComputeTargetDependencyGraph
note: Building targets in dependency order
note: Target dependency graph (1 target)
    Target 'ResourceRunner' in project 'ResourceRunner' (no dependencies)

GatherProvisioningInputs

CreateBuildDescription

ExecuteExternalTool /Applications/Xcode.app/Contents/Developer/Toolchains/XcodeDefault.xctoolchain/usr/bin/clang -v -E -dM -isysroot /Applications/Xcode.app/Contents/Developer/Platforms/MacOSX.platform/Developer/SDKs/MacOSX26.5.sdk -x c -c /dev/null

ExecuteExternalTool /Applications/Xcode.app/Contents/Developer/usr/bin/actool --version --output-format xml1

ExecuteExternalTool /Applications/Xcode.app/Contents/Developer/Toolchains/XcodeDefault.xctoolchain/usr/bin/swiftc --version

ExecuteExternalTool /Applications/Xcode.app/Contents/Developer/Toolchains/XcodeDefault.xctoolchain/usr/bin/ld -version_details

Build description signature: 828d6c9dc8b702d5ad5c85ec6085d4e5
Build description path: /tmp/rr-task016-signed/Build/Intermediates.noindex/XCBuildData/828d6c9dc8b702d5ad5c85ec6085d4e5.xcbuilddata
ClangStatCache /Applications/Xcode.app/Contents/Developer/Toolchains/XcodeDefault.xctoolchain/usr/bin/clang-stat-cache /Applications/Xcode.app/Contents/Developer/Platforms/MacOSX.platform/Developer/SDKs/MacOSX26.5.sdk /tmp/rr-task016-signed/SDKStatCaches.noindex/macosx26.5-25F70-e082c4a02f00227109f4ed75e425c832.sdkstatcache
    cd /Users/zipkero/XcodeProjects/ResourceRunner/ResourceRunner.xcodeproj
    /Applications/Xcode.app/Contents/Developer/Toolchains/XcodeDefault.xctoolchain/usr/bin/clang-stat-cache /Applications/Xcode.app/Contents/Developer/Platforms/MacOSX.platform/Developer/SDKs/MacOSX26.5.sdk -o /tmp/rr-task016-signed/SDKStatCaches.noindex/macosx26.5-25F70-e082c4a02f00227109f4ed75e425c832.sdkstatcache

ProcessInfoPlistFile /tmp/rr-task016-signed/Build/Products/Debug/ResourceRunner.app/Contents/Info.plist /tmp/rr-task016-signed/Build/Intermediates.noindex/ResourceRunner.build/Debug/ResourceRunner.build/empty-ResourceRunner.plist (in target 'ResourceRunner' from project 'ResourceRunner')
    cd /Users/zipkero/XcodeProjects/ResourceRunner
    builtin-infoPlistUtility /tmp/rr-task016-signed/Build/Intermediates.noindex/ResourceRunner.build/Debug/ResourceRunner.build/empty-ResourceRunner.plist -producttype com.apple.product-type.application -genpkginfo /tmp/rr-task016-signed/Build/Products/Debug/ResourceRunner.app/Contents/PkgInfo -expandbuildsettings -platform macosx -additionalcontentfile /tmp/rr-task016-signed/Build/Intermediates.noindex/ResourceRunner.build/Debug/ResourceRunner.build/assetcatalog_generated_info.plist -o /tmp/rr-task016-signed/Build/Products/Debug/ResourceRunner.app/Contents/Info.plist

SwiftDriver ResourceRunner normal arm64 com.apple.xcode.tools.swift.compiler (in target 'ResourceRunner' from project 'ResourceRunner')
    cd /Users/zipkero/XcodeProjects/ResourceRunner
    builtin-SwiftDriver -- /Applications/Xcode.app/Contents/Developer/Toolchains/XcodeDefault.xctoolchain/usr/bin/swiftc -module-name ResourceRunner -Onone @/tmp/rr-task016-signed/Build/Intermediates.noindex/ResourceRunner.build/Debug/ResourceRunner.build/Objects-normal/arm64/ResourceRunner.SwiftFileList -DDEBUG -default-isolation\=MainActor -enable-bare-slash-regex -enable-upcoming-feature DisableOutwardActorInference -enable-upcoming-feature InferSendableFromCaptures -enable-upcoming-feature GlobalActorIsolatedTypesUsability -enable-upcoming-feature MemberImportVisibility -enable-upcoming-feature InferIsolatedConformances -enable-upcoming-feature NonisolatedNonsendingByDefault -enable-experimental-feature DebugDescriptionMacro -sdk /Applications/Xcode.app/Contents/Developer/Platforms/MacOSX.platform/Developer/SDKs/MacOSX26.5.sdk -target arm64-apple-macos26.5 -g -module-cache-path /tmp/rr-task016-signed/ModuleCache.noindex -Xfrontend -serialize-debugging-options -profile-coverage-mapping -profile-generate -enable-testing -index-store-path /tmp/rr-task016-signed/Index.noindex/DataStore -Xcc -D_LIBCPP_HARDENING_MODE\=_LIBCPP_HARDENING_MODE_DEBUG -swift-version 5 -I /tmp/rr-task016-signed/Build/Products/Debug -F /tmp/rr-task016-signed/Build/Products/Debug -emit-localized-strings -emit-localized-strings-path /tmp/rr-task016-signed/Build/Intermediates.noindex/ResourceRunner.build/Debug/ResourceRunner.build/Objects-normal/arm64 -c -j14 -enable-batch-mode -incremental -Xcc -ivfsstatcache -Xcc /tmp/rr-task016-signed/SDKStatCaches.noindex/macosx26.5-25F70-e082c4a02f00227109f4ed75e425c832.sdkstatcache -output-file-map /tmp/rr-task016-signed/Build/Intermediates.noindex/ResourceRunner.build/Debug/ResourceRunner.build/Objects-normal/arm64/ResourceRunner-OutputFileMap.json -use-frontend-parseable-output -save-temps -no-color-diagnostics -explicit-module-build -module-cache-path /tmp/rr-task016-signed/Build/Intermediates.noindex/SwiftExplicitPrecompiledModules -clang-scanner-module-cache-path /tmp/rr-task016-signed/ModuleCache.noindex -sdk-module-cache-path /tmp/rr-task016-signed/ModuleCache.noindex -serialize-diagnostics -emit-dependencies -emit-module -emit-module-path /tmp/rr-task016-signed/Build/Intermediates.noindex/ResourceRunner.build/Debug/ResourceRunner.build/Objects-normal/arm64/ResourceRunner.swiftmodule -validate-clang-modules-once -clang-build-session-file /tmp/rr-task016-signed/ModuleCache.noindex/Session.modulevalidation -Xcc -I/tmp/rr-task016-signed/Build/Intermediates.noindex/ResourceRunner.build/Debug/ResourceRunner.build/swift-overrides.hmap -emit-const-values -Xfrontend -const-gather-protocols-file -Xfrontend /tmp/rr-task016-signed/Build/Intermediates.noindex/ResourceRunner.build/Debug/ResourceRunner.build/Objects-normal/arm64/ResourceRunner_const_extract_protocols.json -Xcc -iquote -Xcc /tmp/rr-task016-signed/Build/Intermediates.noindex/ResourceRunner.build/Debug/ResourceRunner.build/ResourceRunner-generated-files.hmap -Xcc -I/tmp/rr-task016-signed/Build/Intermediates.noindex/ResourceRunner.build/Debug/ResourceRunner.build/ResourceRunner-own-target-headers.hmap -Xcc -I/tmp/rr-task016-signed/Build/Intermediates.noindex/ResourceRunner.build/Debug/ResourceRunner.build/ResourceRunner-all-target-headers.hmap -Xcc -iquote -Xcc /tmp/rr-task016-signed/Build/Intermediates.noindex/ResourceRunner.build/Debug/ResourceRunner.build/ResourceRunner-project-headers.hmap -Xcc -I/tmp/rr-task016-signed/Build/Products/Debug/include -Xcc -I/tmp/rr-task016-signed/Build/Intermediates.noindex/ResourceRunner.build/Debug/ResourceRunner.build/DerivedSources-normal/arm64 -Xcc -I/tmp/rr-task016-signed/Build/Intermediates.noindex/ResourceRunner.build/Debug/ResourceRunner.build/DerivedSources/arm64 -Xcc -I/tmp/rr-task016-signed/Build/Intermediates.noindex/ResourceRunner.build/Debug/ResourceRunner.build/DerivedSources -Xcc -DDEBUG\=1 -emit-objc-header -emit-objc-header-path /tmp/rr-task016-signed/Build/Intermediates.noindex/ResourceRunner.build/Debug/ResourceRunner.build/Objects-normal/arm64/ResourceRunner-Swift.h -working-directory /Users/zipkero/XcodeProjects/ResourceRunner -experimental-emit-module-separately -disable-cmo

SwiftCompile normal arm64 Compiling\ AppDelegate.swift,\ ApplicationCoordinator.swift /Users/zipkero/XcodeProjects/ResourceRunner/ResourceRunner/AppDelegate.swift /Users/zipkero/XcodeProjects/ResourceRunner/ResourceRunner/ApplicationCoordinator.swift (in target 'ResourceRunner' from project 'ResourceRunner')

SwiftCompile normal arm64 /Users/zipkero/XcodeProjects/ResourceRunner/ResourceRunner/AppDelegate.swift (in target 'ResourceRunner' from project 'ResourceRunner')
    cd /Users/zipkero/XcodeProjects/ResourceRunner
    

SwiftCompile normal arm64 /Users/zipkero/XcodeProjects/ResourceRunner/ResourceRunner/ApplicationCoordinator.swift (in target 'ResourceRunner' from project 'ResourceRunner')
    cd /Users/zipkero/XcodeProjects/ResourceRunner
    

SwiftCompile normal arm64 Compiling\ ApplicationIconCache.swift,\ ApplicationRanking.swift /Users/zipkero/XcodeProjects/ResourceRunner/ResourceRunner/ApplicationIconCache.swift /Users/zipkero/XcodeProjects/ResourceRunner/ResourceRunner/ApplicationRanking.swift (in target 'ResourceRunner' from project 'ResourceRunner')

SwiftCompile normal arm64 /Users/zipkero/XcodeProjects/ResourceRunner/ResourceRunner/ApplicationIconCache.swift (in target 'ResourceRunner' from project 'ResourceRunner')
    cd /Users/zipkero/XcodeProjects/ResourceRunner
    

SwiftCompile normal arm64 /Users/zipkero/XcodeProjects/ResourceRunner/ResourceRunner/ApplicationRanking.swift (in target 'ResourceRunner' from project 'ResourceRunner')
    cd /Users/zipkero/XcodeProjects/ResourceRunner
    

SwiftCompile normal arm64 Compiling\ DashboardColorPalette.swift,\ DashboardPresentation.swift /Users/zipkero/XcodeProjects/ResourceRunner/ResourceRunner/DashboardColorPalette.swift /Users/zipkero/XcodeProjects/ResourceRunner/ResourceRunner/DashboardPresentation.swift (in target 'ResourceRunner' from project 'ResourceRunner')

SwiftCompile normal arm64 /Users/zipkero/XcodeProjects/ResourceRunner/ResourceRunner/DashboardColorPalette.swift (in target 'ResourceRunner' from project 'ResourceRunner')
    cd /Users/zipkero/XcodeProjects/ResourceRunner
    

SwiftCompile normal arm64 /Users/zipkero/XcodeProjects/ResourceRunner/ResourceRunner/DashboardPresentation.swift (in target 'ResourceRunner' from project 'ResourceRunner')
    cd /Users/zipkero/XcodeProjects/ResourceRunner
    

SwiftCompile normal arm64 Compiling\ DashboardPresentationStore.swift,\ DashboardStyle.swift /Users/zipkero/XcodeProjects/ResourceRunner/ResourceRunner/DashboardPresentationStore.swift /Users/zipkero/XcodeProjects/ResourceRunner/ResourceRunner/DashboardStyle.swift (in target 'ResourceRunner' from project 'ResourceRunner')

SwiftCompile normal arm64 /Users/zipkero/XcodeProjects/ResourceRunner/ResourceRunner/DashboardPresentationStore.swift (in target 'ResourceRunner' from project 'ResourceRunner')
    cd /Users/zipkero/XcodeProjects/ResourceRunner
    

SwiftCompile normal arm64 /Users/zipkero/XcodeProjects/ResourceRunner/ResourceRunner/DashboardStyle.swift (in target 'ResourceRunner' from project 'ResourceRunner')
    cd /Users/zipkero/XcodeProjects/ResourceRunner
    

SwiftCompile normal arm64 Compiling\ CharacterStateSource.swift,\ CollectionAdmission.swift /Users/zipkero/XcodeProjects/ResourceRunner/ResourceRunner/CharacterStateSource.swift /Users/zipkero/XcodeProjects/ResourceRunner/ResourceRunner/CollectionAdmission.swift (in target 'ResourceRunner' from project 'ResourceRunner')

SwiftCompile normal arm64 /Users/zipkero/XcodeProjects/ResourceRunner/ResourceRunner/CharacterStateSource.swift (in target 'ResourceRunner' from project 'ResourceRunner')
    cd /Users/zipkero/XcodeProjects/ResourceRunner
    

SwiftCompile normal arm64 /Users/zipkero/XcodeProjects/ResourceRunner/ResourceRunner/CollectionAdmission.swift (in target 'ResourceRunner' from project 'ResourceRunner')
    cd /Users/zipkero/XcodeProjects/ResourceRunner
    

SwiftCompile normal arm64 Compiling\ ApplicationRowIcon.swift,\ AuxiliaryCollectionScheduler.swift /Users/zipkero/XcodeProjects/ResourceRunner/ResourceRunner/ApplicationRowIcon.swift /Users/zipkero/XcodeProjects/ResourceRunner/ResourceRunner/AuxiliaryCollectionScheduler.swift (in target 'ResourceRunner' from project 'ResourceRunner')

SwiftCompile normal arm64 /Users/zipkero/XcodeProjects/ResourceRunner/ResourceRunner/ApplicationRowIcon.swift (in target 'ResourceRunner' from project 'ResourceRunner')
    cd /Users/zipkero/XcodeProjects/ResourceRunner
    

SwiftCompile normal arm64 /Users/zipkero/XcodeProjects/ResourceRunner/ResourceRunner/AuxiliaryCollectionScheduler.swift (in target 'ResourceRunner' from project 'ResourceRunner')
    cd /Users/zipkero/XcodeProjects/ResourceRunner
    

SwiftCompile normal arm64 Compiling\ DashboardView.swift,\ DashboardViewport.swift /Users/zipkero/XcodeProjects/ResourceRunner/ResourceRunner/DashboardView.swift /Users/zipkero/XcodeProjects/ResourceRunner/ResourceRunner/DashboardViewport.swift (in target 'ResourceRunner' from project 'ResourceRunner')
SwiftCompile normal arm64 /Users/zipkero/XcodeProjects/ResourceRunner/ResourceRunner/DashboardView.swift (in target 'ResourceRunner' from project 'ResourceRunner')
    cd /Users/zipkero/XcodeProjects/ResourceRunner
    
/Users/zipkero/XcodeProjects/ResourceRunner/ResourceRunner/DashboardView.swift:292:17: warning: '+' was deprecated in macOS 26.0: Use string interpolation on `Text` instead: `Text("Hello \(name)")`
                + Text("\(Int(lastKnown.presentation.overallUsage.rounded()))\(CPUCardPresentation.overallUsageUnitLabel)")
                ^
/Users/zipkero/XcodeProjects/ResourceRunner/ResourceRunner/DashboardView.swift:299:17: warning: '+' was deprecated in macOS 26.0: Use string interpolation on `Text` instead: `Text("Hello \(name)")`
                + Text("\(Int(lastKnown.presentation.overallUsage.rounded()))\(CPUCardPresentation.overallUsageUnitLabel)")
                ^
/Users/zipkero/XcodeProjects/ResourceRunner/ResourceRunner/DashboardView.swift:329:29: warning: '+' was deprecated in macOS 26.0: Use string interpolation on `Text` instead: `Text("Hello \(name)")`
                            + Text(entry.valueText).dashboardTypography(DashboardStyle.TypographyRole.value)
                            ^
/Users/zipkero/XcodeProjects/ResourceRunner/ResourceRunner/DashboardView.swift:507:17: warning: '+' was deprecated in macOS 26.0: Use string interpolation on `Text` instead: `Text("Hello \(name)")`
                + Text(" / \(DashboardValueColumn.byteText(presentation.totalPhysicalBytes))")
                ^
/Users/zipkero/XcodeProjects/ResourceRunner/ResourceRunner/DashboardView.swift:514:17: warning: '+' was deprecated in macOS 26.0: Use string interpolation on `Text` instead: `Text("Hello \(name)")`
                + Text(DashboardValueColumn.byteText(lastKnown.presentation.usedBytes))
                ^
/Users/zipkero/XcodeProjects/ResourceRunner/ResourceRunner/DashboardView.swift:521:17: warning: '+' was deprecated in macOS 26.0: Use string interpolation on `Text` instead: `Text("Hello \(name)")`
                + Text(DashboardValueColumn.byteText(lastKnown.presentation.usedBytes))
                ^
/Users/zipkero/XcodeProjects/ResourceRunner/ResourceRunner/DashboardView.swift:546:29: warning: '+' was deprecated in macOS 26.0: Use string interpolation on `Text` instead: `Text("Hello \(name)")`
                return line + Text(Image(systemName: name))
                            ^
/Users/zipkero/XcodeProjects/ResourceRunner/ResourceRunner/DashboardView.swift:548:29: warning: '+' was deprecated in macOS 26.0: Use string interpolation on `Text` instead: `Text("Hello \(name)")`
                return line + Text(" \(text)")
                            ^
/Users/zipkero/XcodeProjects/ResourceRunner/ResourceRunner/DashboardView.swift:550:29: warning: '+' was deprecated in macOS 26.0: Use string interpolation on `Text` instead: `Text("Hello \(name)")`
                return line + Text(" · ")
/Users/zipkero/XcodeProjects/ResourceRunner/ResourceRunner/DashboardView.swift:552:29: warning: '+' was deprecated in macOS 26.0: Use string interpolation on `Text` instead: `Text("Hello \(name)")`
                return line + Text("Swap \(text)")
                            ^
/Users/zipkero/XcodeProjects/ResourceRunner/ResourceRunner/DashboardView.swift:554:29: warning: '+' was deprecated in macOS 26.0: Use string interpolation on `Text` instead: `Text("Hello \(name)")`
                return line + Text(" (\(text))")
                            ^
/Users/zipkero/XcodeProjects/ResourceRunner/ResourceRunner/DashboardView.swift:556:29: warning: '+' was deprecated in macOS 26.0: Use string interpolation on `Text` instead: `Text("Hello \(name)")`
                return line + Text("구성 \(text)")
/Users/zipkero/XcodeProjects/ResourceRunner/ResourceRunner/DashboardView.swift:577:29: warning: '+' was deprecated in macOS 26.0: Use string interpolation on `Text` instead: `Text("Hello \(name)")`
                return line + Text(Image(systemName: "square.fill"))
                            ^
/Users/zipkero/XcodeProjects/ResourceRunner/ResourceRunner/DashboardView.swift:580:29: warning: '+' was deprecated in macOS 26.0: Use string interpolation on `Text` instead: `Text("Hello \(name)")`
                return line + Text(" \(text)")
                            ^
/Users/zipkero/XcodeProjects/ResourceRunner/ResourceRunner/DashboardView.swift:582:29: warning: '+' was deprecated in macOS 26.0: Use string interpolation on `Text` instead: `Text("Hello \(name)")`
                return line + Text("  ")
                            ^
/Users/zipkero/XcodeProjects/ResourceRunner/ResourceRunner/DashboardView.swift:1256:25: warning: '+' was deprecated in macOS 26.0: Use string interpolation on `Text` instead: `Text("Hello \(name)")`
                        + Text("\(fmt(load.oneMinute)) / \(fmt(load.fiveMinutes)) / \(fmt(load.fifteenMinutes))")
                        ^

SwiftCompile normal arm64 /Users/zipkero/XcodeProjects/ResourceRunner/ResourceRunner/DashboardViewport.swift (in target 'ResourceRunner' from project 'ResourceRunner')
    cd /Users/zipkero/XcodeProjects/ResourceRunner
    

SwiftCompile normal arm64 Compiling\ DiskActivity.swift,\ DiskDashboardView.swift /Users/zipkero/XcodeProjects/ResourceRunner/ResourceRunner/DiskActivity.swift /Users/zipkero/XcodeProjects/ResourceRunner/ResourceRunner/DiskDashboardView.swift (in target 'ResourceRunner' from project 'ResourceRunner')

SwiftCompile normal arm64 /Users/zipkero/XcodeProjects/ResourceRunner/ResourceRunner/DiskActivity.swift (in target 'ResourceRunner' from project 'ResourceRunner')
    cd /Users/zipkero/XcodeProjects/ResourceRunner
    

SwiftCompile normal arm64 /Users/zipkero/XcodeProjects/ResourceRunner/ResourceRunner/DiskDashboardView.swift (in target 'ResourceRunner' from project 'ResourceRunner')
    cd /Users/zipkero/XcodeProjects/ResourceRunner
    

SwiftCompile normal arm64 Compiling\ NetworkActivity.swift,\ NetworkDashboardView.swift /Users/zipkero/XcodeProjects/ResourceRunner/ResourceRunner/NetworkActivity.swift /Users/zipkero/XcodeProjects/ResourceRunner/ResourceRunner/NetworkDashboardView.swift (in target 'ResourceRunner' from project 'ResourceRunner')

SwiftCompile normal arm64 /Users/zipkero/XcodeProjects/ResourceRunner/ResourceRunner/NetworkActivity.swift (in target 'ResourceRunner' from project 'ResourceRunner')
    cd /Users/zipkero/XcodeProjects/ResourceRunner
    

SwiftCompile normal arm64 /Users/zipkero/XcodeProjects/ResourceRunner/ResourceRunner/NetworkDashboardView.swift (in target 'ResourceRunner' from project 'ResourceRunner')
    cd /Users/zipkero/XcodeProjects/ResourceRunner
    

SwiftCompile normal arm64 Compiling\ StorageMetadata.swift /Users/zipkero/XcodeProjects/ResourceRunner/ResourceRunner/StorageMetadata.swift (in target 'ResourceRunner' from project 'ResourceRunner')

SwiftCompile normal arm64 /Users/zipkero/XcodeProjects/ResourceRunner/ResourceRunner/StorageMetadata.swift (in target 'ResourceRunner' from project 'ResourceRunner')
    cd /Users/zipkero/XcodeProjects/ResourceRunner
    

SwiftCompile normal arm64 Compiling\ SystemLifecycleObserver.swift /Users/zipkero/XcodeProjects/ResourceRunner/ResourceRunner/SystemLifecycleObserver.swift (in target 'ResourceRunner' from project 'ResourceRunner')

SwiftCompile normal arm64 /Users/zipkero/XcodeProjects/ResourceRunner/ResourceRunner/SystemLifecycleObserver.swift (in target 'ResourceRunner' from project 'ResourceRunner')
    cd /Users/zipkero/XcodeProjects/ResourceRunner
    

SwiftCompile normal arm64 Compiling\ StatusBarController.swift /Users/zipkero/XcodeProjects/ResourceRunner/ResourceRunner/StatusBarController.swift (in target 'ResourceRunner' from project 'ResourceRunner')

SwiftCompile normal arm64 /Users/zipkero/XcodeProjects/ResourceRunner/ResourceRunner/StatusBarController.swift (in target 'ResourceRunner' from project 'ResourceRunner')
    cd /Users/zipkero/XcodeProjects/ResourceRunner
    
/Users/zipkero/XcodeProjects/ResourceRunner/ResourceRunner/StatusBarController.swift:61:23: warning: conformance of 'NSEvent' to 'Sendable' is unavailable; this is an error in the Swift 6 language mode
            MainActor.assumeIsolated { self?.handleOwnedKey(event) ?? event }
                      ^
note: conformance of 'NSEvent' to 'Sendable' has been explicitly marked unavailable here
@_nonSendable(_assumed)
^

SwiftCompile normal arm64 Compiling\ NetworkMetadata.swift,\ ResourceRateGraphView.swift /Users/zipkero/XcodeProjects/ResourceRunner/ResourceRunner/NetworkMetadata.swift /Users/zipkero/XcodeProjects/ResourceRunner/ResourceRunner/ResourceRateGraphView.swift (in target 'ResourceRunner' from project 'ResourceRunner')

SwiftCompile normal arm64 /Users/zipkero/XcodeProjects/ResourceRunner/ResourceRunner/NetworkMetadata.swift (in target 'ResourceRunner' from project 'ResourceRunner')
    cd /Users/zipkero/XcodeProjects/ResourceRunner
    

SwiftCompile normal arm64 /Users/zipkero/XcodeProjects/ResourceRunner/ResourceRunner/ResourceRateGraphView.swift (in target 'ResourceRunner' from project 'ResourceRunner')
    cd /Users/zipkero/XcodeProjects/ResourceRunner
    

SwiftEmitModule normal arm64 Emitting\ module\ for\ ResourceRunner (in target 'ResourceRunner' from project 'ResourceRunner')

EmitSwiftModule normal arm64 (in target 'ResourceRunner' from project 'ResourceRunner')
    cd /Users/zipkero/XcodeProjects/ResourceRunner
    

SwiftCompile normal arm64 Compiling\ ResourceRunnerApp.swift,\ ResourceTopologyObserver.swift /Users/zipkero/XcodeProjects/ResourceRunner/ResourceRunner/ResourceRunnerApp.swift /Users/zipkero/XcodeProjects/ResourceRunner/ResourceRunner/ResourceTopologyObserver.swift (in target 'ResourceRunner' from project 'ResourceRunner')

SwiftCompile normal arm64 /Users/zipkero/XcodeProjects/ResourceRunner/ResourceRunner/ResourceRunnerApp.swift (in target 'ResourceRunner' from project 'ResourceRunner')
    cd /Users/zipkero/XcodeProjects/ResourceRunner
    

SwiftCompile normal arm64 /Users/zipkero/XcodeProjects/ResourceRunner/ResourceRunner/ResourceTopologyObserver.swift (in target 'ResourceRunner' from project 'ResourceRunner')
    cd /Users/zipkero/XcodeProjects/ResourceRunner
    

SwiftDriverJobDiscovery normal arm64 Compiling StorageMetadata.swift (in target 'ResourceRunner' from project 'ResourceRunner')

SwiftCompile normal arm64 Compiling\ CollectionDeliveryStore.swift /Users/zipkero/XcodeProjects/ResourceRunner/ResourceRunner/CollectionDeliveryStore.swift (in target 'ResourceRunner' from project 'ResourceRunner')

SwiftCompile normal arm64 /Users/zipkero/XcodeProjects/ResourceRunner/ResourceRunner/CollectionDeliveryStore.swift (in target 'ResourceRunner' from project 'ResourceRunner')
    cd /Users/zipkero/XcodeProjects/ResourceRunner
    

SwiftDriverJobDiscovery normal arm64 Compiling CharacterStateSource.swift, CollectionAdmission.swift (in target 'ResourceRunner' from project 'ResourceRunner')

SwiftCompile normal arm64 Compiling\ MonitoringSampleStore.swift /Users/zipkero/XcodeProjects/ResourceRunner/ResourceRunner/MonitoringSampleStore.swift (in target 'ResourceRunner' from project 'ResourceRunner')

SwiftCompile normal arm64 /Users/zipkero/XcodeProjects/ResourceRunner/ResourceRunner/MonitoringSampleStore.swift (in target 'ResourceRunner' from project 'ResourceRunner')
    cd /Users/zipkero/XcodeProjects/ResourceRunner
    

SwiftDriverJobDiscovery normal arm64 Compiling DashboardPresentationStore.swift, DashboardStyle.swift (in target 'ResourceRunner' from project 'ResourceRunner')

SwiftCompile normal arm64 Compiling\ NetworkTopology.swift /Users/zipkero/XcodeProjects/ResourceRunner/ResourceRunner/NetworkTopology.swift (in target 'ResourceRunner' from project 'ResourceRunner')

SwiftCompile normal arm64 /Users/zipkero/XcodeProjects/ResourceRunner/ResourceRunner/NetworkTopology.swift (in target 'ResourceRunner' from project 'ResourceRunner')
    cd /Users/zipkero/XcodeProjects/ResourceRunner
    

SwiftDriverJobDiscovery normal arm64 Compiling SystemLifecycleObserver.swift (in target 'ResourceRunner' from project 'ResourceRunner')

SwiftCompile normal arm64 Compiling\ ResourceQuantityFormatter.swift /Users/zipkero/XcodeProjects/ResourceRunner/ResourceRunner/ResourceQuantityFormatter.swift (in target 'ResourceRunner' from project 'ResourceRunner')

SwiftCompile normal arm64 /Users/zipkero/XcodeProjects/ResourceRunner/ResourceRunner/ResourceQuantityFormatter.swift (in target 'ResourceRunner' from project 'ResourceRunner')
    cd /Users/zipkero/XcodeProjects/ResourceRunner
    

SwiftDriverJobDiscovery normal arm64 Compiling ApplicationRowIcon.swift, AuxiliaryCollectionScheduler.swift (in target 'ResourceRunner' from project 'ResourceRunner')

SwiftCompile normal arm64 Compiling\ CollectionPipelines.swift /Users/zipkero/XcodeProjects/ResourceRunner/ResourceRunner/CollectionPipelines.swift (in target 'ResourceRunner' from project 'ResourceRunner')

SwiftCompile normal arm64 /Users/zipkero/XcodeProjects/ResourceRunner/ResourceRunner/CollectionPipelines.swift (in target 'ResourceRunner' from project 'ResourceRunner')
    cd /Users/zipkero/XcodeProjects/ResourceRunner
    

SwiftDriverJobDiscovery normal arm64 Compiling StatusBarController.swift (in target 'ResourceRunner' from project 'ResourceRunner')

SwiftCompile normal arm64 Compiling\ MonitoringScheduler.swift /Users/zipkero/XcodeProjects/ResourceRunner/ResourceRunner/MonitoringScheduler.swift (in target 'ResourceRunner' from project 'ResourceRunner')

SwiftCompile normal arm64 /Users/zipkero/XcodeProjects/ResourceRunner/ResourceRunner/MonitoringScheduler.swift (in target 'ResourceRunner' from project 'ResourceRunner')
    cd /Users/zipkero/XcodeProjects/ResourceRunner
    

SwiftDriverJobDiscovery normal arm64 Compiling CollectionDeliveryStore.swift (in target 'ResourceRunner' from project 'ResourceRunner')

SwiftCompile normal arm64 Compiling\ ResourceActivityPresentation.swift /Users/zipkero/XcodeProjects/ResourceRunner/ResourceRunner/ResourceActivityPresentation.swift (in target 'ResourceRunner' from project 'ResourceRunner')

SwiftCompile normal arm64 /Users/zipkero/XcodeProjects/ResourceRunner/ResourceRunner/ResourceActivityPresentation.swift (in target 'ResourceRunner' from project 'ResourceRunner')
    cd /Users/zipkero/XcodeProjects/ResourceRunner
    

SwiftDriverJobDiscovery normal arm64 Compiling ApplicationIconCache.swift, ApplicationRanking.swift (in target 'ResourceRunner' from project 'ResourceRunner')

SwiftCompile normal arm64 Compiling\ GeneratedAssetSymbols.swift /tmp/rr-task016-signed/Build/Intermediates.noindex/ResourceRunner.build/Debug/ResourceRunner.build/DerivedSources/GeneratedAssetSymbols.swift (in target 'ResourceRunner' from project 'ResourceRunner')

SwiftCompile normal arm64 /tmp/rr-task016-signed/Build/Intermediates.noindex/ResourceRunner.build/Debug/ResourceRunner.build/DerivedSources/GeneratedAssetSymbols.swift (in target 'ResourceRunner' from project 'ResourceRunner')
    cd /Users/zipkero/XcodeProjects/ResourceRunner
    

SwiftDriverJobDiscovery normal arm64 Compiling NetworkMetadata.swift, ResourceRateGraphView.swift (in target 'ResourceRunner' from project 'ResourceRunner')

SwiftCompile normal arm64 Compiling\ DiskNativeAdapter.swift /Users/zipkero/XcodeProjects/ResourceRunner/ResourceRunner/DiskNativeAdapter.swift (in target 'ResourceRunner' from project 'ResourceRunner')

SwiftCompile normal arm64 /Users/zipkero/XcodeProjects/ResourceRunner/ResourceRunner/DiskNativeAdapter.swift (in target 'ResourceRunner' from project 'ResourceRunner')
    cd /Users/zipkero/XcodeProjects/ResourceRunner
    

SwiftDriverJobDiscovery normal arm64 Compiling ResourceRunnerApp.swift, ResourceTopologyObserver.swift (in target 'ResourceRunner' from project 'ResourceRunner')

SwiftCompile normal arm64 Compiling\ DiskTopology.swift /Users/zipkero/XcodeProjects/ResourceRunner/ResourceRunner/DiskTopology.swift (in target 'ResourceRunner' from project 'ResourceRunner')

SwiftCompile normal arm64 /Users/zipkero/XcodeProjects/ResourceRunner/ResourceRunner/DiskTopology.swift (in target 'ResourceRunner' from project 'ResourceRunner')
    cd /Users/zipkero/XcodeProjects/ResourceRunner
    

SwiftDriverJobDiscovery normal arm64 Compiling CollectionPipelines.swift (in target 'ResourceRunner' from project 'ResourceRunner')

SwiftCompile normal arm64 Compiling\ ProcessSurveySampleSource.swift /Users/zipkero/XcodeProjects/ResourceRunner/ResourceRunner/ProcessSurveySampleSource.swift (in target 'ResourceRunner' from project 'ResourceRunner')

SwiftCompile normal arm64 /Users/zipkero/XcodeProjects/ResourceRunner/ResourceRunner/ProcessSurveySampleSource.swift (in target 'ResourceRunner' from project 'ResourceRunner')
    cd /Users/zipkero/XcodeProjects/ResourceRunner
    

SwiftDriverJobDiscovery normal arm64 Compiling ResourceQuantityFormatter.swift (in target 'ResourceRunner' from project 'ResourceRunner')

SwiftCompile normal arm64 Compiling\ NetworkNativeAdapter.swift /Users/zipkero/XcodeProjects/ResourceRunner/ResourceRunner/NetworkNativeAdapter.swift (in target 'ResourceRunner' from project 'ResourceRunner')

SwiftCompile normal arm64 /Users/zipkero/XcodeProjects/ResourceRunner/ResourceRunner/NetworkNativeAdapter.swift (in target 'ResourceRunner' from project 'ResourceRunner')
    cd /Users/zipkero/XcodeProjects/ResourceRunner
    

SwiftDriverJobDiscovery normal arm64 Compiling NetworkTopology.swift (in target 'ResourceRunner' from project 'ResourceRunner')

SwiftCompile normal arm64 Compiling\ CPUActivityStateEvaluator.swift /Users/zipkero/XcodeProjects/ResourceRunner/ResourceRunner/CPUActivityStateEvaluator.swift (in target 'ResourceRunner' from project 'ResourceRunner')

SwiftCompile normal arm64 /Users/zipkero/XcodeProjects/ResourceRunner/ResourceRunner/CPUActivityStateEvaluator.swift (in target 'ResourceRunner' from project 'ResourceRunner')
    cd /Users/zipkero/XcodeProjects/ResourceRunner
    

SwiftDriverJobDiscovery normal arm64 Compiling MonitoringSampleStore.swift (in target 'ResourceRunner' from project 'ResourceRunner')

SwiftCompile normal arm64 Compiling\ MonitoringLifecycle.swift /Users/zipkero/XcodeProjects/ResourceRunner/ResourceRunner/MonitoringLifecycle.swift (in target 'ResourceRunner' from project 'ResourceRunner')

SwiftCompile normal arm64 /Users/zipkero/XcodeProjects/ResourceRunner/ResourceRunner/MonitoringLifecycle.swift (in target 'ResourceRunner' from project 'ResourceRunner')
    cd /Users/zipkero/XcodeProjects/ResourceRunner
    

SwiftDriverJobDiscovery normal arm64 Compiling GeneratedAssetSymbols.swift (in target 'ResourceRunner' from project 'ResourceRunner')

SwiftCompile normal arm64 Compiling\ SystemMetricsSampleSource.swift /Users/zipkero/XcodeProjects/ResourceRunner/ResourceRunner/SystemMetricsSampleSource.swift (in target 'ResourceRunner' from project 'ResourceRunner')

SwiftCompile normal arm64 /Users/zipkero/XcodeProjects/ResourceRunner/ResourceRunner/SystemMetricsSampleSource.swift (in target 'ResourceRunner' from project 'ResourceRunner')
    cd /Users/zipkero/XcodeProjects/ResourceRunner
    

SwiftDriverJobDiscovery normal arm64 Compiling MonitoringScheduler.swift (in target 'ResourceRunner' from project 'ResourceRunner')

SwiftCompile normal arm64 Compiling\ ProcessHistoryStore.swift /Users/zipkero/XcodeProjects/ResourceRunner/ResourceRunner/ProcessHistoryStore.swift (in target 'ResourceRunner' from project 'ResourceRunner')

SwiftCompile normal arm64 /Users/zipkero/XcodeProjects/ResourceRunner/ResourceRunner/ProcessHistoryStore.swift (in target 'ResourceRunner' from project 'ResourceRunner')
    cd /Users/zipkero/XcodeProjects/ResourceRunner
    

SwiftDriverJobDiscovery normal arm64 Compiling ProcessSurveySampleSource.swift (in target 'ResourceRunner' from project 'ResourceRunner')

SwiftDriverJobDiscovery normal arm64 Compiling DiskTopology.swift (in target 'ResourceRunner' from project 'ResourceRunner')

SwiftDriverJobDiscovery normal arm64 Compiling CPUActivityStateEvaluator.swift (in target 'ResourceRunner' from project 'ResourceRunner')

SwiftDriverJobDiscovery normal arm64 Compiling ResourceActivityPresentation.swift (in target 'ResourceRunner' from project 'ResourceRunner')

SwiftDriverJobDiscovery normal arm64 Emitting module for ResourceRunner (in target 'ResourceRunner' from project 'ResourceRunner')

SwiftDriver\ Compilation\ Requirements ResourceRunner normal arm64 com.apple.xcode.tools.swift.compiler (in target 'ResourceRunner' from project 'ResourceRunner')
    cd /Users/zipkero/XcodeProjects/ResourceRunner
    builtin-Swift-Compilation-Requirements -- /Applications/Xcode.app/Contents/Developer/Toolchains/XcodeDefault.xctoolchain/usr/bin/swiftc -module-name ResourceRunner -Onone @/tmp/rr-task016-signed/Build/Intermediates.noindex/ResourceRunner.build/Debug/ResourceRunner.build/Objects-normal/arm64/ResourceRunner.SwiftFileList -DDEBUG -default-isolation\=MainActor -enable-bare-slash-regex -enable-upcoming-feature DisableOutwardActorInference -enable-upcoming-feature InferSendableFromCaptures -enable-upcoming-feature GlobalActorIsolatedTypesUsability -enable-upcoming-feature MemberImportVisibility -enable-upcoming-feature InferIsolatedConformances -enable-upcoming-feature NonisolatedNonsendingByDefault -enable-experimental-feature DebugDescriptionMacro -sdk /Applications/Xcode.app/Contents/Developer/Platforms/MacOSX.platform/Developer/SDKs/MacOSX26.5.sdk -target arm64-apple-macos26.5 -g -module-cache-path /tmp/rr-task016-signed/ModuleCache.noindex -Xfrontend -serialize-debugging-options -profile-coverage-mapping -profile-generate -enable-testing -index-store-path /tmp/rr-task016-signed/Index.noindex/DataStore -Xcc -D_LIBCPP_HARDENING_MODE\=_LIBCPP_HARDENING_MODE_DEBUG -swift-version 5 -I /tmp/rr-task016-signed/Build/Products/Debug -F /tmp/rr-task016-signed/Build/Products/Debug -emit-localized-strings -emit-localized-strings-path /tmp/rr-task016-signed/Build/Intermediates.noindex/ResourceRunner.build/Debug/ResourceRunner.build/Objects-normal/arm64 -c -j14 -enable-batch-mode -incremental -Xcc -ivfsstatcache -Xcc /tmp/rr-task016-signed/SDKStatCaches.noindex/macosx26.5-25F70-e082c4a02f00227109f4ed75e425c832.sdkstatcache -output-file-map /tmp/rr-task016-signed/Build/Intermediates.noindex/ResourceRunner.build/Debug/ResourceRunner.build/Objects-normal/arm64/ResourceRunner-OutputFileMap.json -use-frontend-parseable-output -save-temps -no-color-diagnostics -explicit-module-build -module-cache-path /tmp/rr-task016-signed/Build/Intermediates.noindex/SwiftExplicitPrecompiledModules -clang-scanner-module-cache-path /tmp/rr-task016-signed/ModuleCache.noindex -sdk-module-cache-path /tmp/rr-task016-signed/ModuleCache.noindex -serialize-diagnostics -emit-dependencies -emit-module -emit-module-path /tmp/rr-task016-signed/Build/Intermediates.noindex/ResourceRunner.build/Debug/ResourceRunner.build/Objects-normal/arm64/ResourceRunner.swiftmodule -validate-clang-modules-once -clang-build-session-file /tmp/rr-task016-signed/ModuleCache.noindex/Session.modulevalidation -Xcc -I/tmp/rr-task016-signed/Build/Intermediates.noindex/ResourceRunner.build/Debug/ResourceRunner.build/swift-overrides.hmap -emit-const-values -Xfrontend -const-gather-protocols-file -Xfrontend /tmp/rr-task016-signed/Build/Intermediates.noindex/ResourceRunner.build/Debug/ResourceRunner.build/Objects-normal/arm64/ResourceRunner_const_extract_protocols.json -Xcc -iquote -Xcc /tmp/rr-task016-signed/Build/Intermediates.noindex/ResourceRunner.build/Debug/ResourceRunner.build/ResourceRunner-generated-files.hmap -Xcc -I/tmp/rr-task016-signed/Build/Intermediates.noindex/ResourceRunner.build/Debug/ResourceRunner.build/ResourceRunner-own-target-headers.hmap -Xcc -I/tmp/rr-task016-signed/Build/Intermediates.noindex/ResourceRunner.build/Debug/ResourceRunner.build/ResourceRunner-all-target-headers.hmap -Xcc -iquote -Xcc /tmp/rr-task016-signed/Build/Intermediates.noindex/ResourceRunner.build/Debug/ResourceRunner.build/ResourceRunner-project-headers.hmap -Xcc -I/tmp/rr-task016-signed/Build/Products/Debug/include -Xcc -I/tmp/rr-task016-signed/Build/Intermediates.noindex/ResourceRunner.build/Debug/ResourceRunner.build/DerivedSources-normal/arm64 -Xcc -I/tmp/rr-task016-signed/Build/Intermediates.noindex/ResourceRunner.build/Debug/ResourceRunner.build/DerivedSources/arm64 -Xcc -I/tmp/rr-task016-signed/Build/Intermediates.noindex/ResourceRunner.build/Debug/ResourceRunner.build/DerivedSources -Xcc -DDEBUG\=1 -emit-objc-header -emit-objc-header-path /tmp/rr-task016-signed/Build/Intermediates.noindex/ResourceRunner.build/Debug/ResourceRunner.build/Objects-normal/arm64/ResourceRunner-Swift.h -working-directory /Users/zipkero/XcodeProjects/ResourceRunner -experimental-emit-module-separately -disable-cmo

Copy /tmp/rr-task016-signed/Build/Products/Debug/ResourceRunner.swiftmodule/arm64-apple-macos.abi.json /tmp/rr-task016-signed/Build/Intermediates.noindex/ResourceRunner.build/Debug/ResourceRunner.build/Objects-normal/arm64/ResourceRunner.abi.json (in target 'ResourceRunner' from project 'ResourceRunner')
    cd /Users/zipkero/XcodeProjects/ResourceRunner
    builtin-copy -exclude .DS_Store -exclude CVS -exclude .svn -exclude .git -exclude .hg -resolve-src-symlinks -rename /tmp/rr-task016-signed/Build/Intermediates.noindex/ResourceRunner.build/Debug/ResourceRunner.build/Objects-normal/arm64/ResourceRunner.abi.json /tmp/rr-task016-signed/Build/Products/Debug/ResourceRunner.swiftmodule/arm64-apple-macos.abi.json

Copy /tmp/rr-task016-signed/Build/Products/Debug/ResourceRunner.swiftmodule/Project/arm64-apple-macos.swiftsourceinfo /tmp/rr-task016-signed/Build/Intermediates.noindex/ResourceRunner.build/Debug/ResourceRunner.build/Objects-normal/arm64/ResourceRunner.swiftsourceinfo (in target 'ResourceRunner' from project 'ResourceRunner')
    cd /Users/zipkero/XcodeProjects/ResourceRunner
    builtin-copy -exclude .DS_Store -exclude CVS -exclude .svn -exclude .git -exclude .hg -resolve-src-symlinks -rename /tmp/rr-task016-signed/Build/Intermediates.noindex/ResourceRunner.build/Debug/ResourceRunner.build/Objects-normal/arm64/ResourceRunner.swiftsourceinfo /tmp/rr-task016-signed/Build/Products/Debug/ResourceRunner.swiftmodule/Project/arm64-apple-macos.swiftsourceinfo

SwiftDriverJobDiscovery normal arm64 Compiling DashboardColorPalette.swift, DashboardPresentation.swift (in target 'ResourceRunner' from project 'ResourceRunner')

SwiftCompile normal arm64 Compiling\ SystemMetrics.swift /Users/zipkero/XcodeProjects/ResourceRunner/ResourceRunner/SystemMetrics.swift (in target 'ResourceRunner' from project 'ResourceRunner')

SwiftCompile normal arm64 /Users/zipkero/XcodeProjects/ResourceRunner/ResourceRunner/SystemMetrics.swift (in target 'ResourceRunner' from project 'ResourceRunner')
    cd /Users/zipkero/XcodeProjects/ResourceRunner
    

SwiftCompile normal arm64 Compiling\ ResourceRateGraph.swift /Users/zipkero/XcodeProjects/ResourceRunner/ResourceRunner/ResourceRateGraph.swift (in target 'ResourceRunner' from project 'ResourceRunner')

SwiftCompile normal arm64 /Users/zipkero/XcodeProjects/ResourceRunner/ResourceRunner/ResourceRateGraph.swift (in target 'ResourceRunner' from project 'ResourceRunner')
    cd /Users/zipkero/XcodeProjects/ResourceRunner
    

SwiftCompile normal arm64 Compiling\ MemorySystemMetricsCollector.swift /Users/zipkero/XcodeProjects/ResourceRunner/ResourceRunner/MemorySystemMetricsCollector.swift (in target 'ResourceRunner' from project 'ResourceRunner')

SwiftCompile normal arm64 /Users/zipkero/XcodeProjects/ResourceRunner/ResourceRunner/MemorySystemMetricsCollector.swift (in target 'ResourceRunner' from project 'ResourceRunner')
    cd /Users/zipkero/XcodeProjects/ResourceRunner
    

SwiftCompile normal arm64 Compiling\ CPUSystemMetricsCollector.swift /Users/zipkero/XcodeProjects/ResourceRunner/ResourceRunner/CPUSystemMetricsCollector.swift (in target 'ResourceRunner' from project 'ResourceRunner')

SwiftCompile normal arm64 /Users/zipkero/XcodeProjects/ResourceRunner/ResourceRunner/CPUSystemMetricsCollector.swift (in target 'ResourceRunner' from project 'ResourceRunner')
    cd /Users/zipkero/XcodeProjects/ResourceRunner
    

SwiftDriverJobDiscovery normal arm64 Compiling NetworkActivity.swift, NetworkDashboardView.swift (in target 'ResourceRunner' from project 'ResourceRunner')

SwiftDriverJobDiscovery normal arm64 Compiling MonitoringLifecycle.swift (in target 'ResourceRunner' from project 'ResourceRunner')

SwiftDriverJobDiscovery normal arm64 Compiling ProcessHistoryStore.swift (in target 'ResourceRunner' from project 'ResourceRunner')

SwiftDriverJobDiscovery normal arm64 Compiling SystemMetricsSampleSource.swift (in target 'ResourceRunner' from project 'ResourceRunner')

SwiftDriverJobDiscovery normal arm64 Compiling SystemMetrics.swift (in target 'ResourceRunner' from project 'ResourceRunner')

SwiftDriverJobDiscovery normal arm64 Compiling ResourceRateGraph.swift (in target 'ResourceRunner' from project 'ResourceRunner')

SwiftDriverJobDiscovery normal arm64 Compiling DiskNativeAdapter.swift (in target 'ResourceRunner' from project 'ResourceRunner')

SwiftDriverJobDiscovery normal arm64 Compiling MemorySystemMetricsCollector.swift (in target 'ResourceRunner' from project 'ResourceRunner')

SwiftDriverJobDiscovery normal arm64 Compiling CPUSystemMetricsCollector.swift (in target 'ResourceRunner' from project 'ResourceRunner')

SwiftDriverJobDiscovery normal arm64 Compiling NetworkNativeAdapter.swift (in target 'ResourceRunner' from project 'ResourceRunner')

SwiftDriverJobDiscovery normal arm64 Compiling DiskActivity.swift, DiskDashboardView.swift (in target 'ResourceRunner' from project 'ResourceRunner')

SwiftDriverJobDiscovery normal arm64 Compiling AppDelegate.swift, ApplicationCoordinator.swift (in target 'ResourceRunner' from project 'ResourceRunner')

SwiftDriverJobDiscovery normal arm64 Compiling DashboardView.swift, DashboardViewport.swift (in target 'ResourceRunner' from project 'ResourceRunner')

SwiftDriver\ Compilation ResourceRunner normal arm64 com.apple.xcode.tools.swift.compiler (in target 'ResourceRunner' from project 'ResourceRunner')
    cd /Users/zipkero/XcodeProjects/ResourceRunner
    builtin-Swift-Compilation -- /Applications/Xcode.app/Contents/Developer/Toolchains/XcodeDefault.xctoolchain/usr/bin/swiftc -module-name ResourceRunner -Onone @/tmp/rr-task016-signed/Build/Intermediates.noindex/ResourceRunner.build/Debug/ResourceRunner.build/Objects-normal/arm64/ResourceRunner.SwiftFileList -DDEBUG -default-isolation\=MainActor -enable-bare-slash-regex -enable-upcoming-feature DisableOutwardActorInference -enable-upcoming-feature InferSendableFromCaptures -enable-upcoming-feature GlobalActorIsolatedTypesUsability -enable-upcoming-feature MemberImportVisibility -enable-upcoming-feature InferIsolatedConformances -enable-upcoming-feature NonisolatedNonsendingByDefault -enable-experimental-feature DebugDescriptionMacro -sdk /Applications/Xcode.app/Contents/Developer/Platforms/MacOSX.platform/Developer/SDKs/MacOSX26.5.sdk -target arm64-apple-macos26.5 -g -module-cache-path /tmp/rr-task016-signed/ModuleCache.noindex -Xfrontend -serialize-debugging-options -profile-coverage-mapping -profile-generate -enable-testing -index-store-path /tmp/rr-task016-signed/Index.noindex/DataStore -Xcc -D_LIBCPP_HARDENING_MODE\=_LIBCPP_HARDENING_MODE_DEBUG -swift-version 5 -I /tmp/rr-task016-signed/Build/Products/Debug -F /tmp/rr-task016-signed/Build/Products/Debug -emit-localized-strings -emit-localized-strings-path /tmp/rr-task016-signed/Build/Intermediates.noindex/ResourceRunner.build/Debug/ResourceRunner.build/Objects-normal/arm64 -c -j14 -enable-batch-mode -incremental -Xcc -ivfsstatcache -Xcc /tmp/rr-task016-signed/SDKStatCaches.noindex/macosx26.5-25F70-e082c4a02f00227109f4ed75e425c832.sdkstatcache -output-file-map /tmp/rr-task016-signed/Build/Intermediates.noindex/ResourceRunner.build/Debug/ResourceRunner.build/Objects-normal/arm64/ResourceRunner-OutputFileMap.json -use-frontend-parseable-output -save-temps -no-color-diagnostics -explicit-module-build -module-cache-path /tmp/rr-task016-signed/Build/Intermediates.noindex/SwiftExplicitPrecompiledModules -clang-scanner-module-cache-path /tmp/rr-task016-signed/ModuleCache.noindex -sdk-module-cache-path /tmp/rr-task016-signed/ModuleCache.noindex -serialize-diagnostics -emit-dependencies -emit-module -emit-module-path /tmp/rr-task016-signed/Build/Intermediates.noindex/ResourceRunner.build/Debug/ResourceRunner.build/Objects-normal/arm64/ResourceRunner.swiftmodule -validate-clang-modules-once -clang-build-session-file /tmp/rr-task016-signed/ModuleCache.noindex/Session.modulevalidation -Xcc -I/tmp/rr-task016-signed/Build/Intermediates.noindex/ResourceRunner.build/Debug/ResourceRunner.build/swift-overrides.hmap -emit-const-values -Xfrontend -const-gather-protocols-file -Xfrontend /tmp/rr-task016-signed/Build/Intermediates.noindex/ResourceRunner.build/Debug/ResourceRunner.build/Objects-normal/arm64/ResourceRunner_const_extract_protocols.json -Xcc -iquote -Xcc /tmp/rr-task016-signed/Build/Intermediates.noindex/ResourceRunner.build/Debug/ResourceRunner.build/ResourceRunner-generated-files.hmap -Xcc -I/tmp/rr-task016-signed/Build/Intermediates.noindex/ResourceRunner.build/Debug/ResourceRunner.build/ResourceRunner-own-target-headers.hmap -Xcc -I/tmp/rr-task016-signed/Build/Intermediates.noindex/ResourceRunner.build/Debug/ResourceRunner.build/ResourceRunner-all-target-headers.hmap -Xcc -iquote -Xcc /tmp/rr-task016-signed/Build/Intermediates.noindex/ResourceRunner.build/Debug/ResourceRunner.build/ResourceRunner-project-headers.hmap -Xcc -I/tmp/rr-task016-signed/Build/Products/Debug/include -Xcc -I/tmp/rr-task016-signed/Build/Intermediates.noindex/ResourceRunner.build/Debug/ResourceRunner.build/DerivedSources-normal/arm64 -Xcc -I/tmp/rr-task016-signed/Build/Intermediates.noindex/ResourceRunner.build/Debug/ResourceRunner.build/DerivedSources/arm64 -Xcc -I/tmp/rr-task016-signed/Build/Intermediates.noindex/ResourceRunner.build/Debug/ResourceRunner.build/DerivedSources -Xcc -DDEBUG\=1 -emit-objc-header -emit-objc-header-path /tmp/rr-task016-signed/Build/Intermediates.noindex/ResourceRunner.build/Debug/ResourceRunner.build/Objects-normal/arm64/ResourceRunner-Swift.h -working-directory /Users/zipkero/XcodeProjects/ResourceRunner -experimental-emit-module-separately -disable-cmo

Ld /tmp/rr-task016-signed/Build/Products/Debug/ResourceRunner.app/Contents/MacOS/ResourceRunner.debug.dylib normal (in target 'ResourceRunner' from project 'ResourceRunner')
    cd /Users/zipkero/XcodeProjects/ResourceRunner
    /Applications/Xcode.app/Contents/Developer/Toolchains/XcodeDefault.xctoolchain/usr/bin/clang -Xlinker -reproducible -target arm64-apple-macos26.5 -dynamiclib -isysroot /Applications/Xcode.app/Contents/Developer/Platforms/MacOSX.platform/Developer/SDKs/MacOSX26.5.sdk -O0 -L/tmp/rr-task016-signed/Build/Intermediates.noindex/EagerLinkingTBDs/Debug -L/tmp/rr-task016-signed/Build/Products/Debug -F/tmp/rr-task016-signed/Build/Intermediates.noindex/EagerLinkingTBDs/Debug -F/tmp/rr-task016-signed/Build/Products/Debug -filelist /tmp/rr-task016-signed/Build/Intermediates.noindex/ResourceRunner.build/Debug/ResourceRunner.build/Objects-normal/arm64/ResourceRunner.LinkFileList -install_name @rpath/ResourceRunner.debug.dylib -Xlinker -rpath -Xlinker @executable_path/../Frameworks -Xlinker -object_path_lto -Xlinker /tmp/rr-task016-signed/Build/Intermediates.noindex/ResourceRunner.build/Debug/ResourceRunner.build/Objects-normal/arm64/ResourceRunner_lto.o -rdynamic -Xlinker -no_deduplicate -Xlinker -debug_variant -Xlinker -dependency_info -Xlinker /tmp/rr-task016-signed/Build/Intermediates.noindex/ResourceRunner.build/Debug/ResourceRunner.build/Objects-normal/arm64/ResourceRunner_dependency_info.dat -fobjc-link-runtime -fprofile-instr-generate -L/Applications/Xcode.app/Contents/Developer/Toolchains/XcodeDefault.xctoolchain/usr/lib/swift/macosx -L/usr/lib/swift -Xlinker -add_ast_path -Xlinker /tmp/rr-task016-signed/Build/Intermediates.noindex/ResourceRunner.build/Debug/ResourceRunner.build/Objects-normal/arm64/ResourceRunner.swiftmodule @/tmp/rr-task016-signed/Build/Intermediates.noindex/ResourceRunner.build/Debug/ResourceRunner.build/Objects-normal/arm64/ResourceRunner-linker-args.resp -Xlinker -alias -Xlinker _main -Xlinker ___debug_main_executable_dylib_entry_point -Xlinker -no_adhoc_codesign -o /tmp/rr-task016-signed/Build/Products/Debug/ResourceRunner.app/Contents/MacOS/ResourceRunner.debug.dylib

ConstructStubExecutorLinkFileList /tmp/rr-task016-signed/Build/Intermediates.noindex/ResourceRunner.build/Debug/ResourceRunner.build/ResourceRunner-ExecutorLinkFileList-normal-arm64.txt (in target 'ResourceRunner' from project 'ResourceRunner')
    cd /Users/zipkero/XcodeProjects/ResourceRunner
    construct-stub-executor-link-file-list /tmp/rr-task016-signed/Build/Products/Debug/ResourceRunner.app/Contents/MacOS/ResourceRunner.debug.dylib /Applications/Xcode.app/Contents/Developer/Platforms/MacOSX.platform/Developer/usr/lib/libPreviewsJITStubExecutor_no_swift_entry_point.a /Applications/Xcode.app/Contents/Developer/Platforms/MacOSX.platform/Developer/usr/lib/libPreviewsJITStubExecutor.a --output /tmp/rr-task016-signed/Build/Intermediates.noindex/ResourceRunner.build/Debug/ResourceRunner.build/ResourceRunner-ExecutorLinkFileList-normal-arm64.txt
note: Using stub executor library with Swift entry point. (in target 'ResourceRunner' from project 'ResourceRunner')

Ld /tmp/rr-task016-signed/Build/Products/Debug/ResourceRunner.app/Contents/MacOS/ResourceRunner normal (in target 'ResourceRunner' from project 'ResourceRunner')
    cd /Users/zipkero/XcodeProjects/ResourceRunner
    /Applications/Xcode.app/Contents/Developer/Toolchains/XcodeDefault.xctoolchain/usr/bin/clang -Xlinker -reproducible -target arm64-apple-macos26.5 -isysroot /Applications/Xcode.app/Contents/Developer/Platforms/MacOSX.platform/Developer/SDKs/MacOSX26.5.sdk -O0 -L/tmp/rr-task016-signed/Build/Products/Debug -F/tmp/rr-task016-signed/Build/Products/Debug -Xlinker -rpath -Xlinker @executable_path -Xlinker -rpath -Xlinker @executable_path/../Frameworks -rdynamic -Xlinker -no_deduplicate -Xlinker -debug_variant -e ___debug_blank_executor_main -Xlinker -sectcreate -Xlinker __TEXT -Xlinker __debug_dylib -Xlinker /tmp/rr-task016-signed/Build/Intermediates.noindex/ResourceRunner.build/Debug/ResourceRunner.build/ResourceRunner-DebugDylibPath-normal-arm64.txt -Xlinker -sectcreate -Xlinker __TEXT -Xlinker __debug_instlnm -Xlinker /tmp/rr-task016-signed/Build/Intermediates.noindex/ResourceRunner.build/Debug/ResourceRunner.build/ResourceRunner-DebugDylibInstallName-normal-arm64.txt -Xlinker -filelist -Xlinker /tmp/rr-task016-signed/Build/Intermediates.noindex/ResourceRunner.build/Debug/ResourceRunner.build/ResourceRunner-ExecutorLinkFileList-normal-arm64.txt /tmp/rr-task016-signed/Build/Products/Debug/ResourceRunner.app/Contents/MacOS/ResourceRunner.debug.dylib -Xlinker -no_adhoc_codesign -o /tmp/rr-task016-signed/Build/Products/Debug/ResourceRunner.app/Contents/MacOS/ResourceRunner

CopySwiftLibs /tmp/rr-task016-signed/Build/Products/Debug/ResourceRunner.app (in target 'ResourceRunner' from project 'ResourceRunner')
    cd /Users/zipkero/XcodeProjects/ResourceRunner
    builtin-swiftStdLibTool --copy --verbose --sign - --scan-executable /tmp/rr-task016-signed/Build/Products/Debug/ResourceRunner.app/Contents/MacOS/ResourceRunner.debug.dylib --scan-folder /tmp/rr-task016-signed/Build/Products/Debug/ResourceRunner.app/Contents/Frameworks --scan-folder /tmp/rr-task016-signed/Build/Products/Debug/ResourceRunner.app/Contents/PlugIns --scan-folder /tmp/rr-task016-signed/Build/Products/Debug/ResourceRunner.app/Contents/Library/SystemExtensions --scan-folder /tmp/rr-task016-signed/Build/Products/Debug/ResourceRunner.app/Contents/Extensions --platform macosx --toolchain /Applications/Xcode.app/Contents/Developer/Toolchains/XcodeDefault.xctoolchain --destination /tmp/rr-task016-signed/Build/Products/Debug/ResourceRunner.app/Contents/Frameworks --strip-bitcode --strip-bitcode-tool /Applications/Xcode.app/Contents/Developer/Toolchains/XcodeDefault.xctoolchain/usr/bin/bitcode_strip --emit-dependency-info /tmp/rr-task016-signed/Build/Intermediates.noindex/ResourceRunner.build/Debug/ResourceRunner.build/SwiftStdLibToolInputDependencies.dep --filter-for-swift-os

ExtractAppIntentsMetadata (in target 'ResourceRunner' from project 'ResourceRunner')
    cd /Users/zipkero/XcodeProjects/ResourceRunner
    /Applications/Xcode.app/Contents/Developer/Toolchains/XcodeDefault.xctoolchain/usr/bin/appintentsmetadataprocessor --toolchain-dir /Applications/Xcode.app/Contents/Developer/Toolchains/XcodeDefault.xctoolchain --module-name ResourceRunner --sdk-root /Applications/Xcode.app/Contents/Developer/Platforms/MacOSX.platform/Developer/SDKs/MacOSX26.5.sdk --xcode-version 17F113 --platform-family macOS --deployment-target 26.5 --bundle-identifier com.zipkero.ResourceRunner --output /tmp/rr-task016-signed/Build/Products/Debug/ResourceRunner.app/Contents/Resources --target-triple arm64-apple-macos26.5 --binary-file /tmp/rr-task016-signed/Build/Products/Debug/ResourceRunner.app/Contents/MacOS/ResourceRunner --dependency-file /tmp/rr-task016-signed/Build/Intermediates.noindex/ResourceRunner.build/Debug/ResourceRunner.build/Objects-normal/arm64/ResourceRunner_dependency_info.dat --stringsdata-file /tmp/rr-task016-signed/Build/Intermediates.noindex/ResourceRunner.build/Debug/ResourceRunner.build/Objects-normal/arm64/ExtractedAppShortcutsMetadata.stringsdata --source-file-list /tmp/rr-task016-signed/Build/Intermediates.noindex/ResourceRunner.build/Debug/ResourceRunner.build/Objects-normal/arm64/ResourceRunner.SwiftFileList --metadata-file-list /tmp/rr-task016-signed/Build/Intermediates.noindex/ResourceRunner.build/Debug/ResourceRunner.build/ResourceRunner.DependencyMetadataFileList --static-metadata-file-list /tmp/rr-task016-signed/Build/Intermediates.noindex/ResourceRunner.build/Debug/ResourceRunner.build/ResourceRunner.DependencyStaticMetadataFileList --swift-const-vals-list /tmp/rr-task016-signed/Build/Intermediates.noindex/ResourceRunner.build/Debug/ResourceRunner.build/Objects-normal/arm64/ResourceRunner.SwiftConstValuesFileList --compile-time-extraction --deployment-aware-processing --validate-assistant-intents --no-app-shortcuts-localization
2026-10-03 12:45:44.389 appintentsmetadataprocessor[51105:49658899] Starting appintentsmetadataprocessor export
2026-10-03 12:45:44.390 appintentsmetadataprocessor[51105:49658899] warning: Metadata extraction skipped. No AppIntents.framework dependency found.

CodeSign /tmp/rr-task016-signed/Build/Products/Debug/ResourceRunner.app/Contents/MacOS/ResourceRunner.debug.dylib (in target 'ResourceRunner' from project 'ResourceRunner')
    cd /Users/zipkero/XcodeProjects/ResourceRunner
    
    Signing Identity:     "Sign to Run Locally"
    
    /usr/bin/codesign --force --sign - --timestamp\=none --generate-entitlement-der /tmp/rr-task016-signed/Build/Products/Debug/ResourceRunner.app/Contents/MacOS/ResourceRunner.debug.dylib

CodeSign /tmp/rr-task016-signed/Build/Products/Debug/ResourceRunner.app/Contents/MacOS/__preview.dylib (in target 'ResourceRunner' from project 'ResourceRunner')
    cd /Users/zipkero/XcodeProjects/ResourceRunner
    
    Signing Identity:     "Sign to Run Locally"
    
    /usr/bin/codesign --force --sign - --timestamp\=none --generate-entitlement-der /tmp/rr-task016-signed/Build/Products/Debug/ResourceRunner.app/Contents/MacOS/__preview.dylib

CodeSign /tmp/rr-task016-signed/Build/Products/Debug/ResourceRunner.app (in target 'ResourceRunner' from project 'ResourceRunner')
    cd /Users/zipkero/XcodeProjects/ResourceRunner
    
    Signing Identity:     "Sign to Run Locally"
    
    /usr/bin/codesign --force --sign - --entitlements /tmp/rr-task016-signed/Build/Intermediates.noindex/ResourceRunner.build/Debug/ResourceRunner.build/ResourceRunner.app.xcent --timestamp\=none --generate-entitlement-der /tmp/rr-task016-signed/Build/Products/Debug/ResourceRunner.app

RegisterExecutionPolicyException /tmp/rr-task016-signed/Build/Products/Debug/ResourceRunner.app (in target 'ResourceRunner' from project 'ResourceRunner')
    cd /Users/zipkero/XcodeProjects/ResourceRunner
    builtin-RegisterExecutionPolicyException /tmp/rr-task016-signed/Build/Products/Debug/ResourceRunner.app

Validate /tmp/rr-task016-signed/Build/Products/Debug/ResourceRunner.app (in target 'ResourceRunner' from project 'ResourceRunner')
    cd /Users/zipkero/XcodeProjects/ResourceRunner
    builtin-validationUtility /tmp/rr-task016-signed/Build/Products/Debug/ResourceRunner.app -no-validate-extension -infoplist-subpath Contents/Info.plist

Touch /tmp/rr-task016-signed/Build/Products/Debug/ResourceRunner.app (in target 'ResourceRunner' from project 'ResourceRunner')
    cd /Users/zipkero/XcodeProjects/ResourceRunner
    /usr/bin/touch -c /tmp/rr-task016-signed/Build/Products/Debug/ResourceRunner.app

RegisterWithLaunchServices /tmp/rr-task016-signed/Build/Products/Debug/ResourceRunner.app (in target 'ResourceRunner' from project 'ResourceRunner')
    cd /Users/zipkero/XcodeProjects/ResourceRunner
    /System/Library/Frameworks/CoreServices.framework/Versions/Current/Frameworks/LaunchServices.framework/Versions/Current/Support/lsregister -f -R -trusted /tmp/rr-task016-signed/Build/Products/Debug/ResourceRunner.app

** BUILD SUCCEEDED **

