Command line invocation:
    /Applications/Xcode.app/Contents/Developer/usr/bin/xcodebuild test-without-building -xctestrun /tmp/rr-m4-015-unique-dd/Build/Products/ResourceRunner_ResourceRunner_macosx26.5-arm64.xctestrun -destination platform=macOS,arch=arm64 -parallel-testing-enabled NO -resultBundlePath /tmp/rr-m4-015-unique-complete.xcresult "-only-testing:ResourceRunnerUITests/SettingsWindowUITests/testAutomaticPopoverCloseToggleSupportsKeyboardAndAccessibility" "-only-testing:ResourceRunnerUITests/SettingsWindowUITests/testAutomaticCloseOffKeepsExplicitBodyAndDetailEscape" "-only-testing:ResourceRunnerUITests/SettingsWindowUITests/testSettingsEscapeDoesNotDismissOwnedPopoverWhenAutomaticCloseIsOff" "-only-testing:ResourceRunnerUITests/SettingsWindowUITests/testSettingsWindowKeepsKeyAfterSelectedCardIsRemovedDuringFocusReturn" "-only-testing:ResourceRunnerUITests/SettingsWindowUITests/testNativeSettingsControlsCanBeReachedAndActivatedByKeyboard" CODE_SIGNING_ALLOWED=YES

Build settings from command line:
    CODE_SIGNING_ALLOWED = YES

2026-10-09 14:32:08.338 xcodebuild[92670:57404824] [MT] IDERunDestination: Supported platforms for the buildables in the current scheme is empty.
Writing result bundle at path:
	/tmp/rr-m4-015-unique-complete.xcresult

2026-10-09 14:32:08.340 xcodebuild[92670:57404824] [MT] IDERunDestination: Supported platforms for the buildables in the current scheme is empty.
--- xcodebuild: WARNING: Using the first of multiple matching destinations:
{ platform:macOS, arch:arm64, id:00006034-000811520144001C, name:My Mac }
{ platform:macOS, arch:arm64, variant:Mac Catalyst, id:00006034-000811520144001C, name:My Mac }
{ platform:macOS, arch:arm64, variant:DriverKit, id:00006034-000811520144001C, name:My Mac }
{ platform:macOS, arch:arm64, variant:Designed for [iPad,iPhone], id:00006034-000811520144001C, name:My Mac }
2026-10-09 14:32:08.580 xcodebuild[92670:57404824] [MT] IDERunDestination: Supported platforms for the buildables in the current scheme is empty.
2026-10-09 14:32:09.058311+0900 ResourceRunnerUITests-Runner[92685:57405040] [Default] Running tests...
Test Suite 'Selected tests' started at 2026-10-09 14:32:09.225.
Test Suite 'ResourceRunnerUITests.xctest' started at 2026-10-09 14:32:09.226.
Test Suite 'SettingsWindowUITests' started at 2026-10-09 14:32:09.226.
Test Case '-[ResourceRunnerUITests.SettingsWindowUITests testAutomaticCloseOffKeepsExplicitBodyAndDetailEscape]' started.
    t =     0.00s Start Test at 2026-10-09 14:32:09.226
    t =     0.09s Set Up
    t =     0.09s Open com.zipkero.ResourceRunner.Task015
    t =     0.09s     Launch com.zipkero.ResourceRunner.Task015
2026-10-09 14:32:09.360 xcodebuild[92670:57404824] [MT] IDELaunchParametersSnapshot: The operation couldn’t be completed. (DebuggerLLDB.DebuggerVersionStore.StoreError error 0.)
2026-10-09 14:32:09.360 xcodebuild[92670:57404824] [MT] IDELaunchParametersSnapshot: no debugger version
    t =     0.60s         Setting up automation session
    t =     0.60s         Wait for com.zipkero.ResourceRunner.Task015 to idle
    t =     0.60s Waiting 5.0s for StatusItem (First Match) to exist
    t =     1.63s     Checking `Expect predicate `existsNoRetry == 1` for object StatusItem (First Match)`
    t =     1.63s         Checking existence of `StatusItem (First Match)`
    t =     1.65s Right click StatusItem (First Match)
    t =     1.65s     Wait for com.zipkero.ResourceRunner.Task015 to idle
    t =     1.65s     Find the StatusItem (First Match)
    t =     1.66s     Check for interrupting elements affecting "ResourceRunner, 낮음" StatusItem
    t =     1.67s     Open com.zipkero.ResourceRunner.Task015
    t =     1.67s         Activate com.zipkero.ResourceRunner.Task015
    t =     1.68s             Wait for com.zipkero.ResourceRunner.Task015 to idle
    t =     1.68s     Synthesize event
    t =     2.12s     Wait for com.zipkero.ResourceRunner.Task015 to idle
    t =     2.13s Waiting 3.0s for "openSettingsFromMenu:" MenuItem to exist
    t =     3.16s     Checking `Expect predicate `existsNoRetry == 1` for object "openSettingsFromMenu:" MenuItem`
    t =     3.16s         Checking existence of `"openSettingsFromMenu:" MenuItem`
    t =     3.22s Click "openSettingsFromMenu:" MenuItem
    t =     3.22s     Wait for com.zipkero.ResourceRunner.Task015 to idle
    t =     3.23s     Find the "openSettingsFromMenu:" MenuItem
    t =     3.25s     Check for interrupting elements affecting "openSettingsFromMenu:" MenuItem
    t =     3.25s     Synthesize event
    t =     3.25s         Checking existence of `"openSettingsFromMenu:" MenuItem`
    t =     3.27s         Hover menu item '설정…'
    t =     3.27s             Wait for com.zipkero.ResourceRunner.Task015 to idle
    t =     3.27s             Find the "openSettingsFromMenu:" MenuItem
    t =     3.29s             Check for interrupting elements affecting "openSettingsFromMenu:" MenuItem
    t =     3.29s             Synthesize event
    t =     3.50s             Wait for com.zipkero.ResourceRunner.Task015 to idle
    t =     3.50s         Find the "openSettingsFromMenu:" MenuItem
    t =     4.31s     Wait for com.zipkero.ResourceRunner.Task015 to idle
    t =     4.36s Waiting 3.0s for "ResourceRunner 설정" Window to exist
    t =     5.39s     Checking `Expect predicate `existsNoRetry == 1` for object "ResourceRunner 설정" Window`
    t =     5.39s         Checking existence of `"ResourceRunner 설정" Window`
    t =     5.48s Waiting 3.0s for "SettingsAutomaticallyClosesPopover" Switch to exist
    t =     6.51s     Checking `Expect predicate `existsNoRetry == 1` for object "SettingsAutomaticallyClosesPopover" Switch`
    t =     6.51s         Checking existence of `"SettingsAutomaticallyClosesPopover" Switch`
    t =     6.59s Click "SettingsAutomaticallyClosesPopover" Switch
    t =     6.59s     Wait for com.zipkero.ResourceRunner.Task015 to idle
    t =     6.60s     Find the "SettingsAutomaticallyClosesPopover" Switch
    t =     6.64s     Check for interrupting elements affecting "SettingsAutomaticallyClosesPopover" Switch
    t =     6.66s     Synthesize event
    t =     6.71s         Scroll element to visible
    t =     6.71s             Scroll ScrollView (Identity Binding) by dx: -157.00, dy: -585.00
    t =     6.71s                 Wait for com.zipkero.ResourceRunner.Task015 to idle
    t =     6.72s                 Find the ScrollView (Identity Binding)
    t =     6.76s                 Check for interrupting elements affecting ScrollView
    t =     6.76s                 Synthesize event
    t =     7.12s                 Wait for com.zipkero.ResourceRunner.Task015 to idle
    t =     7.12s         Find the "SettingsAutomaticallyClosesPopover" Switch
    t =     7.60s     Wait for com.zipkero.ResourceRunner.Task015 to idle
    t =     7.60s Find the "SettingsAutomaticallyClosesPopover" Switch
    t =     7.67s Click "_XCUI:CloseWindow" Button
    t =     7.67s     Wait for com.zipkero.ResourceRunner.Task015 to idle
    t =     7.67s     Find the "_XCUI:CloseWindow" Button
    t =     7.73s     Check for interrupting elements affecting "_XCUI:CloseWindow" Button
    t =     7.74s     Synthesize event
    t =     8.12s     Wait for com.zipkero.ResourceRunner.Task015 to idle
    t =     8.12s Click StatusItem (First Match)
    t =     8.12s     Wait for com.zipkero.ResourceRunner.Task015 to idle
    t =     8.12s     Find the StatusItem (First Match)
    t =     8.14s     Check for interrupting elements affecting "ResourceRunner, 낮음" StatusItem
    t =     8.14s     Synthesize event
    t =     8.59s     Wait for com.zipkero.ResourceRunner.Task015 to idle
    t =     8.59s Waiting 3.0s for "DashboardContainer" Any to exist
    t =     9.61s     Checking `Expect predicate `existsNoRetry == 1` for object "DashboardContainer" Any`
    t =     9.61s         Checking existence of `"DashboardContainer" Any`
    t =     9.65s Type '1' key with modifiers '⌘' (0x10)
    t =     9.66s     Wait for com.zipkero.ResourceRunner.Task015 to idle
    t =     9.66s     Find the Target Application 'com.zipkero.ResourceRunner.Task015'
    t =     9.68s     Check for interrupting elements affecting "ResourceRunner" Application
    t =     9.68s     Synthesize event
    t =     9.81s     Wait for com.zipkero.ResourceRunner.Task015 to idle
    t =     9.81s Waiting 3.0s for "DashboardDetail" Any to exist
    t =    10.84s     Checking `Expect predicate `existsNoRetry == 1` for object "DashboardDetail" Any`
    t =    10.84s         Checking existence of `"DashboardDetail" Any`
    t =    10.92s Type '⇟' key (XCUIKeyboardKeyPageDown) with no modifiers
    t =    10.92s     Wait for com.zipkero.ResourceRunner.Task015 to idle
    t =    10.92s     Find the Target Application 'com.zipkero.ResourceRunner.Task015'
    t =    10.96s     Check for interrupting elements affecting "ResourceRunner" Application
    t =    10.96s     Synthesize event
    t =    11.00s     Wait for com.zipkero.ResourceRunner.Task015 to idle
    t =    11.00s Type '⇞' key (XCUIKeyboardKeyPageUp) with no modifiers
    t =    11.00s     Wait for com.zipkero.ResourceRunner.Task015 to idle
    t =    11.00s     Find the Target Application 'com.zipkero.ResourceRunner.Task015'
    t =    11.04s     Check for interrupting elements affecting "ResourceRunner" Application
    t =    11.04s     Synthesize event
    t =    11.06s     Wait for com.zipkero.ResourceRunner.Task015 to idle
    t =    11.06s Type '⎋' key (XCUIKeyboardKeyEscape) with no modifiers
    t =    11.06s     Wait for com.zipkero.ResourceRunner.Task015 to idle
    t =    11.07s     Find the Target Application 'com.zipkero.ResourceRunner.Task015'
    t =    11.14s     Check for interrupting elements affecting "ResourceRunner" Application
    t =    11.15s     Synthesize event
    t =    11.28s     Wait for com.zipkero.ResourceRunner.Task015 to idle
    t =    11.28s Checking existence of `"DashboardDetail" Any`
    t =    11.32s Checking existence of `"DashboardContainer" Any`
    t =    11.34s Type '⎋' key (XCUIKeyboardKeyEscape) with no modifiers
    t =    11.34s     Wait for com.zipkero.ResourceRunner.Task015 to idle
    t =    11.35s     Find the Target Application 'com.zipkero.ResourceRunner.Task015'
    t =    11.37s     Check for interrupting elements affecting "ResourceRunner" Application
    t =    11.37s     Synthesize event
    t =    11.41s     Wait for com.zipkero.ResourceRunner.Task015 to idle
    t =    11.41s Checking existence of `"DashboardContainer" Any`
    t =    11.45s Tear Down
Test Case '-[ResourceRunnerUITests.SettingsWindowUITests testAutomaticCloseOffKeepsExplicitBodyAndDetailEscape]' passed (11.783 seconds).
Test Case '-[ResourceRunnerUITests.SettingsWindowUITests testAutomaticPopoverCloseToggleSupportsKeyboardAndAccessibility]' started.
    t =     0.00s Start Test at 2026-10-09 14:32:21.011
    t =     0.08s Set Up
    t =     0.08s Open com.zipkero.ResourceRunner.Task015
    t =     0.08s     Launch com.zipkero.ResourceRunner.Task015
    t =     0.08s         Terminate com.zipkero.ResourceRunner.Task015:92696
2026-10-09 14:32:22.180 xcodebuild[92670:57404824] [MT] IDELaunchParametersSnapshot: The operation couldn’t be completed. (DebuggerLLDB.DebuggerVersionStore.StoreError error 0.)
2026-10-09 14:32:22.180 xcodebuild[92670:57404824] [MT] IDELaunchParametersSnapshot: no debugger version
    t =     1.40s         Wait for accessibility to load
    t =     1.59s         Setting up automation session
    t =     1.60s         Wait for com.zipkero.ResourceRunner.Task015 to idle
    t =     1.60s Waiting 5.0s for StatusItem (First Match) to exist
    t =     2.63s     Checking `Expect predicate `existsNoRetry == 1` for object StatusItem (First Match)`
    t =     2.63s         Checking existence of `StatusItem (First Match)`
    t =     2.65s Right click StatusItem (First Match)
    t =     2.65s     Wait for com.zipkero.ResourceRunner.Task015 to idle
    t =     2.66s     Find the StatusItem (First Match)
    t =     2.67s     Check for interrupting elements affecting "ResourceRunner, 낮음" StatusItem
    t =     2.68s     Open com.zipkero.ResourceRunner.Task015
    t =     2.68s         Activate com.zipkero.ResourceRunner.Task015
    t =     2.69s             Wait for com.zipkero.ResourceRunner.Task015 to idle
    t =     2.73s     Synthesize event
    t =     3.12s     Wait for com.zipkero.ResourceRunner.Task015 to idle
    t =     3.12s Waiting 3.0s for "openSettingsFromMenu:" MenuItem to exist
    t =     4.15s     Checking `Expect predicate `existsNoRetry == 1` for object "openSettingsFromMenu:" MenuItem`
    t =     4.16s         Checking existence of `"openSettingsFromMenu:" MenuItem`
    t =     4.21s Click "openSettingsFromMenu:" MenuItem
    t =     4.21s     Wait for com.zipkero.ResourceRunner.Task015 to idle
    t =     4.22s     Find the "openSettingsFromMenu:" MenuItem
    t =     4.24s     Check for interrupting elements affecting "openSettingsFromMenu:" MenuItem
    t =     4.24s     Synthesize event
    t =     4.25s         Checking existence of `"openSettingsFromMenu:" MenuItem`
    t =     4.26s         Hover menu item '설정…'
    t =     4.26s             Wait for com.zipkero.ResourceRunner.Task015 to idle
    t =     4.27s             Find the "openSettingsFromMenu:" MenuItem
    t =     4.40s             Check for interrupting elements affecting "openSettingsFromMenu:" MenuItem
    t =     4.40s             Synthesize event
    t =     4.62s             Wait for com.zipkero.ResourceRunner.Task015 to idle
    t =     4.62s         Find the "openSettingsFromMenu:" MenuItem
    t =     5.34s     Wait for com.zipkero.ResourceRunner.Task015 to idle
    t =     5.35s Waiting 3.0s for "ResourceRunner 설정" Window to exist
    t =     6.38s     Checking `Expect predicate `existsNoRetry == 1` for object "ResourceRunner 설정" Window`
    t =     6.38s         Checking existence of `"ResourceRunner 설정" Window`
    t =     6.48s Waiting 3.0s for "SettingsAutomaticallyClosesPopover" Switch to exist
    t =     7.49s     Checking `Expect predicate `existsNoRetry == 1` for object "SettingsAutomaticallyClosesPopover" Switch`
    t =     7.49s         Checking existence of `"SettingsAutomaticallyClosesPopover" Switch`
    t =     7.55s Find the "SettingsAutomaticallyClosesPopover" Switch
    t =     7.60s Find the "SettingsAutomaticallyClosesPopover" Switch
    t =     7.65s Type '-' key with modifiers '⌘⌥' (0x18)
    t =     7.65s     Wait for com.zipkero.ResourceRunner.Task015 to idle
    t =     7.65s     Find the Target Application 'com.zipkero.ResourceRunner.Task015'
    t =     7.69s     Check for interrupting elements affecting "ResourceRunner" Application
    t =     7.69s     Synthesize event
    t =     7.77s     Wait for com.zipkero.ResourceRunner.Task015 to idle
    t =     7.78s Find the "SettingsAutomaticallyClosesPopover" Switch
    t =     7.83s Type '-' key with modifiers '⌘⌥' (0x18)
    t =     7.83s     Wait for com.zipkero.ResourceRunner.Task015 to idle
    t =     7.84s     Find the Target Application 'com.zipkero.ResourceRunner.Task015'
    t =     7.88s     Check for interrupting elements affecting "ResourceRunner" Application
    t =     7.88s     Synthesize event
    t =     7.97s     Wait for com.zipkero.ResourceRunner.Task015 to idle
    t =     7.97s Find the "SettingsAutomaticallyClosesPopover" Switch
    t =     8.02s Click "SettingsAutomaticallyClosesPopover" Switch
    t =     8.02s     Wait for com.zipkero.ResourceRunner.Task015 to idle
    t =     8.03s     Find the "SettingsAutomaticallyClosesPopover" Switch
    t =     8.07s     Check for interrupting elements affecting "SettingsAutomaticallyClosesPopover" Switch
    t =     8.09s     Synthesize event
    t =     8.13s         Scroll element to visible
    t =     8.13s             Scroll ScrollView (Identity Binding) by dx: -157.00, dy: -585.00
    t =     8.13s                 Wait for com.zipkero.ResourceRunner.Task015 to idle
    t =     8.13s                 Find the ScrollView (Identity Binding)
    t =     8.17s                 Check for interrupting elements affecting ScrollView
    t =     8.19s                 Synthesize event
    t =     8.54s                 Wait for com.zipkero.ResourceRunner.Task015 to idle
    t =     8.54s         Find the "SettingsAutomaticallyClosesPopover" Switch
    t =     8.98s     Wait for com.zipkero.ResourceRunner.Task015 to idle
    t =     8.98s Find the "SettingsAutomaticallyClosesPopover" Switch
    t =     9.03s Checking existence of `"ResourceRunner 설정" Window`
    t =     9.07s Get number of matches for: Elements matching predicate '"ResourceRunnerSettingsWindow" IN identifiers'
    t =     9.12s Tear Down
Test Case '-[ResourceRunnerUITests.SettingsWindowUITests testAutomaticPopoverCloseToggleSupportsKeyboardAndAccessibility]' passed (9.467 seconds).
Test Case '-[ResourceRunnerUITests.SettingsWindowUITests testNativeSettingsControlsCanBeReachedAndActivatedByKeyboard]' started.
    t =     0.00s Start Test at 2026-10-09 14:32:30.480
    t =     0.07s Set Up
    t =     0.07s Open com.zipkero.ResourceRunner.Task015
    t =     0.07s     Launch com.zipkero.ResourceRunner.Task015
    t =     0.07s         Terminate com.zipkero.ResourceRunner.Task015:92915
2026-10-09 14:32:31.626 xcodebuild[92670:57404824] [MT] IDELaunchParametersSnapshot: The operation couldn’t be completed. (DebuggerLLDB.DebuggerVersionStore.StoreError error 0.)
2026-10-09 14:32:31.626 xcodebuild[92670:57404824] [MT] IDELaunchParametersSnapshot: no debugger version
    t =     1.39s         Wait for accessibility to load
    t =     1.58s         Setting up automation session
    t =     1.59s         Wait for com.zipkero.ResourceRunner.Task015 to idle
    t =     1.59s Waiting 5.0s for StatusItem (First Match) to exist
    t =     2.68s     Checking `Expect predicate `existsNoRetry == 1` for object StatusItem (First Match)`
    t =     2.68s         Checking existence of `StatusItem (First Match)`
    t =     2.70s Right click StatusItem (First Match)
    t =     2.70s     Wait for com.zipkero.ResourceRunner.Task015 to idle
    t =     2.71s     Find the StatusItem (First Match)
    t =     2.72s     Check for interrupting elements affecting "ResourceRunner, 낮음" StatusItem
    t =     2.73s     Open com.zipkero.ResourceRunner.Task015
    t =     2.73s         Activate com.zipkero.ResourceRunner.Task015
    t =     2.73s             Wait for com.zipkero.ResourceRunner.Task015 to idle
    t =     2.73s     Synthesize event
    t =     3.13s     Wait for com.zipkero.ResourceRunner.Task015 to idle
    t =     3.14s Waiting 3.0s for "openSettingsFromMenu:" MenuItem to exist
    t =     4.16s     Checking `Expect predicate `existsNoRetry == 1` for object "openSettingsFromMenu:" MenuItem`
    t =     4.17s         Checking existence of `"openSettingsFromMenu:" MenuItem`
    t =     4.22s Click "openSettingsFromMenu:" MenuItem
    t =     4.22s     Wait for com.zipkero.ResourceRunner.Task015 to idle
    t =     4.22s     Find the "openSettingsFromMenu:" MenuItem
    t =     4.24s     Check for interrupting elements affecting "openSettingsFromMenu:" MenuItem
    t =     4.25s     Synthesize event
    t =     4.25s         Checking existence of `"openSettingsFromMenu:" MenuItem`
    t =     4.27s         Hover menu item '설정…'
    t =     4.27s             Wait for com.zipkero.ResourceRunner.Task015 to idle
    t =     4.27s             Find the "openSettingsFromMenu:" MenuItem
    t =     4.40s             Check for interrupting elements affecting "openSettingsFromMenu:" MenuItem
    t =     4.40s             Synthesize event
    t =     4.62s             Wait for com.zipkero.ResourceRunner.Task015 to idle
    t =     4.62s         Find the "openSettingsFromMenu:" MenuItem
    t =     5.40s     Wait for com.zipkero.ResourceRunner.Task015 to idle
    t =     5.41s Waiting 3.0s for "ResourceRunner 설정" Window to exist
    t =     6.43s     Checking `Expect predicate `existsNoRetry == 1` for object "ResourceRunner 설정" Window`
    t =     6.43s         Checking existence of `"ResourceRunner 설정" Window`
    t =     6.53s Find the "SettingsCPUCard" Switch
    t =     6.57s Type '1' key with modifiers '⌘⌥' (0x18)
    t =     6.57s     Wait for com.zipkero.ResourceRunner.Task015 to idle
    t =     6.57s     Find the Target Application 'com.zipkero.ResourceRunner.Task015'
    t =     6.61s     Check for interrupting elements affecting "ResourceRunner" Application
    t =     6.61s     Synthesize event
    t =     6.71s     Wait for com.zipkero.ResourceRunner.Task015 to idle
    t =     6.71s Find the "SettingsCPUCard" Switch
    t =     6.76s Type '2' key with modifiers '⌘⌥' (0x18)
    t =     6.76s     Wait for com.zipkero.ResourceRunner.Task015 to idle
    t =     6.77s     Find the Target Application 'com.zipkero.ResourceRunner.Task015'
    t =     6.81s     Check for interrupting elements affecting "ResourceRunner" Application
    t =     6.81s     Synthesize event
    t =     6.90s     Wait for com.zipkero.ResourceRunner.Task015 to idle
    t =     6.90s Find the "SettingsMemoryCard" Switch
    t =     6.95s Type '3' key with modifiers '⌘⌥' (0x18)
    t =     6.95s     Wait for com.zipkero.ResourceRunner.Task015 to idle
    t =     6.95s     Find the Target Application 'com.zipkero.ResourceRunner.Task015'
    t =     6.99s     Check for interrupting elements affecting "ResourceRunner" Application
    t =     6.99s     Synthesize event
    t =     7.09s     Wait for com.zipkero.ResourceRunner.Task015 to idle
    t =     7.10s Find the "SettingsNetworkCard" Switch
    t =     7.15s Type '4' key with modifiers '⌘⌥' (0x18)
    t =     7.15s     Wait for com.zipkero.ResourceRunner.Task015 to idle
    t =     7.15s     Find the Target Application 'com.zipkero.ResourceRunner.Task015'
    t =     7.19s     Check for interrupting elements affecting "ResourceRunner" Application
    t =     7.19s     Synthesize event
    t =     7.28s     Wait for com.zipkero.ResourceRunner.Task015 to idle
    t =     7.29s Find the "SettingsDiskCard" Switch
    t =     7.34s Type '5' key with modifiers '⌘⌥' (0x18)
    t =     7.34s     Wait for com.zipkero.ResourceRunner.Task015 to idle
    t =     7.34s     Find the Target Application 'com.zipkero.ResourceRunner.Task015'
    t =     7.39s     Check for interrupting elements affecting "ResourceRunner" Application
    t =     7.39s     Synthesize event
    t =     7.47s     Wait for com.zipkero.ResourceRunner.Task015 to idle
    t =     7.47s Find the "SettingsCPUTop5" Switch
    t =     7.52s Type '6' key with modifiers '⌘⌥' (0x18)
    t =     7.53s     Wait for com.zipkero.ResourceRunner.Task015 to idle
    t =     7.53s     Find the Target Application 'com.zipkero.ResourceRunner.Task015'
    t =     7.67s     Check for interrupting elements affecting "ResourceRunner" Application
    t =     7.68s     Synthesize event
    t =     7.76s     Wait for com.zipkero.ResourceRunner.Task015 to idle
    t =     7.76s Find the "SettingsMemoryTop5" Switch
    t =     7.81s Find the "SettingsGraphRange" PopUpButton
    t =     7.86s Type '7' key with modifiers '⌘⌥' (0x18)
    t =     7.86s     Wait for com.zipkero.ResourceRunner.Task015 to idle
    t =     7.86s     Find the Target Application 'com.zipkero.ResourceRunner.Task015'
    t =     7.90s     Check for interrupting elements affecting "ResourceRunner" Application
    t =     7.90s     Synthesize event
    t =     7.97s     Wait for com.zipkero.ResourceRunner.Task015 to idle
    t =     7.98s Find the "SettingsGraphRange" PopUpButton
    t =     8.03s Type '7' key with modifiers '⌘⌥' (0x18)
    t =     8.03s     Wait for com.zipkero.ResourceRunner.Task015 to idle
    t =     8.03s     Find the Target Application 'com.zipkero.ResourceRunner.Task015'
    t =     8.07s     Check for interrupting elements affecting "ResourceRunner" Application
    t =     8.07s     Synthesize event
    t =     8.15s     Wait for com.zipkero.ResourceRunner.Task015 to idle
    t =     8.15s Find the "SettingsGraphRange" PopUpButton
    t =     8.20s Type '7' key with modifiers '⌘⌥' (0x18)
    t =     8.21s     Wait for com.zipkero.ResourceRunner.Task015 to idle
    t =     8.21s     Find the Target Application 'com.zipkero.ResourceRunner.Task015'
    t =     8.25s     Check for interrupting elements affecting "ResourceRunner" Application
    t =     8.25s     Synthesize event
    t =     8.34s     Wait for com.zipkero.ResourceRunner.Task015 to idle
    t =     8.35s Find the "SettingsGraphRange" PopUpButton
    t =     8.40s Requesting snapshot of accessibility hierarchy for app with pid 93093
    t =     8.49s Requesting snapshot of accessibility hierarchy for app with pid 93093
    t =     8.57s Type '⇥' key (XCUIKeyboardKeyTab) with no modifiers
    t =     8.57s     Wait for com.zipkero.ResourceRunner.Task015 to idle
    t =     8.57s     Find the Target Application 'com.zipkero.ResourceRunner.Task015'
    t =     8.61s     Check for interrupting elements affecting "ResourceRunner" Application
    t =     8.61s     Synthesize event
    t =     8.65s     Wait for com.zipkero.ResourceRunner.Task015 to idle
    t =     8.65s Requesting snapshot of accessibility hierarchy for app with pid 93093
    t =     8.73s Requesting snapshot of accessibility hierarchy for app with pid 93093
    t =     8.81s Type '⇥' key (XCUIKeyboardKeyTab) with no modifiers
    t =     8.82s     Wait for com.zipkero.ResourceRunner.Task015 to idle
    t =     8.82s     Find the Target Application 'com.zipkero.ResourceRunner.Task015'
    t =     8.86s     Check for interrupting elements affecting "ResourceRunner" Application
    t =     8.86s     Synthesize event
    t =     8.92s     Wait for com.zipkero.ResourceRunner.Task015 to idle
    t =     8.92s Requesting snapshot of accessibility hierarchy for app with pid 93093
    t =     9.01s Requesting snapshot of accessibility hierarchy for app with pid 93093
    t =     9.08s Type '↩' key (XCUIKeyboardKeyReturn) with no modifiers
    t =     9.08s     Wait for com.zipkero.ResourceRunner.Task015 to idle
    t =     9.09s     Find the Target Application 'com.zipkero.ResourceRunner.Task015'
    t =     9.13s     Check for interrupting elements affecting "ResourceRunner" Application
    t =     9.13s     Synthesize event
    t =     9.17s     Wait for com.zipkero.ResourceRunner.Task015 to idle
    t =     9.17s Find the "SettingsGraphRange" PopUpButton
    t =     9.22s Find the "SettingsRefreshProfile" PopUpButton
    t =     9.27s Type '8' key with modifiers '⌘⌥' (0x18)
    t =     9.27s     Wait for com.zipkero.ResourceRunner.Task015 to idle
    t =     9.28s     Find the Target Application 'com.zipkero.ResourceRunner.Task015'
    t =     9.31s     Check for interrupting elements affecting "ResourceRunner" Application
    t =     9.31s     Synthesize event
    t =     9.38s     Wait for com.zipkero.ResourceRunner.Task015 to idle
    t =     9.39s Find the "SettingsRefreshProfile" PopUpButton
    t =     9.44s Type '8' key with modifiers '⌘⌥' (0x18)
    t =     9.44s     Wait for com.zipkero.ResourceRunner.Task015 to idle
    t =     9.44s     Find the Target Application 'com.zipkero.ResourceRunner.Task015'
    t =     9.49s     Check for interrupting elements affecting "ResourceRunner" Application
    t =     9.49s     Synthesize event
    t =     9.59s     Wait for com.zipkero.ResourceRunner.Task015 to idle
    t =     9.59s Find the "SettingsRefreshProfile" PopUpButton
    t =     9.65s Type '8' key with modifiers '⌘⌥' (0x18)
    t =     9.65s     Wait for com.zipkero.ResourceRunner.Task015 to idle
    t =     9.65s     Find the Target Application 'com.zipkero.ResourceRunner.Task015'
    t =     9.69s     Check for interrupting elements affecting "ResourceRunner" Application
    t =     9.69s     Synthesize event
    t =     9.77s     Wait for com.zipkero.ResourceRunner.Task015 to idle
    t =     9.77s Find the "SettingsRefreshProfile" PopUpButton
    t =     9.82s Type '8' key with modifiers '⌘⌥' (0x18)
    t =     9.82s     Wait for com.zipkero.ResourceRunner.Task015 to idle
    t =     9.82s     Find the Target Application 'com.zipkero.ResourceRunner.Task015'
    t =     9.97s     Check for interrupting elements affecting "ResourceRunner" Application
    t =     9.97s     Synthesize event
    t =    10.04s     Wait for com.zipkero.ResourceRunner.Task015 to idle
    t =    10.05s Find the "SettingsRefreshProfile" PopUpButton
    t =    10.10s Requesting snapshot of accessibility hierarchy for app with pid 93093
    t =    10.19s Requesting snapshot of accessibility hierarchy for app with pid 93093
    t =    10.27s Type '⇥' key (XCUIKeyboardKeyTab) with no modifiers
    t =    10.27s     Wait for com.zipkero.ResourceRunner.Task015 to idle
    t =    10.27s     Find the Target Application 'com.zipkero.ResourceRunner.Task015'
    t =    10.31s     Check for interrupting elements affecting "ResourceRunner" Application
    t =    10.31s     Synthesize event
    t =    10.36s     Wait for com.zipkero.ResourceRunner.Task015 to idle
    t =    10.37s Requesting snapshot of accessibility hierarchy for app with pid 93093
    t =    10.45s Requesting snapshot of accessibility hierarchy for app with pid 93093
    t =    10.53s Type '↩' key (XCUIKeyboardKeyReturn) with no modifiers
    t =    10.53s     Wait for com.zipkero.ResourceRunner.Task015 to idle
    t =    10.53s     Find the Target Application 'com.zipkero.ResourceRunner.Task015'
    t =    10.56s     Check for interrupting elements affecting "ResourceRunner" Application
    t =    10.56s     Synthesize event
    t =    10.60s     Wait for com.zipkero.ResourceRunner.Task015 to idle
    t =    10.60s Find the "SettingsRefreshProfile" PopUpButton
    t =    10.65s Requesting snapshot of accessibility hierarchy for app with pid 93093
    t =    10.74s Requesting snapshot of accessibility hierarchy for app with pid 93093
    t =    10.81s Type '⇥' key (XCUIKeyboardKeyTab) with no modifiers
    t =    10.81s     Wait for com.zipkero.ResourceRunner.Task015 to idle
    t =    10.81s     Find the Target Application 'com.zipkero.ResourceRunner.Task015'
    t =    10.85s     Check for interrupting elements affecting "ResourceRunner" Application
    t =    10.85s     Synthesize event
    t =    10.91s     Wait for com.zipkero.ResourceRunner.Task015 to idle
    t =    10.91s Requesting snapshot of accessibility hierarchy for app with pid 93093
    t =    11.00s Requesting snapshot of accessibility hierarchy for app with pid 93093
    t =    11.07s Type '⇥' key (XCUIKeyboardKeyTab) with no modifiers
    t =    11.07s     Wait for com.zipkero.ResourceRunner.Task015 to idle
    t =    11.08s     Find the Target Application 'com.zipkero.ResourceRunner.Task015'
    t =    11.11s     Check for interrupting elements affecting "ResourceRunner" Application
    t =    11.11s     Synthesize event
    t =    11.16s     Wait for com.zipkero.ResourceRunner.Task015 to idle
    t =    11.16s Requesting snapshot of accessibility hierarchy for app with pid 93093
    t =    11.25s Requesting snapshot of accessibility hierarchy for app with pid 93093
    t =    11.32s Type '↩' key (XCUIKeyboardKeyReturn) with no modifiers
    t =    11.32s     Wait for com.zipkero.ResourceRunner.Task015 to idle
    t =    11.32s     Find the Target Application 'com.zipkero.ResourceRunner.Task015'
    t =    11.36s     Check for interrupting elements affecting "ResourceRunner" Application
    t =    11.36s     Synthesize event
    t =    11.38s     Wait for com.zipkero.ResourceRunner.Task015 to idle
    t =    11.39s Requesting snapshot of accessibility hierarchy for app with pid 93093
    t =    11.47s Requesting snapshot of accessibility hierarchy for app with pid 93093
    t =    11.54s Type '⇥' key (XCUIKeyboardKeyTab) with no modifiers
    t =    11.54s     Wait for com.zipkero.ResourceRunner.Task015 to idle
    t =    11.54s     Find the Target Application 'com.zipkero.ResourceRunner.Task015'
    t =    11.57s     Check for interrupting elements affecting "ResourceRunner" Application
    t =    11.57s     Synthesize event
    t =    11.62s     Wait for com.zipkero.ResourceRunner.Task015 to idle
    t =    11.62s Requesting snapshot of accessibility hierarchy for app with pid 93093
    t =    11.71s Requesting snapshot of accessibility hierarchy for app with pid 93093
    t =    11.78s Type '⇥' key (XCUIKeyboardKeyTab) with no modifiers
    t =    11.78s     Wait for com.zipkero.ResourceRunner.Task015 to idle
    t =    11.78s     Find the Target Application 'com.zipkero.ResourceRunner.Task015'
    t =    11.82s     Check for interrupting elements affecting "ResourceRunner" Application
    t =    11.82s     Synthesize event
    t =    11.86s     Wait for com.zipkero.ResourceRunner.Task015 to idle
    t =    11.86s Requesting snapshot of accessibility hierarchy for app with pid 93093
    t =    11.95s Requesting snapshot of accessibility hierarchy for app with pid 93093
    t =    12.02s Type '⇥' key (XCUIKeyboardKeyTab) with no modifiers
    t =    12.02s     Wait for com.zipkero.ResourceRunner.Task015 to idle
    t =    12.02s     Find the Target Application 'com.zipkero.ResourceRunner.Task015'
    t =    12.05s     Check for interrupting elements affecting "ResourceRunner" Application
    t =    12.05s     Synthesize event
    t =    12.12s     Wait for com.zipkero.ResourceRunner.Task015 to idle
    t =    12.12s Requesting snapshot of accessibility hierarchy for app with pid 93093
    t =    12.20s Requesting snapshot of accessibility hierarchy for app with pid 93093
    t =    12.28s Type '⇥' key (XCUIKeyboardKeyTab) with no modifiers
    t =    12.28s     Wait for com.zipkero.ResourceRunner.Task015 to idle
    t =    12.28s     Find the Target Application 'com.zipkero.ResourceRunner.Task015'
    t =    12.32s     Check for interrupting elements affecting "ResourceRunner" Application
    t =    12.32s     Synthesize event
    t =    12.35s     Wait for com.zipkero.ResourceRunner.Task015 to idle
    t =    12.35s Requesting snapshot of accessibility hierarchy for app with pid 93093
    t =    12.44s Requesting snapshot of accessibility hierarchy for app with pid 93093
    t =    12.52s Type '⇥' key (XCUIKeyboardKeyTab) with no modifiers
    t =    12.52s     Wait for com.zipkero.ResourceRunner.Task015 to idle
    t =    12.52s     Find the Target Application 'com.zipkero.ResourceRunner.Task015'
    t =    12.56s     Check for interrupting elements affecting "ResourceRunner" Application
    t =    12.56s     Synthesize event
    t =    12.60s     Wait for com.zipkero.ResourceRunner.Task015 to idle
    t =    12.60s Requesting snapshot of accessibility hierarchy for app with pid 93093
    t =    12.68s Requesting snapshot of accessibility hierarchy for app with pid 93093
    t =    12.76s Type '⇥' key (XCUIKeyboardKeyTab) with no modifiers
    t =    12.76s     Wait for com.zipkero.ResourceRunner.Task015 to idle
    t =    12.77s     Find the Target Application 'com.zipkero.ResourceRunner.Task015'
    t =    12.80s     Check for interrupting elements affecting "ResourceRunner" Application
    t =    12.80s     Synthesize event
    t =    12.86s     Wait for com.zipkero.ResourceRunner.Task015 to idle
    t =    12.86s Requesting snapshot of accessibility hierarchy for app with pid 93093
    t =    12.94s Requesting snapshot of accessibility hierarchy for app with pid 93093
    t =    13.02s Type '⇥' key (XCUIKeyboardKeyTab) with no modifiers
    t =    13.02s     Wait for com.zipkero.ResourceRunner.Task015 to idle
    t =    13.02s     Find the Target Application 'com.zipkero.ResourceRunner.Task015'
    t =    13.06s     Check for interrupting elements affecting "ResourceRunner" Application
    t =    13.06s     Synthesize event
    t =    13.10s     Wait for com.zipkero.ResourceRunner.Task015 to idle
    t =    13.10s Requesting snapshot of accessibility hierarchy for app with pid 93093
    t =    13.19s Requesting snapshot of accessibility hierarchy for app with pid 93093
    t =    13.26s Type '↩' key (XCUIKeyboardKeyReturn) with no modifiers
    t =    13.26s     Wait for com.zipkero.ResourceRunner.Task015 to idle
    t =    13.27s     Find the Target Application 'com.zipkero.ResourceRunner.Task015'
    t =    13.30s     Check for interrupting elements affecting "ResourceRunner" Application
    t =    13.30s     Synthesize event
    t =    13.34s     Wait for com.zipkero.ResourceRunner.Task015 to idle
    t =    13.34s Find the "SettingsLoginStatus" StaticText
    t =    13.39s Requesting snapshot of accessibility hierarchy for app with pid 93093
    t =    13.47s Requesting snapshot of accessibility hierarchy for app with pid 93093
    t =    13.54s Type '⇥' key (XCUIKeyboardKeyTab) with no modifiers
    t =    13.54s     Wait for com.zipkero.ResourceRunner.Task015 to idle
    t =    13.54s     Find the Target Application 'com.zipkero.ResourceRunner.Task015'
    t =    13.58s     Check for interrupting elements affecting "ResourceRunner" Application
    t =    13.58s     Synthesize event
    t =    13.62s     Wait for com.zipkero.ResourceRunner.Task015 to idle
    t =    13.63s Requesting snapshot of accessibility hierarchy for app with pid 93093
    t =    13.72s Requesting snapshot of accessibility hierarchy for app with pid 93093
    t =    13.79s Type '↩' key (XCUIKeyboardKeyReturn) with no modifiers
    t =    13.79s     Wait for com.zipkero.ResourceRunner.Task015 to idle
    t =    13.80s     Find the Target Application 'com.zipkero.ResourceRunner.Task015'
    t =    13.84s     Check for interrupting elements affecting "ResourceRunner" Application
    t =    13.84s     Synthesize event
    t =    13.92s     Wait for com.zipkero.ResourceRunner.Task015 to idle
    t =    13.92s Find the "SettingsCPUCard" Switch
    t =    13.97s Find the "SettingsOrdinaryRestoreResult" StaticText
    t =    14.02s Tear Down
Test Case '-[ResourceRunnerUITests.SettingsWindowUITests testNativeSettingsControlsCanBeReachedAndActivatedByKeyboard]' passed (14.342 seconds).
Test Case '-[ResourceRunnerUITests.SettingsWindowUITests testSettingsEscapeDoesNotDismissOwnedPopoverWhenAutomaticCloseIsOff]' started.
    t =     0.00s Start Test at 2026-10-09 14:32:44.822
    t =     0.09s Set Up
    t =     0.09s Open com.zipkero.ResourceRunner.Task015
    t =     0.09s     Launch com.zipkero.ResourceRunner.Task015
    t =     0.09s         Terminate com.zipkero.ResourceRunner.Task015:93093
2026-10-09 14:32:46.011 xcodebuild[92670:57404824] [MT] IDELaunchParametersSnapshot: The operation couldn’t be completed. (DebuggerLLDB.DebuggerVersionStore.StoreError error 0.)
2026-10-09 14:32:46.011 xcodebuild[92670:57404824] [MT] IDELaunchParametersSnapshot: no debugger version
    t =     1.44s         Wait for accessibility to load
    t =     1.45s         Setting up automation session
    t =     1.46s         Wait for com.zipkero.ResourceRunner.Task015 to idle
    t =     1.46s Waiting 5.0s for StatusItem (First Match) to exist
    t =     2.53s     Checking `Expect predicate `existsNoRetry == 1` for object StatusItem (First Match)`
    t =     2.53s         Checking existence of `StatusItem (First Match)`
    t =     2.55s Right click StatusItem (First Match)
    t =     2.55s     Wait for com.zipkero.ResourceRunner.Task015 to idle
    t =     2.55s     Find the StatusItem (First Match)
    t =     2.57s     Check for interrupting elements affecting "ResourceRunner, 낮음" StatusItem
    t =     2.57s     Open com.zipkero.ResourceRunner.Task015
    t =     2.58s         Activate com.zipkero.ResourceRunner.Task015
    t =     2.58s             Wait for com.zipkero.ResourceRunner.Task015 to idle
    t =     2.59s     Synthesize event
    t =     2.98s     Wait for com.zipkero.ResourceRunner.Task015 to idle
    t =     2.99s Waiting 3.0s for "openSettingsFromMenu:" MenuItem to exist
    t =     4.01s     Checking `Expect predicate `existsNoRetry == 1` for object "openSettingsFromMenu:" MenuItem`
    t =     4.02s         Checking existence of `"openSettingsFromMenu:" MenuItem`
    t =     4.08s Click "openSettingsFromMenu:" MenuItem
    t =     4.08s     Wait for com.zipkero.ResourceRunner.Task015 to idle
    t =     4.08s     Find the "openSettingsFromMenu:" MenuItem
    t =     4.10s     Check for interrupting elements affecting "openSettingsFromMenu:" MenuItem
    t =     4.10s     Synthesize event
    t =     4.11s         Checking existence of `"openSettingsFromMenu:" MenuItem`
    t =     4.12s         Hover menu item '설정…'
    t =     4.12s             Wait for com.zipkero.ResourceRunner.Task015 to idle
    t =     4.13s             Find the "openSettingsFromMenu:" MenuItem
    t =     4.14s             Check for interrupting elements affecting "openSettingsFromMenu:" MenuItem
    t =     4.15s             Synthesize event
    t =     4.36s             Wait for com.zipkero.ResourceRunner.Task015 to idle
    t =     4.37s         Find the "openSettingsFromMenu:" MenuItem
    t =     5.17s     Wait for com.zipkero.ResourceRunner.Task015 to idle
    t =     5.21s Waiting 3.0s for "ResourceRunner 설정" Window to exist
    t =     6.22s     Checking `Expect predicate `existsNoRetry == 1` for object "ResourceRunner 설정" Window`
    t =     6.22s         Checking existence of `"ResourceRunner 설정" Window`
    t =     6.31s Waiting 3.0s for "SettingsAutomaticallyClosesPopover" Switch to exist
    t =     7.33s     Checking `Expect predicate `existsNoRetry == 1` for object "SettingsAutomaticallyClosesPopover" Switch`
    t =     7.34s         Checking existence of `"SettingsAutomaticallyClosesPopover" Switch`
    t =     7.41s Click "SettingsAutomaticallyClosesPopover" Switch
    t =     7.41s     Wait for com.zipkero.ResourceRunner.Task015 to idle
    t =     7.41s     Find the "SettingsAutomaticallyClosesPopover" Switch
    t =     7.46s     Check for interrupting elements affecting "SettingsAutomaticallyClosesPopover" Switch
    t =     7.47s     Synthesize event
    t =     7.52s         Scroll element to visible
    t =     7.52s             Scroll ScrollView (Identity Binding) by dx: -157.00, dy: -585.00
    t =     7.52s                 Wait for com.zipkero.ResourceRunner.Task015 to idle
    t =     7.52s                 Find the ScrollView (Identity Binding)
    t =     7.56s                 Check for interrupting elements affecting ScrollView
    t =     7.57s                 Synthesize event
    t =     7.91s                 Wait for com.zipkero.ResourceRunner.Task015 to idle
    t =     7.92s         Find the "SettingsAutomaticallyClosesPopover" Switch
    t =     8.36s     Wait for com.zipkero.ResourceRunner.Task015 to idle
    t =     8.37s Click "_XCUI:CloseWindow" Button
    t =     8.37s     Wait for com.zipkero.ResourceRunner.Task015 to idle
    t =     8.37s     Find the "_XCUI:CloseWindow" Button
    t =     8.44s     Check for interrupting elements affecting "_XCUI:CloseWindow" Button
    t =     8.45s     Synthesize event
    t =     8.83s     Wait for com.zipkero.ResourceRunner.Task015 to idle
    t =     8.84s Click StatusItem (First Match)
    t =     8.84s     Wait for com.zipkero.ResourceRunner.Task015 to idle
    t =     8.84s     Find the StatusItem (First Match)
    t =     8.86s     Check for interrupting elements affecting "ResourceRunner, 낮음" StatusItem
    t =     8.86s     Synthesize event
    t =     9.29s     Wait for com.zipkero.ResourceRunner.Task015 to idle
    t =     9.30s Waiting 3.0s for "DashboardContainer" Any to exist
    t =    10.32s     Checking `Expect predicate `existsNoRetry == 1` for object "DashboardContainer" Any`
    t =    10.32s         Checking existence of `"DashboardContainer" Any`
    t =    10.35s Type ',' key with modifiers '⌘' (0x10)
    t =    10.35s     Wait for com.zipkero.ResourceRunner.Task015 to idle
    t =    10.36s     Find the Target Application 'com.zipkero.ResourceRunner.Task015'
    t =    10.38s     Check for interrupting elements affecting "ResourceRunner" Application
    t =    10.38s     Synthesize event
    t =    10.46s     Wait for com.zipkero.ResourceRunner.Task015 to idle
    t =    10.47s Waiting 3.0s for "ResourceRunner 설정" Window to exist
    t =    11.48s     Checking `Expect predicate `existsNoRetry == 1` for object "ResourceRunner 설정" Window`
    t =    11.49s         Checking existence of `"ResourceRunner 설정" Window`
    t =    11.57s Type '⎋' key (XCUIKeyboardKeyEscape) with no modifiers
    t =    11.57s     Wait for com.zipkero.ResourceRunner.Task015 to idle
    t =    11.57s     Find the Target Application 'com.zipkero.ResourceRunner.Task015'
    t =    11.62s     Check for interrupting elements affecting "ResourceRunner" Application
    t =    11.62s     Synthesize event
    t =    11.67s     Wait for com.zipkero.ResourceRunner.Task015 to idle
    t =    11.67s Checking existence of `"DashboardContainer" Any`
    t =    11.74s Tear Down
Test Case '-[ResourceRunnerUITests.SettingsWindowUITests testSettingsEscapeDoesNotDismissOwnedPopoverWhenAutomaticCloseIsOff]' passed (12.095 seconds).
Test Case '-[ResourceRunnerUITests.SettingsWindowUITests testSettingsWindowKeepsKeyAfterSelectedCardIsRemovedDuringFocusReturn]' started.
    t =     0.00s Start Test at 2026-10-09 14:32:56.919
    t =     0.08s Set Up
    t =     0.08s Open com.zipkero.ResourceRunner.Task015
    t =     0.08s     Launch com.zipkero.ResourceRunner.Task015
    t =     0.08s         Terminate com.zipkero.ResourceRunner.Task015:93427
2026-10-09 14:32:58.080 xcodebuild[92670:57404824] [MT] IDELaunchParametersSnapshot: The operation couldn’t be completed. (DebuggerLLDB.DebuggerVersionStore.StoreError error 0.)
2026-10-09 14:32:58.080 xcodebuild[92670:57404824] [MT] IDELaunchParametersSnapshot: no debugger version
    t =     1.41s         Wait for accessibility to load
    t =     1.59s         Setting up automation session
    t =     1.60s         Wait for com.zipkero.ResourceRunner.Task015 to idle
    t =     1.60s Waiting 5.0s for StatusItem (First Match) to exist
    t =     2.67s     Checking `Expect predicate `existsNoRetry == 1` for object StatusItem (First Match)`
    t =     2.67s         Checking existence of `StatusItem (First Match)`
    t =     2.69s Click StatusItem (First Match)
    t =     2.69s     Wait for com.zipkero.ResourceRunner.Task015 to idle
    t =     2.69s     Find the StatusItem (First Match)
    t =     2.70s     Check for interrupting elements affecting "ResourceRunner, 낮음" StatusItem
    t =     2.70s     Open com.zipkero.ResourceRunner.Task015
    t =     2.71s         Activate com.zipkero.ResourceRunner.Task015
    t =     2.71s             Wait for com.zipkero.ResourceRunner.Task015 to idle
    t =     2.72s     Synthesize event
    t =     3.14s     Wait for com.zipkero.ResourceRunner.Task015 to idle
    t =     3.15s Type '1' key with modifiers '⌘' (0x10)
    t =     3.15s     Wait for com.zipkero.ResourceRunner.Task015 to idle
    t =     3.15s     Find the Target Application 'com.zipkero.ResourceRunner.Task015'
    t =     3.22s     Check for interrupting elements affecting "ResourceRunner" Application
    t =     3.22s     Synthesize event
    t =     3.32s     Wait for com.zipkero.ResourceRunner.Task015 to idle
    t =     3.32s Waiting 3.0s for "DashboardDetail" Any to exist
    t =     4.35s     Checking `Expect predicate `existsNoRetry == 1` for object "DashboardDetail" Any`
    t =     4.35s         Checking existence of `"DashboardDetail" Any`
    t =     4.40s Type '9' key with modifiers '⌘⇧' (0x12)
    t =     4.40s     Wait for com.zipkero.ResourceRunner.Task015 to idle
    t =     4.41s     Find the Target Application 'com.zipkero.ResourceRunner.Task015'
    t =     4.44s     Check for interrupting elements affecting "ResourceRunner" Application
    t =     4.44s     Synthesize event
    t =     4.61s     Wait for com.zipkero.ResourceRunner.Task015 to idle
    t =     4.62s Waiting 3.0s for "ResourceRunner 설정" Window to exist
    t =     5.65s     Checking `Expect predicate `existsNoRetry == 1` for object "ResourceRunner 설정" Window`
    t =     5.65s         Checking existence of `"ResourceRunner 설정" Window`
    t =     6.45s Type '⇥' key (XCUIKeyboardKeyTab) with no modifiers
    t =     6.45s     Wait for com.zipkero.ResourceRunner.Task015 to idle
    t =     6.45s     Find the Target Application 'com.zipkero.ResourceRunner.Task015'
    t =     6.50s     Check for interrupting elements affecting "ResourceRunner" Application
    t =     6.51s     Synthesize event
    t =     6.54s     Wait for com.zipkero.ResourceRunner.Task015 to idle
    t =     6.55s Requesting snapshot of accessibility hierarchy for app with pid 93627
    t =     6.62s Requesting snapshot of accessibility hierarchy for app with pid 93627
    t =     6.70s Find the "SettingsCPUCard" Switch
    t =     6.74s Find the "SettingsMemoryCard" Switch
    t =     6.80s Tear Down
Test Case '-[ResourceRunnerUITests.SettingsWindowUITests testSettingsWindowKeepsKeyAfterSelectedCardIsRemovedDuringFocusReturn]' passed (7.127 seconds).
Test Suite 'SettingsWindowUITests' passed at 2026-10-09 14:33:04.046.
	 Executed 5 tests, with 0 failures (0 unexpected) in 54.814 (54.820) seconds
Test Suite 'ResourceRunnerUITests.xctest' passed at 2026-10-09 14:33:04.046.
	 Executed 5 tests, with 0 failures (0 unexpected) in 54.814 (54.821) seconds
Test Suite 'Selected tests' passed at 2026-10-09 14:33:04.047.
	 Executed 5 tests, with 0 failures (0 unexpected) in 54.814 (54.822) seconds
2026-10-09 14:33:04.356 xcodebuild[92670:57404824] [MT] IDETestOperationsObserverDebug: 55.720 elapsed -- Testing started completed.
2026-10-09 14:33:04.356 xcodebuild[92670:57404824] [MT] IDETestOperationsObserverDebug: 0.000 sec, +0.000 sec -- start
2026-10-09 14:33:04.356 xcodebuild[92670:57404824] [MT] IDETestOperationsObserverDebug: 55.720 sec, +55.720 sec -- end

Test session results, code coverage, and logs:
	/tmp/rr-m4-015-unique-complete.xcresult

** TEST EXECUTE SUCCEEDED **

Testing started
