Command line invocation:
    /Applications/Xcode.app/Contents/Developer/usr/bin/xcodebuild test-without-building -xctestrun /tmp/rr-m4-015-unique-dd/Build/Products/ResourceRunner_ResourceRunner_macosx26.5-arm64.xctestrun -destination platform=macOS,arch=arm64 -parallel-testing-enabled NO -resultBundlePath /tmp/rr-m4-015-unique-ui-final.xcresult "-only-testing:ResourceRunnerUITests/SettingsWindowUITests/testAutomaticPopoverCloseToggleSupportsKeyboardAndAccessibility" "-only-testing:ResourceRunnerUITests/SettingsWindowUITests/testAutomaticCloseOffKeepsExplicitBodyAndDetailEscape" "-only-testing:ResourceRunnerUITests/SettingsWindowUITests/testSettingsEscapeDoesNotDismissOwnedPopoverWhenAutomaticCloseIsOff" CODE_SIGNING_ALLOWED=YES

Build settings from command line:
    CODE_SIGNING_ALLOWED = YES

2026-10-09 14:24:24.581 xcodebuild[82920:57316193] [MT] IDERunDestination: Supported platforms for the buildables in the current scheme is empty.
Writing result bundle at path:
	/tmp/rr-m4-015-unique-ui-final.xcresult

2026-10-09 14:24:24.583 xcodebuild[82920:57316193] [MT] IDERunDestination: Supported platforms for the buildables in the current scheme is empty.
--- xcodebuild: WARNING: Using the first of multiple matching destinations:
{ platform:macOS, arch:arm64, id:00006034-000811520144001C, name:My Mac }
{ platform:macOS, arch:arm64, variant:Mac Catalyst, id:00006034-000811520144001C, name:My Mac }
{ platform:macOS, arch:arm64, variant:DriverKit, id:00006034-000811520144001C, name:My Mac }
{ platform:macOS, arch:arm64, variant:Designed for [iPad,iPhone], id:00006034-000811520144001C, name:My Mac }
2026-10-09 14:24:24.832 xcodebuild[82920:57316193] [MT] IDERunDestination: Supported platforms for the buildables in the current scheme is empty.
2026-10-09 14:24:25.243858+0900 ResourceRunnerUITests-Runner[82935:57316357] [Default] Running tests...
Test Suite 'Selected tests' started at 2026-10-09 14:24:25.305.
Test Suite 'ResourceRunnerUITests.xctest' started at 2026-10-09 14:24:25.305.
Test Suite 'SettingsWindowUITests' started at 2026-10-09 14:24:25.305.
Test Case '-[ResourceRunnerUITests.SettingsWindowUITests testAutomaticCloseOffKeepsExplicitBodyAndDetailEscape]' started.
    t =     0.00s Start Test at 2026-10-09 14:24:25.306
    t =     0.08s Set Up
    t =     0.08s Open com.zipkero.ResourceRunner.Task015
    t =     0.08s     Launch com.zipkero.ResourceRunner.Task015
2026-10-09 14:24:25.429 xcodebuild[82920:57316193] [MT] IDELaunchParametersSnapshot: The operation couldn’t be completed. (DebuggerLLDB.DebuggerVersionStore.StoreError error 0.)
2026-10-09 14:24:25.429 xcodebuild[82920:57316193] [MT] IDELaunchParametersSnapshot: no debugger version
    t =     0.59s         Wait for accessibility to load
    t =     0.65s         Setting up automation session
    t =     0.66s         Wait for com.zipkero.ResourceRunner.Task015 to idle
    t =     0.66s Waiting 5.0s for StatusItem (First Match) to exist
    t =     1.70s     Checking `Expect predicate `existsNoRetry == 1` for object StatusItem (First Match)`
    t =     1.70s         Checking existence of `StatusItem (First Match)`
    t =     1.72s Right click StatusItem (First Match)
    t =     1.72s     Wait for com.zipkero.ResourceRunner.Task015 to idle
    t =     1.72s     Find the StatusItem (First Match)
    t =     1.73s     Check for interrupting elements affecting "ResourceRunner, 낮음" StatusItem
    t =     1.74s     Open com.zipkero.ResourceRunner.Task015
    t =     1.74s         Activate com.zipkero.ResourceRunner.Task015
    t =     1.75s             Wait for com.zipkero.ResourceRunner.Task015 to idle
    t =     1.75s     Synthesize event
    t =     2.16s     Wait for com.zipkero.ResourceRunner.Task015 to idle
    t =     2.16s Waiting 3.0s for "openSettingsFromMenu:" MenuItem to exist
    t =     3.20s     Checking `Expect predicate `existsNoRetry == 1` for object "openSettingsFromMenu:" MenuItem`
    t =     3.20s         Checking existence of `"openSettingsFromMenu:" MenuItem`
    t =     3.25s Click "openSettingsFromMenu:" MenuItem
    t =     3.26s     Wait for com.zipkero.ResourceRunner.Task015 to idle
    t =     3.26s     Find the "openSettingsFromMenu:" MenuItem
    t =     3.28s     Check for interrupting elements affecting "openSettingsFromMenu:" MenuItem
    t =     3.28s     Synthesize event
    t =     3.29s         Checking existence of `"openSettingsFromMenu:" MenuItem`
    t =     3.30s         Hover menu item '설정…'
    t =     3.30s             Wait for com.zipkero.ResourceRunner.Task015 to idle
    t =     3.31s             Find the "openSettingsFromMenu:" MenuItem
    t =     3.44s             Check for interrupting elements affecting "openSettingsFromMenu:" MenuItem
    t =     3.44s             Synthesize event
    t =     3.66s             Wait for com.zipkero.ResourceRunner.Task015 to idle
    t =     3.66s         Find the "openSettingsFromMenu:" MenuItem
    t =     4.42s     Wait for com.zipkero.ResourceRunner.Task015 to idle
    t =     4.46s Waiting 3.0s for "ResourceRunner 설정" Window to exist
    t =     5.49s     Checking `Expect predicate `existsNoRetry == 1` for object "ResourceRunner 설정" Window`
    t =     5.49s         Checking existence of `"ResourceRunner 설정" Window`
    t =     5.59s Waiting 3.0s for "SettingsAutomaticallyClosesPopover" Switch to exist
    t =     6.62s     Checking `Expect predicate `existsNoRetry == 1` for object "SettingsAutomaticallyClosesPopover" Switch`
    t =     6.62s         Checking existence of `"SettingsAutomaticallyClosesPopover" Switch`
    t =     6.69s Click "SettingsAutomaticallyClosesPopover" Switch
    t =     6.69s     Wait for com.zipkero.ResourceRunner.Task015 to idle
    t =     6.70s     Find the "SettingsAutomaticallyClosesPopover" Switch
    t =     6.74s     Check for interrupting elements affecting "SettingsAutomaticallyClosesPopover" Switch
    t =     6.75s     Synthesize event
    t =     6.80s         Scroll element to visible
    t =     6.81s             Scroll ScrollView (Identity Binding) by dx: -157.00, dy: -585.00
    t =     6.81s                 Wait for com.zipkero.ResourceRunner.Task015 to idle
    t =     6.81s                 Find the ScrollView (Identity Binding)
    t =     6.85s                 Check for interrupting elements affecting ScrollView
    t =     6.86s                 Synthesize event
    t =     7.21s                 Wait for com.zipkero.ResourceRunner.Task015 to idle
    t =     7.21s         Find the "SettingsAutomaticallyClosesPopover" Switch
    t =     7.65s     Wait for com.zipkero.ResourceRunner.Task015 to idle
    t =     7.65s Find the "SettingsAutomaticallyClosesPopover" Switch
    t =     7.71s Click "_XCUI:CloseWindow" Button
    t =     7.71s     Wait for com.zipkero.ResourceRunner.Task015 to idle
    t =     7.72s     Find the "_XCUI:CloseWindow" Button
    t =     7.88s     Check for interrupting elements affecting "_XCUI:CloseWindow" Button
    t =     7.89s     Synthesize event
    t =     8.26s     Wait for com.zipkero.ResourceRunner.Task015 to idle
    t =     8.27s Click StatusItem (First Match)
    t =     8.27s     Wait for com.zipkero.ResourceRunner.Task015 to idle
    t =     8.27s     Find the StatusItem (First Match)
    t =     8.28s     Check for interrupting elements affecting "ResourceRunner, 낮음" StatusItem
    t =     8.28s     Synthesize event
    t =     8.72s     Wait for com.zipkero.ResourceRunner.Task015 to idle
    t =     8.73s Waiting 3.0s for "DashboardContainer" Any to exist
    t =     9.76s     Checking `Expect predicate `existsNoRetry == 1` for object "DashboardContainer" Any`
    t =     9.76s         Checking existence of `"DashboardContainer" Any`
    t =     9.81s Type '1' key with modifiers '⌘' (0x10)
    t =     9.81s     Wait for com.zipkero.ResourceRunner.Task015 to idle
    t =     9.81s     Find the Target Application 'com.zipkero.ResourceRunner.Task015'
    t =     9.83s     Check for interrupting elements affecting "ResourceRunner" Application
    t =     9.83s     Synthesize event
    t =     9.96s     Wait for com.zipkero.ResourceRunner.Task015 to idle
    t =     9.97s Waiting 3.0s for "DashboardDetail" Any to exist
    t =    11.01s     Checking `Expect predicate `existsNoRetry == 1` for object "DashboardDetail" Any`
    t =    11.01s         Checking existence of `"DashboardDetail" Any`
    t =    11.08s Type '⇟' key (XCUIKeyboardKeyPageDown) with no modifiers
    t =    11.08s     Wait for com.zipkero.ResourceRunner.Task015 to idle
    t =    11.08s     Find the Target Application 'com.zipkero.ResourceRunner.Task015'
    t =    11.12s     Check for interrupting elements affecting "ResourceRunner" Application
    t =    11.12s     Synthesize event
    t =    11.15s     Wait for com.zipkero.ResourceRunner.Task015 to idle
    t =    11.16s Type '⇞' key (XCUIKeyboardKeyPageUp) with no modifiers
    t =    11.16s     Wait for com.zipkero.ResourceRunner.Task015 to idle
    t =    11.16s     Find the Target Application 'com.zipkero.ResourceRunner.Task015'
    t =    11.20s     Check for interrupting elements affecting "ResourceRunner" Application
    t =    11.20s     Synthesize event
    t =    11.23s     Wait for com.zipkero.ResourceRunner.Task015 to idle
    t =    11.23s Type '⎋' key (XCUIKeyboardKeyEscape) with no modifiers
    t =    11.23s     Wait for com.zipkero.ResourceRunner.Task015 to idle
    t =    11.23s     Find the Target Application 'com.zipkero.ResourceRunner.Task015'
    t =    11.27s     Check for interrupting elements affecting "ResourceRunner" Application
    t =    11.27s     Synthesize event
    t =    11.36s     Wait for com.zipkero.ResourceRunner.Task015 to idle
    t =    11.38s Checking existence of `"DashboardDetail" Any`
    t =    11.41s Checking existence of `"DashboardContainer" Any`
    t =    11.43s Type '⎋' key (XCUIKeyboardKeyEscape) with no modifiers
    t =    11.43s     Wait for com.zipkero.ResourceRunner.Task015 to idle
    t =    11.44s     Find the Target Application 'com.zipkero.ResourceRunner.Task015'
    t =    11.46s     Check for interrupting elements affecting "ResourceRunner" Application
    t =    11.46s     Synthesize event
    t =    11.51s     Wait for com.zipkero.ResourceRunner.Task015 to idle
    t =    11.52s Checking existence of `"DashboardContainer" Any`
    t =    11.56s Tear Down
Test Case '-[ResourceRunnerUITests.SettingsWindowUITests testAutomaticCloseOffKeepsExplicitBodyAndDetailEscape]' passed (11.891 seconds).
Test Case '-[ResourceRunnerUITests.SettingsWindowUITests testAutomaticPopoverCloseToggleSupportsKeyboardAndAccessibility]' started.
    t =     0.00s Start Test at 2026-10-09 14:24:37.198
    t =     0.07s Set Up
    t =     0.08s Open com.zipkero.ResourceRunner.Task015
    t =     0.08s     Launch com.zipkero.ResourceRunner.Task015
    t =     0.08s         Terminate com.zipkero.ResourceRunner.Task015:82946
2026-10-09 14:24:38.377 xcodebuild[82920:57316193] [MT] IDELaunchParametersSnapshot: The operation couldn’t be completed. (DebuggerLLDB.DebuggerVersionStore.StoreError error 0.)
2026-10-09 14:24:38.377 xcodebuild[82920:57316193] [MT] IDELaunchParametersSnapshot: no debugger version
    t =     1.45s         Wait for accessibility to load
    t =     1.63s         Setting up automation session
    t =     1.63s         Wait for com.zipkero.ResourceRunner.Task015 to idle
    t =     1.64s Waiting 5.0s for StatusItem (First Match) to exist
    t =     2.66s     Checking `Expect predicate `existsNoRetry == 1` for object StatusItem (First Match)`
    t =     2.67s         Checking existence of `StatusItem (First Match)`
    t =     2.69s Right click StatusItem (First Match)
    t =     2.69s     Wait for com.zipkero.ResourceRunner.Task015 to idle
    t =     2.69s     Find the StatusItem (First Match)
    t =     2.71s     Check for interrupting elements affecting "ResourceRunner, 낮음" StatusItem
    t =     2.71s     Open com.zipkero.ResourceRunner.Task015
    t =     2.71s         Activate com.zipkero.ResourceRunner.Task015
    t =     2.72s             Wait for com.zipkero.ResourceRunner.Task015 to idle
    t =     2.72s     Synthesize event
    t =     3.12s     Wait for com.zipkero.ResourceRunner.Task015 to idle
    t =     3.12s Waiting 3.0s for "openSettingsFromMenu:" MenuItem to exist
    t =     4.16s     Checking `Expect predicate `existsNoRetry == 1` for object "openSettingsFromMenu:" MenuItem`
    t =     4.16s         Checking existence of `"openSettingsFromMenu:" MenuItem`
    t =     4.22s Click "openSettingsFromMenu:" MenuItem
    t =     4.22s     Wait for com.zipkero.ResourceRunner.Task015 to idle
    t =     4.22s     Find the "openSettingsFromMenu:" MenuItem
    t =     4.25s     Check for interrupting elements affecting "openSettingsFromMenu:" MenuItem
    t =     4.25s     Synthesize event
    t =     4.25s         Checking existence of `"openSettingsFromMenu:" MenuItem`
    t =     4.27s         Hover menu item '설정…'
    t =     4.27s             Wait for com.zipkero.ResourceRunner.Task015 to idle
    t =     4.27s             Find the "openSettingsFromMenu:" MenuItem
    t =     4.40s             Check for interrupting elements affecting "openSettingsFromMenu:" MenuItem
    t =     4.40s             Synthesize event
    t =     4.62s             Wait for com.zipkero.ResourceRunner.Task015 to idle
    t =     4.62s         Find the "openSettingsFromMenu:" MenuItem
    t =     5.37s     Wait for com.zipkero.ResourceRunner.Task015 to idle
    t =     5.41s Waiting 3.0s for "ResourceRunner 설정" Window to exist
    t =     6.45s     Checking `Expect predicate `existsNoRetry == 1` for object "ResourceRunner 설정" Window`
    t =     6.45s         Checking existence of `"ResourceRunner 설정" Window`
    t =     6.54s Waiting 3.0s for "SettingsAutomaticallyClosesPopover" Switch to exist
    t =     7.57s     Checking `Expect predicate `existsNoRetry == 1` for object "SettingsAutomaticallyClosesPopover" Switch`
    t =     7.58s         Checking existence of `"SettingsAutomaticallyClosesPopover" Switch`
    t =     7.65s Find the "SettingsAutomaticallyClosesPopover" Switch
    t =     7.69s Find the "SettingsAutomaticallyClosesPopover" Switch
    t =     7.74s Type '-' key with modifiers '⌘⌥' (0x18)
    t =     7.74s     Wait for com.zipkero.ResourceRunner.Task015 to idle
    t =     7.74s     Find the Target Application 'com.zipkero.ResourceRunner.Task015'
    t =     7.77s     Check for interrupting elements affecting "ResourceRunner" Application
    t =     7.77s     Synthesize event
    t =     7.86s     Wait for com.zipkero.ResourceRunner.Task015 to idle
    t =     7.87s Find the "SettingsAutomaticallyClosesPopover" Switch
    t =     7.92s Type '-' key with modifiers '⌘⌥' (0x18)
    t =     7.92s     Wait for com.zipkero.ResourceRunner.Task015 to idle
    t =     7.93s     Find the Target Application 'com.zipkero.ResourceRunner.Task015'
    t =     8.07s     Check for interrupting elements affecting "ResourceRunner" Application
    t =     8.07s     Synthesize event
    t =     8.17s     Wait for com.zipkero.ResourceRunner.Task015 to idle
    t =     8.18s Find the "SettingsAutomaticallyClosesPopover" Switch
    t =     8.23s Click "SettingsAutomaticallyClosesPopover" Switch
    t =     8.23s     Wait for com.zipkero.ResourceRunner.Task015 to idle
    t =     8.23s     Find the "SettingsAutomaticallyClosesPopover" Switch
    t =     8.27s     Check for interrupting elements affecting "SettingsAutomaticallyClosesPopover" Switch
    t =     8.29s     Synthesize event
    t =     8.33s         Scroll element to visible
    t =     8.33s             Scroll ScrollView (Identity Binding) by dx: -157.00, dy: -585.00
    t =     8.34s                 Wait for com.zipkero.ResourceRunner.Task015 to idle
    t =     8.34s                 Find the ScrollView (Identity Binding)
    t =     8.38s                 Check for interrupting elements affecting ScrollView
    t =     8.39s                 Synthesize event
    t =     8.73s                 Wait for com.zipkero.ResourceRunner.Task015 to idle
    t =     8.74s         Find the "SettingsAutomaticallyClosesPopover" Switch
    t =     9.18s     Wait for com.zipkero.ResourceRunner.Task015 to idle
    t =     9.18s Find the "SettingsAutomaticallyClosesPopover" Switch
    t =     9.24s Checking existence of `"ResourceRunner 설정" Window`
    t =     9.29s Get number of matches for: Elements matching predicate '"ResourceRunnerSettingsWindow" IN identifiers'
    t =     9.33s Tear Down
Test Case '-[ResourceRunnerUITests.SettingsWindowUITests testAutomaticPopoverCloseToggleSupportsKeyboardAndAccessibility]' passed (9.660 seconds).
Test Case '-[ResourceRunnerUITests.SettingsWindowUITests testSettingsEscapeDoesNotDismissOwnedPopoverWhenAutomaticCloseIsOff]' started.
    t =     0.00s Start Test at 2026-10-09 14:24:46.859
    t =     0.09s Set Up
    t =     0.09s Open com.zipkero.ResourceRunner.Task015
    t =     0.09s     Launch com.zipkero.ResourceRunner.Task015
    t =     0.09s         Terminate com.zipkero.ResourceRunner.Task015:83224
2026-10-09 14:24:48.045 xcodebuild[82920:57316193] [MT] IDELaunchParametersSnapshot: The operation couldn’t be completed. (DebuggerLLDB.DebuggerVersionStore.StoreError error 0.)
2026-10-09 14:24:48.045 xcodebuild[82920:57316193] [MT] IDELaunchParametersSnapshot: no debugger version
    t =     1.43s         Wait for accessibility to load
    t =     1.61s         Setting up automation session
    t =     1.63s         Wait for com.zipkero.ResourceRunner.Task015 to idle
    t =     1.63s Waiting 5.0s for StatusItem (First Match) to exist
    t =     2.72s     Checking `Expect predicate `existsNoRetry == 1` for object StatusItem (First Match)`
    t =     2.72s         Checking existence of `StatusItem (First Match)`
    t =     2.74s Right click StatusItem (First Match)
    t =     2.74s     Wait for com.zipkero.ResourceRunner.Task015 to idle
    t =     2.74s     Find the StatusItem (First Match)
    t =     2.76s     Check for interrupting elements affecting "ResourceRunner, 낮음" StatusItem
    t =     2.76s     Open com.zipkero.ResourceRunner.Task015
    t =     2.76s         Activate com.zipkero.ResourceRunner.Task015
    t =     2.77s             Wait for com.zipkero.ResourceRunner.Task015 to idle
    t =     2.77s     Synthesize event
    t =     3.23s     Wait for com.zipkero.ResourceRunner.Task015 to idle
    t =     3.23s Waiting 3.0s for "openSettingsFromMenu:" MenuItem to exist
    t =     4.25s     Checking `Expect predicate `existsNoRetry == 1` for object "openSettingsFromMenu:" MenuItem`
    t =     4.26s         Checking existence of `"openSettingsFromMenu:" MenuItem`
    t =     4.31s Click "openSettingsFromMenu:" MenuItem
    t =     4.31s     Wait for com.zipkero.ResourceRunner.Task015 to idle
    t =     4.31s     Find the "openSettingsFromMenu:" MenuItem
    t =     4.34s     Check for interrupting elements affecting "openSettingsFromMenu:" MenuItem
    t =     4.34s     Synthesize event
    t =     4.35s         Checking existence of `"openSettingsFromMenu:" MenuItem`
    t =     4.36s         Hover menu item '설정…'
    t =     4.36s             Wait for com.zipkero.ResourceRunner.Task015 to idle
    t =     4.37s             Find the "openSettingsFromMenu:" MenuItem
    t =     4.50s             Check for interrupting elements affecting "openSettingsFromMenu:" MenuItem
    t =     4.50s             Synthesize event
    t =     4.72s             Wait for com.zipkero.ResourceRunner.Task015 to idle
    t =     4.73s         Find the "openSettingsFromMenu:" MenuItem
    t =     5.48s     Wait for com.zipkero.ResourceRunner.Task015 to idle
    t =     5.52s Waiting 3.0s for "ResourceRunner 설정" Window to exist
    t =     6.56s     Checking `Expect predicate `existsNoRetry == 1` for object "ResourceRunner 설정" Window`
    t =     6.56s         Checking existence of `"ResourceRunner 설정" Window`
    t =     6.65s Waiting 3.0s for "SettingsAutomaticallyClosesPopover" Switch to exist
    t =     7.67s     Checking `Expect predicate `existsNoRetry == 1` for object "SettingsAutomaticallyClosesPopover" Switch`
    t =     7.67s         Checking existence of `"SettingsAutomaticallyClosesPopover" Switch`
    t =     7.74s Click "SettingsAutomaticallyClosesPopover" Switch
    t =     7.74s     Wait for com.zipkero.ResourceRunner.Task015 to idle
    t =     7.75s     Find the "SettingsAutomaticallyClosesPopover" Switch
    t =     7.79s     Check for interrupting elements affecting "SettingsAutomaticallyClosesPopover" Switch
    t =     7.81s     Synthesize event
    t =     7.85s         Scroll element to visible
    t =     7.85s             Scroll ScrollView (Identity Binding) by dx: -157.00, dy: -585.00
    t =     7.85s                 Wait for com.zipkero.ResourceRunner.Task015 to idle
    t =     7.85s                 Find the ScrollView (Identity Binding)
    t =     7.89s                 Check for interrupting elements affecting ScrollView
    t =     7.90s                 Synthesize event
    t =     8.25s                 Wait for com.zipkero.ResourceRunner.Task015 to idle
    t =     8.25s         Find the "SettingsAutomaticallyClosesPopover" Switch
    t =     8.69s     Wait for com.zipkero.ResourceRunner.Task015 to idle
    t =     8.70s Click "_XCUI:CloseWindow" Button
    t =     8.70s     Wait for com.zipkero.ResourceRunner.Task015 to idle
    t =     8.70s     Find the "_XCUI:CloseWindow" Button
    t =     8.77s     Check for interrupting elements affecting "_XCUI:CloseWindow" Button
    t =     8.78s     Synthesize event
    t =     9.16s     Wait for com.zipkero.ResourceRunner.Task015 to idle
    t =     9.16s Click StatusItem (First Match)
    t =     9.16s     Wait for com.zipkero.ResourceRunner.Task015 to idle
    t =     9.17s     Find the StatusItem (First Match)
    t =     9.18s     Check for interrupting elements affecting "ResourceRunner, 낮음" StatusItem
    t =     9.18s     Synthesize event
    t =     9.60s     Wait for com.zipkero.ResourceRunner.Task015 to idle
    t =     9.61s Waiting 3.0s for "DashboardContainer" Any to exist
    t =    10.63s     Checking `Expect predicate `existsNoRetry == 1` for object "DashboardContainer" Any`
    t =    10.63s         Checking existence of `"DashboardContainer" Any`
    t =    10.66s Type ',' key with modifiers '⌘' (0x10)
    t =    10.66s     Wait for com.zipkero.ResourceRunner.Task015 to idle
    t =    10.66s     Find the Target Application 'com.zipkero.ResourceRunner.Task015'
    t =    10.69s     Check for interrupting elements affecting "ResourceRunner" Application
    t =    10.69s     Synthesize event
    t =    10.77s     Wait for com.zipkero.ResourceRunner.Task015 to idle
    t =    10.77s Waiting 3.0s for "ResourceRunner 설정" Window to exist
    t =    11.81s     Checking `Expect predicate `existsNoRetry == 1` for object "ResourceRunner 설정" Window`
    t =    11.81s         Checking existence of `"ResourceRunner 설정" Window`
    t =    11.89s Type '⎋' key (XCUIKeyboardKeyEscape) with no modifiers
    t =    11.89s     Wait for com.zipkero.ResourceRunner.Task015 to idle
    t =    11.89s     Find the Target Application 'com.zipkero.ResourceRunner.Task015'
    t =    11.93s     Check for interrupting elements affecting "ResourceRunner" Application
    t =    11.93s     Synthesize event
    t =    11.97s     Wait for com.zipkero.ResourceRunner.Task015 to idle
    t =    11.98s Checking existence of `"DashboardContainer" Any`
    t =    12.04s Tear Down
Test Case '-[ResourceRunnerUITests.SettingsWindowUITests testSettingsEscapeDoesNotDismissOwnedPopoverWhenAutomaticCloseIsOff]' passed (12.382 seconds).
Test Suite 'SettingsWindowUITests' passed at 2026-10-09 14:24:59.242.
	 Executed 3 tests, with 0 failures (0 unexpected) in 33.933 (33.936) seconds
Test Suite 'ResourceRunnerUITests.xctest' passed at 2026-10-09 14:24:59.243.
	 Executed 3 tests, with 0 failures (0 unexpected) in 33.933 (33.937) seconds
Test Suite 'Selected tests' passed at 2026-10-09 14:24:59.244.
	 Executed 3 tests, with 0 failures (0 unexpected) in 33.933 (33.938) seconds
2026-10-09 14:24:59.545 xcodebuild[82920:57316193] [MT] IDETestOperationsObserverDebug: 34.711 elapsed -- Testing started completed.
2026-10-09 14:24:59.545 xcodebuild[82920:57316193] [MT] IDETestOperationsObserverDebug: 0.000 sec, +0.000 sec -- start
2026-10-09 14:24:59.545 xcodebuild[82920:57316193] [MT] IDETestOperationsObserverDebug: 34.711 sec, +34.711 sec -- end

Test session results, code coverage, and logs:
	/tmp/rr-m4-015-unique-ui-final.xcresult

** TEST EXECUTE SUCCEEDED **

Testing started
