Command line invocation:
    /Applications/Xcode.app/Contents/Developer/usr/bin/xcodebuild test-without-building -xctestrun /tmp/rr-m4-015-unique-dd/Build/Products/ResourceRunner_ResourceRunner_macosx26.5-arm64.xctestrun -destination platform=macOS,arch=arm64 -parallel-testing-enabled NO -resultBundlePath /tmp/rr-m4-015-unique-keyprobe2.xcresult "-only-testing:ResourceRunnerUITests/SettingsWindowUITests/testSettingsWindowKeepsKeyAfterSelectedCardIsRemovedDuringFocusReturn" CODE_SIGNING_ALLOWED=YES

Build settings from command line:
    CODE_SIGNING_ALLOWED = YES

2026-10-09 14:30:42.211 xcodebuild[90908:57390026] [MT] IDERunDestination: Supported platforms for the buildables in the current scheme is empty.
Writing result bundle at path:
	/tmp/rr-m4-015-unique-keyprobe2.xcresult

2026-10-09 14:30:42.213 xcodebuild[90908:57390026] [MT] IDERunDestination: Supported platforms for the buildables in the current scheme is empty.
--- xcodebuild: WARNING: Using the first of multiple matching destinations:
{ platform:macOS, arch:arm64, id:00006034-000811520144001C, name:My Mac }
{ platform:macOS, arch:arm64, variant:Mac Catalyst, id:00006034-000811520144001C, name:My Mac }
{ platform:macOS, arch:arm64, variant:DriverKit, id:00006034-000811520144001C, name:My Mac }
{ platform:macOS, arch:arm64, variant:Designed for [iPad,iPhone], id:00006034-000811520144001C, name:My Mac }
2026-10-09 14:30:42.452 xcodebuild[90908:57390026] [MT] IDERunDestination: Supported platforms for the buildables in the current scheme is empty.
2026-10-09 14:30:42.834051+0900 ResourceRunnerUITests-Runner[90923:57390197] [Default] Running tests...
Test Suite 'Selected tests' started at 2026-10-09 14:30:42.859.
Test Suite 'ResourceRunnerUITests.xctest' started at 2026-10-09 14:30:42.859.
Test Suite 'SettingsWindowUITests' started at 2026-10-09 14:30:42.859.
Test Case '-[ResourceRunnerUITests.SettingsWindowUITests testSettingsWindowKeepsKeyAfterSelectedCardIsRemovedDuringFocusReturn]' started.
    t =     0.00s Start Test at 2026-10-09 14:30:42.860
    t =     0.06s Set Up
    t =     0.06s Open com.zipkero.ResourceRunner.Task015
    t =     0.06s     Launch com.zipkero.ResourceRunner.Task015
2026-10-09 14:30:42.955 xcodebuild[90908:57390026] [MT] IDELaunchParametersSnapshot: The operation couldn’t be completed. (DebuggerLLDB.DebuggerVersionStore.StoreError error 0.)
2026-10-09 14:30:42.955 xcodebuild[90908:57390026] [MT] IDELaunchParametersSnapshot: no debugger version
    t =     0.56s         Wait for accessibility to load
    t =     0.63s         Setting up automation session
    t =     0.64s         Wait for com.zipkero.ResourceRunner.Task015 to idle
    t =     0.64s Waiting 5.0s for StatusItem (First Match) to exist
    t =     1.67s     Checking `Expect predicate `existsNoRetry == 1` for object StatusItem (First Match)`
    t =     1.67s         Checking existence of `StatusItem (First Match)`
    t =     1.69s Click StatusItem (First Match)
    t =     1.69s     Wait for com.zipkero.ResourceRunner.Task015 to idle
    t =     1.69s     Find the StatusItem (First Match)
    t =     1.71s     Check for interrupting elements affecting "ResourceRunner, 낮음" StatusItem
    t =     1.72s     Open com.zipkero.ResourceRunner.Task015
    t =     1.72s         Activate com.zipkero.ResourceRunner.Task015
    t =     1.73s             Wait for com.zipkero.ResourceRunner.Task015 to idle
    t =     1.73s     Synthesize event
    t =     2.22s     Wait for com.zipkero.ResourceRunner.Task015 to idle
    t =     2.23s Type '1' key with modifiers '⌘' (0x10)
    t =     2.23s     Wait for com.zipkero.ResourceRunner.Task015 to idle
    t =     2.23s     Find the Target Application 'com.zipkero.ResourceRunner.Task015'
    t =     2.30s     Check for interrupting elements affecting "ResourceRunner" Application
    t =     2.30s     Synthesize event
    t =     2.41s     Wait for com.zipkero.ResourceRunner.Task015 to idle
    t =     2.41s Waiting 3.0s for "DashboardDetail" Any to exist
    t =     3.41s     Checking `Expect predicate `existsNoRetry == 1` for object "DashboardDetail" Any`
    t =     3.41s         Checking existence of `"DashboardDetail" Any`
    t =     3.47s Type '9' key with modifiers '⌘⇧' (0x12)
    t =     3.47s     Wait for com.zipkero.ResourceRunner.Task015 to idle
    t =     3.48s     Find the Target Application 'com.zipkero.ResourceRunner.Task015'
    t =     3.51s     Check for interrupting elements affecting "ResourceRunner" Application
    t =     3.51s     Synthesize event
    t =     3.66s     Wait for com.zipkero.ResourceRunner.Task015 to idle
    t =     3.67s Waiting 3.0s for "ResourceRunner 설정" Window to exist
    t =     4.70s     Checking `Expect predicate `existsNoRetry == 1` for object "ResourceRunner 설정" Window`
    t =     4.70s         Checking existence of `"ResourceRunner 설정" Window`
/tmp/rr-m4-015-isolated/ResourceRunnerUITests/SettingsWindowUITests.swift:638: error: -[ResourceRunnerUITests.SettingsWindowUITests testSettingsWindowKeepsKeyAfterSelectedCardIsRemovedDuringFocusReturn] : XCTAssertEqual failed: ("nil") is not equal to ("Optional("ResourceRunner 설정")")
    t =     5.62s Tear Down
Test Case '-[ResourceRunnerUITests.SettingsWindowUITests testSettingsWindowKeepsKeyAfterSelectedCardIsRemovedDuringFocusReturn]' failed (5.905 seconds).
Test Suite 'SettingsWindowUITests' failed at 2026-10-09 14:30:48.766.
	 Executed 1 test, with 1 failure (0 unexpected) in 5.905 (5.906) seconds
Test Suite 'ResourceRunnerUITests.xctest' failed at 2026-10-09 14:30:48.767.
	 Executed 1 test, with 1 failure (0 unexpected) in 5.905 (5.907) seconds
Test Suite 'Selected tests' failed at 2026-10-09 14:30:48.767.
	 Executed 1 test, with 1 failure (0 unexpected) in 5.905 (5.908) seconds
2026-10-09 14:30:53.118 xcodebuild[90908:57390026] [MT] IDETestOperationsObserverDebug: 10.664 elapsed -- Testing started completed.
2026-10-09 14:30:53.118 xcodebuild[90908:57390026] [MT] IDETestOperationsObserverDebug: 0.000 sec, +0.000 sec -- start
2026-10-09 14:30:53.118 xcodebuild[90908:57390026] [MT] IDETestOperationsObserverDebug: 10.664 sec, +10.664 sec -- end

Test session results, code coverage, and logs:
	/tmp/rr-m4-015-unique-keyprobe2.xcresult

Failing tests:
	SettingsWindowUITests.testSettingsWindowKeepsKeyAfterSelectedCardIsRemovedDuringFocusReturn()

** TEST EXECUTE FAILED **

Testing started
