Command line invocation:
    /Applications/Xcode.app/Contents/Developer/usr/bin/xcodebuild test-without-building -xctestrun /tmp/rr-m4-015-unique-dd/Build/Products/ResourceRunner_ResourceRunner_macosx26.5-arm64.xctestrun -destination platform=macOS,arch=arm64 -parallel-testing-enabled NO -resultBundlePath /tmp/rr-m4-015-unique-tab.xcresult "-only-testing:ResourceRunnerUITests/SettingsWindowUITests/testAutomaticPopoverToggleTabReachability" CODE_SIGNING_ALLOWED=YES

Build settings from command line:
    CODE_SIGNING_ALLOWED = YES

2026-10-09 14:25:53.413 xcodebuild[84768:57321768] [MT] IDERunDestination: Supported platforms for the buildables in the current scheme is empty.
Writing result bundle at path:
	/tmp/rr-m4-015-unique-tab.xcresult

2026-10-09 14:25:53.414 xcodebuild[84768:57321768] [MT] IDERunDestination: Supported platforms for the buildables in the current scheme is empty.
--- xcodebuild: WARNING: Using the first of multiple matching destinations:
{ platform:macOS, arch:arm64, id:00006034-000811520144001C, name:My Mac }
{ platform:macOS, arch:arm64, variant:Mac Catalyst, id:00006034-000811520144001C, name:My Mac }
{ platform:macOS, arch:arm64, variant:DriverKit, id:00006034-000811520144001C, name:My Mac }
{ platform:macOS, arch:arm64, variant:Designed for [iPad,iPhone], id:00006034-000811520144001C, name:My Mac }
2026-10-09 14:25:53.652 xcodebuild[84768:57321768] [MT] IDERunDestination: Supported platforms for the buildables in the current scheme is empty.
2026-10-09 14:25:54.056433+0900 ResourceRunnerUITests-Runner[84783:57321927] [Default] Running tests...
Test Suite 'Selected tests' started at 2026-10-09 14:25:54.114.
Test Suite 'ResourceRunnerUITests.xctest' started at 2026-10-09 14:25:54.114.
Test Suite 'SettingsWindowUITests' started at 2026-10-09 14:25:54.114.
Test Case '-[ResourceRunnerUITests.SettingsWindowUITests testAutomaticPopoverToggleTabReachability]' started.
    t =     0.00s Start Test at 2026-10-09 14:25:54.115
    t =     0.08s Set Up
    t =     0.08s Open com.zipkero.ResourceRunner.Task015
    t =     0.08s     Launch com.zipkero.ResourceRunner.Task015
2026-10-09 14:25:54.228 xcodebuild[84768:57321768] [MT] IDELaunchParametersSnapshot: The operation couldn’t be completed. (DebuggerLLDB.DebuggerVersionStore.StoreError error 0.)
2026-10-09 14:25:54.228 xcodebuild[84768:57321768] [MT] IDELaunchParametersSnapshot: no debugger version
    t =     0.57s         Setting up automation session
    t =     0.58s         Wait for com.zipkero.ResourceRunner.Task015 to idle
    t =     0.58s Waiting 5.0s for StatusItem (First Match) to exist
    t =     1.62s     Checking `Expect predicate `existsNoRetry == 1` for object StatusItem (First Match)`
    t =     1.62s         Checking existence of `StatusItem (First Match)`
    t =     1.65s Right click StatusItem (First Match)
    t =     1.65s     Wait for com.zipkero.ResourceRunner.Task015 to idle
    t =     1.65s     Find the StatusItem (First Match)
    t =     1.67s     Check for interrupting elements affecting "ResourceRunner, 낮음" StatusItem
    t =     1.67s     Open com.zipkero.ResourceRunner.Task015
    t =     1.67s         Activate com.zipkero.ResourceRunner.Task015
    t =     1.69s             Wait for com.zipkero.ResourceRunner.Task015 to idle
    t =     1.70s     Synthesize event
    t =     2.07s     Wait for com.zipkero.ResourceRunner.Task015 to idle
    t =     2.07s Waiting 3.0s for "openSettingsFromMenu:" MenuItem to exist
    t =     3.08s     Checking `Expect predicate `existsNoRetry == 1` for object "openSettingsFromMenu:" MenuItem`
    t =     3.08s         Checking existence of `"openSettingsFromMenu:" MenuItem`
    t =     3.13s Click "openSettingsFromMenu:" MenuItem
    t =     3.13s     Wait for com.zipkero.ResourceRunner.Task015 to idle
    t =     3.14s     Find the "openSettingsFromMenu:" MenuItem
    t =     3.16s     Check for interrupting elements affecting "openSettingsFromMenu:" MenuItem
    t =     3.16s     Synthesize event
    t =     3.16s         Checking existence of `"openSettingsFromMenu:" MenuItem`
    t =     3.18s         Hover menu item '설정…'
    t =     3.18s             Wait for com.zipkero.ResourceRunner.Task015 to idle
    t =     3.18s             Find the "openSettingsFromMenu:" MenuItem
    t =     3.20s             Check for interrupting elements affecting "openSettingsFromMenu:" MenuItem
    t =     3.20s             Synthesize event
    t =     3.42s             Wait for com.zipkero.ResourceRunner.Task015 to idle
    t =     3.42s         Find the "openSettingsFromMenu:" MenuItem
    t =     4.18s     Wait for com.zipkero.ResourceRunner.Task015 to idle
    t =     4.21s Waiting 3.0s for "ResourceRunner 설정" Window to exist
    t =     5.25s     Checking `Expect predicate `existsNoRetry == 1` for object "ResourceRunner 설정" Window`
    t =     5.25s         Checking existence of `"ResourceRunner 설정" Window`
    t =     5.35s Waiting 3.0s for "SettingsAutomaticallyClosesPopover" Switch to exist
    t =     6.38s     Checking `Expect predicate `existsNoRetry == 1` for object "SettingsAutomaticallyClosesPopover" Switch`
    t =     6.38s         Checking existence of `"SettingsAutomaticallyClosesPopover" Switch`
    t =     6.45s Requesting snapshot of accessibility hierarchy for app with pid 84794
    t =     6.54s Requesting snapshot of accessibility hierarchy for app with pid 84794
    t =     6.61s Type '⇥' key (XCUIKeyboardKeyTab) with no modifiers
    t =     6.61s     Wait for com.zipkero.ResourceRunner.Task015 to idle
    t =     6.62s     Find the Target Application 'com.zipkero.ResourceRunner.Task015'
    t =     6.65s     Check for interrupting elements affecting "ResourceRunner" Application
    t =     6.65s     Synthesize event
    t =     6.73s     Wait for com.zipkero.ResourceRunner.Task015 to idle
    t =     6.73s Requesting snapshot of accessibility hierarchy for app with pid 84794
    t =     6.82s Requesting snapshot of accessibility hierarchy for app with pid 84794
    t =     6.89s Type '⇥' key (XCUIKeyboardKeyTab) with no modifiers
    t =     6.89s     Wait for com.zipkero.ResourceRunner.Task015 to idle
    t =     6.90s     Find the Target Application 'com.zipkero.ResourceRunner.Task015'
    t =     6.93s     Check for interrupting elements affecting "ResourceRunner" Application
    t =     6.93s     Synthesize event
    t =     6.97s     Wait for com.zipkero.ResourceRunner.Task015 to idle
    t =     6.97s Requesting snapshot of accessibility hierarchy for app with pid 84794
    t =     7.04s Requesting snapshot of accessibility hierarchy for app with pid 84794
    t =     7.13s Type '⇥' key (XCUIKeyboardKeyTab) with no modifiers
    t =     7.13s     Wait for com.zipkero.ResourceRunner.Task015 to idle
    t =     7.13s     Find the Target Application 'com.zipkero.ResourceRunner.Task015'
    t =     7.16s     Check for interrupting elements affecting "ResourceRunner" Application
    t =     7.16s     Synthesize event
    t =     7.20s     Wait for com.zipkero.ResourceRunner.Task015 to idle
    t =     7.20s Requesting snapshot of accessibility hierarchy for app with pid 84794
    t =     7.29s Requesting snapshot of accessibility hierarchy for app with pid 84794
    t =     7.36s Type '⇥' key (XCUIKeyboardKeyTab) with no modifiers
    t =     7.37s     Wait for com.zipkero.ResourceRunner.Task015 to idle
    t =     7.37s     Find the Target Application 'com.zipkero.ResourceRunner.Task015'
    t =     7.40s     Check for interrupting elements affecting "ResourceRunner" Application
    t =     7.40s     Synthesize event
    t =     7.43s     Wait for com.zipkero.ResourceRunner.Task015 to idle
    t =     7.44s Requesting snapshot of accessibility hierarchy for app with pid 84794
    t =     7.52s Requesting snapshot of accessibility hierarchy for app with pid 84794
    t =     7.59s Type '⇥' key (XCUIKeyboardKeyTab) with no modifiers
    t =     7.59s     Wait for com.zipkero.ResourceRunner.Task015 to idle
    t =     7.59s     Find the Target Application 'com.zipkero.ResourceRunner.Task015'
    t =     7.62s     Check for interrupting elements affecting "ResourceRunner" Application
    t =     7.62s     Synthesize event
    t =     7.67s     Wait for com.zipkero.ResourceRunner.Task015 to idle
    t =     7.67s Requesting snapshot of accessibility hierarchy for app with pid 84794
    t =     7.75s Requesting snapshot of accessibility hierarchy for app with pid 84794
    t =     7.82s Type '⇥' key (XCUIKeyboardKeyTab) with no modifiers
    t =     7.82s     Wait for com.zipkero.ResourceRunner.Task015 to idle
    t =     7.82s     Find the Target Application 'com.zipkero.ResourceRunner.Task015'
    t =     7.86s     Check for interrupting elements affecting "ResourceRunner" Application
    t =     7.86s     Synthesize event
    t =     7.90s     Wait for com.zipkero.ResourceRunner.Task015 to idle
    t =     7.90s Requesting snapshot of accessibility hierarchy for app with pid 84794
    t =     7.98s Requesting snapshot of accessibility hierarchy for app with pid 84794
    t =     8.05s Type '⇥' key (XCUIKeyboardKeyTab) with no modifiers
    t =     8.05s     Wait for com.zipkero.ResourceRunner.Task015 to idle
    t =     8.05s     Find the Target Application 'com.zipkero.ResourceRunner.Task015'
    t =     8.08s     Check for interrupting elements affecting "ResourceRunner" Application
    t =     8.08s     Synthesize event
    t =     8.12s     Wait for com.zipkero.ResourceRunner.Task015 to idle
    t =     8.12s Requesting snapshot of accessibility hierarchy for app with pid 84794
    t =     8.20s Requesting snapshot of accessibility hierarchy for app with pid 84794
    t =     8.27s Type '⇥' key (XCUIKeyboardKeyTab) with no modifiers
    t =     8.27s     Wait for com.zipkero.ResourceRunner.Task015 to idle
    t =     8.27s     Find the Target Application 'com.zipkero.ResourceRunner.Task015'
    t =     8.31s     Check for interrupting elements affecting "ResourceRunner" Application
    t =     8.31s     Synthesize event
    t =     8.35s     Wait for com.zipkero.ResourceRunner.Task015 to idle
    t =     8.35s Requesting snapshot of accessibility hierarchy for app with pid 84794
    t =     8.43s Requesting snapshot of accessibility hierarchy for app with pid 84794
    t =     8.51s Type '⇥' key (XCUIKeyboardKeyTab) with no modifiers
    t =     8.51s     Wait for com.zipkero.ResourceRunner.Task015 to idle
    t =     8.52s     Find the Target Application 'com.zipkero.ResourceRunner.Task015'
    t =     8.55s     Check for interrupting elements affecting "ResourceRunner" Application
    t =     8.55s     Synthesize event
    t =     8.60s     Wait for com.zipkero.ResourceRunner.Task015 to idle
    t =     8.61s Requesting snapshot of accessibility hierarchy for app with pid 84794
    t =     8.69s Requesting snapshot of accessibility hierarchy for app with pid 84794
    t =     8.77s Type '⇥' key (XCUIKeyboardKeyTab) with no modifiers
    t =     8.77s     Wait for com.zipkero.ResourceRunner.Task015 to idle
    t =     8.77s     Find the Target Application 'com.zipkero.ResourceRunner.Task015'
    t =     8.80s     Check for interrupting elements affecting "ResourceRunner" Application
    t =     8.80s     Synthesize event
    t =     8.84s     Wait for com.zipkero.ResourceRunner.Task015 to idle
    t =     8.84s Requesting snapshot of accessibility hierarchy for app with pid 84794
    t =     8.93s Requesting snapshot of accessibility hierarchy for app with pid 84794
    t =     9.01s Type '⇥' key (XCUIKeyboardKeyTab) with no modifiers
    t =     9.01s     Wait for com.zipkero.ResourceRunner.Task015 to idle
    t =     9.01s     Find the Target Application 'com.zipkero.ResourceRunner.Task015'
    t =     9.04s     Check for interrupting elements affecting "ResourceRunner" Application
    t =     9.04s     Synthesize event
    t =     9.07s     Wait for com.zipkero.ResourceRunner.Task015 to idle
    t =     9.08s Requesting snapshot of accessibility hierarchy for app with pid 84794
    t =     9.16s Requesting snapshot of accessibility hierarchy for app with pid 84794
    t =     9.23s Type '⇥' key (XCUIKeyboardKeyTab) with no modifiers
    t =     9.23s     Wait for com.zipkero.ResourceRunner.Task015 to idle
    t =     9.23s     Find the Target Application 'com.zipkero.ResourceRunner.Task015'
    t =     9.26s     Check for interrupting elements affecting "ResourceRunner" Application
    t =     9.26s     Synthesize event
    t =     9.30s     Wait for com.zipkero.ResourceRunner.Task015 to idle
    t =     9.30s Requesting snapshot of accessibility hierarchy for app with pid 84794
    t =     9.39s Requesting snapshot of accessibility hierarchy for app with pid 84794
    t =     9.47s Type '⇥' key (XCUIKeyboardKeyTab) with no modifiers
    t =     9.47s     Wait for com.zipkero.ResourceRunner.Task015 to idle
    t =     9.47s     Find the Target Application 'com.zipkero.ResourceRunner.Task015'
    t =     9.51s     Check for interrupting elements affecting "ResourceRunner" Application
    t =     9.51s     Synthesize event
    t =     9.54s     Wait for com.zipkero.ResourceRunner.Task015 to idle
    t =     9.54s Requesting snapshot of accessibility hierarchy for app with pid 84794
    t =     9.62s Requesting snapshot of accessibility hierarchy for app with pid 84794
    t =     9.70s Type '⇥' key (XCUIKeyboardKeyTab) with no modifiers
    t =     9.70s     Wait for com.zipkero.ResourceRunner.Task015 to idle
    t =     9.70s     Find the Target Application 'com.zipkero.ResourceRunner.Task015'
    t =     9.73s     Check for interrupting elements affecting "ResourceRunner" Application
    t =     9.73s     Synthesize event
    t =     9.77s     Wait for com.zipkero.ResourceRunner.Task015 to idle
    t =     9.78s Requesting snapshot of accessibility hierarchy for app with pid 84794
    t =     9.86s Requesting snapshot of accessibility hierarchy for app with pid 84794
    t =     9.93s Type '⇥' key (XCUIKeyboardKeyTab) with no modifiers
    t =     9.93s     Wait for com.zipkero.ResourceRunner.Task015 to idle
    t =     9.94s     Find the Target Application 'com.zipkero.ResourceRunner.Task015'
    t =     9.97s     Check for interrupting elements affecting "ResourceRunner" Application
    t =     9.97s     Synthesize event
    t =    10.03s     Wait for com.zipkero.ResourceRunner.Task015 to idle
    t =    10.03s Requesting snapshot of accessibility hierarchy for app with pid 84794
    t =    10.11s Requesting snapshot of accessibility hierarchy for app with pid 84794
    t =    10.19s Type '⇥' key (XCUIKeyboardKeyTab) with no modifiers
    t =    10.19s     Wait for com.zipkero.ResourceRunner.Task015 to idle
    t =    10.19s     Find the Target Application 'com.zipkero.ResourceRunner.Task015'
    t =    10.23s     Check for interrupting elements affecting "ResourceRunner" Application
    t =    10.23s     Synthesize event
    t =    10.27s     Wait for com.zipkero.ResourceRunner.Task015 to idle
    t =    10.28s Requesting snapshot of accessibility hierarchy for app with pid 84794
    t =    10.36s Requesting snapshot of accessibility hierarchy for app with pid 84794
    t =    10.43s Type '⇥' key (XCUIKeyboardKeyTab) with no modifiers
    t =    10.43s     Wait for com.zipkero.ResourceRunner.Task015 to idle
    t =    10.44s     Find the Target Application 'com.zipkero.ResourceRunner.Task015'
    t =    10.47s     Check for interrupting elements affecting "ResourceRunner" Application
    t =    10.47s     Synthesize event
    t =    10.51s     Wait for com.zipkero.ResourceRunner.Task015 to idle
    t =    10.51s Requesting snapshot of accessibility hierarchy for app with pid 84794
    t =    10.59s Requesting snapshot of accessibility hierarchy for app with pid 84794
    t =    10.66s Type '⇥' key (XCUIKeyboardKeyTab) with no modifiers
    t =    10.66s     Wait for com.zipkero.ResourceRunner.Task015 to idle
    t =    10.66s     Find the Target Application 'com.zipkero.ResourceRunner.Task015'
    t =    10.69s     Check for interrupting elements affecting "ResourceRunner" Application
    t =    10.70s     Synthesize event
    t =    10.73s     Wait for com.zipkero.ResourceRunner.Task015 to idle
    t =    10.74s Requesting snapshot of accessibility hierarchy for app with pid 84794
    t =    10.83s Requesting snapshot of accessibility hierarchy for app with pid 84794
    t =    10.90s Type '⇥' key (XCUIKeyboardKeyTab) with no modifiers
    t =    10.90s     Wait for com.zipkero.ResourceRunner.Task015 to idle
    t =    10.90s     Find the Target Application 'com.zipkero.ResourceRunner.Task015'
    t =    10.93s     Check for interrupting elements affecting "ResourceRunner" Application
    t =    10.93s     Synthesize event
    t =    10.97s     Wait for com.zipkero.ResourceRunner.Task015 to idle
    t =    10.97s Requesting snapshot of accessibility hierarchy for app with pid 84794
    t =    11.05s Requesting snapshot of accessibility hierarchy for app with pid 84794
    t =    11.12s Type '⇥' key (XCUIKeyboardKeyTab) with no modifiers
    t =    11.12s     Wait for com.zipkero.ResourceRunner.Task015 to idle
    t =    11.12s     Find the Target Application 'com.zipkero.ResourceRunner.Task015'
    t =    11.16s     Check for interrupting elements affecting "ResourceRunner" Application
    t =    11.16s     Synthesize event
    t =    11.21s     Wait for com.zipkero.ResourceRunner.Task015 to idle
    t =    11.21s Requesting snapshot of accessibility hierarchy for app with pid 84794
    t =    11.29s Requesting snapshot of accessibility hierarchy for app with pid 84794
    t =    11.37s Type '⇥' key (XCUIKeyboardKeyTab) with no modifiers
    t =    11.37s     Wait for com.zipkero.ResourceRunner.Task015 to idle
    t =    11.37s     Find the Target Application 'com.zipkero.ResourceRunner.Task015'
    t =    11.41s     Check for interrupting elements affecting "ResourceRunner" Application
    t =    11.41s     Synthesize event
    t =    11.47s     Wait for com.zipkero.ResourceRunner.Task015 to idle
    t =    11.48s Requesting snapshot of accessibility hierarchy for app with pid 84794
    t =    11.55s Requesting snapshot of accessibility hierarchy for app with pid 84794
    t =    11.64s Type '⇥' key (XCUIKeyboardKeyTab) with no modifiers
    t =    11.64s     Wait for com.zipkero.ResourceRunner.Task015 to idle
    t =    11.64s     Find the Target Application 'com.zipkero.ResourceRunner.Task015'
    t =    11.68s     Check for interrupting elements affecting "ResourceRunner" Application
    t =    11.68s     Synthesize event
    t =    11.73s     Wait for com.zipkero.ResourceRunner.Task015 to idle
    t =    11.73s Requesting snapshot of accessibility hierarchy for app with pid 84794
    t =    11.82s Requesting snapshot of accessibility hierarchy for app with pid 84794
    t =    11.89s Type '⇥' key (XCUIKeyboardKeyTab) with no modifiers
    t =    11.89s     Wait for com.zipkero.ResourceRunner.Task015 to idle
    t =    11.89s     Find the Target Application 'com.zipkero.ResourceRunner.Task015'
    t =    11.92s     Check for interrupting elements affecting "ResourceRunner" Application
    t =    11.92s     Synthesize event
    t =    11.96s     Wait for com.zipkero.ResourceRunner.Task015 to idle
    t =    11.96s Requesting snapshot of accessibility hierarchy for app with pid 84794
    t =    12.05s Requesting snapshot of accessibility hierarchy for app with pid 84794
    t =    12.12s Type '⇥' key (XCUIKeyboardKeyTab) with no modifiers
    t =    12.12s     Wait for com.zipkero.ResourceRunner.Task015 to idle
    t =    12.12s     Find the Target Application 'com.zipkero.ResourceRunner.Task015'
    t =    12.15s     Check for interrupting elements affecting "ResourceRunner" Application
    t =    12.16s     Synthesize event
    t =    12.21s     Wait for com.zipkero.ResourceRunner.Task015 to idle
    t =    12.21s Requesting snapshot of accessibility hierarchy for app with pid 84794
    t =    12.29s Requesting snapshot of accessibility hierarchy for app with pid 84794
    t =    12.37s Type '⇥' key (XCUIKeyboardKeyTab) with no modifiers
    t =    12.37s     Wait for com.zipkero.ResourceRunner.Task015 to idle
    t =    12.37s     Find the Target Application 'com.zipkero.ResourceRunner.Task015'
    t =    12.40s     Check for interrupting elements affecting "ResourceRunner" Application
    t =    12.40s     Synthesize event
    t =    12.44s     Wait for com.zipkero.ResourceRunner.Task015 to idle
    t =    12.45s Requesting snapshot of accessibility hierarchy for app with pid 84794
    t =    12.52s Requesting snapshot of accessibility hierarchy for app with pid 84794
    t =    12.60s Type '⇥' key (XCUIKeyboardKeyTab) with no modifiers
    t =    12.60s     Wait for com.zipkero.ResourceRunner.Task015 to idle
    t =    12.60s     Find the Target Application 'com.zipkero.ResourceRunner.Task015'
    t =    12.64s     Check for interrupting elements affecting "ResourceRunner" Application
    t =    12.64s     Synthesize event
    t =    12.69s     Wait for com.zipkero.ResourceRunner.Task015 to idle
    t =    12.69s Requesting snapshot of accessibility hierarchy for app with pid 84794
    t =    12.77s Requesting snapshot of accessibility hierarchy for app with pid 84794
    t =    12.85s Type '⇥' key (XCUIKeyboardKeyTab) with no modifiers
    t =    12.85s     Wait for com.zipkero.ResourceRunner.Task015 to idle
    t =    12.85s     Find the Target Application 'com.zipkero.ResourceRunner.Task015'
    t =    12.89s     Check for interrupting elements affecting "ResourceRunner" Application
    t =    12.89s     Synthesize event
    t =    12.93s     Wait for com.zipkero.ResourceRunner.Task015 to idle
    t =    12.94s Requesting snapshot of accessibility hierarchy for app with pid 84794
    t =    13.02s Requesting snapshot of accessibility hierarchy for app with pid 84794
    t =    13.10s Type '⇥' key (XCUIKeyboardKeyTab) with no modifiers
    t =    13.10s     Wait for com.zipkero.ResourceRunner.Task015 to idle
    t =    13.10s     Find the Target Application 'com.zipkero.ResourceRunner.Task015'
    t =    13.14s     Check for interrupting elements affecting "ResourceRunner" Application
    t =    13.14s     Synthesize event
    t =    13.20s     Wait for com.zipkero.ResourceRunner.Task015 to idle
    t =    13.20s Requesting snapshot of accessibility hierarchy for app with pid 84794
    t =    13.29s Requesting snapshot of accessibility hierarchy for app with pid 84794
    t =    13.36s Type '⇥' key (XCUIKeyboardKeyTab) with no modifiers
    t =    13.36s     Wait for com.zipkero.ResourceRunner.Task015 to idle
    t =    13.36s     Find the Target Application 'com.zipkero.ResourceRunner.Task015'
    t =    13.40s     Check for interrupting elements affecting "ResourceRunner" Application
    t =    13.40s     Synthesize event
    t =    13.44s     Wait for com.zipkero.ResourceRunner.Task015 to idle
    t =    13.45s Requesting snapshot of accessibility hierarchy for app with pid 84794
    t =    13.53s Requesting snapshot of accessibility hierarchy for app with pid 84794
    t =    13.60s Type '⇥' key (XCUIKeyboardKeyTab) with no modifiers
    t =    13.60s     Wait for com.zipkero.ResourceRunner.Task015 to idle
    t =    13.61s     Find the Target Application 'com.zipkero.ResourceRunner.Task015'
    t =    13.65s     Check for interrupting elements affecting "ResourceRunner" Application
    t =    13.65s     Synthesize event
    t =    13.71s     Wait for com.zipkero.ResourceRunner.Task015 to idle
    t =    13.71s Requesting snapshot of accessibility hierarchy for app with pid 84794
    t =    13.80s Requesting snapshot of accessibility hierarchy for app with pid 84794
    t =    13.88s Type '⇥' key (XCUIKeyboardKeyTab) with no modifiers
    t =    13.88s     Wait for com.zipkero.ResourceRunner.Task015 to idle
    t =    13.88s     Find the Target Application 'com.zipkero.ResourceRunner.Task015'
    t =    13.91s     Check for interrupting elements affecting "ResourceRunner" Application
    t =    13.91s     Synthesize event
    t =    13.97s     Wait for com.zipkero.ResourceRunner.Task015 to idle
    t =    13.97s Requesting snapshot of accessibility hierarchy for app with pid 84794
    t =    14.05s Requesting snapshot of accessibility hierarchy for app with pid 84794
    t =    14.13s Type '⇥' key (XCUIKeyboardKeyTab) with no modifiers
    t =    14.13s     Wait for com.zipkero.ResourceRunner.Task015 to idle
    t =    14.14s     Find the Target Application 'com.zipkero.ResourceRunner.Task015'
    t =    14.17s     Check for interrupting elements affecting "ResourceRunner" Application
    t =    14.17s     Synthesize event
    t =    14.21s     Wait for com.zipkero.ResourceRunner.Task015 to idle
    t =    14.21s Requesting snapshot of accessibility hierarchy for app with pid 84794
    t =    14.30s Requesting snapshot of accessibility hierarchy for app with pid 84794
    t =    14.37s Type '⇥' key (XCUIKeyboardKeyTab) with no modifiers
    t =    14.37s     Wait for com.zipkero.ResourceRunner.Task015 to idle
    t =    14.37s     Find the Target Application 'com.zipkero.ResourceRunner.Task015'
    t =    14.41s     Check for interrupting elements affecting "ResourceRunner" Application
    t =    14.41s     Synthesize event
    t =    14.48s     Wait for com.zipkero.ResourceRunner.Task015 to idle
    t =    14.49s Requesting snapshot of accessibility hierarchy for app with pid 84794
    t =    14.57s Requesting snapshot of accessibility hierarchy for app with pid 84794
    t =    14.65s Type '⇥' key (XCUIKeyboardKeyTab) with no modifiers
    t =    14.65s     Wait for com.zipkero.ResourceRunner.Task015 to idle
    t =    14.65s     Find the Target Application 'com.zipkero.ResourceRunner.Task015'
    t =    14.69s     Check for interrupting elements affecting "ResourceRunner" Application
    t =    14.69s     Synthesize event
    t =    14.72s     Wait for com.zipkero.ResourceRunner.Task015 to idle
    t =    14.73s Requesting snapshot of accessibility hierarchy for app with pid 84794
    t =    14.82s Requesting snapshot of accessibility hierarchy for app with pid 84794
    t =    14.89s Type '⇥' key (XCUIKeyboardKeyTab) with no modifiers
    t =    14.89s     Wait for com.zipkero.ResourceRunner.Task015 to idle
    t =    14.89s     Find the Target Application 'com.zipkero.ResourceRunner.Task015'
    t =    14.93s     Check for interrupting elements affecting "ResourceRunner" Application
    t =    14.93s     Synthesize event
    t =    14.97s     Wait for com.zipkero.ResourceRunner.Task015 to idle
    t =    14.97s Requesting snapshot of accessibility hierarchy for app with pid 84794
    t =    15.05s Requesting snapshot of accessibility hierarchy for app with pid 84794
    t =    15.12s Type '⇥' key (XCUIKeyboardKeyTab) with no modifiers
    t =    15.12s     Wait for com.zipkero.ResourceRunner.Task015 to idle
    t =    15.12s     Find the Target Application 'com.zipkero.ResourceRunner.Task015'
    t =    15.16s     Check for interrupting elements affecting "ResourceRunner" Application
    t =    15.16s     Synthesize event
    t =    15.19s     Wait for com.zipkero.ResourceRunner.Task015 to idle
    t =    15.19s Requesting snapshot of accessibility hierarchy for app with pid 84794
    t =    15.28s Requesting snapshot of accessibility hierarchy for app with pid 84794
    t =    15.35s Type '⇥' key (XCUIKeyboardKeyTab) with no modifiers
    t =    15.35s     Wait for com.zipkero.ResourceRunner.Task015 to idle
    t =    15.35s     Find the Target Application 'com.zipkero.ResourceRunner.Task015'
    t =    15.39s     Check for interrupting elements affecting "ResourceRunner" Application
    t =    15.39s     Synthesize event
    t =    15.42s     Wait for com.zipkero.ResourceRunner.Task015 to idle
    t =    15.43s Requesting snapshot of accessibility hierarchy for app with pid 84794
    t =    15.51s Requesting snapshot of accessibility hierarchy for app with pid 84794
    t =    15.59s Type '⇥' key (XCUIKeyboardKeyTab) with no modifiers
    t =    15.59s     Wait for com.zipkero.ResourceRunner.Task015 to idle
    t =    15.59s     Find the Target Application 'com.zipkero.ResourceRunner.Task015'
    t =    15.62s     Check for interrupting elements affecting "ResourceRunner" Application
    t =    15.62s     Synthesize event
    t =    15.66s     Wait for com.zipkero.ResourceRunner.Task015 to idle
    t =    15.66s Requesting snapshot of accessibility hierarchy for app with pid 84794
    t =    15.73s Requesting snapshot of accessibility hierarchy for app with pid 84794
    t =    15.80s Type '⇥' key (XCUIKeyboardKeyTab) with no modifiers
    t =    15.80s     Wait for com.zipkero.ResourceRunner.Task015 to idle
    t =    15.80s     Find the Target Application 'com.zipkero.ResourceRunner.Task015'
    t =    15.84s     Check for interrupting elements affecting "ResourceRunner" Application
    t =    15.84s     Synthesize event
    t =    15.91s     Wait for com.zipkero.ResourceRunner.Task015 to idle
    t =    15.92s Requesting snapshot of accessibility hierarchy for app with pid 84794
    t =    16.00s Requesting snapshot of accessibility hierarchy for app with pid 84794
    t =    16.08s Type '⇥' key (XCUIKeyboardKeyTab) with no modifiers
    t =    16.08s     Wait for com.zipkero.ResourceRunner.Task015 to idle
    t =    16.08s     Find the Target Application 'com.zipkero.ResourceRunner.Task015'
    t =    16.12s     Check for interrupting elements affecting "ResourceRunner" Application
    t =    16.12s     Synthesize event
    t =    16.15s     Wait for com.zipkero.ResourceRunner.Task015 to idle
    t =    16.15s Requesting snapshot of accessibility hierarchy for app with pid 84794
    t =    16.23s Requesting snapshot of accessibility hierarchy for app with pid 84794
    t =    16.30s Type '⇥' key (XCUIKeyboardKeyTab) with no modifiers
    t =    16.30s     Wait for com.zipkero.ResourceRunner.Task015 to idle
    t =    16.30s     Find the Target Application 'com.zipkero.ResourceRunner.Task015'
    t =    16.34s     Check for interrupting elements affecting "ResourceRunner" Application
    t =    16.34s     Synthesize event
    t =    16.37s     Wait for com.zipkero.ResourceRunner.Task015 to idle
    t =    16.38s Requesting snapshot of accessibility hierarchy for app with pid 84794
    t =    16.46s Requesting snapshot of accessibility hierarchy for app with pid 84794
    t =    16.53s Type '⇥' key (XCUIKeyboardKeyTab) with no modifiers
    t =    16.53s     Wait for com.zipkero.ResourceRunner.Task015 to idle
    t =    16.54s     Find the Target Application 'com.zipkero.ResourceRunner.Task015'
    t =    16.57s     Check for interrupting elements affecting "ResourceRunner" Application
    t =    16.57s     Synthesize event
    t =    16.61s     Wait for com.zipkero.ResourceRunner.Task015 to idle
    t =    16.61s Requesting snapshot of accessibility hierarchy for app with pid 84794
    t =    16.70s Requesting snapshot of accessibility hierarchy for app with pid 84794
    t =    16.77s Type '⇥' key (XCUIKeyboardKeyTab) with no modifiers
    t =    16.77s     Wait for com.zipkero.ResourceRunner.Task015 to idle
    t =    16.77s     Find the Target Application 'com.zipkero.ResourceRunner.Task015'
    t =    16.80s     Check for interrupting elements affecting "ResourceRunner" Application
    t =    16.81s     Synthesize event
    t =    16.84s     Wait for com.zipkero.ResourceRunner.Task015 to idle
    t =    16.84s Requesting snapshot of accessibility hierarchy for app with pid 84794
    t =    16.93s Requesting snapshot of accessibility hierarchy for app with pid 84794
    t =    17.00s Type '⇥' key (XCUIKeyboardKeyTab) with no modifiers
    t =    17.00s     Wait for com.zipkero.ResourceRunner.Task015 to idle
    t =    17.01s     Find the Target Application 'com.zipkero.ResourceRunner.Task015'
    t =    17.04s     Check for interrupting elements affecting "ResourceRunner" Application
    t =    17.04s     Synthesize event
    t =    17.09s     Wait for com.zipkero.ResourceRunner.Task015 to idle
    t =    17.10s Requesting snapshot of accessibility hierarchy for app with pid 84794
    t =    17.17s Requesting snapshot of accessibility hierarchy for app with pid 84794
    t =    17.25s Type '⇥' key (XCUIKeyboardKeyTab) with no modifiers
    t =    17.25s     Wait for com.zipkero.ResourceRunner.Task015 to idle
    t =    17.25s     Find the Target Application 'com.zipkero.ResourceRunner.Task015'
    t =    17.29s     Check for interrupting elements affecting "ResourceRunner" Application
    t =    17.29s     Synthesize event
    t =    17.34s     Wait for com.zipkero.ResourceRunner.Task015 to idle
    t =    17.35s Requesting snapshot of accessibility hierarchy for app with pid 84794
    t =    17.43s Requesting snapshot of accessibility hierarchy for app with pid 84794
    t =    17.51s Type '⇥' key (XCUIKeyboardKeyTab) with no modifiers
    t =    17.51s     Wait for com.zipkero.ResourceRunner.Task015 to idle
    t =    17.51s     Find the Target Application 'com.zipkero.ResourceRunner.Task015'
    t =    17.55s     Check for interrupting elements affecting "ResourceRunner" Application
    t =    17.55s     Synthesize event
    t =    17.61s     Wait for com.zipkero.ResourceRunner.Task015 to idle
    t =    17.61s Requesting snapshot of accessibility hierarchy for app with pid 84794
    t =    17.70s Requesting snapshot of accessibility hierarchy for app with pid 84794
    t =    17.78s Type '⇥' key (XCUIKeyboardKeyTab) with no modifiers
    t =    17.78s     Wait for com.zipkero.ResourceRunner.Task015 to idle
    t =    17.78s     Find the Target Application 'com.zipkero.ResourceRunner.Task015'
    t =    17.81s     Check for interrupting elements affecting "ResourceRunner" Application
    t =    17.81s     Synthesize event
    t =    17.86s     Wait for com.zipkero.ResourceRunner.Task015 to idle
    t =    17.87s Requesting snapshot of accessibility hierarchy for app with pid 84794
    t =    17.95s Requesting snapshot of accessibility hierarchy for app with pid 84794
    t =    18.03s Type '⇥' key (XCUIKeyboardKeyTab) with no modifiers
    t =    18.03s     Wait for com.zipkero.ResourceRunner.Task015 to idle
    t =    18.04s     Find the Target Application 'com.zipkero.ResourceRunner.Task015'
    t =    18.07s     Check for interrupting elements affecting "ResourceRunner" Application
    t =    18.07s     Synthesize event
    t =    18.11s     Wait for com.zipkero.ResourceRunner.Task015 to idle
2026-10-09 14:26:12.225746+0900 ResourceRunnerUITests-Runner[84783:57321927] RR_AUTO_TAB_REACHED=no TRACE= |             Button, 0x79b8caa80, {{1170.0, 475.5}, {73.0, 24.0}}, identifier: 'SettingsNextDetailListLimit', label: '다음 개수', Keyboard Focused |             Button, 0x79b8bf200, {{1170.0, 540.0}, {73.0, 24.0}}, identifier: 'SettingsNextGraphRange', label: '다음 시간', Keyboard Focused |             Button, 0x79b8bb980, {{1170.0, 540.0}, {73.0, 24.0}}, identifier: 'SettingsNextRefreshProfile', label: '다음 속도', Keyboard Focused |             Button, 0x79b884140, {{893.0, 541.0}, {73.0, 24.0}}, identifier: 'SettingsLoginRefresh', label: '다시 확인', Keyboard Focused |             Button, 0x79b8b92c0, {{893.0, 541.0}, {84.0, 24.0}}, identifier: 'SettingsRestoreDefaults', label: '기본값 복원', Keyboard Focused |  |             Button, 0x79b8c6a80, {{1170.0, 75.0}, {73.0, 24.0}}, identifier: 'SettingsNextDetailListLimit', label: '다음 개수', Keyboard Focused |             Button, 0x79b8c3200, {{1170.0, 222.0}, {73.0, 24.0}}, identifier: 'SettingsNextGr
/tmp/rr-m4-015-isolated/ResourceRunnerUITests/SettingsWindowUITests.swift:158: error: -[ResourceRunnerUITests.SettingsWindowUITests testAutomaticPopoverToggleTabReachability] : XCTAssertTrue failed
    t =    18.17s Tear Down
Test Case '-[ResourceRunnerUITests.SettingsWindowUITests testAutomaticPopoverToggleTabReachability]' failed (18.529 seconds).
Test Suite 'SettingsWindowUITests' failed at 2026-10-09 14:26:12.644.
	 Executed 1 test, with 1 failure (0 unexpected) in 18.529 (18.530) seconds
Test Suite 'ResourceRunnerUITests.xctest' failed at 2026-10-09 14:26:12.646.
	 Executed 1 test, with 1 failure (0 unexpected) in 18.529 (18.531) seconds
Test Suite 'Selected tests' failed at 2026-10-09 14:26:12.647.
	 Executed 1 test, with 1 failure (0 unexpected) in 18.529 (18.533) seconds
2026-10-09 14:26:17.003 xcodebuild[84768:57321768] [MT] IDETestOperationsObserverDebug: 23.350 elapsed -- Testing started completed.
2026-10-09 14:26:17.004 xcodebuild[84768:57321768] [MT] IDETestOperationsObserverDebug: 0.000 sec, +0.000 sec -- start
2026-10-09 14:26:17.004 xcodebuild[84768:57321768] [MT] IDETestOperationsObserverDebug: 23.350 sec, +23.350 sec -- end

Test session results, code coverage, and logs:
	/tmp/rr-m4-015-unique-tab.xcresult

Failing tests:
	SettingsWindowUITests.testAutomaticPopoverToggleTabReachability()

** TEST EXECUTE FAILED **

Testing started
