AX wall=2026-10-09T02:59:33Z tick=0 id=NetworkCard label=Network 카드, 일부 수집 실패: 물리 대상의 식별·연결·속도 일부를 확인하지 못했습니다, 확인된 일부 합계 다운로드 8.9 KB/s, 업로드 2.0 KB/s, 일부 수집 실패: 대상 identity 또는 물리 정보 일부 미확인, 활성 확인 4개 · 논리·Wi-Fi·가상 · 상태 미확인 8개, 단축키 ⌘3
AX wall=2026-10-09T02:59:33Z tick=0 id=NetworkDetail label=
AX wall=2026-10-09T02:59:33Z tick=0 id=NetworkInterface-en0 label=en0 · 물리 Wi-Fi · 연결 활성, 분류 근거: SC Wi-Fi; hardware provider IOSkywalkLegacyEthernetInterface/IO80211Controller/IOUserNetworkWLAN/IOUserService/IOUserService/IOPCIDevice/ApplePCIEHostBridge/IOPCIDevice/AppleT6031PCIe/AppleARMIODevice/AppleH15IO/IOPlatformDevice/AppleARMPE/IOPlatformExpertDevice/IORegistryEntry, 현재 RX 8.9 KB/s · 현재 TX 2.0 KB/s · 원본 조회 0초 전, 원시 누적 RX 3,631,703,040 B · 원시 누적 TX 3,881,577,472 B, IPv4 192.168.45.238, IPv6 fe80::14e6:9bab:53c7:9c64%en0, 링크 속도 미지원 · unsupported: ifi_baudrate=304200000 nominal line speed; negotiated rate unverified
AX wall=2026-10-09T02:59:33Z tick=0 id=NetworkInterface-llw0 label=llw0 · 종류 미확인 · 연결 상태 미확인, 분류 근거: IORegistry provider unavailable; SC type=, 현재 RX 0.0 B/s · 현재 TX 0.0 B/s · 원본 조회 0초 전, 원시 누적 RX 0 B · 원시 누적 TX 0 B, IPv4 없음 또는 미확인, IPv6 fe80::3830:5dff:fe74:1420%llw0, 링크 속도 미지원 · unsupported: ifi_baudrate zero or sentinel
AX wall=2026-10-09T02:59:33Z tick=0 id=NetworkInterface-awdl0 label=awdl0 · 가상 · 연결 활성, 분류 근거: SIOCGIFFUNCTIONALTYPE=4, 현재 RX 0.0 B/s · 현재 TX 0.0 B/s · 원본 조회 0초 전, 원시 누적 RX 9,789,440 B · 원시 누적 TX 9,830,400 B, IPv4 없음 또는 미확인, IPv6 fe80::3830:5dff:fe74:1420%awdl0, 링크 속도 미지원 · unsupported: ifi_baudrate zero or sentinel
AX wall=2026-10-09T02:59:34Z tick=1 id=NetworkCard label=Network 카드, 일부 수집 실패: 물리 대상의 식별·연결·속도 일부를 확인하지 못했습니다, 확인된 일부 합계 다운로드 34.6 KB/s, 업로드 11.9 KB/s, 일부 수집 실패: 대상 identity 또는 물리 정보 일부 미확인, 활성 확인 4개 · 논리·Wi-Fi·가상 · 상태 미확인 8개, 단축키 ⌘3
AX wall=2026-10-09T02:59:34Z tick=1 id=NetworkDetail label=
AX wall=2026-10-09T02:59:34Z tick=1 id=NetworkInterface-en0 label=en0 · 물리 Wi-Fi · 연결 활성, 분류 근거: SC Wi-Fi; hardware provider IOSkywalkLegacyEthernetInterface/IO80211Controller/IOUserNetworkWLAN/IOUserService/IOUserService/IOPCIDevice/ApplePCIEHostBridge/IOPCIDevice/AppleT6031PCIe/AppleARMIODevice/AppleH15IO/IOPlatformDevice/AppleARMPE/IOPlatformExpertDevice/IORegistryEntry, 현재 RX 34.6 KB/s · 현재 TX 11.9 KB/s · 원본 조회 0초 전, 원시 누적 RX 3,631,738,880 B · 원시 누적 TX 3,881,589,760 B, IPv4 192.168.45.238, IPv6 fe80::14e6:9bab:53c7:9c64%en0, 링크 속도 미지원 · unsupported: ifi_baudrate=304200000 nominal line speed; negotiated rate unverified
AX wall=2026-10-09T02:59:34Z tick=1 id=NetworkInterface-llw0 label=llw0 · 종류 미확인 · 연결 상태 미확인, 분류 근거: IORegistry provider unavailable; SC type=, 현재 RX 0.0 B/s · 현재 TX 0.0 B/s · 원본 조회 0초 전, 원시 누적 RX 0 B · 원시 누적 TX 0 B, IPv4 없음 또는 미확인, IPv6 fe80::3830:5dff:fe74:1420%llw0, 링크 속도 미지원 · unsupported: ifi_baudrate zero or sentinel
AX wall=2026-10-09T02:59:34Z tick=1 id=NetworkInterface-awdl0 label=awdl0 · 가상 · 연결 활성, 분류 근거: SIOCGIFFUNCTIONALTYPE=4, 현재 RX 0.0 B/s · 현재 TX 0.0 B/s · 원본 조회 0초 전, 원시 누적 RX 9,789,440 B · 원시 누적 TX 9,830,400 B, IPv4 없음 또는 미확인, IPv6 fe80::3830:5dff:fe74:1420%awdl0, 링크 속도 미지원 · unsupported: ifi_baudrate zero or sentinel
AX wall=2026-10-09T02:59:35Z tick=2 id=NetworkCard label=Network 카드, 일부 수집 실패: 물리 대상의 식별·연결·속도 일부를 확인하지 못했습니다, 확인된 일부 합계 다운로드 33.6 KB/s, 업로드 1.0 KB/s, 일부 수집 실패: 대상 identity 또는 물리 정보 일부 미확인, 활성 확인 4개 · 논리·Wi-Fi·가상 · 상태 미확인 8개, 단축키 ⌘3
AX wall=2026-10-09T02:59:35Z tick=2 id=NetworkDetail label=
AX wall=2026-10-09T02:59:35Z tick=2 id=NetworkInterface-en0 label=en0 · 물리 Wi-Fi · 연결 활성, 분류 근거: SC Wi-Fi; hardware provider IOSkywalkLegacyEthernetInterface/IO80211Controller/IOUserNetworkWLAN/IOUserService/IOUserService/IOPCIDevice/ApplePCIEHostBridge/IOPCIDevice/AppleT6031PCIe/AppleARMIODevice/AppleH15IO/IOPlatformDevice/AppleARMPE/IOPlatformExpertDevice/IORegistryEntry, 현재 RX 33.6 KB/s · 현재 TX 1.0 KB/s · 원본 조회 0초 전, 원시 누적 RX 3,631,771,648 B · 원시 누적 TX 3,881,590,784 B, IPv4 192.168.45.238, IPv6 fe80::14e6:9bab:53c7:9c64%en0, 링크 속도 미지원 · unsupported: ifi_baudrate=304200000 nominal line speed; negotiated rate unverified
AX wall=2026-10-09T02:59:35Z tick=2 id=NetworkInterface-llw0 label=llw0 · 종류 미확인 · 연결 상태 미확인, 분류 근거: IORegistry provider unavailable; SC type=, 현재 RX 0.0 B/s · 현재 TX 0.0 B/s · 원본 조회 0초 전, 원시 누적 RX 0 B · 원시 누적 TX 0 B, IPv4 없음 또는 미확인, IPv6 fe80::3830:5dff:fe74:1420%llw0, 링크 속도 미지원 · unsupported: ifi_baudrate zero or sentinel
AX wall=2026-10-09T02:59:35Z tick=2 id=NetworkInterface-awdl0 label=awdl0 · 가상 · 연결 활성, 분류 근거: SIOCGIFFUNCTIONALTYPE=4, 현재 RX 0.0 B/s · 현재 TX 0.0 B/s · 원본 조회 0초 전, 원시 누적 RX 9,789,440 B · 원시 누적 TX 9,830,400 B, IPv4 없음 또는 미확인, IPv6 fe80::3830:5dff:fe74:1420%awdl0, 링크 속도 미지원 · unsupported: ifi_baudrate zero or sentinel
AX wall=2026-10-09T02:59:37Z tick=3 id=NetworkCard label=Network 카드, 일부 수집 실패: 물리 대상의 식별·연결·속도 일부를 확인하지 못했습니다, 확인된 일부 합계 다운로드 10.3 KB/s, 업로드 2.8 KB/s, 일부 수집 실패: 대상 identity 또는 물리 정보 일부 미확인, 활성 확인 4개 · 논리·Wi-Fi·가상 · 상태 미확인 8개, 단축키 ⌘3
AX wall=2026-10-09T02:59:37Z tick=3 id=NetworkDetail label=
AX wall=2026-10-09T02:59:37Z tick=3 id=NetworkInterface-en0 label=en0 · 물리 Wi-Fi · 연결 활성, 분류 근거: SC Wi-Fi; hardware provider IOSkywalkLegacyEthernetInterface/IO80211Controller/IOUserNetworkWLAN/IOUserService/IOUserService/IOPCIDevice/ApplePCIEHostBridge/IOPCIDevice/AppleT6031PCIe/AppleARMIODevice/AppleH15IO/IOPlatformDevice/AppleARMPE/IOPlatformExpertDevice/IORegistryEntry, 현재 RX 10.3 KB/s · 현재 TX 2.8 KB/s · 원본 조회 0초 전, 원시 누적 RX 3,631,782,912 B · 원시 누적 TX 3,881,593,856 B, IPv4 192.168.45.238, IPv6 fe80::14e6:9bab:53c7:9c64%en0, 링크 속도 미지원 · unsupported: ifi_baudrate=304200000 nominal line speed; negotiated rate unverified
AX wall=2026-10-09T02:59:37Z tick=3 id=NetworkInterface-llw0 label=llw0 · 종류 미확인 · 연결 상태 미확인, 분류 근거: IORegistry provider unavailable; SC type=, 현재 RX 0.0 B/s · 현재 TX 0.0 B/s · 원본 조회 0초 전, 원시 누적 RX 0 B · 원시 누적 TX 0 B, IPv4 없음 또는 미확인, IPv6 fe80::3830:5dff:fe74:1420%llw0, 링크 속도 미지원 · unsupported: ifi_baudrate zero or sentinel
AX wall=2026-10-09T02:59:37Z tick=3 id=NetworkInterface-awdl0 label=awdl0 · 가상 · 연결 활성, 분류 근거: SIOCGIFFUNCTIONALTYPE=4, 현재 RX 0.0 B/s · 현재 TX 0.0 B/s · 원본 조회 0초 전, 원시 누적 RX 9,789,440 B · 원시 누적 TX 9,830,400 B, IPv4 없음 또는 미확인, IPv6 fe80::3830:5dff:fe74:1420%awdl0, 링크 속도 미지원 · unsupported: ifi_baudrate zero or sentinel
AX wall=2026-10-09T02:59:38Z tick=4 id=NetworkCard label=Network 카드, 일부 수집 실패: 물리 대상의 식별·연결·속도 일부를 확인하지 못했습니다, 확인된 일부 합계 다운로드 51.4 KB/s, 업로드 32.5 KB/s, 일부 수집 실패: 대상 identity 또는 물리 정보 일부 미확인, 활성 확인 4개 · 논리·Wi-Fi·가상 · 상태 미확인 8개, 단축키 ⌘3
AX wall=2026-10-09T02:59:38Z tick=4 id=NetworkDetail label=
AX wall=2026-10-09T02:59:38Z tick=4 id=NetworkInterface-en0 label=en0 · 물리 Wi-Fi · 연결 활성, 분류 근거: SC Wi-Fi; hardware provider IOSkywalkLegacyEthernetInterface/IO80211Controller/IOUserNetworkWLAN/IOUserService/IOUserService/IOPCIDevice/ApplePCIEHostBridge/IOPCIDevice/AppleT6031PCIe/AppleARMIODevice/AppleH15IO/IOPlatformDevice/AppleARMPE/IOPlatformExpertDevice/IORegistryEntry, 현재 RX 51.4 KB/s · 현재 TX 32.5 KB/s · 원본 조회 0초 전, 원시 누적 RX 3,631,833,088 B · 원시 누적 TX 3,881,625,600 B, IPv4 192.168.45.238, IPv6 fe80::14e6:9bab:53c7:9c64%en0, 링크 속도 미지원 · unsupported: ifi_baudrate=304200000 nominal line speed; negotiated rate unverified
AX wall=2026-10-09T02:59:38Z tick=4 id=NetworkInterface-llw0 label=llw0 · 종류 미확인 · 연결 상태 미확인, 분류 근거: IORegistry provider unavailable; SC type=, 현재 RX 0.0 B/s · 현재 TX 0.0 B/s · 원본 조회 0초 전, 원시 누적 RX 0 B · 원시 누적 TX 0 B, IPv4 없음 또는 미확인, IPv6 fe80::3830:5dff:fe74:1420%llw0, 링크 속도 미지원 · unsupported: ifi_baudrate zero or sentinel
AX wall=2026-10-09T02:59:38Z tick=4 id=NetworkInterface-awdl0 label=awdl0 · 가상 · 연결 활성, 분류 근거: SIOCGIFFUNCTIONALTYPE=4, 현재 RX 0.0 B/s · 현재 TX 0.0 B/s · 원본 조회 0초 전, 원시 누적 RX 9,789,440 B · 원시 누적 TX 9,830,400 B, IPv4 없음 또는 미확인, IPv6 fe80::3830:5dff:fe74:1420%awdl0, 링크 속도 미지원 · unsupported: ifi_baudrate zero or sentinel
AX wall=2026-10-09T02:59:39Z tick=5 id=NetworkCard label=Network 카드, 일부 수집 실패: 물리 대상의 식별·연결·속도 일부를 확인하지 못했습니다, 확인된 일부 합계 다운로드 70.1 KB/s, 업로드 19.3 KB/s, 일부 수집 실패: 대상 identity 또는 물리 정보 일부 미확인, 활성 확인 4개 · 논리·Wi-Fi·가상 · 상태 미확인 8개, 단축키 ⌘3
AX wall=2026-10-09T02:59:39Z tick=5 id=NetworkDetail label=
AX wall=2026-10-09T02:59:39Z tick=5 id=NetworkInterface-en0 label=en0 · 물리 Wi-Fi · 연결 활성, 분류 근거: SC Wi-Fi; hardware provider IOSkywalkLegacyEthernetInterface/IO80211Controller/IOUserNetworkWLAN/IOUserService/IOUserService/IOPCIDevice/ApplePCIEHostBridge/IOPCIDevice/AppleT6031PCIe/AppleARMIODevice/AppleH15IO/IOPlatformDevice/AppleARMPE/IOPlatformExpertDevice/IORegistryEntry, 현재 RX 70.1 KB/s · 현재 TX 19.3 KB/s · 원본 조회 0초 전, 원시 누적 RX 3,631,903,744 B · 원시 누적 TX 3,881,645,056 B, IPv4 192.168.45.238, IPv6 fe80::14e6:9bab:53c7:9c64%en0, 링크 속도 미지원 · unsupported: ifi_baudrate=304200000 nominal line speed; negotiated rate unverified
AX wall=2026-10-09T02:59:39Z tick=5 id=NetworkInterface-llw0 label=llw0 · 종류 미확인 · 연결 상태 미확인, 분류 근거: IORegistry provider unavailable; SC type=, 현재 RX 0.0 B/s · 현재 TX 0.0 B/s · 원본 조회 0초 전, 원시 누적 RX 0 B · 원시 누적 TX 0 B, IPv4 없음 또는 미확인, IPv6 fe80::3830:5dff:fe74:1420%llw0, 링크 속도 미지원 · unsupported: ifi_baudrate zero or sentinel
AX wall=2026-10-09T02:59:39Z tick=5 id=NetworkInterface-awdl0 label=awdl0 · 가상 · 연결 활성, 분류 근거: SIOCGIFFUNCTIONALTYPE=4, 현재 RX 0.0 B/s · 현재 TX 0.0 B/s · 원본 조회 0초 전, 원시 누적 RX 9,789,440 B · 원시 누적 TX 9,830,400 B, IPv4 없음 또는 미확인, IPv6 fe80::3830:5dff:fe74:1420%awdl0, 링크 속도 미지원 · unsupported: ifi_baudrate zero or sentinel
AX wall=2026-10-09T02:59:40Z tick=6 id=NetworkCard label=Network 카드, 일부 수집 실패: 물리 대상의 식별·연결·속도 일부를 확인하지 못했습니다, 확인된 일부 합계 다운로드 0.0 B/s, 업로드 0.0 B/s, 일부 수집 실패: 대상 identity 또는 물리 정보 일부 미확인, 활성 확인 4개 · 논리·Wi-Fi·가상 · 상태 미확인 8개, 단축키 ⌘3
AX wall=2026-10-09T02:59:40Z tick=6 id=NetworkDetail label=
AX wall=2026-10-09T02:59:40Z tick=6 id=NetworkInterface-en0 label=en0 · 물리 Wi-Fi · 연결 활성, 분류 근거: SC Wi-Fi; hardware provider IOSkywalkLegacyEthernetInterface/IO80211Controller/IOUserNetworkWLAN/IOUserService/IOUserService/IOPCIDevice/ApplePCIEHostBridge/IOPCIDevice/AppleT6031PCIe/AppleARMIODevice/AppleH15IO/IOPlatformDevice/AppleARMPE/IOPlatformExpertDevice/IORegistryEntry, 현재 RX 0.0 B/s · 현재 TX 0.0 B/s · 원본 조회 0초 전, 원시 누적 RX 3,631,903,744 B · 원시 누적 TX 3,881,645,056 B, IPv4 192.168.45.238, IPv6 fe80::14e6:9bab:53c7:9c64%en0, 링크 속도 미지원 · unsupported: ifi_baudrate=304200000 nominal line speed; negotiated rate unverified
AX wall=2026-10-09T02:59:40Z tick=6 id=NetworkInterface-llw0 label=llw0 · 종류 미확인 · 연결 상태 미확인, 분류 근거: IORegistry provider unavailable; SC type=, 현재 RX 0.0 B/s · 현재 TX 0.0 B/s · 원본 조회 0초 전, 원시 누적 RX 0 B · 원시 누적 TX 0 B, IPv4 없음 또는 미확인, IPv6 fe80::3830:5dff:fe74:1420%llw0, 링크 속도 미지원 · unsupported: ifi_baudrate zero or sentinel
AX wall=2026-10-09T02:59:40Z tick=6 id=NetworkInterface-awdl0 label=awdl0 · 가상 · 연결 활성, 분류 근거: SIOCGIFFUNCTIONALTYPE=4, 현재 RX 0.0 B/s · 현재 TX 0.0 B/s · 원본 조회 0초 전, 원시 누적 RX 9,789,440 B · 원시 누적 TX 9,830,400 B, IPv4 없음 또는 미확인, IPv6 fe80::3830:5dff:fe74:1420%awdl0, 링크 속도 미지원 · unsupported: ifi_baudrate zero or sentinel
AX wall=2026-10-09T02:59:41Z tick=7 id=NetworkCard label=Network 카드, 일부 수집 실패: 물리 대상의 식별·연결·속도 일부를 확인하지 못했습니다, 확인된 일부 합계 다운로드 0.0 B/s, 업로드 0.0 B/s, 일부 수집 실패: 대상 identity 또는 물리 정보 일부 미확인, 활성 확인 4개 · 논리·Wi-Fi·가상 · 상태 미확인 8개, 단축키 ⌘3
AX wall=2026-10-09T02:59:41Z tick=7 id=NetworkDetail label=
AX wall=2026-10-09T02:59:41Z tick=7 id=NetworkInterface-en0 label=en0 · 물리 Wi-Fi · 연결 활성, 분류 근거: SC Wi-Fi; hardware provider IOSkywalkLegacyEthernetInterface/IO80211Controller/IOUserNetworkWLAN/IOUserService/IOUserService/IOPCIDevice/ApplePCIEHostBridge/IOPCIDevice/AppleT6031PCIe/AppleARMIODevice/AppleH15IO/IOPlatformDevice/AppleARMPE/IOPlatformExpertDevice/IORegistryEntry, 현재 RX 0.0 B/s · 현재 TX 0.0 B/s · 원본 조회 0초 전, 원시 누적 RX 3,631,903,744 B · 원시 누적 TX 3,881,645,056 B, IPv4 192.168.45.238, IPv6 fe80::14e6:9bab:53c7:9c64%en0, 링크 속도 미지원 · unsupported: ifi_baudrate=304200000 nominal line speed; negotiated rate unverified
AX wall=2026-10-09T02:59:41Z tick=7 id=NetworkInterface-llw0 label=llw0 · 종류 미확인 · 연결 상태 미확인, 분류 근거: IORegistry provider unavailable; SC type=, 현재 RX 0.0 B/s · 현재 TX 0.0 B/s · 원본 조회 0초 전, 원시 누적 RX 0 B · 원시 누적 TX 0 B, IPv4 없음 또는 미확인, IPv6 fe80::3830:5dff:fe74:1420%llw0, 링크 속도 미지원 · unsupported: ifi_baudrate zero or sentinel
AX wall=2026-10-09T02:59:41Z tick=7 id=NetworkInterface-awdl0 label=awdl0 · 가상 · 연결 활성, 분류 근거: SIOCGIFFUNCTIONALTYPE=4, 현재 RX 0.0 B/s · 현재 TX 0.0 B/s · 원본 조회 0초 전, 원시 누적 RX 9,789,440 B · 원시 누적 TX 9,830,400 B, IPv4 없음 또는 미확인, IPv6 fe80::3830:5dff:fe74:1420%awdl0, 링크 속도 미지원 · unsupported: ifi_baudrate zero or sentinel
AX wall=2026-10-09T02:59:42Z tick=8 id=NetworkCard label=Network 카드, 일부 수집 실패: 물리 대상의 식별·연결·속도 일부를 확인하지 못했습니다, 확인된 일부 합계 다운로드 6.3 KB/s, 업로드 19.9 KB/s, 일부 수집 실패: 대상 identity 또는 물리 정보 일부 미확인, 활성 확인 4개 · 논리·Wi-Fi·가상 · 상태 미확인 8개, 단축키 ⌘3
AX wall=2026-10-09T02:59:42Z tick=8 id=NetworkDetail label=
AX wall=2026-10-09T02:59:42Z tick=8 id=NetworkInterface-en0 label=en0 · 물리 Wi-Fi · 연결 활성, 분류 근거: SC Wi-Fi; hardware provider IOSkywalkLegacyEthernetInterface/IO80211Controller/IOUserNetworkWLAN/IOUserService/IOUserService/IOPCIDevice/ApplePCIEHostBridge/IOPCIDevice/AppleT6031PCIe/AppleARMIODevice/AppleH15IO/IOPlatformDevice/AppleARMPE/IOPlatformExpertDevice/IORegistryEntry, 현재 RX 6.3 KB/s · 현재 TX 19.9 KB/s · 원본 조회 0초 전, 원시 누적 RX 3,631,909,888 B · 원시 누적 TX 3,881,664,512 B, IPv4 192.168.45.238, IPv6 fe80::14e6:9bab:53c7:9c64%en0, 링크 속도 미지원 · unsupported: ifi_baudrate=304200000 nominal line speed; negotiated rate unverified
AX wall=2026-10-09T02:59:42Z tick=8 id=NetworkInterface-llw0 label=llw0 · 종류 미확인 · 연결 상태 미확인, 분류 근거: IORegistry provider unavailable; SC type=, 현재 RX 0.0 B/s · 현재 TX 0.0 B/s · 원본 조회 0초 전, 원시 누적 RX 0 B · 원시 누적 TX 0 B, IPv4 없음 또는 미확인, IPv6 fe80::3830:5dff:fe74:1420%llw0, 링크 속도 미지원 · unsupported: ifi_baudrate zero or sentinel
AX wall=2026-10-09T02:59:42Z tick=8 id=NetworkInterface-awdl0 label=awdl0 · 가상 · 연결 활성, 분류 근거: SIOCGIFFUNCTIONALTYPE=4, 현재 RX 0.0 B/s · 현재 TX 0.0 B/s · 원본 조회 0초 전, 원시 누적 RX 9,789,440 B · 원시 누적 TX 9,830,400 B, IPv4 없음 또는 미확인, IPv6 fe80::3830:5dff:fe74:1420%awdl0, 링크 속도 미지원 · unsupported: ifi_baudrate zero or sentinel
AX wall=2026-10-09T02:59:43Z tick=9 id=NetworkCard label=Network 카드, 일부 수집 실패: 물리 대상의 식별·연결·속도 일부를 확인하지 못했습니다, 확인된 일부 합계 다운로드 7.2 KB/s, 업로드 1.0 KB/s, 일부 수집 실패: 대상 identity 또는 물리 정보 일부 미확인, 활성 확인 4개 · 논리·Wi-Fi·가상 · 상태 미확인 8개, 단축키 ⌘3
AX wall=2026-10-09T02:59:43Z tick=9 id=NetworkDetail label=
AX wall=2026-10-09T02:59:43Z tick=9 id=NetworkInterface-en0 label=en0 · 물리 Wi-Fi · 연결 활성, 분류 근거: SC Wi-Fi; hardware provider IOSkywalkLegacyEthernetInterface/IO80211Controller/IOUserNetworkWLAN/IOUserService/IOUserService/IOPCIDevice/ApplePCIEHostBridge/IOPCIDevice/AppleT6031PCIe/AppleARMIODevice/AppleH15IO/IOPlatformDevice/AppleARMPE/IOPlatformExpertDevice/IORegistryEntry, 현재 RX 7.2 KB/s · 현재 TX 1.0 KB/s · 원본 조회 0초 전, 원시 누적 RX 3,631,925,248 B · 원시 누적 TX 3,881,671,680 B, IPv4 192.168.45.238, IPv6 fe80::14e6:9bab:53c7:9c64%en0, 링크 속도 미지원 · unsupported: ifi_baudrate=304200000 nominal line speed; negotiated rate unverified
AX wall=2026-10-09T02:59:43Z tick=9 id=NetworkInterface-llw0 label=llw0 · 종류 미확인 · 연결 상태 미확인, 분류 근거: IORegistry provider unavailable; SC type=, 현재 RX 0.0 B/s · 현재 TX 0.0 B/s · 원본 조회 0초 전, 원시 누적 RX 0 B · 원시 누적 TX 0 B, IPv4 없음 또는 미확인, IPv6 fe80::3830:5dff:fe74:1420%llw0, 링크 속도 미지원 · unsupported: ifi_baudrate zero or sentinel
AX wall=2026-10-09T02:59:43Z tick=9 id=NetworkInterface-awdl0 label=awdl0 · 가상 · 연결 활성, 분류 근거: SIOCGIFFUNCTIONALTYPE=4, 현재 RX 0.0 B/s · 현재 TX 0.0 B/s · 원본 조회 0초 전, 원시 누적 RX 9,789,440 B · 원시 누적 TX 9,830,400 B, IPv4 없음 또는 미확인, IPv6 fe80::3830:5dff:fe74:1420%awdl0, 링크 속도 미지원 · unsupported: ifi_baudrate zero or sentinel
AX wall=2026-10-09T02:59:44Z tick=10 id=NetworkCard label=Network 카드, 일부 수집 실패: 물리 대상의 식별·연결·속도 일부를 확인하지 못했습니다, 확인된 일부 합계 다운로드 19.3 KB/s, 업로드 348.1 KB/s, 일부 수집 실패: 대상 identity 또는 물리 정보 일부 미확인, 활성 확인 4개 · 논리·Wi-Fi·가상 · 상태 미확인 8개, 단축키 ⌘3
AX wall=2026-10-09T02:59:44Z tick=10 id=NetworkDetail label=
AX wall=2026-10-09T02:59:44Z tick=10 id=NetworkInterface-en0 label=en0 · 물리 Wi-Fi · 연결 활성, 분류 근거: SC Wi-Fi; hardware provider IOSkywalkLegacyEthernetInterface/IO80211Controller/IOUserNetworkWLAN/IOUserService/IOUserService/IOPCIDevice/ApplePCIEHostBridge/IOPCIDevice/AppleT6031PCIe/AppleARMIODevice/AppleH15IO/IOPlatformDevice/AppleARMPE/IOPlatformExpertDevice/IORegistryEntry, 현재 RX 19.3 KB/s · 현재 TX 348.1 KB/s · 원본 조회 0초 전, 원시 누적 RX 3,631,945,728 B · 원시 누적 TX 3,882,041,344 B, IPv4 192.168.45.238, IPv6 fe80::14e6:9bab:53c7:9c64%en0, 링크 속도 미지원 · unsupported: ifi_baudrate=304200000 nominal line speed; negotiated rate unverified
AX wall=2026-10-09T02:59:44Z tick=10 id=NetworkInterface-llw0 label=llw0 · 종류 미확인 · 연결 상태 미확인, 분류 근거: IORegistry provider unavailable; SC type=, 현재 RX 0.0 B/s · 현재 TX 0.0 B/s · 원본 조회 0초 전, 원시 누적 RX 0 B · 원시 누적 TX 0 B, IPv4 없음 또는 미확인, IPv6 fe80::3830:5dff:fe74:1420%llw0, 링크 속도 미지원 · unsupported: ifi_baudrate zero or sentinel
AX wall=2026-10-09T02:59:44Z tick=10 id=NetworkInterface-awdl0 label=awdl0 · 가상 · 연결 활성, 분류 근거: SIOCGIFFUNCTIONALTYPE=4, 현재 RX 0.0 B/s · 현재 TX 0.0 B/s · 원본 조회 0초 전, 원시 누적 RX 9,789,440 B · 원시 누적 TX 9,830,400 B, IPv4 없음 또는 미확인, IPv6 fe80::3830:5dff:fe74:1420%awdl0, 링크 속도 미지원 · unsupported: ifi_baudrate zero or sentinel
AX wall=2026-10-09T02:59:45Z tick=11 id=NetworkCard label=Network 카드, 기준점 갱신 중, 현재 속도 없음, 측정된 속도 없음, 일부 수집 실패: 대상 identity 또는 물리 정보 일부 미확인, 활성 확인 2개 · 논리·가상 · 상태 미확인 8개, 단축키 ⌘3
AX wall=2026-10-09T02:59:45Z tick=11 id=NetworkDetail label=
AX wall=2026-10-09T02:59:45Z tick=11 id=NetworkInterface-en0 label=en0 · 물리 Wi-Fi · 연결 비활성, 분류 근거: SC Wi-Fi; hardware provider IOSkywalkLegacyEthernetInterface/IO80211Controller/IOUserNetworkWLAN/IOUserService/IOUserService/IOPCIDevice/ApplePCIEHostBridge/IOPCIDevice/AppleT6031PCIe/AppleARMIODevice/AppleH15IO/IOPlatformDevice/AppleARMPE/IOPlatformExpertDevice/IORegistryEntry, 현재 RX 현재 속도 없음 · 현재 TX 현재 속도 없음 · 원본 조회 0초 전, 원시 누적 RX 3,631,978,496 B · 원시 누적 TX 3,882,053,632 B, IPv4 없음 또는 미확인, IPv6 없음 또는 미확인, 링크 속도 미지원 · unsupported: ifi_baudrate=304200000 nominal line speed; negotiated rate unverified
AX wall=2026-10-09T02:59:45Z tick=11 id=NetworkInterface-llw0 label=llw0 · 종류 미확인 · 연결 상태 미확인, 분류 근거: IORegistry provider unavailable; SC type=, 현재 RX 현재 속도 없음 · 현재 TX 현재 속도 없음 · 원본 조회 0초 전, 원시 누적 RX 0 B · 원시 누적 TX 0 B, IPv4 없음 또는 미확인, IPv6 fe80::3830:5dff:fe74:1420%llw0, 링크 속도 미지원 · unsupported: ifi_baudrate zero or sentinel
AX wall=2026-10-09T02:59:45Z tick=11 id=NetworkInterface-awdl0 label=awdl0 · 가상 · 연결 비활성, 분류 근거: SIOCGIFFUNCTIONALTYPE=4, 현재 RX 현재 속도 없음 · 현재 TX 현재 속도 없음 · 원본 조회 0초 전, 원시 누적 RX 9,789,440 B · 원시 누적 TX 9,830,400 B, IPv4 없음 또는 미확인, IPv6 fe80::3830:5dff:fe74:1420%awdl0, 링크 속도 미지원 · unsupported: ifi_baudrate zero or sentinel
AX wall=2026-10-09T02:59:46Z tick=12 id=NetworkCard label=Network 카드, 일부 수집 실패: 물리 대상의 식별·연결·속도 일부를 확인하지 못했습니다, 측정된 속도 없음, 일부 수집 실패: 대상 identity 또는 물리 정보 일부 미확인, 활성 확인 2개 · 논리·가상 · 상태 미확인 8개, 단축키 ⌘3
AX wall=2026-10-09T02:59:46Z tick=12 id=NetworkDetail label=
AX wall=2026-10-09T02:59:46Z tick=12 id=NetworkInterface-en0 label=en0 · 물리 Wi-Fi · 연결 비활성, 분류 근거: SC Wi-Fi; hardware provider IOSkywalkLegacyEthernetInterface/IO80211Controller/IOUserNetworkWLAN/IOUserService/IOUserService/IOPCIDevice/ApplePCIEHostBridge/IOPCIDevice/AppleT6031PCIe/AppleARMIODevice/AppleH15IO/IOPlatformDevice/AppleARMPE/IOPlatformExpertDevice/IORegistryEntry, 현재 RX 0.0 B/s · 현재 TX 0.0 B/s · 원본 조회 0초 전, 원시 누적 RX 3,631,978,496 B · 원시 누적 TX 3,882,053,632 B, IPv4 없음 또는 미확인, IPv6 없음 또는 미확인, 링크 속도 미지원 · unsupported: ifi_baudrate=304200000 nominal line speed; negotiated rate unverified
AX wall=2026-10-09T02:59:46Z tick=12 id=NetworkInterface-llw0 label=llw0 · 종류 미확인 · 연결 상태 미확인, 분류 근거: IORegistry provider unavailable; SC type=, 현재 RX 0.0 B/s · 현재 TX 0.0 B/s · 원본 조회 0초 전, 원시 누적 RX 0 B · 원시 누적 TX 0 B, IPv4 없음 또는 미확인, IPv6 fe80::3830:5dff:fe74:1420%llw0, 링크 속도 미지원 · unsupported: ifi_baudrate zero or sentinel
AX wall=2026-10-09T02:59:46Z tick=12 id=NetworkInterface-awdl0 label=awdl0 · 가상 · 연결 비활성, 분류 근거: SIOCGIFFUNCTIONALTYPE=4, 현재 RX 0.0 B/s · 현재 TX 0.0 B/s · 원본 조회 0초 전, 원시 누적 RX 9,789,440 B · 원시 누적 TX 9,830,400 B, IPv4 없음 또는 미확인, IPv6 fe80::3830:5dff:fe74:1420%awdl0, 링크 속도 미지원 · unsupported: ifi_baudrate zero or sentinel
AX wall=2026-10-09T02:59:47Z tick=13 id=NetworkCard label=Network 카드, 일부 수집 실패: 물리 대상의 식별·연결·속도 일부를 확인하지 못했습니다, 측정된 속도 없음, 일부 수집 실패: 대상 identity 또는 물리 정보 일부 미확인, 활성 확인 2개 · 논리·가상 · 상태 미확인 8개, 단축키 ⌘3
AX wall=2026-10-09T02:59:48Z tick=13 id=NetworkDetail label=
AX wall=2026-10-09T02:59:48Z tick=13 id=NetworkInterface-en0 label=en0 · 물리 Wi-Fi · 연결 비활성, 분류 근거: SC Wi-Fi; hardware provider IOSkywalkLegacyEthernetInterface/IO80211Controller/IOUserNetworkWLAN/IOUserService/IOUserService/IOPCIDevice/ApplePCIEHostBridge/IOPCIDevice/AppleT6031PCIe/AppleARMIODevice/AppleH15IO/IOPlatformDevice/AppleARMPE/IOPlatformExpertDevice/IORegistryEntry, 현재 RX 0.0 B/s · 현재 TX 0.0 B/s · 원본 조회 0초 전, 원시 누적 RX 3,631,978,496 B · 원시 누적 TX 3,882,053,632 B, IPv4 없음 또는 미확인, IPv6 없음 또는 미확인, 링크 속도 미지원 · unsupported: ifi_baudrate=304200000 nominal line speed; negotiated rate unverified
AX wall=2026-10-09T02:59:48Z tick=13 id=NetworkInterface-llw0 label=llw0 · 종류 미확인 · 연결 상태 미확인, 분류 근거: IORegistry provider unavailable; SC type=, 현재 RX 0.0 B/s · 현재 TX 0.0 B/s · 원본 조회 0초 전, 원시 누적 RX 0 B · 원시 누적 TX 0 B, IPv4 없음 또는 미확인, IPv6 fe80::3830:5dff:fe74:1420%llw0, 링크 속도 미지원 · unsupported: ifi_baudrate zero or sentinel
AX wall=2026-10-09T02:59:48Z tick=13 id=NetworkInterface-awdl0 label=awdl0 · 가상 · 연결 비활성, 분류 근거: SIOCGIFFUNCTIONALTYPE=4, 현재 RX 0.0 B/s · 현재 TX 0.0 B/s · 원본 조회 0초 전, 원시 누적 RX 9,789,440 B · 원시 누적 TX 9,830,400 B, IPv4 없음 또는 미확인, IPv6 fe80::3830:5dff:fe74:1420%awdl0, 링크 속도 미지원 · unsupported: ifi_baudrate zero or sentinel
AX wall=2026-10-09T02:59:49Z tick=14 id=NetworkCard label=Network 카드, 일부 수집 실패: 물리 대상의 식별·연결·속도 일부를 확인하지 못했습니다, 측정된 속도 없음, 일부 수집 실패: 대상 identity 또는 물리 정보 일부 미확인, 활성 확인 2개 · 논리·가상 · 상태 미확인 8개, 단축키 ⌘3
AX wall=2026-10-09T02:59:49Z tick=14 id=NetworkDetail label=
AX wall=2026-10-09T02:59:49Z tick=14 id=NetworkInterface-en0 label=en0 · 물리 Wi-Fi · 연결 비활성, 분류 근거: SC Wi-Fi; hardware provider IOSkywalkLegacyEthernetInterface/IO80211Controller/IOUserNetworkWLAN/IOUserService/IOUserService/IOPCIDevice/ApplePCIEHostBridge/IOPCIDevice/AppleT6031PCIe/AppleARMIODevice/AppleH15IO/IOPlatformDevice/AppleARMPE/IOPlatformExpertDevice/IORegistryEntry, 현재 RX 0.0 B/s · 현재 TX 0.0 B/s · 원본 조회 0초 전, 원시 누적 RX 3,631,978,496 B · 원시 누적 TX 3,882,053,632 B, IPv4 없음 또는 미확인, IPv6 없음 또는 미확인, 링크 속도 미지원 · unsupported: ifi_baudrate=304200000 nominal line speed; negotiated rate unverified
AX wall=2026-10-09T02:59:49Z tick=14 id=NetworkInterface-llw0 label=llw0 · 종류 미확인 · 연결 상태 미확인, 분류 근거: IORegistry provider unavailable; SC type=, 현재 RX 0.0 B/s · 현재 TX 0.0 B/s · 원본 조회 0초 전, 원시 누적 RX 0 B · 원시 누적 TX 0 B, IPv4 없음 또는 미확인, IPv6 fe80::3830:5dff:fe74:1420%llw0, 링크 속도 미지원 · unsupported: ifi_baudrate zero or sentinel
AX wall=2026-10-09T02:59:49Z tick=14 id=NetworkInterface-awdl0 label=awdl0 · 가상 · 연결 비활성, 분류 근거: SIOCGIFFUNCTIONALTYPE=4, 현재 RX 0.0 B/s · 현재 TX 0.0 B/s · 원본 조회 0초 전, 원시 누적 RX 9,789,440 B · 원시 누적 TX 9,830,400 B, IPv4 없음 또는 미확인, IPv6 fe80::3830:5dff:fe74:1420%awdl0, 링크 속도 미지원 · unsupported: ifi_baudrate zero or sentinel
AX wall=2026-10-09T02:59:50Z tick=15 id=NetworkCard label=Network 카드, 일부 수집 실패: 물리 대상의 식별·연결·속도 일부를 확인하지 못했습니다, 측정된 속도 없음, 일부 수집 실패: 대상 identity 또는 물리 정보 일부 미확인, 활성 확인 2개 · 논리·가상 · 상태 미확인 8개, 단축키 ⌘3
AX wall=2026-10-09T02:59:50Z tick=15 id=NetworkDetail label=
AX wall=2026-10-09T02:59:50Z tick=15 id=NetworkInterface-en0 label=en0 · 물리 Wi-Fi · 연결 비활성, 분류 근거: SC Wi-Fi; hardware provider IOSkywalkLegacyEthernetInterface/IO80211Controller/IOUserNetworkWLAN/IOUserService/IOUserService/IOPCIDevice/ApplePCIEHostBridge/IOPCIDevice/AppleT6031PCIe/AppleARMIODevice/AppleH15IO/IOPlatformDevice/AppleARMPE/IOPlatformExpertDevice/IORegistryEntry, 현재 RX 0.0 B/s · 현재 TX 0.0 B/s · 원본 조회 0초 전, 원시 누적 RX 3,631,978,496 B · 원시 누적 TX 3,882,053,632 B, IPv4 없음 또는 미확인, IPv6 없음 또는 미확인, 링크 속도 미지원 · unsupported: ifi_baudrate=304200000 nominal line speed; negotiated rate unverified
AX wall=2026-10-09T02:59:50Z tick=15 id=NetworkInterface-llw0 label=llw0 · 종류 미확인 · 연결 상태 미확인, 분류 근거: IORegistry provider unavailable; SC type=, 현재 RX 0.0 B/s · 현재 TX 0.0 B/s · 원본 조회 0초 전, 원시 누적 RX 0 B · 원시 누적 TX 0 B, IPv4 없음 또는 미확인, IPv6 fe80::3830:5dff:fe74:1420%llw0, 링크 속도 미지원 · unsupported: ifi_baudrate zero or sentinel
AX wall=2026-10-09T02:59:50Z tick=15 id=NetworkInterface-awdl0 label=awdl0 · 가상 · 연결 비활성, 분류 근거: SIOCGIFFUNCTIONALTYPE=4, 현재 RX 0.0 B/s · 현재 TX 0.0 B/s · 원본 조회 0초 전, 원시 누적 RX 9,789,440 B · 원시 누적 TX 9,830,400 B, IPv4 없음 또는 미확인, IPv6 fe80::3830:5dff:fe74:1420%awdl0, 링크 속도 미지원 · unsupported: ifi_baudrate zero or sentinel
AX wall=2026-10-09T02:59:51Z tick=16 id=NetworkCard label=Network 카드, 일부 수집 실패: 물리 대상의 식별·연결·속도 일부를 확인하지 못했습니다, 측정된 속도 없음, 일부 수집 실패: 대상 identity 또는 물리 정보 일부 미확인, 활성 확인 2개 · 논리·가상 · 상태 미확인 8개, 단축키 ⌘3
AX wall=2026-10-09T02:59:51Z tick=16 id=NetworkDetail label=
AX wall=2026-10-09T02:59:51Z tick=16 id=NetworkInterface-en0 label=en0 · 물리 Wi-Fi · 연결 비활성, 분류 근거: SC Wi-Fi; hardware provider IOSkywalkLegacyEthernetInterface/IO80211Controller/IOUserNetworkWLAN/IOUserService/IOUserService/IOPCIDevice/ApplePCIEHostBridge/IOPCIDevice/AppleT6031PCIe/AppleARMIODevice/AppleH15IO/IOPlatformDevice/AppleARMPE/IOPlatformExpertDevice/IORegistryEntry, 현재 RX 0.0 B/s · 현재 TX 0.0 B/s · 원본 조회 0초 전, 원시 누적 RX 3,631,978,496 B · 원시 누적 TX 3,882,053,632 B, IPv4 없음 또는 미확인, IPv6 없음 또는 미확인, 링크 속도 미지원 · unsupported: ifi_baudrate=304200000 nominal line speed; negotiated rate unverified
AX wall=2026-10-09T02:59:51Z tick=16 id=NetworkInterface-llw0 label=llw0 · 종류 미확인 · 연결 상태 미확인, 분류 근거: IORegistry provider unavailable; SC type=, 현재 RX 0.0 B/s · 현재 TX 0.0 B/s · 원본 조회 0초 전, 원시 누적 RX 0 B · 원시 누적 TX 0 B, IPv4 없음 또는 미확인, IPv6 fe80::3830:5dff:fe74:1420%llw0, 링크 속도 미지원 · unsupported: ifi_baudrate zero or sentinel
AX wall=2026-10-09T02:59:51Z tick=16 id=NetworkInterface-awdl0 label=awdl0 · 가상 · 연결 비활성, 분류 근거: SIOCGIFFUNCTIONALTYPE=4, 현재 RX 0.0 B/s · 현재 TX 0.0 B/s · 원본 조회 0초 전, 원시 누적 RX 9,789,440 B · 원시 누적 TX 9,830,400 B, IPv4 없음 또는 미확인, IPv6 fe80::3830:5dff:fe74:1420%awdl0, 링크 속도 미지원 · unsupported: ifi_baudrate zero or sentinel
AX wall=2026-10-09T02:59:52Z tick=17 id=NetworkCard label=Network 카드, 일부 수집 실패: 물리 대상의 식별·연결·속도 일부를 확인하지 못했습니다, 측정된 속도 없음, 일부 수집 실패: 대상 identity 또는 물리 정보 일부 미확인, 활성 확인 2개 · 논리·가상 · 상태 미확인 8개, 단축키 ⌘3
AX wall=2026-10-09T02:59:52Z tick=17 id=NetworkDetail label=
AX wall=2026-10-09T02:59:52Z tick=17 id=NetworkInterface-en0 label=en0 · 물리 Wi-Fi · 연결 비활성, 분류 근거: SC Wi-Fi; hardware provider IOSkywalkLegacyEthernetInterface/IO80211Controller/IOUserNetworkWLAN/IOUserService/IOUserService/IOPCIDevice/ApplePCIEHostBridge/IOPCIDevice/AppleT6031PCIe/AppleARMIODevice/AppleH15IO/IOPlatformDevice/AppleARMPE/IOPlatformExpertDevice/IORegistryEntry, 현재 RX 0.0 B/s · 현재 TX 0.0 B/s · 원본 조회 0초 전, 원시 누적 RX 3,631,978,496 B · 원시 누적 TX 3,882,053,632 B, IPv4 없음 또는 미확인, IPv6 없음 또는 미확인, 링크 속도 미지원 · unsupported: ifi_baudrate=304200000 nominal line speed; negotiated rate unverified
AX wall=2026-10-09T02:59:52Z tick=17 id=NetworkInterface-llw0 label=llw0 · 종류 미확인 · 연결 상태 미확인, 분류 근거: IORegistry provider unavailable; SC type=, 현재 RX 0.0 B/s · 현재 TX 0.0 B/s · 원본 조회 0초 전, 원시 누적 RX 0 B · 원시 누적 TX 0 B, IPv4 없음 또는 미확인, IPv6 fe80::3830:5dff:fe74:1420%llw0, 링크 속도 미지원 · unsupported: ifi_baudrate zero or sentinel
AX wall=2026-10-09T02:59:52Z tick=17 id=NetworkInterface-awdl0 label=awdl0 · 가상 · 연결 비활성, 분류 근거: SIOCGIFFUNCTIONALTYPE=4, 현재 RX 0.0 B/s · 현재 TX 0.0 B/s · 원본 조회 0초 전, 원시 누적 RX 9,789,440 B · 원시 누적 TX 9,830,400 B, IPv4 없음 또는 미확인, IPv6 fe80::3830:5dff:fe74:1420%awdl0, 링크 속도 미지원 · unsupported: ifi_baudrate zero or sentinel
AX wall=2026-10-09T02:59:53Z tick=18 id=NetworkCard label=Network 카드, 일부 수집 실패: 물리 대상의 식별·연결·속도 일부를 확인하지 못했습니다, 측정된 속도 없음, 일부 수집 실패: 대상 identity 또는 물리 정보 일부 미확인, 활성 확인 2개 · 논리·가상 · 상태 미확인 8개, 단축키 ⌘3
AX wall=2026-10-09T02:59:53Z tick=18 id=NetworkDetail label=
AX wall=2026-10-09T02:59:53Z tick=18 id=NetworkInterface-en0 label=en0 · 물리 Wi-Fi · 연결 비활성, 분류 근거: SC Wi-Fi; hardware provider IOSkywalkLegacyEthernetInterface/IO80211Controller/IOUserNetworkWLAN/IOUserService/IOUserService/IOPCIDevice/ApplePCIEHostBridge/IOPCIDevice/AppleT6031PCIe/AppleARMIODevice/AppleH15IO/IOPlatformDevice/AppleARMPE/IOPlatformExpertDevice/IORegistryEntry, 현재 RX 0.0 B/s · 현재 TX 0.0 B/s · 원본 조회 0초 전, 원시 누적 RX 3,631,978,496 B · 원시 누적 TX 3,882,053,632 B, IPv4 없음 또는 미확인, IPv6 없음 또는 미확인, 링크 속도 미지원 · unsupported: ifi_baudrate=304200000 nominal line speed; negotiated rate unverified
AX wall=2026-10-09T02:59:53Z tick=18 id=NetworkInterface-llw0 label=llw0 · 종류 미확인 · 연결 상태 미확인, 분류 근거: IORegistry provider unavailable; SC type=, 현재 RX 0.0 B/s · 현재 TX 0.0 B/s · 원본 조회 0초 전, 원시 누적 RX 0 B · 원시 누적 TX 0 B, IPv4 없음 또는 미확인, IPv6 fe80::3830:5dff:fe74:1420%llw0, 링크 속도 미지원 · unsupported: ifi_baudrate zero or sentinel
AX wall=2026-10-09T02:59:53Z tick=18 id=NetworkInterface-awdl0 label=awdl0 · 가상 · 연결 비활성, 분류 근거: SIOCGIFFUNCTIONALTYPE=4, 현재 RX 0.0 B/s · 현재 TX 0.0 B/s · 원본 조회 0초 전, 원시 누적 RX 9,789,440 B · 원시 누적 TX 9,830,400 B, IPv4 없음 또는 미확인, IPv6 fe80::3830:5dff:fe74:1420%awdl0, 링크 속도 미지원 · unsupported: ifi_baudrate zero or sentinel
AX wall=2026-10-09T02:59:54Z tick=19 id=NetworkCard label=Network 카드, 일부 수집 실패: 물리 대상의 식별·연결·속도 일부를 확인하지 못했습니다, 측정된 속도 없음, 일부 수집 실패: 대상 identity 또는 물리 정보 일부 미확인, 활성 확인 2개 · 논리·가상 · 상태 미확인 8개, 단축키 ⌘3
AX wall=2026-10-09T02:59:54Z tick=19 id=NetworkDetail label=
AX wall=2026-10-09T02:59:54Z tick=19 id=NetworkInterface-en0 label=en0 · 물리 Wi-Fi · 연결 비활성, 분류 근거: SC Wi-Fi; hardware provider IOSkywalkLegacyEthernetInterface/IO80211Controller/IOUserNetworkWLAN/IOUserService/IOUserService/IOPCIDevice/ApplePCIEHostBridge/IOPCIDevice/AppleT6031PCIe/AppleARMIODevice/AppleH15IO/IOPlatformDevice/AppleARMPE/IOPlatformExpertDevice/IORegistryEntry, 현재 RX 0.0 B/s · 현재 TX 0.0 B/s · 원본 조회 0초 전, 원시 누적 RX 3,631,978,496 B · 원시 누적 TX 3,882,053,632 B, IPv4 없음 또는 미확인, IPv6 없음 또는 미확인, 링크 속도 미지원 · unsupported: ifi_baudrate=304200000 nominal line speed; negotiated rate unverified
AX wall=2026-10-09T02:59:54Z tick=19 id=NetworkInterface-llw0 label=llw0 · 종류 미확인 · 연결 상태 미확인, 분류 근거: IORegistry provider unavailable; SC type=, 현재 RX 0.0 B/s · 현재 TX 0.0 B/s · 원본 조회 0초 전, 원시 누적 RX 0 B · 원시 누적 TX 0 B, IPv4 없음 또는 미확인, IPv6 fe80::3830:5dff:fe74:1420%llw0, 링크 속도 미지원 · unsupported: ifi_baudrate zero or sentinel
AX wall=2026-10-09T02:59:54Z tick=19 id=NetworkInterface-awdl0 label=awdl0 · 가상 · 연결 비활성, 분류 근거: SIOCGIFFUNCTIONALTYPE=4, 현재 RX 0.0 B/s · 현재 TX 0.0 B/s · 원본 조회 0초 전, 원시 누적 RX 9,789,440 B · 원시 누적 TX 9,830,400 B, IPv4 없음 또는 미확인, IPv6 fe80::3830:5dff:fe74:1420%awdl0, 링크 속도 미지원 · unsupported: ifi_baudrate zero or sentinel
AX wall=2026-10-09T02:59:55Z tick=20 id=NetworkCard label=Network 카드, 일부 수집 실패: 물리 대상의 식별·연결·속도 일부를 확인하지 못했습니다, 측정된 속도 없음, 일부 수집 실패: 대상 identity 또는 물리 정보 일부 미확인, 활성 확인 2개 · 논리·가상 · 상태 미확인 8개, 단축키 ⌘3
AX wall=2026-10-09T02:59:55Z tick=20 id=NetworkDetail label=
AX wall=2026-10-09T02:59:55Z tick=20 id=NetworkInterface-en0 label=en0 · 물리 Wi-Fi · 연결 비활성, 분류 근거: SC Wi-Fi; hardware provider IOSkywalkLegacyEthernetInterface/IO80211Controller/IOUserNetworkWLAN/IOUserService/IOUserService/IOPCIDevice/ApplePCIEHostBridge/IOPCIDevice/AppleT6031PCIe/AppleARMIODevice/AppleH15IO/IOPlatformDevice/AppleARMPE/IOPlatformExpertDevice/IORegistryEntry, 현재 RX 0.0 B/s · 현재 TX 0.0 B/s · 원본 조회 0초 전, 원시 누적 RX 3,631,978,496 B · 원시 누적 TX 3,882,053,632 B, IPv4 없음 또는 미확인, IPv6 없음 또는 미확인, 링크 속도 미지원 · unsupported: ifi_baudrate=304200000 nominal line speed; negotiated rate unverified
AX wall=2026-10-09T02:59:55Z tick=20 id=NetworkInterface-llw0 label=llw0 · 종류 미확인 · 연결 상태 미확인, 분류 근거: IORegistry provider unavailable; SC type=, 현재 RX 0.0 B/s · 현재 TX 0.0 B/s · 원본 조회 0초 전, 원시 누적 RX 0 B · 원시 누적 TX 0 B, IPv4 없음 또는 미확인, IPv6 fe80::3830:5dff:fe74:1420%llw0, 링크 속도 미지원 · unsupported: ifi_baudrate zero or sentinel
AX wall=2026-10-09T02:59:55Z tick=20 id=NetworkInterface-awdl0 label=awdl0 · 가상 · 연결 비활성, 분류 근거: SIOCGIFFUNCTIONALTYPE=4, 현재 RX 0.0 B/s · 현재 TX 0.0 B/s · 원본 조회 0초 전, 원시 누적 RX 9,789,440 B · 원시 누적 TX 9,830,400 B, IPv4 없음 또는 미확인, IPv6 fe80::3830:5dff:fe74:1420%awdl0, 링크 속도 미지원 · unsupported: ifi_baudrate zero or sentinel
AX wall=2026-10-09T02:59:56Z tick=21 id=NetworkCard label=Network 카드, 일부 수집 실패: 물리 대상의 식별·연결·속도 일부를 확인하지 못했습니다, 측정된 속도 없음, 일부 수집 실패: 대상 identity 또는 물리 정보 일부 미확인, 활성 확인 2개 · 논리·가상 · 상태 미확인 8개, 단축키 ⌘3
AX wall=2026-10-09T02:59:56Z tick=21 id=NetworkDetail label=
AX wall=2026-10-09T02:59:56Z tick=21 id=NetworkInterface-en0 label=en0 · 물리 Wi-Fi · 연결 비활성, 분류 근거: SC Wi-Fi; hardware provider IOSkywalkLegacyEthernetInterface/IO80211Controller/IOUserNetworkWLAN/IOUserService/IOUserService/IOPCIDevice/ApplePCIEHostBridge/IOPCIDevice/AppleT6031PCIe/AppleARMIODevice/AppleH15IO/IOPlatformDevice/AppleARMPE/IOPlatformExpertDevice/IORegistryEntry, 현재 RX 0.0 B/s · 현재 TX 0.0 B/s · 원본 조회 0초 전, 원시 누적 RX 3,631,978,496 B · 원시 누적 TX 3,882,053,632 B, IPv4 없음 또는 미확인, IPv6 없음 또는 미확인, 링크 속도 미지원 · unsupported: ifi_baudrate=304200000 nominal line speed; negotiated rate unverified
AX wall=2026-10-09T02:59:56Z tick=21 id=NetworkInterface-llw0 label=llw0 · 종류 미확인 · 연결 상태 미확인, 분류 근거: IORegistry provider unavailable; SC type=, 현재 RX 0.0 B/s · 현재 TX 0.0 B/s · 원본 조회 0초 전, 원시 누적 RX 0 B · 원시 누적 TX 0 B, IPv4 없음 또는 미확인, IPv6 fe80::3830:5dff:fe74:1420%llw0, 링크 속도 미지원 · unsupported: ifi_baudrate zero or sentinel
AX wall=2026-10-09T02:59:56Z tick=21 id=NetworkInterface-awdl0 label=awdl0 · 가상 · 연결 비활성, 분류 근거: SIOCGIFFUNCTIONALTYPE=4, 현재 RX 0.0 B/s · 현재 TX 0.0 B/s · 원본 조회 0초 전, 원시 누적 RX 9,789,440 B · 원시 누적 TX 9,830,400 B, IPv4 없음 또는 미확인, IPv6 fe80::3830:5dff:fe74:1420%awdl0, 링크 속도 미지원 · unsupported: ifi_baudrate zero or sentinel
AX wall=2026-10-09T02:59:57Z tick=22 id=NetworkCard label=Network 카드, 기준점 갱신 중, 현재 속도 없음, 측정된 속도 없음, 일부 수집 실패: 물리 대상 정보 일부 미확인, 활성 대상 0개, 단축키 ⌘3
AX wall=2026-10-09T02:59:57Z tick=22 id=NetworkDetail label=
AX wall=2026-10-09T02:59:57Z tick=22 id=NetworkInterface-en0 missing
AX wall=2026-10-09T02:59:57Z tick=22 id=NetworkInterface-llw0 missing
AX wall=2026-10-09T02:59:57Z tick=22 id=NetworkInterface-awdl0 missing
AX wall=2026-10-09T02:59:58Z tick=23 id=NetworkCard label=Network 카드, 기준점 갱신 중, 현재 속도 없음, 측정된 속도 없음, 일부 수집 실패: 대상 identity 또는 물리 정보 일부 미확인, 활성 확인 4개 · 논리·Wi-Fi·가상 · 상태 미확인 8개, 단축키 ⌘3
AX wall=2026-10-09T02:59:59Z tick=23 id=NetworkDetail label=
AX wall=2026-10-09T02:59:59Z tick=23 id=NetworkInterface-en0 label=en0 · 물리 Wi-Fi · 연결 활성, 분류 근거: SC Wi-Fi; hardware provider IOSkywalkLegacyEthernetInterface/IO80211Controller/IOUserNetworkWLAN/IOUserService/IOUserService/IOPCIDevice/ApplePCIEHostBridge/IOPCIDevice/AppleT6031PCIe/AppleARMIODevice/AppleH15IO/IOPlatformDevice/AppleARMPE/IOPlatformExpertDevice/IORegistryEntry, 현재 RX 현재 속도 없음 · 현재 TX 현재 속도 없음 · 원본 조회 0초 전, 원시 누적 RX 3,632,004,096 B · 원시 누적 TX 3,882,071,040 B, IPv4 192.168.45.238, IPv6 fe80::14e6:9bab:53c7:9c64%en0, 링크 속도 미지원 · unsupported: ifi_baudrate=304200000 nominal line speed; negotiated rate unverified
AX wall=2026-10-09T02:59:59Z tick=23 id=NetworkInterface-llw0 label=llw0 · 종류 미확인 · 연결 상태 미확인, 분류 근거: IORegistry provider unavailable; SC type=, 현재 RX 현재 속도 없음 · 현재 TX 현재 속도 없음 · 원본 조회 0초 전, 원시 누적 RX 0 B · 원시 누적 TX 0 B, IPv4 없음 또는 미확인, IPv6 fe80::3830:5dff:fe74:1420%llw0, 링크 속도 미지원 · unsupported: ifi_baudrate zero or sentinel
AX wall=2026-10-09T02:59:59Z tick=23 id=NetworkInterface-awdl0 label=awdl0 · 가상 · 연결 활성, 분류 근거: SIOCGIFFUNCTIONALTYPE=4, 현재 RX 현재 속도 없음 · 현재 TX 현재 속도 없음 · 원본 조회 0초 전, 원시 누적 RX 9,789,440 B · 원시 누적 TX 9,830,400 B, IPv4 없음 또는 미확인, IPv6 fe80::3830:5dff:fe74:1420%awdl0, 링크 속도 미지원 · unsupported: ifi_baudrate zero or sentinel
AX wall=2026-10-09T03:00:00Z tick=24 id=NetworkCard label=Network 카드, 기준점 갱신 중, 현재 속도 없음, 측정된 속도 없음, 일부 수집 실패: 대상 identity 또는 물리 정보 일부 미확인, 활성 확인 4개 · 논리·Wi-Fi·가상 · 상태 미확인 8개, 단축키 ⌘3
AX wall=2026-10-09T03:00:00Z tick=24 id=NetworkDetail label=
AX wall=2026-10-09T03:00:00Z tick=24 id=NetworkInterface-en0 label=en0 · 물리 Wi-Fi · 연결 활성, 분류 근거: SC Wi-Fi; hardware provider IOSkywalkLegacyEthernetInterface/IO80211Controller/IOUserNetworkWLAN/IOUserService/IOUserService/IOPCIDevice/ApplePCIEHostBridge/IOPCIDevice/AppleT6031PCIe/AppleARMIODevice/AppleH15IO/IOPlatformDevice/AppleARMPE/IOPlatformExpertDevice/IORegistryEntry, 현재 RX 현재 속도 없음 · 현재 TX 현재 속도 없음 · 원본 조회 0초 전, 원시 누적 RX 3,632,013,312 B · 원시 누적 TX 3,882,080,256 B, IPv4 192.168.45.238, IPv6 fe80::14e6:9bab:53c7:9c64%en0, 링크 속도 미지원 · unsupported: ifi_baudrate=304200000 nominal line speed; negotiated rate unverified
AX wall=2026-10-09T03:00:00Z tick=24 id=NetworkInterface-llw0 label=llw0 · 종류 미확인 · 연결 상태 미확인, 분류 근거: IORegistry provider unavailable; SC type=, 현재 RX 현재 속도 없음 · 현재 TX 현재 속도 없음 · 원본 조회 0초 전, 원시 누적 RX 0 B · 원시 누적 TX 0 B, IPv4 없음 또는 미확인, IPv6 fe80::3830:5dff:fe74:1420%llw0, 링크 속도 미지원 · unsupported: ifi_baudrate zero or sentinel
AX wall=2026-10-09T03:00:00Z tick=24 id=NetworkInterface-awdl0 label=awdl0 · 가상 · 연결 활성, 분류 근거: SIOCGIFFUNCTIONALTYPE=4, 현재 RX 현재 속도 없음 · 현재 TX 현재 속도 없음 · 원본 조회 0초 전, 원시 누적 RX 9,789,440 B · 원시 누적 TX 9,830,400 B, IPv4 없음 또는 미확인, IPv6 fe80::3830:5dff:fe74:1420%awdl0, 링크 속도 미지원 · unsupported: ifi_baudrate zero or sentinel
AX wall=2026-10-09T03:00:01Z tick=25 id=NetworkCard label=Network 카드, 일부 수집 실패: 물리 대상의 식별·연결·속도 일부를 확인하지 못했습니다, 확인된 일부 합계 다운로드 6.8 KB/s, 업로드 11.6 KB/s, 일부 수집 실패: 대상 identity 또는 물리 정보 일부 미확인, 활성 확인 4개 · 논리·Wi-Fi·가상 · 상태 미확인 8개, 단축키 ⌘3
AX wall=2026-10-09T03:00:01Z tick=25 id=NetworkDetail label=
AX wall=2026-10-09T03:00:01Z tick=25 id=NetworkInterface-en0 label=en0 · 물리 Wi-Fi · 연결 활성, 분류 근거: SC Wi-Fi; hardware provider IOSkywalkLegacyEthernetInterface/IO80211Controller/IOUserNetworkWLAN/IOUserService/IOUserService/IOPCIDevice/ApplePCIEHostBridge/IOPCIDevice/AppleT6031PCIe/AppleARMIODevice/AppleH15IO/IOPlatformDevice/AppleARMPE/IOPlatformExpertDevice/IORegistryEntry, 현재 RX 6.8 KB/s · 현재 TX 11.6 KB/s · 원본 조회 0초 전, 원시 누적 RX 3,632,020,480 B · 원시 누적 TX 3,882,092,544 B, IPv4 192.168.45.238, IPv6 fe80::14e6:9bab:53c7:9c64%en0, 링크 속도 미지원 · unsupported: ifi_baudrate=304200000 nominal line speed; negotiated rate unverified
AX wall=2026-10-09T03:00:01Z tick=25 id=NetworkInterface-llw0 label=llw0 · 종류 미확인 · 연결 상태 미확인, 분류 근거: IORegistry provider unavailable; SC type=, 현재 RX 0.0 B/s · 현재 TX 0.0 B/s · 원본 조회 0초 전, 원시 누적 RX 0 B · 원시 누적 TX 0 B, IPv4 없음 또는 미확인, IPv6 fe80::3830:5dff:fe74:1420%llw0, 링크 속도 미지원 · unsupported: ifi_baudrate zero or sentinel
AX wall=2026-10-09T03:00:01Z tick=25 id=NetworkInterface-awdl0 label=awdl0 · 가상 · 연결 활성, 분류 근거: SIOCGIFFUNCTIONALTYPE=4, 현재 RX 0.0 B/s · 현재 TX 0.0 B/s · 원본 조회 0초 전, 원시 누적 RX 9,789,440 B · 원시 누적 TX 9,830,400 B, IPv4 없음 또는 미확인, IPv6 fe80::3830:5dff:fe74:1420%awdl0, 링크 속도 미지원 · unsupported: ifi_baudrate zero or sentinel
AX wall=2026-10-09T03:00:02Z tick=26 id=NetworkCard label=Network 카드, 일부 수집 실패: 물리 대상의 식별·연결·속도 일부를 확인하지 못했습니다, 확인된 일부 합계 다운로드 7.0 KB/s, 업로드 6.0 KB/s, 일부 수집 실패: 대상 identity 또는 물리 정보 일부 미확인, 활성 확인 4개 · 논리·Wi-Fi·가상 · 상태 미확인 8개, 단축키 ⌘3
AX wall=2026-10-09T03:00:02Z tick=26 id=NetworkDetail label=
AX wall=2026-10-09T03:00:02Z tick=26 id=NetworkInterface-en0 label=en0 · 물리 Wi-Fi · 연결 활성, 분류 근거: SC Wi-Fi; hardware provider IOSkywalkLegacyEthernetInterface/IO80211Controller/IOUserNetworkWLAN/IOUserService/IOUserService/IOPCIDevice/ApplePCIEHostBridge/IOPCIDevice/AppleT6031PCIe/AppleARMIODevice/AppleH15IO/IOPlatformDevice/AppleARMPE/IOPlatformExpertDevice/IORegistryEntry, 현재 RX 7.0 KB/s · 현재 TX 6.0 KB/s · 원본 조회 0초 전, 원시 누적 RX 3,632,027,648 B · 원시 누적 TX 3,882,098,688 B, IPv4 192.168.45.238, IPv6 fe80::14e6:9bab:53c7:9c64%en0, 링크 속도 미지원 · unsupported: ifi_baudrate=304200000 nominal line speed; negotiated rate unverified
AX wall=2026-10-09T03:00:02Z tick=26 id=NetworkInterface-llw0 label=llw0 · 종류 미확인 · 연결 상태 미확인, 분류 근거: IORegistry provider unavailable; SC type=, 현재 RX 0.0 B/s · 현재 TX 0.0 B/s · 원본 조회 0초 전, 원시 누적 RX 0 B · 원시 누적 TX 0 B, IPv4 없음 또는 미확인, IPv6 fe80::3830:5dff:fe74:1420%llw0, 링크 속도 미지원 · unsupported: ifi_baudrate zero or sentinel
AX wall=2026-10-09T03:00:02Z tick=26 id=NetworkInterface-awdl0 label=awdl0 · 가상 · 연결 활성, 분류 근거: SIOCGIFFUNCTIONALTYPE=4, 현재 RX 0.0 B/s · 현재 TX 0.0 B/s · 원본 조회 0초 전, 원시 누적 RX 9,789,440 B · 원시 누적 TX 9,830,400 B, IPv4 없음 또는 미확인, IPv6 fe80::3830:5dff:fe74:1420%awdl0, 링크 속도 미지원 · unsupported: ifi_baudrate zero or sentinel
AX wall=2026-10-09T03:00:03Z tick=27 id=NetworkCard label=Network 카드, 기준점 갱신 중, 현재 속도 없음, 측정된 속도 없음, 일부 수집 실패: 물리 대상 정보 일부 미확인, 활성 대상 0개, 단축키 ⌘3
AX wall=2026-10-09T03:00:03Z tick=27 id=NetworkDetail label=
AX wall=2026-10-09T03:00:03Z tick=27 id=NetworkInterface-en0 missing
AX wall=2026-10-09T03:00:03Z tick=27 id=NetworkInterface-llw0 missing
AX wall=2026-10-09T03:00:03Z tick=27 id=NetworkInterface-awdl0 missing
AX wall=2026-10-09T03:00:04Z tick=28 id=NetworkCard label=Network 카드, 기준점 갱신 중, 현재 속도 없음, 측정된 속도 없음, 일부 수집 실패: 대상 identity 또는 물리 정보 일부 미확인, 활성 확인 4개 · 논리·Wi-Fi·가상 · 상태 미확인 8개, 단축키 ⌘3
AX wall=2026-10-09T03:00:04Z tick=28 id=NetworkDetail label=
AX wall=2026-10-09T03:00:04Z tick=28 id=NetworkInterface-en0 label=en0 · 물리 Wi-Fi · 연결 활성, 분류 근거: SC Wi-Fi; hardware provider IOSkywalkLegacyEthernetInterface/IO80211Controller/IOUserNetworkWLAN/IOUserService/IOUserService/IOPCIDevice/ApplePCIEHostBridge/IOPCIDevice/AppleT6031PCIe/AppleARMIODevice/AppleH15IO/IOPlatformDevice/AppleARMPE/IOPlatformExpertDevice/IORegistryEntry, 현재 RX 현재 속도 없음 · 현재 TX 현재 속도 없음 · 원본 조회 0초 전, 원시 누적 RX 3,632,128,000 B · 원시 누적 TX 3,882,119,168 B, IPv4 192.168.45.238, IPv6 fe80::14e6:9bab:53c7:9c64%en0, 링크 속도 미지원 · unsupported: ifi_baudrate=304200000 nominal line speed; negotiated rate unverified
AX wall=2026-10-09T03:00:04Z tick=28 id=NetworkInterface-llw0 label=llw0 · 종류 미확인 · 연결 상태 미확인, 분류 근거: IORegistry provider unavailable; SC type=, 현재 RX 현재 속도 없음 · 현재 TX 현재 속도 없음 · 원본 조회 0초 전, 원시 누적 RX 0 B · 원시 누적 TX 0 B, IPv4 없음 또는 미확인, IPv6 fe80::3830:5dff:fe74:1420%llw0, 링크 속도 미지원 · unsupported: ifi_baudrate zero or sentinel
AX wall=2026-10-09T03:00:04Z tick=28 id=NetworkInterface-awdl0 label=awdl0 · 가상 · 연결 활성, 분류 근거: SIOCGIFFUNCTIONALTYPE=4, 현재 RX 현재 속도 없음 · 현재 TX 현재 속도 없음 · 원본 조회 0초 전, 원시 누적 RX 9,789,440 B · 원시 누적 TX 9,831,424 B, IPv4 없음 또는 미확인, IPv6 fe80::3830:5dff:fe74:1420%awdl0, 링크 속도 미지원 · unsupported: ifi_baudrate zero or sentinel
AX wall=2026-10-09T03:00:05Z tick=29 id=NetworkCard label=Network 카드, 일부 수집 실패: 물리 대상의 식별·연결·속도 일부를 확인하지 못했습니다, 확인된 일부 합계 다운로드 3.0 KB/s, 업로드 2.0 KB/s, 일부 수집 실패: 대상 identity 또는 물리 정보 일부 미확인, 활성 확인 4개 · 논리·Wi-Fi·가상 · 상태 미확인 8개, 단축키 ⌘3
AX wall=2026-10-09T03:00:05Z tick=29 id=NetworkDetail label=
AX wall=2026-10-09T03:00:05Z tick=29 id=NetworkInterface-en0 label=en0 · 물리 Wi-Fi · 연결 활성, 분류 근거: SC Wi-Fi; hardware provider IOSkywalkLegacyEthernetInterface/IO80211Controller/IOUserNetworkWLAN/IOUserService/IOUserService/IOPCIDevice/ApplePCIEHostBridge/IOPCIDevice/AppleT6031PCIe/AppleARMIODevice/AppleH15IO/IOPlatformDevice/AppleARMPE/IOPlatformExpertDevice/IORegistryEntry, 현재 RX 31.2 KB/s · 현재 TX 15.6 KB/s · 원본 조회 0초 전, 원시 누적 RX 3,632,163,840 B · 원시 누적 TX 3,882,137,600 B, IPv4 192.168.45.238, IPv6 fe80::14e6:9bab:53c7:9c64%en0, 링크 속도 미지원 · unsupported: ifi_baudrate=304200000 nominal line speed; negotiated rate unverified
AX wall=2026-10-09T03:00:05Z tick=29 id=NetworkInterface-llw0 label=llw0 · 종류 미확인 · 연결 상태 미확인, 분류 근거: IORegistry provider unavailable; SC type=, 현재 RX 0.0 B/s · 현재 TX 0.0 B/s · 원본 조회 0초 전, 원시 누적 RX 0 B · 원시 누적 TX 0 B, IPv4 없음 또는 미확인, IPv6 fe80::3830:5dff:fe74:1420%llw0, 링크 속도 미지원 · unsupported: ifi_baudrate zero or sentinel
AX wall=2026-10-09T03:00:05Z tick=29 id=NetworkInterface-awdl0 label=awdl0 · 가상 · 연결 활성, 분류 근거: SIOCGIFFUNCTIONALTYPE=4, 현재 RX 0.0 B/s · 현재 TX 0.0 B/s · 원본 조회 0초 전, 원시 누적 RX 9,789,440 B · 원시 누적 TX 9,832,448 B, IPv4 없음 또는 미확인, IPv6 fe80::3830:5dff:fe74:1420%awdl0, 링크 속도 미지원 · unsupported: ifi_baudrate zero or sentinel
AX wall=2026-10-09T03:00:06Z tick=30 id=NetworkCard label=Network 카드, 일부 수집 실패: 물리 대상의 식별·연결·속도 일부를 확인하지 못했습니다, 확인된 일부 합계 다운로드 49.8 KB/s, 업로드 24.4 KB/s, 일부 수집 실패: 대상 identity 또는 물리 정보 일부 미확인, 활성 확인 4개 · 논리·Wi-Fi·가상 · 상태 미확인 8개, 단축키 ⌘3
AX wall=2026-10-09T03:00:06Z tick=30 id=NetworkDetail label=
AX wall=2026-10-09T03:00:06Z tick=30 id=NetworkInterface-en0 label=en0 · 물리 Wi-Fi · 연결 활성, 분류 근거: SC Wi-Fi; hardware provider IOSkywalkLegacyEthernetInterface/IO80211Controller/IOUserNetworkWLAN/IOUserService/IOUserService/IOPCIDevice/ApplePCIEHostBridge/IOPCIDevice/AppleT6031PCIe/AppleARMIODevice/AppleH15IO/IOPlatformDevice/AppleARMPE/IOPlatformExpertDevice/IORegistryEntry, 현재 RX 49.8 KB/s · 현재 TX 24.4 KB/s · 원본 조회 0초 전, 원시 누적 RX 3,632,216,064 B · 원시 누적 TX 3,882,163,200 B, IPv4 192.168.45.238, IPv6 fe80::14e6:9bab:53c7:9c64%en0, 링크 속도 미지원 · unsupported: ifi_baudrate=304200000 nominal line speed; negotiated rate unverified
AX wall=2026-10-09T03:00:06Z tick=30 id=NetworkInterface-llw0 label=llw0 · 종류 미확인 · 연결 상태 미확인, 분류 근거: IORegistry provider unavailable; SC type=, 현재 RX 0.0 B/s · 현재 TX 0.0 B/s · 원본 조회 0초 전, 원시 누적 RX 0 B · 원시 누적 TX 0 B, IPv4 없음 또는 미확인, IPv6 fe80::3830:5dff:fe74:1420%llw0, 링크 속도 미지원 · unsupported: ifi_baudrate zero or sentinel
AX wall=2026-10-09T03:00:06Z tick=30 id=NetworkInterface-awdl0 label=awdl0 · 가상 · 연결 활성, 분류 근거: SIOCGIFFUNCTIONALTYPE=4, 현재 RX 0.0 B/s · 현재 TX 0.0 B/s · 원본 조회 0초 전, 원시 누적 RX 9,789,440 B · 원시 누적 TX 9,832,448 B, IPv4 없음 또는 미확인, IPv6 fe80::3830:5dff:fe74:1420%awdl0, 링크 속도 미지원 · unsupported: ifi_baudrate zero or sentinel
AX wall=2026-10-09T03:00:07Z tick=31 id=NetworkCard label=Network 카드, 일부 수집 실패: 물리 대상의 식별·연결·속도 일부를 확인하지 못했습니다, 확인된 일부 합계 다운로드 29.9 KB/s, 업로드 1,020.8 B/s, 일부 수집 실패: 대상 identity 또는 물리 정보 일부 미확인, 활성 확인 4개 · 논리·Wi-Fi·가상 · 상태 미확인 8개, 단축키 ⌘3
AX wall=2026-10-09T03:00:07Z tick=31 id=NetworkDetail label=
AX wall=2026-10-09T03:00:07Z tick=31 id=NetworkInterface-en0 label=en0 · 물리 Wi-Fi · 연결 활성, 분류 근거: SC Wi-Fi; hardware provider IOSkywalkLegacyEthernetInterface/IO80211Controller/IOUserNetworkWLAN/IOUserService/IOUserService/IOPCIDevice/ApplePCIEHostBridge/IOPCIDevice/AppleT6031PCIe/AppleARMIODevice/AppleH15IO/IOPlatformDevice/AppleARMPE/IOPlatformExpertDevice/IORegistryEntry, 현재 RX 29.9 KB/s · 현재 TX 1,020.8 B/s · 원본 조회 0초 전, 원시 누적 RX 3,632,246,784 B · 원시 누적 TX 3,882,164,224 B, IPv4 192.168.45.238, IPv6 fe80::14e6:9bab:53c7:9c64%en0, 링크 속도 미지원 · unsupported: ifi_baudrate=304200000 nominal line speed; negotiated rate unverified
AX wall=2026-10-09T03:00:07Z tick=31 id=NetworkInterface-llw0 label=llw0 · 종류 미확인 · 연결 상태 미확인, 분류 근거: IORegistry provider unavailable; SC type=, 현재 RX 0.0 B/s · 현재 TX 0.0 B/s · 원본 조회 0초 전, 원시 누적 RX 0 B · 원시 누적 TX 0 B, IPv4 없음 또는 미확인, IPv6 fe80::3830:5dff:fe74:1420%llw0, 링크 속도 미지원 · unsupported: ifi_baudrate zero or sentinel
AX wall=2026-10-09T03:00:07Z tick=31 id=NetworkInterface-awdl0 label=awdl0 · 가상 · 연결 활성, 분류 근거: SIOCGIFFUNCTIONALTYPE=4, 현재 RX 0.0 B/s · 현재 TX 0.0 B/s · 원본 조회 0초 전, 원시 누적 RX 9,789,440 B · 원시 누적 TX 9,832,448 B, IPv4 없음 또는 미확인, IPv6 fe80::3830:5dff:fe74:1420%awdl0, 링크 속도 미지원 · unsupported: ifi_baudrate zero or sentinel
AX wall=2026-10-09T03:00:08Z tick=32 id=NetworkCard label=Network 카드, 기준점 갱신 중, 현재 속도 없음, 측정된 속도 없음, 일부 수집 실패: 대상 identity 또는 물리 정보 일부 미확인, 활성 확인 4개 · 논리·Wi-Fi·가상 · 상태 미확인 8개, 단축키 ⌘3
AX wall=2026-10-09T03:00:08Z tick=32 id=NetworkDetail label=
AX wall=2026-10-09T03:00:08Z tick=32 id=NetworkInterface-en0 label=en0 · 물리 Wi-Fi · 연결 활성, 분류 근거: SC Wi-Fi; hardware provider IOSkywalkLegacyEthernetInterface/IO80211Controller/IOUserNetworkWLAN/IOUserService/IOUserService/IOPCIDevice/ApplePCIEHostBridge/IOPCIDevice/AppleT6031PCIe/AppleARMIODevice/AppleH15IO/IOPlatformDevice/AppleARMPE/IOPlatformExpertDevice/IORegistryEntry, 현재 RX 현재 속도 없음 · 현재 TX 현재 속도 없음 · 원본 조회 0초 전, 원시 누적 RX 3,632,301,056 B · 원시 누적 TX 3,882,176,512 B, IPv4 192.168.45.238, IPv6 fe80::14e6:9bab:53c7:9c64%en0, 링크 속도 미지원 · unsupported: ifi_baudrate=304200000 nominal line speed; negotiated rate unverified
AX wall=2026-10-09T03:00:08Z tick=32 id=NetworkInterface-llw0 label=llw0 · 종류 미확인 · 연결 상태 미확인, 분류 근거: IORegistry provider unavailable; SC type=, 현재 RX 현재 속도 없음 · 현재 TX 현재 속도 없음 · 원본 조회 0초 전, 원시 누적 RX 0 B · 원시 누적 TX 0 B, IPv4 없음 또는 미확인, IPv6 fe80::3830:5dff:fe74:1420%llw0, 링크 속도 미지원 · unsupported: ifi_baudrate zero or sentinel
AX wall=2026-10-09T03:00:08Z tick=32 id=NetworkInterface-awdl0 label=awdl0 · 가상 · 연결 활성, 분류 근거: SIOCGIFFUNCTIONALTYPE=4, 현재 RX 현재 속도 없음 · 현재 TX 현재 속도 없음 · 원본 조회 0초 전, 원시 누적 RX 9,789,440 B · 원시 누적 TX 9,832,448 B, IPv4 없음 또는 미확인, IPv6 fe80::3830:5dff:fe74:1420%awdl0, 링크 속도 미지원 · unsupported: ifi_baudrate zero or sentinel
AX wall=2026-10-09T03:00:10Z tick=33 id=NetworkCard label=Network 카드, 일부 수집 실패: 물리 대상의 식별·연결·속도 일부를 확인하지 못했습니다, 확인된 일부 합계 다운로드 1,023.9 B/s, 업로드 1,023.9 B/s, 일부 수집 실패: 대상 identity 또는 물리 정보 일부 미확인, 활성 확인 4개 · 논리·Wi-Fi·가상 · 상태 미확인 8개, 단축키 ⌘3
AX wall=2026-10-09T03:00:10Z tick=33 id=NetworkDetail label=
AX wall=2026-10-09T03:00:10Z tick=33 id=NetworkInterface-en0 label=en0 · 물리 Wi-Fi · 연결 활성, 분류 근거: SC Wi-Fi; hardware provider IOSkywalkLegacyEthernetInterface/IO80211Controller/IOUserNetworkWLAN/IOUserService/IOUserService/IOPCIDevice/ApplePCIEHostBridge/IOPCIDevice/AppleT6031PCIe/AppleARMIODevice/AppleH15IO/IOPlatformDevice/AppleARMPE/IOPlatformExpertDevice/IORegistryEntry, 현재 RX 1,023.9 B/s · 현재 TX 1,023.9 B/s · 원본 조회 0초 전, 원시 누적 RX 3,632,302,080 B · 원시 누적 TX 3,882,177,536 B, IPv4 192.168.45.238, IPv6 fe80::14e6:9bab:53c7:9c64%en0, 링크 속도 미지원 · unsupported: ifi_baudrate=304200000 nominal line speed; negotiated rate unverified
AX wall=2026-10-09T03:00:10Z tick=33 id=NetworkInterface-llw0 label=llw0 · 종류 미확인 · 연결 상태 미확인, 분류 근거: IORegistry provider unavailable; SC type=, 현재 RX 0.0 B/s · 현재 TX 0.0 B/s · 원본 조회 0초 전, 원시 누적 RX 0 B · 원시 누적 TX 0 B, IPv4 없음 또는 미확인, IPv6 fe80::3830:5dff:fe74:1420%llw0, 링크 속도 미지원 · unsupported: ifi_baudrate zero or sentinel
AX wall=2026-10-09T03:00:10Z tick=33 id=NetworkInterface-awdl0 label=awdl0 · 가상 · 연결 활성, 분류 근거: SIOCGIFFUNCTIONALTYPE=4, 현재 RX 0.0 B/s · 현재 TX 1,023.9 B/s · 원본 조회 0초 전, 원시 누적 RX 9,789,440 B · 원시 누적 TX 9,833,472 B, IPv4 없음 또는 미확인, IPv6 fe80::3830:5dff:fe74:1420%awdl0, 링크 속도 미지원 · unsupported: ifi_baudrate zero or sentinel
AX wall=2026-10-09T03:00:11Z tick=34 id=NetworkCard label=Network 카드, 일부 수집 실패: 물리 대상의 식별·연결·속도 일부를 확인하지 못했습니다, 확인된 일부 합계 다운로드 37.1 KB/s, 업로드 18.6 KB/s, 일부 수집 실패: 대상 identity 또는 물리 정보 일부 미확인, 활성 확인 4개 · 논리·Wi-Fi·가상 · 상태 미확인 8개, 단축키 ⌘3
AX wall=2026-10-09T03:00:11Z tick=34 id=NetworkDetail label=
AX wall=2026-10-09T03:00:11Z tick=34 id=NetworkInterface-en0 label=en0 · 물리 Wi-Fi · 연결 활성, 분류 근거: SC Wi-Fi; hardware provider IOSkywalkLegacyEthernetInterface/IO80211Controller/IOUserNetworkWLAN/IOUserService/IOUserService/IOPCIDevice/ApplePCIEHostBridge/IOPCIDevice/AppleT6031PCIe/AppleARMIODevice/AppleH15IO/IOPlatformDevice/AppleARMPE/IOPlatformExpertDevice/IORegistryEntry, 현재 RX 37.1 KB/s · 현재 TX 18.6 KB/s · 원본 조회 0초 전, 원시 누적 RX 3,632,338,944 B · 원시 누적 TX 3,882,195,968 B, IPv4 192.168.45.238, IPv6 fe80::14e6:9bab:53c7:9c64%en0, 링크 속도 미지원 · unsupported: ifi_baudrate=304200000 nominal line speed; negotiated rate unverified
AX wall=2026-10-09T03:00:11Z tick=34 id=NetworkInterface-llw0 label=llw0 · 종류 미확인 · 연결 상태 미확인, 분류 근거: IORegistry provider unavailable; SC type=, 현재 RX 0.0 B/s · 현재 TX 0.0 B/s · 원본 조회 0초 전, 원시 누적 RX 0 B · 원시 누적 TX 0 B, IPv4 없음 또는 미확인, IPv6 fe80::3830:5dff:fe74:1420%llw0, 링크 속도 미지원 · unsupported: ifi_baudrate zero or sentinel
AX wall=2026-10-09T03:00:11Z tick=34 id=NetworkInterface-awdl0 label=awdl0 · 가상 · 연결 활성, 분류 근거: SIOCGIFFUNCTIONALTYPE=4, 현재 RX 0.0 B/s · 현재 TX 0.0 B/s · 원본 조회 0초 전, 원시 누적 RX 9,789,440 B · 원시 누적 TX 9,833,472 B, IPv4 없음 또는 미확인, IPv6 fe80::3830:5dff:fe74:1420%awdl0, 링크 속도 미지원 · unsupported: ifi_baudrate zero or sentinel
AX wall=2026-10-09T03:00:12Z tick=35 id=NetworkCard label=Network 카드, 일부 수집 실패: 물리 대상의 식별·연결·속도 일부를 확인하지 못했습니다, 확인된 일부 합계 다운로드 37.0 KB/s, 업로드 8.8 KB/s, 일부 수집 실패: 대상 identity 또는 물리 정보 일부 미확인, 활성 확인 4개 · 논리·Wi-Fi·가상 · 상태 미확인 8개, 단축키 ⌘3
AX wall=2026-10-09T03:00:12Z tick=35 id=NetworkDetail label=
AX wall=2026-10-09T03:00:12Z tick=35 id=NetworkInterface-en0 label=en0 · 물리 Wi-Fi · 연결 활성, 분류 근거: SC Wi-Fi; hardware provider IOSkywalkLegacyEthernetInterface/IO80211Controller/IOUserNetworkWLAN/IOUserService/IOUserService/IOPCIDevice/ApplePCIEHostBridge/IOPCIDevice/AppleT6031PCIe/AppleARMIODevice/AppleH15IO/IOPlatformDevice/AppleARMPE/IOPlatformExpertDevice/IORegistryEntry, 현재 RX 37.0 KB/s · 현재 TX 8.8 KB/s · 원본 조회 0초 전, 원시 누적 RX 3,632,377,856 B · 원시 누적 TX 3,882,205,184 B, IPv4 192.168.45.238, IPv6 fe80::14e6:9bab:53c7:9c64%en0, 링크 속도 미지원 · unsupported: ifi_baudrate=304200000 nominal line speed; negotiated rate unverified
AX wall=2026-10-09T03:00:12Z tick=35 id=NetworkInterface-llw0 label=llw0 · 종류 미확인 · 연결 상태 미확인, 분류 근거: IORegistry provider unavailable; SC type=, 현재 RX 0.0 B/s · 현재 TX 0.0 B/s · 원본 조회 0초 전, 원시 누적 RX 0 B · 원시 누적 TX 0 B, IPv4 없음 또는 미확인, IPv6 fe80::3830:5dff:fe74:1420%llw0, 링크 속도 미지원 · unsupported: ifi_baudrate zero or sentinel
AX wall=2026-10-09T03:00:12Z tick=35 id=NetworkInterface-awdl0 label=awdl0 · 가상 · 연결 활성, 분류 근거: SIOCGIFFUNCTIONALTYPE=4, 현재 RX 0.0 B/s · 현재 TX 0.0 B/s · 원본 조회 0초 전, 원시 누적 RX 9,789,440 B · 원시 누적 TX 9,833,472 B, IPv4 없음 또는 미확인, IPv6 fe80::3830:5dff:fe74:1420%awdl0, 링크 속도 미지원 · unsupported: ifi_baudrate zero or sentinel
AX wall=2026-10-09T03:00:13Z tick=36 id=NetworkCard label=Network 카드, 일부 수집 실패: 물리 대상의 식별·연결·속도 일부를 확인하지 못했습니다, 확인된 일부 합계 다운로드 0.0 B/s, 업로드 0.0 B/s, 일부 수집 실패: 대상 identity 또는 물리 정보 일부 미확인, 활성 확인 4개 · 논리·Wi-Fi·가상 · 상태 미확인 8개, 단축키 ⌘3
AX wall=2026-10-09T03:00:13Z tick=36 id=NetworkDetail label=
AX wall=2026-10-09T03:00:13Z tick=36 id=NetworkInterface-en0 label=en0 · 물리 Wi-Fi · 연결 활성, 분류 근거: SC Wi-Fi; hardware provider IOSkywalkLegacyEthernetInterface/IO80211Controller/IOUserNetworkWLAN/IOUserService/IOUserService/IOPCIDevice/ApplePCIEHostBridge/IOPCIDevice/AppleT6031PCIe/AppleARMIODevice/AppleH15IO/IOPlatformDevice/AppleARMPE/IOPlatformExpertDevice/IORegistryEntry, 현재 RX 0.0 B/s · 현재 TX 0.0 B/s · 원본 조회 0초 전, 원시 누적 RX 3,632,377,856 B · 원시 누적 TX 3,882,205,184 B, IPv4 192.168.45.238, IPv6 fe80::14e6:9bab:53c7:9c64%en0, 링크 속도 미지원 · unsupported: ifi_baudrate=304200000 nominal line speed; negotiated rate unverified
AX wall=2026-10-09T03:00:13Z tick=36 id=NetworkInterface-llw0 label=llw0 · 종류 미확인 · 연결 상태 미확인, 분류 근거: IORegistry provider unavailable; SC type=, 현재 RX 0.0 B/s · 현재 TX 0.0 B/s · 원본 조회 0초 전, 원시 누적 RX 0 B · 원시 누적 TX 0 B, IPv4 없음 또는 미확인, IPv6 fe80::3830:5dff:fe74:1420%llw0, 링크 속도 미지원 · unsupported: ifi_baudrate zero or sentinel
AX wall=2026-10-09T03:00:13Z tick=36 id=NetworkInterface-awdl0 label=awdl0 · 가상 · 연결 활성, 분류 근거: SIOCGIFFUNCTIONALTYPE=4, 현재 RX 0.0 B/s · 현재 TX 0.0 B/s · 원본 조회 0초 전, 원시 누적 RX 9,789,440 B · 원시 누적 TX 9,833,472 B, IPv4 없음 또는 미확인, IPv6 fe80::3830:5dff:fe74:1420%awdl0, 링크 속도 미지원 · unsupported: ifi_baudrate zero or sentinel
AX wall=2026-10-09T03:00:14Z tick=37 id=NetworkCard label=Network 카드, 일부 수집 실패: 물리 대상의 식별·연결·속도 일부를 확인하지 못했습니다, 확인된 일부 합계 다운로드 78.8 KB/s, 업로드 381.1 KB/s, 일부 수집 실패: 대상 identity 또는 물리 정보 일부 미확인, 활성 확인 4개 · 논리·Wi-Fi·가상 · 상태 미확인 8개, 단축키 ⌘3
AX wall=2026-10-09T03:00:14Z tick=37 id=NetworkDetail label=
AX wall=2026-10-09T03:00:14Z tick=37 id=NetworkInterface-en0 label=en0 · 물리 Wi-Fi · 연결 활성, 분류 근거: SC Wi-Fi; hardware provider IOSkywalkLegacyEthernetInterface/IO80211Controller/IOUserNetworkWLAN/IOUserService/IOUserService/IOPCIDevice/ApplePCIEHostBridge/IOPCIDevice/AppleT6031PCIe/AppleARMIODevice/AppleH15IO/IOPlatformDevice/AppleARMPE/IOPlatformExpertDevice/IORegistryEntry, 현재 RX 78.8 KB/s · 현재 TX 381.1 KB/s · 원본 조회 0초 전, 원시 누적 RX 3,632,453,632 B · 원시 누적 TX 3,882,571,776 B, IPv4 192.168.45.238, IPv6 fe80::14e6:9bab:53c7:9c64%en0, 링크 속도 미지원 · unsupported: ifi_baudrate=304200000 nominal line speed; negotiated rate unverified
AX wall=2026-10-09T03:00:14Z tick=37 id=NetworkInterface-llw0 label=llw0 · 종류 미확인 · 연결 상태 미확인, 분류 근거: IORegistry provider unavailable; SC type=, 현재 RX 0.0 B/s · 현재 TX 0.0 B/s · 원본 조회 0초 전, 원시 누적 RX 0 B · 원시 누적 TX 0 B, IPv4 없음 또는 미확인, IPv6 fe80::3830:5dff:fe74:1420%llw0, 링크 속도 미지원 · unsupported: ifi_baudrate zero or sentinel
AX wall=2026-10-09T03:00:14Z tick=37 id=NetworkInterface-awdl0 label=awdl0 · 가상 · 연결 활성, 분류 근거: SIOCGIFFUNCTIONALTYPE=4, 현재 RX 0.0 B/s · 현재 TX 0.0 B/s · 원본 조회 0초 전, 원시 누적 RX 9,789,440 B · 원시 누적 TX 9,833,472 B, IPv4 없음 또는 미확인, IPv6 fe80::3830:5dff:fe74:1420%awdl0, 링크 속도 미지원 · unsupported: ifi_baudrate zero or sentinel
AX wall=2026-10-09T03:00:15Z tick=38 id=NetworkCard label=Network 카드, 일부 수집 실패: 물리 대상의 식별·연결·속도 일부를 확인하지 못했습니다, 확인된 일부 합계 다운로드 32.8 KB/s, 업로드 5.0 KB/s, 일부 수집 실패: 대상 identity 또는 물리 정보 일부 미확인, 활성 확인 4개 · 논리·Wi-Fi·가상 · 상태 미확인 8개, 단축키 ⌘3
AX wall=2026-10-09T03:00:15Z tick=38 id=NetworkDetail label=
AX wall=2026-10-09T03:00:15Z tick=38 id=NetworkInterface-en0 label=en0 · 물리 Wi-Fi · 연결 활성, 분류 근거: SC Wi-Fi; hardware provider IOSkywalkLegacyEthernetInterface/IO80211Controller/IOUserNetworkWLAN/IOUserService/IOUserService/IOPCIDevice/ApplePCIEHostBridge/IOPCIDevice/AppleT6031PCIe/AppleARMIODevice/AppleH15IO/IOPlatformDevice/AppleARMPE/IOPlatformExpertDevice/IORegistryEntry, 현재 RX 32.8 KB/s · 현재 TX 5.0 KB/s · 원본 조회 0초 전, 원시 누적 RX 3,632,487,424 B · 원시 누적 TX 3,882,576,896 B, IPv4 192.168.45.238, IPv6 fe80::14e6:9bab:53c7:9c64%en0, 링크 속도 미지원 · unsupported: ifi_baudrate=304200000 nominal line speed; negotiated rate unverified
AX wall=2026-10-09T03:00:15Z tick=38 id=NetworkInterface-llw0 label=llw0 · 종류 미확인 · 연결 상태 미확인, 분류 근거: IORegistry provider unavailable; SC type=, 현재 RX 0.0 B/s · 현재 TX 0.0 B/s · 원본 조회 0초 전, 원시 누적 RX 0 B · 원시 누적 TX 0 B, IPv4 없음 또는 미확인, IPv6 fe80::3830:5dff:fe74:1420%llw0, 링크 속도 미지원 · unsupported: ifi_baudrate zero or sentinel
AX wall=2026-10-09T03:00:15Z tick=38 id=NetworkInterface-awdl0 label=awdl0 · 가상 · 연결 활성, 분류 근거: SIOCGIFFUNCTIONALTYPE=4, 현재 RX 0.0 B/s · 현재 TX 0.0 B/s · 원본 조회 0초 전, 원시 누적 RX 9,789,440 B · 원시 누적 TX 9,833,472 B, IPv4 없음 또는 미확인, IPv6 fe80::3830:5dff:fe74:1420%awdl0, 링크 속도 미지원 · unsupported: ifi_baudrate zero or sentinel
AX wall=2026-10-09T03:00:16Z tick=39 id=NetworkCard label=Network 카드, 일부 수집 실패: 물리 대상의 식별·연결·속도 일부를 확인하지 못했습니다, 확인된 일부 합계 다운로드 6.7 KB/s, 업로드 1.9 KB/s, 일부 수집 실패: 대상 identity 또는 물리 정보 일부 미확인, 활성 확인 4개 · 논리·Wi-Fi·가상 · 상태 미확인 8개, 단축키 ⌘3
AX wall=2026-10-09T03:00:16Z tick=39 id=NetworkDetail label=
AX wall=2026-10-09T03:00:16Z tick=39 id=NetworkInterface-en0 label=en0 · 물리 Wi-Fi · 연결 활성, 분류 근거: SC Wi-Fi; hardware provider IOSkywalkLegacyEthernetInterface/IO80211Controller/IOUserNetworkWLAN/IOUserService/IOUserService/IOPCIDevice/ApplePCIEHostBridge/IOPCIDevice/AppleT6031PCIe/AppleARMIODevice/AppleH15IO/IOPlatformDevice/AppleARMPE/IOPlatformExpertDevice/IORegistryEntry, 현재 RX 6.7 KB/s · 현재 TX 1.9 KB/s · 원본 조회 0초 전, 원시 누적 RX 3,632,494,592 B · 원시 누적 TX 3,882,578,944 B, IPv4 192.168.45.238, IPv6 fe80::14e6:9bab:53c7:9c64%en0, 링크 속도 미지원 · unsupported: ifi_baudrate=304200000 nominal line speed; negotiated rate unverified
AX wall=2026-10-09T03:00:16Z tick=39 id=NetworkInterface-llw0 label=llw0 · 종류 미확인 · 연결 상태 미확인, 분류 근거: IORegistry provider unavailable; SC type=, 현재 RX 0.0 B/s · 현재 TX 0.0 B/s · 원본 조회 0초 전, 원시 누적 RX 0 B · 원시 누적 TX 0 B, IPv4 없음 또는 미확인, IPv6 fe80::3830:5dff:fe74:1420%llw0, 링크 속도 미지원 · unsupported: ifi_baudrate zero or sentinel
AX wall=2026-10-09T03:00:16Z tick=39 id=NetworkInterface-awdl0 label=awdl0 · 가상 · 연결 활성, 분류 근거: SIOCGIFFUNCTIONALTYPE=4, 현재 RX 0.0 B/s · 현재 TX 0.0 B/s · 원본 조회 0초 전, 원시 누적 RX 9,789,440 B · 원시 누적 TX 9,833,472 B, IPv4 없음 또는 미확인, IPv6 fe80::3830:5dff:fe74:1420%awdl0, 링크 속도 미지원 · unsupported: ifi_baudrate zero or sentinel
AX wall=2026-10-09T03:00:17Z tick=40 id=NetworkCard label=Network 카드, 일부 수집 실패: 물리 대상의 식별·연결·속도 일부를 확인하지 못했습니다, 확인된 일부 합계 다운로드 3.0 KB/s, 업로드 0.0 B/s, 일부 수집 실패: 대상 identity 또는 물리 정보 일부 미확인, 활성 확인 4개 · 논리·Wi-Fi·가상 · 상태 미확인 8개, 단축키 ⌘3
AX wall=2026-10-09T03:00:17Z tick=40 id=NetworkDetail label=
AX wall=2026-10-09T03:00:17Z tick=40 id=NetworkInterface-en0 label=en0 · 물리 Wi-Fi · 연결 활성, 분류 근거: SC Wi-Fi; hardware provider IOSkywalkLegacyEthernetInterface/IO80211Controller/IOUserNetworkWLAN/IOUserService/IOUserService/IOPCIDevice/ApplePCIEHostBridge/IOPCIDevice/AppleT6031PCIe/AppleARMIODevice/AppleH15IO/IOPlatformDevice/AppleARMPE/IOPlatformExpertDevice/IORegistryEntry, 현재 RX 3.0 KB/s · 현재 TX 0.0 B/s · 원본 조회 0초 전, 원시 누적 RX 3,632,497,664 B · 원시 누적 TX 3,882,578,944 B, IPv4 192.168.45.238, IPv6 fe80::14e6:9bab:53c7:9c64%en0, 링크 속도 미지원 · unsupported: ifi_baudrate=304200000 nominal line speed; negotiated rate unverified
AX wall=2026-10-09T03:00:17Z tick=40 id=NetworkInterface-llw0 label=llw0 · 종류 미확인 · 연결 상태 미확인, 분류 근거: IORegistry provider unavailable; SC type=, 현재 RX 0.0 B/s · 현재 TX 0.0 B/s · 원본 조회 0초 전, 원시 누적 RX 0 B · 원시 누적 TX 0 B, IPv4 없음 또는 미확인, IPv6 fe80::3830:5dff:fe74:1420%llw0, 링크 속도 미지원 · unsupported: ifi_baudrate zero or sentinel
AX wall=2026-10-09T03:00:17Z tick=40 id=NetworkInterface-awdl0 label=awdl0 · 가상 · 연결 활성, 분류 근거: SIOCGIFFUNCTIONALTYPE=4, 현재 RX 0.0 B/s · 현재 TX 0.0 B/s · 원본 조회 0초 전, 원시 누적 RX 9,789,440 B · 원시 누적 TX 9,833,472 B, IPv4 없음 또는 미확인, IPv6 fe80::3830:5dff:fe74:1420%awdl0, 링크 속도 미지원 · unsupported: ifi_baudrate zero or sentinel
AX wall=2026-10-09T03:00:18Z tick=41 id=NetworkCard label=Network 카드, 일부 수집 실패: 물리 대상의 식별·연결·속도 일부를 확인하지 못했습니다, 확인된 일부 합계 다운로드 30.1 KB/s, 업로드 7.0 KB/s, 일부 수집 실패: 대상 identity 또는 물리 정보 일부 미확인, 활성 확인 4개 · 논리·Wi-Fi·가상 · 상태 미확인 8개, 단축키 ⌘3
AX wall=2026-10-09T03:00:18Z tick=41 id=NetworkDetail label=
AX wall=2026-10-09T03:00:18Z tick=41 id=NetworkInterface-en0 label=en0 · 물리 Wi-Fi · 연결 활성, 분류 근거: SC Wi-Fi; hardware provider IOSkywalkLegacyEthernetInterface/IO80211Controller/IOUserNetworkWLAN/IOUserService/IOUserService/IOPCIDevice/ApplePCIEHostBridge/IOPCIDevice/AppleT6031PCIe/AppleARMIODevice/AppleH15IO/IOPlatformDevice/AppleARMPE/IOPlatformExpertDevice/IORegistryEntry, 현재 RX 30.1 KB/s · 현재 TX 7.0 KB/s · 원본 조회 0초 전, 원시 누적 RX 3,632,528,384 B · 원시 누적 TX 3,882,586,112 B, IPv4 192.168.45.238, IPv6 fe80::14e6:9bab:53c7:9c64%en0, 링크 속도 미지원 · unsupported: ifi_baudrate=304200000 nominal line speed; negotiated rate unverified
AX wall=2026-10-09T03:00:18Z tick=41 id=NetworkInterface-llw0 label=llw0 · 종류 미확인 · 연결 상태 미확인, 분류 근거: IORegistry provider unavailable; SC type=, 현재 RX 0.0 B/s · 현재 TX 0.0 B/s · 원본 조회 0초 전, 원시 누적 RX 0 B · 원시 누적 TX 0 B, IPv4 없음 또는 미확인, IPv6 fe80::3830:5dff:fe74:1420%llw0, 링크 속도 미지원 · unsupported: ifi_baudrate zero or sentinel
AX wall=2026-10-09T03:00:18Z tick=41 id=NetworkInterface-awdl0 label=awdl0 · 가상 · 연결 활성, 분류 근거: SIOCGIFFUNCTIONALTYPE=4, 현재 RX 0.0 B/s · 현재 TX 0.0 B/s · 원본 조회 0초 전, 원시 누적 RX 9,789,440 B · 원시 누적 TX 9,833,472 B, IPv4 없음 또는 미확인, IPv6 fe80::3830:5dff:fe74:1420%awdl0, 링크 속도 미지원 · unsupported: ifi_baudrate zero or sentinel
AX wall=2026-10-09T03:00:19Z tick=42 id=NetworkCard label=Network 카드, 일부 수집 실패: 물리 대상의 식별·연결·속도 일부를 확인하지 못했습니다, 확인된 일부 합계 다운로드 1,022.3 B/s, 업로드 0.0 B/s, 일부 수집 실패: 대상 identity 또는 물리 정보 일부 미확인, 활성 확인 4개 · 논리·Wi-Fi·가상 · 상태 미확인 8개, 단축키 ⌘3
AX wall=2026-10-09T03:00:19Z tick=42 id=NetworkDetail label=
AX wall=2026-10-09T03:00:19Z tick=42 id=NetworkInterface-en0 label=en0 · 물리 Wi-Fi · 연결 활성, 분류 근거: SC Wi-Fi; hardware provider IOSkywalkLegacyEthernetInterface/IO80211Controller/IOUserNetworkWLAN/IOUserService/IOUserService/IOPCIDevice/ApplePCIEHostBridge/IOPCIDevice/AppleT6031PCIe/AppleARMIODevice/AppleH15IO/IOPlatformDevice/AppleARMPE/IOPlatformExpertDevice/IORegistryEntry, 현재 RX 1,022.3 B/s · 현재 TX 0.0 B/s · 원본 조회 0초 전, 원시 누적 RX 3,632,529,408 B · 원시 누적 TX 3,882,586,112 B, IPv4 192.168.45.238, IPv6 fe80::14e6:9bab:53c7:9c64%en0, 링크 속도 미지원 · unsupported: ifi_baudrate=304200000 nominal line speed; negotiated rate unverified
AX wall=2026-10-09T03:00:19Z tick=42 id=NetworkInterface-llw0 label=llw0 · 종류 미확인 · 연결 상태 미확인, 분류 근거: IORegistry provider unavailable; SC type=, 현재 RX 0.0 B/s · 현재 TX 0.0 B/s · 원본 조회 0초 전, 원시 누적 RX 0 B · 원시 누적 TX 0 B, IPv4 없음 또는 미확인, IPv6 fe80::3830:5dff:fe74:1420%llw0, 링크 속도 미지원 · unsupported: ifi_baudrate zero or sentinel
AX wall=2026-10-09T03:00:19Z tick=42 id=NetworkInterface-awdl0 label=awdl0 · 가상 · 연결 활성, 분류 근거: SIOCGIFFUNCTIONALTYPE=4, 현재 RX 0.0 B/s · 현재 TX 0.0 B/s · 원본 조회 0초 전, 원시 누적 RX 9,789,440 B · 원시 누적 TX 9,833,472 B, IPv4 없음 또는 미확인, IPv6 fe80::3830:5dff:fe74:1420%awdl0, 링크 속도 미지원 · unsupported: ifi_baudrate zero or sentinel
AX wall=2026-10-09T03:00:20Z tick=43 id=NetworkCard label=Network 카드, 일부 수집 실패: 물리 대상의 식별·연결·속도 일부를 확인하지 못했습니다, 확인된 일부 합계 다운로드 0.0 B/s, 업로드 0.0 B/s, 일부 수집 실패: 대상 identity 또는 물리 정보 일부 미확인, 활성 확인 4개 · 논리·Wi-Fi·가상 · 상태 미확인 8개, 단축키 ⌘3
AX wall=2026-10-09T03:00:21Z tick=43 id=NetworkDetail label=
AX wall=2026-10-09T03:00:21Z tick=43 id=NetworkInterface-en0 label=en0 · 물리 Wi-Fi · 연결 활성, 분류 근거: SC Wi-Fi; hardware provider IOSkywalkLegacyEthernetInterface/IO80211Controller/IOUserNetworkWLAN/IOUserService/IOUserService/IOPCIDevice/ApplePCIEHostBridge/IOPCIDevice/AppleT6031PCIe/AppleARMIODevice/AppleH15IO/IOPlatformDevice/AppleARMPE/IOPlatformExpertDevice/IORegistryEntry, 현재 RX 0.0 B/s · 현재 TX 0.0 B/s · 원본 조회 0초 전, 원시 누적 RX 3,632,529,408 B · 원시 누적 TX 3,882,586,112 B, IPv4 192.168.45.238, IPv6 fe80::14e6:9bab:53c7:9c64%en0, 링크 속도 미지원 · unsupported: ifi_baudrate=304200000 nominal line speed; negotiated rate unverified
AX wall=2026-10-09T03:00:21Z tick=43 id=NetworkInterface-llw0 label=llw0 · 종류 미확인 · 연결 상태 미확인, 분류 근거: IORegistry provider unavailable; SC type=, 현재 RX 0.0 B/s · 현재 TX 0.0 B/s · 원본 조회 0초 전, 원시 누적 RX 0 B · 원시 누적 TX 0 B, IPv4 없음 또는 미확인, IPv6 fe80::3830:5dff:fe74:1420%llw0, 링크 속도 미지원 · unsupported: ifi_baudrate zero or sentinel
AX wall=2026-10-09T03:00:21Z tick=43 id=NetworkInterface-awdl0 label=awdl0 · 가상 · 연결 활성, 분류 근거: SIOCGIFFUNCTIONALTYPE=4, 현재 RX 0.0 B/s · 현재 TX 0.0 B/s · 원본 조회 0초 전, 원시 누적 RX 9,789,440 B · 원시 누적 TX 9,833,472 B, IPv4 없음 또는 미확인, IPv6 fe80::3830:5dff:fe74:1420%awdl0, 링크 속도 미지원 · unsupported: ifi_baudrate zero or sentinel
AX wall=2026-10-09T03:00:22Z tick=44 id=NetworkCard label=Network 카드, 일부 수집 실패: 물리 대상의 식별·연결·속도 일부를 확인하지 못했습니다, 확인된 일부 합계 다운로드 0.0 B/s, 업로드 1.0 KB/s, 일부 수집 실패: 대상 identity 또는 물리 정보 일부 미확인, 활성 확인 4개 · 논리·Wi-Fi·가상 · 상태 미확인 8개, 단축키 ⌘3
AX wall=2026-10-09T03:00:22Z tick=44 id=NetworkDetail label=
AX wall=2026-10-09T03:00:22Z tick=44 id=NetworkInterface-en0 label=en0 · 물리 Wi-Fi · 연결 활성, 분류 근거: SC Wi-Fi; hardware provider IOSkywalkLegacyEthernetInterface/IO80211Controller/IOUserNetworkWLAN/IOUserService/IOUserService/IOPCIDevice/ApplePCIEHostBridge/IOPCIDevice/AppleT6031PCIe/AppleARMIODevice/AppleH15IO/IOPlatformDevice/AppleARMPE/IOPlatformExpertDevice/IORegistryEntry, 현재 RX 0.0 B/s · 현재 TX 1.0 KB/s · 원본 조회 0초 전, 원시 누적 RX 3,632,529,408 B · 원시 누적 TX 3,882,587,136 B, IPv4 192.168.45.238, IPv6 fe80::14e6:9bab:53c7:9c64%en0, 링크 속도 미지원 · unsupported: ifi_baudrate=304200000 nominal line speed; negotiated rate unverified
AX wall=2026-10-09T03:00:22Z tick=44 id=NetworkInterface-llw0 label=llw0 · 종류 미확인 · 연결 상태 미확인, 분류 근거: IORegistry provider unavailable; SC type=, 현재 RX 0.0 B/s · 현재 TX 0.0 B/s · 원본 조회 0초 전, 원시 누적 RX 0 B · 원시 누적 TX 0 B, IPv4 없음 또는 미확인, IPv6 fe80::3830:5dff:fe74:1420%llw0, 링크 속도 미지원 · unsupported: ifi_baudrate zero or sentinel
AX wall=2026-10-09T03:00:22Z tick=44 id=NetworkInterface-awdl0 label=awdl0 · 가상 · 연결 활성, 분류 근거: SIOCGIFFUNCTIONALTYPE=4, 현재 RX 0.0 B/s · 현재 TX 0.0 B/s · 원본 조회 0초 전, 원시 누적 RX 9,789,440 B · 원시 누적 TX 9,833,472 B, IPv4 없음 또는 미확인, IPv6 fe80::3830:5dff:fe74:1420%awdl0, 링크 속도 미지원 · unsupported: ifi_baudrate zero or sentinel
AX wall=2026-10-09T03:00:23Z tick=45 id=NetworkCard label=Network 카드, 일부 수집 실패: 물리 대상의 식별·연결·속도 일부를 확인하지 못했습니다, 확인된 일부 합계 다운로드 1.0 KB/s, 업로드 0.0 B/s, 일부 수집 실패: 대상 identity 또는 물리 정보 일부 미확인, 활성 확인 4개 · 논리·Wi-Fi·가상 · 상태 미확인 8개, 단축키 ⌘3
AX wall=2026-10-09T03:00:23Z tick=45 id=NetworkDetail label=
AX wall=2026-10-09T03:00:23Z tick=45 id=NetworkInterface-en0 label=en0 · 물리 Wi-Fi · 연결 활성, 분류 근거: SC Wi-Fi; hardware provider IOSkywalkLegacyEthernetInterface/IO80211Controller/IOUserNetworkWLAN/IOUserService/IOUserService/IOPCIDevice/ApplePCIEHostBridge/IOPCIDevice/AppleT6031PCIe/AppleARMIODevice/AppleH15IO/IOPlatformDevice/AppleARMPE/IOPlatformExpertDevice/IORegistryEntry, 현재 RX 1.0 KB/s · 현재 TX 0.0 B/s · 원본 조회 0초 전, 원시 누적 RX 3,632,530,432 B · 원시 누적 TX 3,882,587,136 B, IPv4 192.168.45.238, IPv6 fe80::14e6:9bab:53c7:9c64%en0, 링크 속도 미지원 · unsupported: ifi_baudrate=304200000 nominal line speed; negotiated rate unverified
AX wall=2026-10-09T03:00:23Z tick=45 id=NetworkInterface-llw0 label=llw0 · 종류 미확인 · 연결 상태 미확인, 분류 근거: IORegistry provider unavailable; SC type=, 현재 RX 0.0 B/s · 현재 TX 0.0 B/s · 원본 조회 0초 전, 원시 누적 RX 0 B · 원시 누적 TX 0 B, IPv4 없음 또는 미확인, IPv6 fe80::3830:5dff:fe74:1420%llw0, 링크 속도 미지원 · unsupported: ifi_baudrate zero or sentinel
AX wall=2026-10-09T03:00:23Z tick=45 id=NetworkInterface-awdl0 label=awdl0 · 가상 · 연결 활성, 분류 근거: SIOCGIFFUNCTIONALTYPE=4, 현재 RX 0.0 B/s · 현재 TX 0.0 B/s · 원본 조회 0초 전, 원시 누적 RX 9,789,440 B · 원시 누적 TX 9,833,472 B, IPv4 없음 또는 미확인, IPv6 fe80::3830:5dff:fe74:1420%awdl0, 링크 속도 미지원 · unsupported: ifi_baudrate zero or sentinel
AX wall=2026-10-09T03:00:24Z tick=46 id=NetworkCard label=Network 카드, 일부 수집 실패: 물리 대상의 식별·연결·속도 일부를 확인하지 못했습니다, 확인된 일부 합계 다운로드 27.8 KB/s, 업로드 981.4 B/s, 일부 수집 실패: 대상 identity 또는 물리 정보 일부 미확인, 활성 확인 4개 · 논리·Wi-Fi·가상 · 상태 미확인 8개, 단축키 ⌘3
AX wall=2026-10-09T03:00:24Z tick=46 id=NetworkDetail label=
AX wall=2026-10-09T03:00:24Z tick=46 id=NetworkInterface-en0 label=en0 · 물리 Wi-Fi · 연결 활성, 분류 근거: SC Wi-Fi; hardware provider IOSkywalkLegacyEthernetInterface/IO80211Controller/IOUserNetworkWLAN/IOUserService/IOUserService/IOPCIDevice/ApplePCIEHostBridge/IOPCIDevice/AppleT6031PCIe/AppleARMIODevice/AppleH15IO/IOPlatformDevice/AppleARMPE/IOPlatformExpertDevice/IORegistryEntry, 현재 RX 27.8 KB/s · 현재 TX 981.4 B/s · 원본 조회 0초 전, 원시 누적 RX 3,632,560,128 B · 원시 누적 TX 3,882,588,160 B, IPv4 192.168.45.238, IPv6 fe80::14e6:9bab:53c7:9c64%en0, 링크 속도 미지원 · unsupported: ifi_baudrate=304200000 nominal line speed; negotiated rate unverified
AX wall=2026-10-09T03:00:24Z tick=46 id=NetworkInterface-llw0 label=llw0 · 종류 미확인 · 연결 상태 미확인, 분류 근거: IORegistry provider unavailable; SC type=, 현재 RX 0.0 B/s · 현재 TX 0.0 B/s · 원본 조회 0초 전, 원시 누적 RX 0 B · 원시 누적 TX 0 B, IPv4 없음 또는 미확인, IPv6 fe80::3830:5dff:fe74:1420%llw0, 링크 속도 미지원 · unsupported: ifi_baudrate zero or sentinel
AX wall=2026-10-09T03:00:24Z tick=46 id=NetworkInterface-awdl0 label=awdl0 · 가상 · 연결 활성, 분류 근거: SIOCGIFFUNCTIONALTYPE=4, 현재 RX 0.0 B/s · 현재 TX 0.0 B/s · 원본 조회 0초 전, 원시 누적 RX 9,789,440 B · 원시 누적 TX 9,833,472 B, IPv4 없음 또는 미확인, IPv6 fe80::3830:5dff:fe74:1420%awdl0, 링크 속도 미지원 · unsupported: ifi_baudrate zero or sentinel
AX wall=2026-10-09T03:00:25Z tick=47 id=NetworkCard label=Network 카드, 일부 수집 실패: 물리 대상의 식별·연결·속도 일부를 확인하지 못했습니다, 확인된 일부 합계 다운로드 1,023.2 B/s, 업로드 0.0 B/s, 일부 수집 실패: 대상 identity 또는 물리 정보 일부 미확인, 활성 확인 4개 · 논리·Wi-Fi·가상 · 상태 미확인 8개, 단축키 ⌘3
AX wall=2026-10-09T03:00:25Z tick=47 id=NetworkDetail label=
AX wall=2026-10-09T03:00:25Z tick=47 id=NetworkInterface-en0 label=en0 · 물리 Wi-Fi · 연결 활성, 분류 근거: SC Wi-Fi; hardware provider IOSkywalkLegacyEthernetInterface/IO80211Controller/IOUserNetworkWLAN/IOUserService/IOUserService/IOPCIDevice/ApplePCIEHostBridge/IOPCIDevice/AppleT6031PCIe/AppleARMIODevice/AppleH15IO/IOPlatformDevice/AppleARMPE/IOPlatformExpertDevice/IORegistryEntry, 현재 RX 1,023.2 B/s · 현재 TX 0.0 B/s · 원본 조회 0초 전, 원시 누적 RX 3,632,561,152 B · 원시 누적 TX 3,882,588,160 B, IPv4 192.168.45.238, IPv6 fe80::14e6:9bab:53c7:9c64%en0, 링크 속도 미지원 · unsupported: ifi_baudrate=304200000 nominal line speed; negotiated rate unverified
AX wall=2026-10-09T03:00:25Z tick=47 id=NetworkInterface-llw0 label=llw0 · 종류 미확인 · 연결 상태 미확인, 분류 근거: IORegistry provider unavailable; SC type=, 현재 RX 0.0 B/s · 현재 TX 0.0 B/s · 원본 조회 0초 전, 원시 누적 RX 0 B · 원시 누적 TX 0 B, IPv4 없음 또는 미확인, IPv6 fe80::3830:5dff:fe74:1420%llw0, 링크 속도 미지원 · unsupported: ifi_baudrate zero or sentinel
AX wall=2026-10-09T03:00:25Z tick=47 id=NetworkInterface-awdl0 label=awdl0 · 가상 · 연결 활성, 분류 근거: SIOCGIFFUNCTIONALTYPE=4, 현재 RX 0.0 B/s · 현재 TX 0.0 B/s · 원본 조회 0초 전, 원시 누적 RX 9,789,440 B · 원시 누적 TX 9,833,472 B, IPv4 없음 또는 미확인, IPv6 fe80::3830:5dff:fe74:1420%awdl0, 링크 속도 미지원 · unsupported: ifi_baudrate zero or sentinel
AX wall=2026-10-09T03:00:26Z tick=48 id=NetworkCard label=Network 카드, 일부 수집 실패: 물리 대상의 식별·연결·속도 일부를 확인하지 못했습니다, 확인된 일부 합계 다운로드 40.0 KB/s, 업로드 280.8 KB/s, 일부 수집 실패: 대상 identity 또는 물리 정보 일부 미확인, 활성 확인 4개 · 논리·Wi-Fi·가상 · 상태 미확인 8개, 단축키 ⌘3
AX wall=2026-10-09T03:00:26Z tick=48 id=NetworkDetail label=
AX wall=2026-10-09T03:00:26Z tick=48 id=NetworkInterface-en0 label=en0 · 물리 Wi-Fi · 연결 활성, 분류 근거: SC Wi-Fi; hardware provider IOSkywalkLegacyEthernetInterface/IO80211Controller/IOUserNetworkWLAN/IOUserService/IOUserService/IOPCIDevice/ApplePCIEHostBridge/IOPCIDevice/AppleT6031PCIe/AppleARMIODevice/AppleH15IO/IOPlatformDevice/AppleARMPE/IOPlatformExpertDevice/IORegistryEntry, 현재 RX 40.0 KB/s · 현재 TX 280.8 KB/s · 원본 조회 0초 전, 원시 누적 RX 3,632,600,064 B · 원시 누적 TX 3,882,861,568 B, IPv4 192.168.45.238, IPv6 fe80::14e6:9bab:53c7:9c64%en0, 링크 속도 미지원 · unsupported: ifi_baudrate=304200000 nominal line speed; negotiated rate unverified
AX wall=2026-10-09T03:00:26Z tick=48 id=NetworkInterface-llw0 label=llw0 · 종류 미확인 · 연결 상태 미확인, 분류 근거: IORegistry provider unavailable; SC type=, 현재 RX 0.0 B/s · 현재 TX 0.0 B/s · 원본 조회 0초 전, 원시 누적 RX 0 B · 원시 누적 TX 0 B, IPv4 없음 또는 미확인, IPv6 fe80::3830:5dff:fe74:1420%llw0, 링크 속도 미지원 · unsupported: ifi_baudrate zero or sentinel
AX wall=2026-10-09T03:00:26Z tick=48 id=NetworkInterface-awdl0 label=awdl0 · 가상 · 연결 활성, 분류 근거: SIOCGIFFUNCTIONALTYPE=4, 현재 RX 0.0 B/s · 현재 TX 0.0 B/s · 원본 조회 0초 전, 원시 누적 RX 9,789,440 B · 원시 누적 TX 9,833,472 B, IPv4 없음 또는 미확인, IPv6 fe80::3830:5dff:fe74:1420%awdl0, 링크 속도 미지원 · unsupported: ifi_baudrate zero or sentinel
AX wall=2026-10-09T03:00:27Z tick=49 id=NetworkCard label=Network 카드, 일부 수집 실패: 물리 대상의 식별·연결·속도 일부를 확인하지 못했습니다, 확인된 일부 합계 다운로드 0.0 B/s, 업로드 0.0 B/s, 일부 수집 실패: 대상 identity 또는 물리 정보 일부 미확인, 활성 확인 4개 · 논리·Wi-Fi·가상 · 상태 미확인 8개, 단축키 ⌘3
AX wall=2026-10-09T03:00:27Z tick=49 id=NetworkDetail label=
AX wall=2026-10-09T03:00:27Z tick=49 id=NetworkInterface-en0 label=en0 · 물리 Wi-Fi · 연결 활성, 분류 근거: SC Wi-Fi; hardware provider IOSkywalkLegacyEthernetInterface/IO80211Controller/IOUserNetworkWLAN/IOUserService/IOUserService/IOPCIDevice/ApplePCIEHostBridge/IOPCIDevice/AppleT6031PCIe/AppleARMIODevice/AppleH15IO/IOPlatformDevice/AppleARMPE/IOPlatformExpertDevice/IORegistryEntry, 현재 RX 0.0 B/s · 현재 TX 0.0 B/s · 원본 조회 0초 전, 원시 누적 RX 3,632,600,064 B · 원시 누적 TX 3,882,861,568 B, IPv4 192.168.45.238, IPv6 fe80::14e6:9bab:53c7:9c64%en0, 링크 속도 미지원 · unsupported: ifi_baudrate=304200000 nominal line speed; negotiated rate unverified
AX wall=2026-10-09T03:00:27Z tick=49 id=NetworkInterface-llw0 label=llw0 · 종류 미확인 · 연결 상태 미확인, 분류 근거: IORegistry provider unavailable; SC type=, 현재 RX 0.0 B/s · 현재 TX 0.0 B/s · 원본 조회 0초 전, 원시 누적 RX 0 B · 원시 누적 TX 0 B, IPv4 없음 또는 미확인, IPv6 fe80::3830:5dff:fe74:1420%llw0, 링크 속도 미지원 · unsupported: ifi_baudrate zero or sentinel
AX wall=2026-10-09T03:00:27Z tick=49 id=NetworkInterface-awdl0 label=awdl0 · 가상 · 연결 활성, 분류 근거: SIOCGIFFUNCTIONALTYPE=4, 현재 RX 0.0 B/s · 현재 TX 0.0 B/s · 원본 조회 0초 전, 원시 누적 RX 9,789,440 B · 원시 누적 TX 9,833,472 B, IPv4 없음 또는 미확인, IPv6 fe80::3830:5dff:fe74:1420%awdl0, 링크 속도 미지원 · unsupported: ifi_baudrate zero or sentinel
