watchdog-ready pid=94300 start=1791510584 deadline=1791510609 end=1791510684
watchdog-heartbeat now=1791510584 pid=94300
watchdog-ready pid=94560 start=1791510598 deadline=1791510623 end=1791510698
watchdog-heartbeat now=1791510598 pid=94560
watchdog-heartbeat now=1791510599 pid=94560
watchdog-heartbeat now=1791510600 pid=94560
watchdog-heartbeat now=1791510601 pid=94560
watchdog-heartbeat now=1791510602 pid=94560
watchdog-heartbeat now=1791510603 pid=94560
watchdog-heartbeat now=1791510604 pid=94560
watchdog-heartbeat now=1791510605 pid=94560
watchdog-heartbeat now=1791510606 pid=94560
watchdog-heartbeat now=1791510607 pid=94560
watchdog-heartbeat now=1791510608 pid=94560
watchdog-heartbeat now=1791510609 pid=94560
watchdog-heartbeat now=1791510610 pid=94560
watchdog-heartbeat now=1791510611 pid=94560
watchdog-heartbeat now=1791510612 pid=94560
watchdog-heartbeat now=1791510613 pid=94560
watchdog-heartbeat now=1791510614 pid=94560
watchdog-heartbeat now=1791510615 pid=94560
watchdog-heartbeat now=1791510616 pid=94560
watchdog-heartbeat now=1791510617 pid=94560
watchdog-ready pid=94980 start=1791510617 deadline=1791510642 end=1791510717
watchdog-heartbeat now=1791510617 pid=94980
watchdog-heartbeat now=1791510618 pid=94560
watchdog-heartbeat now=1791510618 pid=94980
watchdog-heartbeat now=1791510619 pid=94560
watchdog-heartbeat now=1791510619 pid=94980
watchdog-heartbeat now=1791510620 pid=94560
watchdog-heartbeat now=1791510620 pid=94980
watchdog-heartbeat now=1791510621 pid=94560
watchdog-heartbeat now=1791510621 pid=94980
watchdog-heartbeat now=1791510622 pid=94560
watchdog-heartbeat now=1791510622 pid=94980
watchdog-heartbeat now=1791510623 pid=94980
watchdog-check now=1791510623 before=Wi-Fi Power (en0): Off
watchdog-retry now=1791510623 rc=0 result=
watchdog-heartbeat now=1791510624 pid=94980
watchdog-heartbeat now=1791510625 pid=94980
watchdog-check now=1791510625 before=Wi-Fi Power (en0): On
watchdog-finished now=1791510625 restored=On
watchdog-heartbeat now=1791510626 pid=94980
watchdog-heartbeat now=1791510627 pid=94980
watchdog-heartbeat now=1791510628 pid=94980
watchdog-heartbeat now=1791510629 pid=94980
watchdog-heartbeat now=1791510630 pid=94980
watchdog-heartbeat now=1791510631 pid=94980
watchdog-heartbeat now=1791510632 pid=94980
watchdog-heartbeat now=1791510633 pid=94980
watchdog-heartbeat now=1791510634 pid=94980
watchdog-heartbeat now=1791510635 pid=94980
watchdog-heartbeat now=1791510636 pid=94980
watchdog-heartbeat now=1791510637 pid=94980
watchdog-heartbeat now=1791510638 pid=94980
watchdog-heartbeat now=1791510640 pid=94980
watchdog-heartbeat now=1791510641 pid=94980
watchdog-check now=1791510642 before=Wi-Fi Power (en0): On
watchdog-finished now=1791510642 restored=On
watchdog-ready pid=96088 start=1791510665 deadline=1791510690 end=1791510765
watchdog-heartbeat now=1791510665 pid=96088
watchdog-heartbeat now=1791510666 pid=96088
watchdog-heartbeat now=1791510667 pid=96088
watchdog-heartbeat now=1791510668 pid=96088
watchdog-heartbeat now=1791510669 pid=96088
watchdog-heartbeat now=1791510670 pid=96088
watchdog-heartbeat now=1791510671 pid=96088
watchdog-heartbeat now=1791510672 pid=96088
watchdog-heartbeat now=1791510673 pid=96088
watchdog-heartbeat now=1791510674 pid=96088
watchdog-heartbeat now=1791510675 pid=96088
watchdog-heartbeat now=1791510676 pid=96088
watchdog-heartbeat now=1791510677 pid=96088
watchdog-heartbeat now=1791510678 pid=96088
watchdog-heartbeat now=1791510679 pid=96088
watchdog-heartbeat now=1791510680 pid=96088
watchdog-heartbeat now=1791510681 pid=96088
watchdog-heartbeat now=1791510682 pid=96088
watchdog-heartbeat now=1791510683 pid=96088
watchdog-heartbeat now=1791510684 pid=96088
watchdog-heartbeat now=1791510685 pid=96088
watchdog-heartbeat now=1791510686 pid=96088
watchdog-heartbeat now=1791510687 pid=96088
watchdog-heartbeat now=1791510688 pid=96088
watchdog-heartbeat now=1791510689 pid=96088
watchdog-check now=1791510690 before=Wi-Fi Power (en0): On
watchdog-finished now=1791510690 restored=On
watchdog-ready pid=15900 start=1791514784 deadline=1791514809 end=1791514884
watchdog-heartbeat now=1791514784 pid=15900
watchdog-heartbeat now=1791514785 pid=15900
watchdog-heartbeat now=1791514786 pid=15900
watchdog-heartbeat now=1791514787 pid=15900
watchdog-heartbeat now=1791514788 pid=15900
watchdog-heartbeat now=1791514789 pid=15900
watchdog-heartbeat now=1791514790 pid=15900
watchdog-heartbeat now=1791514791 pid=15900
watchdog-heartbeat now=1791514792 pid=15900
watchdog-heartbeat now=1791514793 pid=15900
watchdog-heartbeat now=1791514794 pid=15900
watchdog-heartbeat now=1791514795 pid=15900
watchdog-heartbeat now=1791514796 pid=15900
watchdog-heartbeat now=1791514797 pid=15900
watchdog-heartbeat now=1791514798 pid=15900
watchdog-heartbeat now=1791514799 pid=15900
watchdog-heartbeat now=1791514800 pid=15900
watchdog-heartbeat now=1791514801 pid=15900
watchdog-heartbeat now=1791514803 pid=15900
watchdog-heartbeat now=1791514804 pid=15900
watchdog-heartbeat now=1791514805 pid=15900
watchdog-heartbeat now=1791514806 pid=15900
watchdog-heartbeat now=1791514807 pid=15900
watchdog-heartbeat now=1791514808 pid=15900
watchdog-check now=1791514809 before=Wi-Fi Power (en0): On
watchdog-finished now=1791514809 restored=On
