preflight wall=2026-10-09T02:59:44Z
15900 Ss   00:00
64258 /Users/zipkero/Applications/ResourceRunner.app/Contents/MacOS/ResourceRunner
15598 /tmp/rr-task014-probe/DerivedData/Build/Products/Debug/ResourceRunner.app/Contents/MacOS/ResourceRunner
Wi-Fi Power (en0): On
preflight-set-on-rc=0
preflight-ok wall=2026-10-09T02:59:44Z watchdog=15900
OFF-BEGIN wall=2026-10-09T02:59:44Z
off-rc=0 wall=2026-10-09T02:59:44Z
OFF-SAMPLE n=1 wall=2026-10-09T02:59:48Z
Wi-Fi Power (en0): Off
IPv4 network interface information
   No IPv4 states found

   REACH : flags 0x00000000 (Not Reachable)

IPv6 network interface information
   No IPv6 states found


   REACH : flags 0x00000000 (Not Reachable)
Name       Mtu   Network       Address            Ipkts Ierrs     Ibytes    Opkts Oerrs     Obytes  Coll
en0        1500  <Link#14>   76:df:fc:78:41:62 93021616     0 89531325303 27886770     0 12471988844     0
OFF-SAMPLE n=2 wall=2026-10-09T02:59:53Z
Wi-Fi Power (en0): Off
IPv4 network interface information
   No IPv4 states found

   REACH : flags 0x00000000 (Not Reachable)

IPv6 network interface information
   No IPv6 states found


   REACH : flags 0x00000000 (Not Reachable)
Name       Mtu   Network       Address            Ipkts Ierrs     Ibytes    Opkts Oerrs     Obytes  Coll
en0        1500  <Link#14>   76:df:fc:78:41:62 93021616     0 89531325303 27886770     0 12471988844     0
OFF-SAMPLE n=3 wall=2026-10-09T02:59:57Z
Wi-Fi Power (en0): Off
IPv4 network interface information
   No IPv4 states found

   REACH : flags 0x00000000 (Not Reachable)

IPv6 network interface information
   No IPv6 states found


   REACH : flags 0x00000000 (Not Reachable)
Name       Mtu   Network       Address            Ipkts Ierrs     Ibytes    Opkts Oerrs     Obytes  Coll
en0        1500  <Link#14>   76:df:fc:78:41:62 93021616     0 89531325303 27886770     0 12471988844     0
ON-BEGIN wall=2026-10-09T02:59:57Z
on-rc=0 wall=2026-10-09T02:59:57Z
Wi-Fi Power (en0): On
Network information

IPv4 network interface information
   No IPv4 states found

   REACH : flags 0x00000000 (Not Reachable)

IPv6 network interface information
   No IPv6 states found


   REACH : flags 0x00000000 (Not Reachable)
trap-restore wall=2026-10-09T02:59:57Z
trap-restore-rc=0
