depth=0 id= role=AXApplication label=ResourceRunner value=
depth=1 id= role=AXMenuBar label= value=
depth=2 id= role=AXMenuBarItem label=Apple value=
depth=2 id= role=AXMenuBarItem label=ResourceRunner value=
depth=2 id= role=AXMenuBarItem label=Edit value=
depth=2 id= role=AXMenuBarItem label=View value=
depth=2 id= role=AXMenuBarItem label=Window value=
depth=2 id= role=AXMenuBarItem label=Help value=
depth=1 id= role=AXMenuBar label= value=
depth=2 id= role=AXMenuBarItem label=ResourceRunner, 낮음 value=
depth=6 id=NetworkCard role=AXButton label=Network 카드, 일부 수집 실패: 물리 대상의 식별·연결·속도 일부를 확인하지 못했습니다, 확인된 일부 합계 다운로드 8.0 KB/s, 업로드 1.0 KB/s, 일부 수집 실패: 대상 identity 또는 물리 정보 일부 미확인, 활성 확인 4개 · 논리·Wi-Fi·가상 · 상태 미확인 8개, 단축키 ⌘3 value=
depth=9 id=NetworkDetail role=AXScrollArea label= value=
depth=10 id=NetworkDetailClose role=AXButton label=닫기 value=
depth=10 id=NetworkUpdateCadence role=AXStaticText label= value=속도는 실시간 수집 주기로 갱신하고, 주소·연결 상태 보조 정보는 별도 느린 주기로 갱신합니다.
depth=10 id=NetworkInterface-gif0 role=AXUnknown label=gif0 · 터널 · 연결 상태 미확인, 분류 근거: route tunnel link type=55, 현재 RX 0.0 B/s · 현재 TX 0.0 B/s · 원본 조회 0초 전, 원시 누적 RX 0 B · 원시 누적 TX 0 B, IPv4 없음 또는 미확인, IPv6 없음 또는 미확인, 링크 속도 미지원 · unsupported: ifi_baudrate zero or sentinel value=
depth=10 id=NetworkInterface-stf0 role=AXUnknown label=stf0 · 터널 · 연결 상태 미확인, 분류 근거: route tunnel link type=57, 현재 RX 0.0 B/s · 현재 TX 0.0 B/s · 원본 조회 0초 전, 원시 누적 RX 0 B · 원시 누적 TX 0 B, IPv4 없음 또는 미확인, IPv6 없음 또는 미확인, 링크 속도 미지원 · unsupported: ifi_baudrate zero or sentinel value=
depth=10 id=NetworkInterface-anpi1 role=AXUnknown label=anpi1 · 가상 · 연결 비활성, 분류 근거: private auxiliary network interface AppleUSBDeviceNCMPrivateEthernetInterface/AppleUSBDeviceNCMData/IOUSBDeviceInterface/AppleT8122USBXDCI/AppleARMIODevice/AppleH15IO/IOPlatformDevice/AppleARMPE/IOPlatformExpertDevice/IORegistryEntry, 현재 RX 0.0 B/s · 현재 TX 0.0 B/s · 원본 조회 0초 전, 원시 누적 RX 0 B · 원시 누적 TX 0 B, IPv4 없음 또는 미확인, IPv6 없음 또는 미확인, 링크 속도 미지원 · unsupported: ifi_baudrate zero or sentinel value=
depth=10 id=NetworkInterface-anpi2 role=AXUnknown label=anpi2 · 가상 · 연결 비활성, 분류 근거: private auxiliary network interface AppleUSBDeviceNCMPrivateEthernetInterface/AppleUSBDeviceNCMData/IOUSBDeviceInterface/AppleT8122USBXDCI/AppleARMIODevice/AppleH15IO/IOPlatformDevice/AppleARMPE/IOPlatformExpertDevice/IORegistryEntry, 현재 RX 0.0 B/s · 현재 TX 0.0 B/s · 원본 조회 0초 전, 원시 누적 RX 0 B · 원시 누적 TX 0 B, IPv4 없음 또는 미확인, IPv6 없음 또는 미확인, 링크 속도 미지원 · unsupported: ifi_baudrate zero or sentinel value=
depth=10 id=NetworkInterface-anpi0 role=AXUnknown label=anpi0 · 가상 · 연결 비활성, 분류 근거: private auxiliary network interface AppleUSBDeviceNCMPrivateEthernetInterface/AppleUSBDeviceNCMData/IOUSBDeviceInterface/AppleT8122USBXDCI/AppleARMIODevice/AppleH15IO/IOPlatformDevice/AppleARMPE/IOPlatformExpertDevice/IORegistryEntry, 현재 RX 0.0 B/s · 현재 TX 0.0 B/s · 원본 조회 0초 전, 원시 누적 RX 0 B · 원시 누적 TX 0 B, IPv4 없음 또는 미확인, IPv6 없음 또는 미확인, 링크 속도 미지원 · unsupported: ifi_baudrate zero or sentinel value=
depth=10 id=NetworkInterface-en4 role=AXUnknown label=en4 · 물리 Ethernet · 연결 비활성, 분류 근거: SC Ethernet; hardware provider IOEthernetInterface/AppleUSBDeviceNCMData/IOUSBDeviceInterface/AppleT8122USBXDCI/AppleARMIODevice/AppleH15IO/IOPlatformDevice/AppleARMPE/IOPlatformExpertDevice/IORegistryEntry, 현재 RX 0.0 B/s · 현재 TX 0.0 B/s · 원본 조회 0초 전, 원시 누적 RX 0 B · 원시 누적 TX 0 B, IPv4 없음 또는 미확인, IPv6 없음 또는 미확인, 링크 속도 미지원 · unsupported: ifi_baudrate zero or sentinel value=
depth=10 id=NetworkInterface-en5 role=AXUnknown label=en5 · 물리 Ethernet · 연결 비활성, 분류 근거: SC Ethernet; hardware provider IOEthernetInterface/AppleUSBDeviceNCMData/IOUSBDeviceInterface/AppleT8122USBXDCI/AppleARMIODevice/AppleH15IO/IOPlatformDevice/AppleARMPE/IOPlatformExpertDevice/IORegistryEntry, 현재 RX 0.0 B/s · 현재 TX 0.0 B/s · 원본 조회 0초 전, 원시 누적 RX 0 B · 원시 누적 TX 0 B, IPv4 없음 또는 미확인, IPv6 없음 또는 미확인, 링크 속도 미지원 · unsupported: ifi_baudrate zero or sentinel value=
depth=10 id=NetworkInterface-en6 role=AXUnknown label=en6 · 물리 Ethernet · 연결 비활성, 분류 근거: SC Ethernet; hardware provider IOEthernetInterface/AppleUSBDeviceNCMData/IOUSBDeviceInterface/AppleT8122USBXDCI/AppleARMIODevice/AppleH15IO/IOPlatformDevice/AppleARMPE/IOPlatformExpertDevice/IORegistryEntry, 현재 RX 0.0 B/s · 현재 TX 0.0 B/s · 원본 조회 0초 전, 원시 누적 RX 0 B · 원시 누적 TX 0 B, IPv4 없음 또는 미확인, IPv6 없음 또는 미확인, 링크 속도 미지원 · unsupported: ifi_baudrate zero or sentinel value=
depth=10 id=NetworkInterface-en1 role=AXUnknown label=en1 · 물리 Ethernet · 연결 비활성, 분류 근거: SC Ethernet; hardware provider IOEthernetInterface/AppleThunderboltIPPort/AppleThunderboltIPService/IOThunderboltLocalNode/IOThunderboltControllerType5/AppleThunderboltNHIType5/AppleThunderboltHALType5/AppleARMIODevice/AppleH15IO/IOPlatformDevice/AppleARMPE/IOPlatformExpertDevice/IORegistryEntry, 현재 RX 0.0 B/s · 현재 TX 0.0 B/s · 원본 조회 0초 전, 원시 누적 RX 0 B · 원시 누적 TX 0 B, IPv4 없음 또는 미확인, IPv6 없음 또는 미확인, 링크 속도 미지원 · unsupported: ifi_baudrate zero or sentinel value=
depth=10 id=NetworkInterface-en2 role=AXUnknown label=en2 · 물리 Ethernet · 연결 비활성, 분류 근거: SC Ethernet; hardware provider IOEthernetInterface/AppleThunderboltIPPort/AppleThunderboltIPService/IOThunderboltLocalNode/IOThunderboltControllerType5/AppleThunderboltNHIType5/AppleThunderboltHALType5/AppleARMIODevice/AppleH15IO/IOPlatformDevice/AppleARMPE/IOPlatformExpertDevice/IORegistryEntry, 현재 RX 0.0 B/s · 현재 TX 0.0 B/s · 원본 조회 0초 전, 원시 누적 RX 0 B · 원시 누적 TX 0 B, IPv4 없음 또는 미확인, IPv6 없음 또는 미확인, 링크 속도 미지원 · unsupported: ifi_baudrate zero or sentinel value=
depth=10 id=NetworkInterface-en3 role=AXUnknown label=en3 · 물리 Ethernet · 연결 비활성, 분류 근거: SC Ethernet; hardware provider IOEthernetInterface/AppleThunderboltIPPort/AppleThunderboltIPService/IOThunderboltLocalNode/IOThunderboltControllerType5/AppleThunderboltNHIType5/AppleThunderboltHALType5/AppleARMIODevice/AppleH15IO/IOPlatformDevice/AppleARMPE/IOPlatformExpertDevice/IORegistryEntry, 현재 RX 0.0 B/s · 현재 TX 0.0 B/s · 원본 조회 0초 전, 원시 누적 RX 0 B · 원시 누적 TX 0 B, IPv4 없음 또는 미확인, IPv6 없음 또는 미확인, 링크 속도 미지원 · unsupported: ifi_baudrate zero or sentinel value=
depth=10 id=NetworkInterface-bridge0 role=AXUnknown label=bridge0 · 논리 · 연결 비활성, 분류 근거: route link type=209, 현재 RX 0.0 B/s · 현재 TX 0.0 B/s · 원본 조회 0초 전, 원시 누적 RX 0 B · 원시 누적 TX 0 B, IPv4 없음 또는 미확인, IPv6 없음 또는 미확인, 링크 속도 미지원 · unsupported: ifi_baudrate zero or sentinel value=
depth=10 id=NetworkInterface-ap1 role=AXUnknown label=ap1 · 종류 미확인 · 연결 상태 미확인, 분류 근거: IORegistry provider unavailable; SC type=, 현재 RX 0.0 B/s · 현재 TX 0.0 B/s · 원본 조회 0초 전, 원시 누적 RX 0 B · 원시 누적 TX 0 B, IPv4 없음 또는 미확인, IPv6 없음 또는 미확인, 링크 속도 미지원 · unsupported: ifi_baudrate zero or sentinel value=
depth=10 id=NetworkInterface-en0 role=AXUnknown label=en0 · 물리 Wi-Fi · 연결 활성, 분류 근거: SC Wi-Fi; hardware provider IOSkywalkLegacyEthernetInterface/IO80211Controller/IOUserNetworkWLAN/IOUserService/IOUserService/IOPCIDevice/ApplePCIEHostBridge/IOPCIDevice/AppleT6031PCIe/AppleARMIODevice/AppleH15IO/IOPlatformDevice/AppleARMPE/IOPlatformExpertDevice/IORegistryEntry, 현재 RX 8.0 KB/s · 현재 TX 1.0 KB/s · 원본 조회 0초 전, 원시 누적 RX 3,608,701,952 B · 원시 누적 TX 3,871,193,088 B, IPv4 192.168.45.238, IPv6 fe80::14e6:9bab:53c7:9c64%en0, 링크 속도 미지원 · unsupported: ifi_baudrate=304200000 nominal line speed; negotiated rate unverified value=
depth=10 id=NetworkInterface-awdl0 role=AXUnknown label=awdl0 · 가상 · 연결 활성, 분류 근거: SIOCGIFFUNCTIONALTYPE=4, 현재 RX 0.0 B/s · 현재 TX 0.0 B/s · 원본 조회 0초 전, 원시 누적 RX 9,779,200 B · 원시 누적 TX 9,825,280 B, IPv4 없음 또는 미확인, IPv6 fe80::3cb8:a9ff:fee1:d376%awdl0, 링크 속도 미지원 · unsupported: ifi_baudrate zero or sentinel value=
depth=10 id=NetworkInterface-llw0 role=AXUnknown label=llw0 · 종류 미확인 · 연결 상태 미확인, 분류 근거: IORegistry provider unavailable; SC type=, 현재 RX 0.0 B/s · 현재 TX 0.0 B/s · 원본 조회 0초 전, 원시 누적 RX 0 B · 원시 누적 TX 0 B, IPv4 없음 또는 미확인, IPv6 fe80::3cb8:a9ff:fee1:d376%llw0, 링크 속도 미지원 · unsupported: ifi_baudrate zero or sentinel value=
depth=10 id=NetworkInterface-utun0 role=AXUnknown label=utun0 · 터널 · 연결 상태 미확인, 분류 근거: tunnel name; VPN service unconfirmed, 현재 RX 0.0 B/s · 현재 TX 0.0 B/s · 원본 조회 0초 전, 원시 누적 RX 0 B · 원시 누적 TX 0 B, IPv4 없음 또는 미확인, IPv6 fe80::3605:508d:789:7850%utun0, 링크 속도 미지원 · unsupported: ifi_baudrate zero or sentinel value=
depth=10 id=NetworkInterface-utun1 role=AXUnknown label=utun1 · 터널 · 연결 상태 미확인, 분류 근거: tunnel name; VPN service unconfirmed, 현재 RX 0.0 B/s · 현재 TX 0.0 B/s · 원본 조회 0초 전, 원시 누적 RX 0 B · 원시 누적 TX 0 B, IPv4 없음 또는 미확인, IPv6 fe80::f21c:6d2a:9368:be5f%utun1, 링크 속도 미지원 · unsupported: ifi_baudrate zero or sentinel value=
depth=10 id=NetworkInterface-utun2 role=AXUnknown label=utun2 · 터널 · 연결 상태 미확인, 분류 근거: tunnel name; VPN service unconfirmed, 현재 RX 0.0 B/s · 현재 TX 0.0 B/s · 원본 조회 0초 전, 원시 누적 RX 0 B · 원시 누적 TX 0 B, IPv4 없음 또는 미확인, IPv6 fe80::d718:df14:5739:f509%utun2, 링크 속도 미지원 · unsupported: ifi_baudrate zero or sentinel value=
depth=10 id=NetworkInterface-utun3 role=AXUnknown label=utun3 · 터널 · 연결 상태 미확인, 분류 근거: tunnel name; VPN service unconfirmed, 현재 RX 0.0 B/s · 현재 TX 0.0 B/s · 원본 조회 0초 전, 원시 누적 RX 0 B · 원시 누적 TX 0 B, IPv4 없음 또는 미확인, IPv6 fe80::ce81:b1c:bd2c:69e%utun3, 링크 속도 미지원 · unsupported: ifi_baudrate zero or sentinel value=
depth=10 id=NetworkInterface-vmenet0 role=AXUnknown label=vmenet0 · 가상 · 연결 활성, 분류 근거: virtual provider IOUserEthernetInterface/IOUserEthernetController/IOUserEthernetResourceUserClient/IOUserEthernetResource/IOResources/IOPlatformExpertDevice/IORegistryEntry, 현재 RX 0.0 B/s · 현재 TX 0.0 B/s · 원본 조회 0초 전, 원시 누적 RX 3,072 B · 원시 누적 TX 89,088 B, IPv4 없음 또는 미확인, IPv6 없음 또는 미확인, 링크 속도 미지원 · unsupported: ifi_baudrate=100000000 nominal line speed; negotiated rate unverified value=
depth=10 id=NetworkInterface-bridge100 role=AXUnknown label=bridge100 · 논리 · 연결 활성, 분류 근거: route link type=209, 현재 RX 0.0 B/s · 현재 TX 0.0 B/s · 원본 조회 0초 전, 원시 누적 RX 0 B · 원시 누적 TX 178,176 B, IPv4 192.168.139.3, IPv6 fd07:b51a:cc66:0:a617:db5e:ab7:e9f1, fe80::603e:5fff:fef5:ca64%bridge100, 링크 속도 미지원 · unsupported: ifi_baudrate zero or sentinel value=
