AX wall=2026-10-09T01:51:00Z tick=0 press-card rc=0
AX wall=2026-10-09T01:51:00Z tick=0 id=NetworkCard label=Network 카드, 일부 수집 실패: 물리 대상의 식별·연결·속도 일부를 확인하지 못했습니다, 확인된 일부 합계 다운로드 9.1 KB/s, 업로드 1.0 KB/s, 일부 수집 실패: 대상 identity 또는 물리 정보 일부 미확인, 활성 확인 4개 · 논리·Wi-Fi·가상 · 상태 미확인 8개, 단축키 ⌘3
AX wall=2026-10-09T01:51:00Z tick=0 id=NetworkDetail missing
AX wall=2026-10-09T01:51:00Z tick=0 id=NetworkInterface-en0 missing
AX wall=2026-10-09T01:51:00Z tick=0 id=NetworkInterface-awdl0 missing
AX wall=2026-10-09T01:51:00Z tick=0 id=DiskCard label=Disk 카드, 정상 측정, 현재 Read 0.0 B/s, Write 0.0 B/s, 보조 정보 확인됨, 저장 공간 전체 994.7 GB, 사용 가능 840.8 GB, 사용 가능은 macOS 회수 가능한 공간 포함, 사용 중은 전체에서 사용 가능을 뺀 값이며 실제 파일 점유량이 아님, APFS 공유 공간이며 볼륨별 독점 사용량이 아님, Disk 최근 10분 그래프, Read 점선, Write 실선, 원본 범위 0–47.7 MB/s, 현재 측정, 수집 공백은 이어 그리지 않음, 단축키 ⌘4
AX wall=2026-10-09T01:51:01Z tick=1 id=NetworkCard label=Network 카드, 일부 수집 실패: 물리 대상의 식별·연결·속도 일부를 확인하지 못했습니다, 확인된 일부 합계 다운로드 28.9 KB/s, 업로드 13.5 KB/s, 일부 수집 실패: 대상 identity 또는 물리 정보 일부 미확인, 활성 확인 4개 · 논리·Wi-Fi·가상 · 상태 미확인 8개, 단축키 ⌘3
AX wall=2026-10-09T01:51:01Z tick=1 id=NetworkDetail missing
AX wall=2026-10-09T01:51:01Z tick=1 id=NetworkInterface-en0 missing
AX wall=2026-10-09T01:51:01Z tick=1 id=NetworkInterface-awdl0 missing
AX wall=2026-10-09T01:51:01Z tick=1 id=DiskCard label=Disk 카드, 정상 측정, 현재 Read 0.0 B/s, Write 15.4 KB/s, 보조 정보 확인됨, 저장 공간 전체 994.7 GB, 사용 가능 840.8 GB, 사용 가능은 macOS 회수 가능한 공간 포함, 사용 중은 전체에서 사용 가능을 뺀 값이며 실제 파일 점유량이 아님, APFS 공유 공간이며 볼륨별 독점 사용량이 아님, Disk 최근 10분 그래프, Read 점선, Write 실선, 원본 범위 0–47.7 MB/s, 현재 측정, 수집 공백은 이어 그리지 않음, 단축키 ⌘4
AX wall=2026-10-09T01:51:02Z tick=2 id=NetworkCard label=Network 카드, 일부 수집 실패: 물리 대상의 식별·연결·속도 일부를 확인하지 못했습니다, 확인된 일부 합계 다운로드 32.3 KB/s, 업로드 1.0 KB/s, 일부 수집 실패: 대상 identity 또는 물리 정보 일부 미확인, 활성 확인 4개 · 논리·Wi-Fi·가상 · 상태 미확인 8개, 단축키 ⌘3
AX wall=2026-10-09T01:51:02Z tick=2 id=NetworkDetail missing
AX wall=2026-10-09T01:51:02Z tick=2 id=NetworkInterface-en0 missing
AX wall=2026-10-09T01:51:02Z tick=2 id=NetworkInterface-awdl0 missing
AX wall=2026-10-09T01:51:02Z tick=2 id=DiskCard label=Disk 카드, 정상 측정, 현재 Read 0.0 B/s, Write 33.3 KB/s, 보조 정보 확인됨, 저장 공간 전체 994.7 GB, 사용 가능 840.8 GB, 사용 가능은 macOS 회수 가능한 공간 포함, 사용 중은 전체에서 사용 가능을 뺀 값이며 실제 파일 점유량이 아님, APFS 공유 공간이며 볼륨별 독점 사용량이 아님, Disk 최근 10분 그래프, Read 점선, Write 실선, 원본 범위 0–47.7 MB/s, 현재 측정, 수집 공백은 이어 그리지 않음, 단축키 ⌘4
AX wall=2026-10-09T01:51:04Z tick=3 id=NetworkCard label=Network 카드, 일부 수집 실패: 물리 대상의 식별·연결·속도 일부를 확인하지 못했습니다, 확인된 일부 합계 다운로드 4.9 KB/s, 업로드 1,001.3 B/s, 일부 수집 실패: 대상 identity 또는 물리 정보 일부 미확인, 활성 확인 4개 · 논리·Wi-Fi·가상 · 상태 미확인 8개, 단축키 ⌘3
AX wall=2026-10-09T01:51:04Z tick=3 id=NetworkDetail missing
AX wall=2026-10-09T01:51:04Z tick=3 id=NetworkInterface-en0 missing
AX wall=2026-10-09T01:51:04Z tick=3 id=NetworkInterface-awdl0 missing
AX wall=2026-10-09T01:51:04Z tick=3 id=DiskCard label=Disk 카드, 정상 측정, 현재 Read 0.0 B/s, Write 0.0 B/s, 보조 정보 확인됨, 저장 공간 전체 994.7 GB, 사용 가능 840.8 GB, 사용 가능은 macOS 회수 가능한 공간 포함, 사용 중은 전체에서 사용 가능을 뺀 값이며 실제 파일 점유량이 아님, APFS 공유 공간이며 볼륨별 독점 사용량이 아님, Disk 최근 10분 그래프, Read 점선, Write 실선, 원본 범위 0–47.7 MB/s, 현재 측정, 수집 공백은 이어 그리지 않음, 단축키 ⌘4
AX wall=2026-10-09T01:51:05Z tick=4 id=NetworkCard label=Network 카드, 일부 수집 실패: 물리 대상의 식별·연결·속도 일부를 확인하지 못했습니다, 확인된 일부 합계 다운로드 7.9 KB/s, 업로드 2.0 KB/s, 일부 수집 실패: 대상 identity 또는 물리 정보 일부 미확인, 활성 확인 4개 · 논리·Wi-Fi·가상 · 상태 미확인 8개, 단축키 ⌘3
AX wall=2026-10-09T01:51:05Z tick=4 id=NetworkDetail missing
AX wall=2026-10-09T01:51:05Z tick=4 id=NetworkInterface-en0 missing
AX wall=2026-10-09T01:51:05Z tick=4 id=NetworkInterface-awdl0 missing
AX wall=2026-10-09T01:51:05Z tick=4 id=DiskCard label=Disk 카드, 정상 측정, 현재 Read 0.0 B/s, Write 4.0 KB/s, 보조 정보 확인됨, 저장 공간 전체 994.7 GB, 사용 가능 840.8 GB, 사용 가능은 macOS 회수 가능한 공간 포함, 사용 중은 전체에서 사용 가능을 뺀 값이며 실제 파일 점유량이 아님, APFS 공유 공간이며 볼륨별 독점 사용량이 아님, Disk 최근 10분 그래프, Read 점선, Write 실선, 원본 범위 0–47.7 MB/s, 현재 측정, 수집 공백은 이어 그리지 않음, 단축키 ⌘4
AX wall=2026-10-09T01:51:06Z tick=5 id=NetworkCard label=Network 카드, 기준점 갱신 중, 현재 속도 없음, 측정된 속도 없음, 일부 수집 실패: 물리 대상 정보 일부 미확인, 활성 대상 0개, 단축키 ⌘3
AX wall=2026-10-09T01:51:06Z tick=5 id=NetworkDetail missing
AX wall=2026-10-09T01:51:06Z tick=5 id=NetworkInterface-en0 missing
AX wall=2026-10-09T01:51:06Z tick=5 id=NetworkInterface-awdl0 missing
AX wall=2026-10-09T01:51:06Z tick=5 id=DiskCard label=Disk 카드, 정상 측정, 현재 Read 0.0 B/s, Write 249.3 KB/s, 보조 정보 확인됨, 저장 공간 전체 994.7 GB, 사용 가능 840.8 GB, 사용 가능은 macOS 회수 가능한 공간 포함, 사용 중은 전체에서 사용 가능을 뺀 값이며 실제 파일 점유량이 아님, APFS 공유 공간이며 볼륨별 독점 사용량이 아님, Disk 최근 10분 그래프, Read 점선, Write 실선, 원본 범위 0–47.7 MB/s, 현재 측정, 수집 공백은 이어 그리지 않음, 단축키 ⌘4
AX wall=2026-10-09T01:51:07Z tick=6 id=NetworkCard label=Network 카드, 기준점 갱신 중, 현재 속도 없음, 측정된 속도 없음, 일부 수집 실패: 대상 identity 또는 물리 정보 일부 미확인, 활성 확인 2개 · 논리·가상 · 상태 미확인 8개, 단축키 ⌘3
AX wall=2026-10-09T01:51:07Z tick=6 id=NetworkDetail missing
AX wall=2026-10-09T01:51:07Z tick=6 id=NetworkInterface-en0 missing
AX wall=2026-10-09T01:51:07Z tick=6 id=NetworkInterface-awdl0 missing
AX wall=2026-10-09T01:51:07Z tick=6 id=DiskCard label=Disk 카드, 정상 측정, 현재 Read 59.8 KB/s, Write 856.5 KB/s, 보조 정보 확인됨, 저장 공간 전체 994.7 GB, 사용 가능 840.8 GB, 사용 가능은 macOS 회수 가능한 공간 포함, 사용 중은 전체에서 사용 가능을 뺀 값이며 실제 파일 점유량이 아님, APFS 공유 공간이며 볼륨별 독점 사용량이 아님, Disk 최근 10분 그래프, Read 점선, Write 실선, 원본 범위 0–47.7 MB/s, 현재 측정, 수집 공백은 이어 그리지 않음, 단축키 ⌘4
AX wall=2026-10-09T01:51:08Z tick=7 id=NetworkCard label=Network 카드, 일부 수집 실패: 물리 대상의 식별·연결·속도 일부를 확인하지 못했습니다, 측정된 속도 없음, 일부 수집 실패: 대상 identity 또는 물리 정보 일부 미확인, 활성 확인 2개 · 논리·가상 · 상태 미확인 8개, 단축키 ⌘3
AX wall=2026-10-09T01:51:08Z tick=7 id=NetworkDetail missing
AX wall=2026-10-09T01:51:08Z tick=7 id=NetworkInterface-en0 missing
AX wall=2026-10-09T01:51:08Z tick=7 id=NetworkInterface-awdl0 missing
AX wall=2026-10-09T01:51:08Z tick=7 id=DiskCard label=Disk 카드, 정상 측정, 현재 Read 0.0 B/s, Write 8.0 KB/s, 보조 정보 확인됨, 저장 공간 전체 994.7 GB, 사용 가능 840.8 GB, 사용 가능은 macOS 회수 가능한 공간 포함, 사용 중은 전체에서 사용 가능을 뺀 값이며 실제 파일 점유량이 아님, APFS 공유 공간이며 볼륨별 독점 사용량이 아님, Disk 최근 10분 그래프, Read 점선, Write 실선, 원본 범위 0–47.7 MB/s, 현재 측정, 수집 공백은 이어 그리지 않음, 단축키 ⌘4
AX wall=2026-10-09T01:51:09Z tick=8 id=NetworkCard label=Network 카드, 일부 수집 실패: 물리 대상의 식별·연결·속도 일부를 확인하지 못했습니다, 측정된 속도 없음, 일부 수집 실패: 대상 identity 또는 물리 정보 일부 미확인, 활성 확인 2개 · 논리·가상 · 상태 미확인 8개, 단축키 ⌘3
AX wall=2026-10-09T01:51:09Z tick=8 id=NetworkDetail missing
AX wall=2026-10-09T01:51:09Z tick=8 id=NetworkInterface-en0 missing
AX wall=2026-10-09T01:51:09Z tick=8 id=NetworkInterface-awdl0 missing
AX wall=2026-10-09T01:51:09Z tick=8 id=DiskCard label=Disk 카드, 정상 측정, 현재 Read 8.0 KB/s, Write 471.5 KB/s, 보조 정보 확인됨, 저장 공간 전체 994.7 GB, 사용 가능 840.8 GB, 사용 가능은 macOS 회수 가능한 공간 포함, 사용 중은 전체에서 사용 가능을 뺀 값이며 실제 파일 점유량이 아님, APFS 공유 공간이며 볼륨별 독점 사용량이 아님, Disk 최근 10분 그래프, Read 점선, Write 실선, 원본 범위 0–47.7 MB/s, 현재 측정, 수집 공백은 이어 그리지 않음, 단축키 ⌘4
AX wall=2026-10-09T01:51:10Z tick=9 id=NetworkCard label=Network 카드, 일부 수집 실패: 물리 대상의 식별·연결·속도 일부를 확인하지 못했습니다, 측정된 속도 없음, 일부 수집 실패: 대상 identity 또는 물리 정보 일부 미확인, 활성 확인 2개 · 논리·가상 · 상태 미확인 8개, 단축키 ⌘3
AX wall=2026-10-09T01:51:10Z tick=9 id=NetworkDetail missing
AX wall=2026-10-09T01:51:10Z tick=9 id=NetworkInterface-en0 missing
AX wall=2026-10-09T01:51:10Z tick=9 id=NetworkInterface-awdl0 missing
AX wall=2026-10-09T01:51:10Z tick=9 id=DiskCard label=Disk 카드, 정상 측정, 현재 Read 0.0 B/s, Write 4.0 KB/s, 보조 정보 확인됨, 저장 공간 전체 994.7 GB, 사용 가능 840.8 GB, 사용 가능은 macOS 회수 가능한 공간 포함, 사용 중은 전체에서 사용 가능을 뺀 값이며 실제 파일 점유량이 아님, APFS 공유 공간이며 볼륨별 독점 사용량이 아님, Disk 최근 10분 그래프, Read 점선, Write 실선, 원본 범위 0–47.7 MB/s, 현재 측정, 수집 공백은 이어 그리지 않음, 단축키 ⌘4
AX wall=2026-10-09T01:51:11Z tick=10 id=NetworkCard label=Network 카드, 일부 수집 실패: 물리 대상의 식별·연결·속도 일부를 확인하지 못했습니다, 측정된 속도 없음, 일부 수집 실패: 대상 identity 또는 물리 정보 일부 미확인, 활성 확인 2개 · 논리·가상 · 상태 미확인 8개, 단축키 ⌘3
AX wall=2026-10-09T01:51:11Z tick=10 id=NetworkDetail missing
AX wall=2026-10-09T01:51:11Z tick=10 id=NetworkInterface-en0 missing
AX wall=2026-10-09T01:51:11Z tick=10 id=NetworkInterface-awdl0 missing
AX wall=2026-10-09T01:51:11Z tick=10 id=DiskCard label=Disk 카드, 정상 측정, 현재 Read 0.0 B/s, Write 7.9 KB/s, 보조 정보 확인됨, 저장 공간 전체 994.7 GB, 사용 가능 840.8 GB, 사용 가능은 macOS 회수 가능한 공간 포함, 사용 중은 전체에서 사용 가능을 뺀 값이며 실제 파일 점유량이 아님, APFS 공유 공간이며 볼륨별 독점 사용량이 아님, Disk 최근 10분 그래프, Read 점선, Write 실선, 원본 범위 0–47.7 MB/s, 현재 측정, 수집 공백은 이어 그리지 않음, 단축키 ⌘4
AX wall=2026-10-09T01:51:12Z tick=11 id=NetworkCard label=Network 카드, 일부 수집 실패: 물리 대상의 식별·연결·속도 일부를 확인하지 못했습니다, 측정된 속도 없음, 일부 수집 실패: 대상 identity 또는 물리 정보 일부 미확인, 활성 확인 2개 · 논리·가상 · 상태 미확인 8개, 단축키 ⌘3
AX wall=2026-10-09T01:51:12Z tick=11 id=NetworkDetail missing
AX wall=2026-10-09T01:51:12Z tick=11 id=NetworkInterface-en0 missing
AX wall=2026-10-09T01:51:12Z tick=11 id=NetworkInterface-awdl0 missing
AX wall=2026-10-09T01:51:12Z tick=11 id=DiskCard label=Disk 카드, 정상 측정, 현재 Read 0.0 B/s, Write 41.1 KB/s, 보조 정보 확인됨, 저장 공간 전체 994.7 GB, 사용 가능 840.8 GB, 사용 가능은 macOS 회수 가능한 공간 포함, 사용 중은 전체에서 사용 가능을 뺀 값이며 실제 파일 점유량이 아님, APFS 공유 공간이며 볼륨별 독점 사용량이 아님, Disk 최근 10분 그래프, Read 점선, Write 실선, 원본 범위 0–47.7 MB/s, 현재 측정, 수집 공백은 이어 그리지 않음, 단축키 ⌘4
AX wall=2026-10-09T01:51:13Z tick=12 id=NetworkCard label=Network 카드, 일부 수집 실패: 물리 대상의 식별·연결·속도 일부를 확인하지 못했습니다, 측정된 속도 없음, 일부 수집 실패: 대상 identity 또는 물리 정보 일부 미확인, 활성 확인 2개 · 논리·가상 · 상태 미확인 8개, 단축키 ⌘3
AX wall=2026-10-09T01:51:13Z tick=12 id=NetworkDetail missing
AX wall=2026-10-09T01:51:13Z tick=12 id=NetworkInterface-en0 missing
AX wall=2026-10-09T01:51:13Z tick=12 id=NetworkInterface-awdl0 missing
AX wall=2026-10-09T01:51:13Z tick=12 id=DiskCard label=Disk 카드, 정상 측정, 현재 Read 0.0 B/s, Write 4.1 KB/s, 보조 정보 확인됨, 저장 공간 전체 994.7 GB, 사용 가능 840.8 GB, 사용 가능은 macOS 회수 가능한 공간 포함, 사용 중은 전체에서 사용 가능을 뺀 값이며 실제 파일 점유량이 아님, APFS 공유 공간이며 볼륨별 독점 사용량이 아님, Disk 최근 10분 그래프, Read 점선, Write 실선, 원본 범위 0–47.7 MB/s, 현재 측정, 수집 공백은 이어 그리지 않음, 단축키 ⌘4
AX wall=2026-10-09T01:51:15Z tick=13 id=NetworkCard label=Network 카드, 일부 수집 실패: 물리 대상의 식별·연결·속도 일부를 확인하지 못했습니다, 측정된 속도 없음, 일부 수집 실패: 대상 identity 또는 물리 정보 일부 미확인, 활성 확인 2개 · 논리·가상 · 상태 미확인 8개, 단축키 ⌘3
AX wall=2026-10-09T01:51:15Z tick=13 id=NetworkDetail missing
AX wall=2026-10-09T01:51:15Z tick=13 id=NetworkInterface-en0 missing
AX wall=2026-10-09T01:51:15Z tick=13 id=NetworkInterface-awdl0 missing
AX wall=2026-10-09T01:51:15Z tick=13 id=DiskCard label=Disk 카드, 정상 측정, 현재 Read 0.0 B/s, Write 3.9 KB/s, 보조 정보 확인됨, 저장 공간 전체 994.7 GB, 사용 가능 840.8 GB, 사용 가능은 macOS 회수 가능한 공간 포함, 사용 중은 전체에서 사용 가능을 뺀 값이며 실제 파일 점유량이 아님, APFS 공유 공간이며 볼륨별 독점 사용량이 아님, Disk 최근 10분 그래프, Read 점선, Write 실선, 원본 범위 0–47.7 MB/s, 현재 측정, 수집 공백은 이어 그리지 않음, 단축키 ⌘4
AX wall=2026-10-09T01:51:16Z tick=14 id=NetworkCard label=Network 카드, 일부 수집 실패: 물리 대상의 식별·연결·속도 일부를 확인하지 못했습니다, 측정된 속도 없음, 일부 수집 실패: 대상 identity 또는 물리 정보 일부 미확인, 활성 확인 2개 · 논리·가상 · 상태 미확인 8개, 단축키 ⌘3
AX wall=2026-10-09T01:51:16Z tick=14 id=NetworkDetail missing
AX wall=2026-10-09T01:51:16Z tick=14 id=NetworkInterface-en0 missing
AX wall=2026-10-09T01:51:16Z tick=14 id=NetworkInterface-awdl0 missing
AX wall=2026-10-09T01:51:16Z tick=14 id=DiskCard label=Disk 카드, 정상 측정, 현재 Read 0.0 B/s, Write 183.8 KB/s, 보조 정보 확인됨, 저장 공간 전체 994.7 GB, 사용 가능 840.8 GB, 사용 가능은 macOS 회수 가능한 공간 포함, 사용 중은 전체에서 사용 가능을 뺀 값이며 실제 파일 점유량이 아님, APFS 공유 공간이며 볼륨별 독점 사용량이 아님, Disk 최근 10분 그래프, Read 점선, Write 실선, 원본 범위 0–47.7 MB/s, 현재 측정, 수집 공백은 이어 그리지 않음, 단축키 ⌘4
AX wall=2026-10-09T01:51:17Z tick=15 id=NetworkCard label=Network 카드, 일부 수집 실패: 물리 대상의 식별·연결·속도 일부를 확인하지 못했습니다, 측정된 속도 없음, 일부 수집 실패: 대상 identity 또는 물리 정보 일부 미확인, 활성 확인 2개 · 논리·가상 · 상태 미확인 8개, 단축키 ⌘3
AX wall=2026-10-09T01:51:17Z tick=15 id=NetworkDetail missing
AX wall=2026-10-09T01:51:17Z tick=15 id=NetworkInterface-en0 missing
AX wall=2026-10-09T01:51:17Z tick=15 id=NetworkInterface-awdl0 missing
AX wall=2026-10-09T01:51:17Z tick=15 id=DiskCard label=Disk 카드, 정상 측정, 현재 Read 0.0 B/s, Write 4.0 KB/s, 보조 정보 확인됨, 저장 공간 전체 994.7 GB, 사용 가능 840.8 GB, 사용 가능은 macOS 회수 가능한 공간 포함, 사용 중은 전체에서 사용 가능을 뺀 값이며 실제 파일 점유량이 아님, APFS 공유 공간이며 볼륨별 독점 사용량이 아님, Disk 최근 10분 그래프, Read 점선, Write 실선, 원본 범위 0–47.7 MB/s, 현재 측정, 수집 공백은 이어 그리지 않음, 단축키 ⌘4
AX wall=2026-10-09T01:51:18Z tick=16 id=NetworkCard label=Network 카드, 기준점 갱신 중, 현재 속도 없음, 측정된 속도 없음, 일부 수집 실패: 물리 대상 정보 일부 미확인, 활성 대상 0개, 단축키 ⌘3
AX wall=2026-10-09T01:51:18Z tick=16 id=NetworkDetail missing
AX wall=2026-10-09T01:51:18Z tick=16 id=NetworkInterface-en0 missing
AX wall=2026-10-09T01:51:18Z tick=16 id=NetworkInterface-awdl0 missing
AX wall=2026-10-09T01:51:18Z tick=16 id=DiskCard label=Disk 카드, 정상 측정, 현재 Read 32.2 KB/s, Write 36.3 KB/s, 보조 정보 확인됨, 저장 공간 전체 994.7 GB, 사용 가능 840.8 GB, 사용 가능은 macOS 회수 가능한 공간 포함, 사용 중은 전체에서 사용 가능을 뺀 값이며 실제 파일 점유량이 아님, APFS 공유 공간이며 볼륨별 독점 사용량이 아님, Disk 최근 10분 그래프, Read 점선, Write 실선, 원본 범위 0–47.7 MB/s, 현재 측정, 수집 공백은 이어 그리지 않음, 단축키 ⌘4
AX wall=2026-10-09T01:51:19Z tick=17 id=NetworkCard label=Network 카드, 기준점 갱신 중, 현재 속도 없음, 측정된 속도 없음, 일부 수집 실패: 대상 identity 또는 물리 정보 일부 미확인, 활성 확인 4개 · 논리·Wi-Fi·가상 · 상태 미확인 8개, 단축키 ⌘3
AX wall=2026-10-09T01:51:19Z tick=17 id=NetworkDetail missing
AX wall=2026-10-09T01:51:19Z tick=17 id=NetworkInterface-en0 missing
AX wall=2026-10-09T01:51:19Z tick=17 id=NetworkInterface-awdl0 missing
AX wall=2026-10-09T01:51:19Z tick=17 id=DiskCard label=Disk 카드, 정상 측정, 현재 Read 742.0 KB/s, Write 486.7 KB/s, 보조 정보 확인됨, 저장 공간 전체 994.7 GB, 사용 가능 840.8 GB, 사용 가능은 macOS 회수 가능한 공간 포함, 사용 중은 전체에서 사용 가능을 뺀 값이며 실제 파일 점유량이 아님, APFS 공유 공간이며 볼륨별 독점 사용량이 아님, Disk 최근 10분 그래프, Read 점선, Write 실선, 원본 범위 0–47.7 MB/s, 현재 측정, 수집 공백은 이어 그리지 않음, 단축키 ⌘4
AX wall=2026-10-09T01:51:20Z tick=18 id=NetworkCard label=Network 카드, 기준점 갱신 중, 현재 속도 없음, 측정된 속도 없음, 일부 수집 실패: 대상 identity 또는 물리 정보 일부 미확인, 활성 확인 4개 · 논리·Wi-Fi·가상 · 상태 미확인 8개, 단축키 ⌘3
AX wall=2026-10-09T01:51:20Z tick=18 id=NetworkDetail missing
AX wall=2026-10-09T01:51:20Z tick=18 id=NetworkInterface-en0 missing
AX wall=2026-10-09T01:51:20Z tick=18 id=NetworkInterface-awdl0 missing
AX wall=2026-10-09T01:51:20Z tick=18 id=DiskCard label=Disk 카드, 정상 측정, 현재 Read 0.0 B/s, Write 19.9 KB/s, 보조 정보 확인됨, 저장 공간 전체 994.7 GB, 사용 가능 840.8 GB, 사용 가능은 macOS 회수 가능한 공간 포함, 사용 중은 전체에서 사용 가능을 뺀 값이며 실제 파일 점유량이 아님, APFS 공유 공간이며 볼륨별 독점 사용량이 아님, Disk 최근 10분 그래프, Read 점선, Write 실선, 원본 범위 0–47.7 MB/s, 현재 측정, 수집 공백은 이어 그리지 않음, 단축키 ⌘4
AX wall=2026-10-09T01:51:21Z tick=19 id=NetworkCard label=Network 카드, 일부 수집 실패: 물리 대상의 식별·연결·속도 일부를 확인하지 못했습니다, 확인된 일부 합계 다운로드 5.0 KB/s, 업로드 18.0 KB/s, 일부 수집 실패: 대상 identity 또는 물리 정보 일부 미확인, 활성 확인 4개 · 논리·Wi-Fi·가상 · 상태 미확인 8개, 단축키 ⌘3
AX wall=2026-10-09T01:51:21Z tick=19 id=NetworkDetail missing
AX wall=2026-10-09T01:51:21Z tick=19 id=NetworkInterface-en0 missing
AX wall=2026-10-09T01:51:21Z tick=19 id=NetworkInterface-awdl0 missing
AX wall=2026-10-09T01:51:21Z tick=19 id=DiskCard label=Disk 카드, 정상 측정, 현재 Read 16.0 KB/s, Write 6.6 MB/s, 보조 정보 확인됨, 저장 공간 전체 994.7 GB, 사용 가능 840.8 GB, 사용 가능은 macOS 회수 가능한 공간 포함, 사용 중은 전체에서 사용 가능을 뺀 값이며 실제 파일 점유량이 아님, APFS 공유 공간이며 볼륨별 독점 사용량이 아님, Disk 최근 10분 그래프, Read 점선, Write 실선, 원본 범위 0–47.7 MB/s, 현재 측정, 수집 공백은 이어 그리지 않음, 단축키 ⌘4
AX wall=2026-10-09T01:51:22Z tick=20 id=NetworkCard label=Network 카드, 일부 수집 실패: 물리 대상의 식별·연결·속도 일부를 확인하지 못했습니다, 확인된 일부 합계 다운로드 91.0 KB/s, 업로드 15.7 KB/s, 일부 수집 실패: 대상 identity 또는 물리 정보 일부 미확인, 활성 확인 4개 · 논리·Wi-Fi·가상 · 상태 미확인 8개, 단축키 ⌘3
AX wall=2026-10-09T01:51:22Z tick=20 id=NetworkDetail missing
AX wall=2026-10-09T01:51:22Z tick=20 id=NetworkInterface-en0 missing
AX wall=2026-10-09T01:51:22Z tick=20 id=NetworkInterface-awdl0 missing
AX wall=2026-10-09T01:51:22Z tick=20 id=DiskCard label=Disk 카드, 정상 측정, 현재 Read 0.0 B/s, Write 215.2 KB/s, 보조 정보 확인됨, 저장 공간 전체 994.7 GB, 사용 가능 840.8 GB, 사용 가능은 macOS 회수 가능한 공간 포함, 사용 중은 전체에서 사용 가능을 뺀 값이며 실제 파일 점유량이 아님, APFS 공유 공간이며 볼륨별 독점 사용량이 아님, Disk 최근 10분 그래프, Read 점선, Write 실선, 원본 범위 0–47.7 MB/s, 현재 측정, 수집 공백은 이어 그리지 않음, 단축키 ⌘4
AX wall=2026-10-09T01:51:23Z tick=21 id=NetworkCard label=Network 카드, 기준점 갱신 중, 현재 속도 없음, 측정된 속도 없음, 일부 수집 실패: 물리 대상 정보 일부 미확인, 활성 대상 0개, 단축키 ⌘3
AX wall=2026-10-09T01:51:23Z tick=21 id=NetworkDetail missing
AX wall=2026-10-09T01:51:23Z tick=21 id=NetworkInterface-en0 missing
AX wall=2026-10-09T01:51:23Z tick=21 id=NetworkInterface-awdl0 missing
AX wall=2026-10-09T01:51:23Z tick=21 id=DiskCard label=Disk 카드, 정상 측정, 현재 Read 0.0 B/s, Write 96.2 KB/s, 보조 정보 확인됨, 저장 공간 전체 994.7 GB, 사용 가능 840.8 GB, 사용 가능은 macOS 회수 가능한 공간 포함, 사용 중은 전체에서 사용 가능을 뺀 값이며 실제 파일 점유량이 아님, APFS 공유 공간이며 볼륨별 독점 사용량이 아님, Disk 최근 10분 그래프, Read 점선, Write 실선, 원본 범위 0–47.7 MB/s, 현재 측정, 수집 공백은 이어 그리지 않음, 단축키 ⌘4
AX wall=2026-10-09T01:51:24Z tick=22 id=NetworkCard label=Network 카드, 기준점 갱신 중, 현재 속도 없음, 측정된 속도 없음, 일부 수집 실패: 대상 identity 또는 물리 정보 일부 미확인, 활성 확인 4개 · 논리·Wi-Fi·가상 · 상태 미확인 8개, 단축키 ⌘3
AX wall=2026-10-09T01:51:24Z tick=22 id=NetworkDetail missing
AX wall=2026-10-09T01:51:24Z tick=22 id=NetworkInterface-en0 missing
AX wall=2026-10-09T01:51:24Z tick=22 id=NetworkInterface-awdl0 missing
AX wall=2026-10-09T01:51:24Z tick=22 id=DiskCard label=Disk 카드, 정상 측정, 현재 Read 0.0 B/s, Write 8.0 KB/s, 보조 정보 확인됨, 저장 공간 전체 994.7 GB, 사용 가능 840.8 GB, 사용 가능은 macOS 회수 가능한 공간 포함, 사용 중은 전체에서 사용 가능을 뺀 값이며 실제 파일 점유량이 아님, APFS 공유 공간이며 볼륨별 독점 사용량이 아님, Disk 최근 10분 그래프, Read 점선, Write 실선, 원본 범위 0–47.7 MB/s, 현재 측정, 수집 공백은 이어 그리지 않음, 단축키 ⌘4
AX wall=2026-10-09T01:51:26Z tick=23 id=NetworkCard label=Network 카드, 일부 수집 실패: 물리 대상의 식별·연결·속도 일부를 확인하지 못했습니다, 확인된 일부 합계 다운로드 41.9 KB/s, 업로드 246.5 KB/s, 일부 수집 실패: 대상 identity 또는 물리 정보 일부 미확인, 활성 확인 4개 · 논리·Wi-Fi·가상 · 상태 미확인 8개, 단축키 ⌘3
AX wall=2026-10-09T01:51:26Z tick=23 id=NetworkDetail missing
AX wall=2026-10-09T01:51:26Z tick=23 id=NetworkInterface-en0 missing
AX wall=2026-10-09T01:51:26Z tick=23 id=NetworkInterface-awdl0 missing
AX wall=2026-10-09T01:51:26Z tick=23 id=DiskCard label=Disk 카드, 정상 측정, 현재 Read 4.0 KB/s, Write 211.3 KB/s, 보조 정보 확인됨, 저장 공간 전체 994.7 GB, 사용 가능 840.8 GB, 사용 가능은 macOS 회수 가능한 공간 포함, 사용 중은 전체에서 사용 가능을 뺀 값이며 실제 파일 점유량이 아님, APFS 공유 공간이며 볼륨별 독점 사용량이 아님, Disk 최근 10분 그래프, Read 점선, Write 실선, 원본 범위 0–47.7 MB/s, 현재 측정, 수집 공백은 이어 그리지 않음, 단축키 ⌘4
AX wall=2026-10-09T01:51:27Z tick=24 id=NetworkCard label=Network 카드, 일부 수집 실패: 물리 대상의 식별·연결·속도 일부를 확인하지 못했습니다, 확인된 일부 합계 다운로드 32.0 KB/s, 업로드 4.0 KB/s, 일부 수집 실패: 대상 identity 또는 물리 정보 일부 미확인, 활성 확인 4개 · 논리·Wi-Fi·가상 · 상태 미확인 8개, 단축키 ⌘3
AX wall=2026-10-09T01:51:27Z tick=24 id=NetworkDetail missing
AX wall=2026-10-09T01:51:27Z tick=24 id=NetworkInterface-en0 missing
AX wall=2026-10-09T01:51:27Z tick=24 id=NetworkInterface-awdl0 missing
AX wall=2026-10-09T01:51:27Z tick=24 id=DiskCard label=Disk 카드, 정상 측정, 현재 Read 0.0 B/s, Write 20.0 KB/s, 보조 정보 확인됨, 저장 공간 전체 994.7 GB, 사용 가능 840.8 GB, 사용 가능은 macOS 회수 가능한 공간 포함, 사용 중은 전체에서 사용 가능을 뺀 값이며 실제 파일 점유량이 아님, APFS 공유 공간이며 볼륨별 독점 사용량이 아님, Disk 최근 10분 그래프, Read 점선, Write 실선, 원본 범위 0–47.7 MB/s, 현재 측정, 수집 공백은 이어 그리지 않음, 단축키 ⌘4
AX wall=2026-10-09T01:51:28Z tick=25 id=NetworkCard label=Network 카드, 일부 수집 실패: 물리 대상의 식별·연결·속도 일부를 확인하지 못했습니다, 확인된 일부 합계 다운로드 2.0 KB/s, 업로드 0.0 B/s, 일부 수집 실패: 대상 identity 또는 물리 정보 일부 미확인, 활성 확인 4개 · 논리·Wi-Fi·가상 · 상태 미확인 8개, 단축키 ⌘3
AX wall=2026-10-09T01:51:28Z tick=25 id=NetworkDetail missing
AX wall=2026-10-09T01:51:28Z tick=25 id=NetworkInterface-en0 missing
AX wall=2026-10-09T01:51:28Z tick=25 id=NetworkInterface-awdl0 missing
AX wall=2026-10-09T01:51:28Z tick=25 id=DiskCard label=Disk 카드, 정상 측정, 현재 Read 0.0 B/s, Write 36.0 KB/s, 보조 정보 확인됨, 저장 공간 전체 994.7 GB, 사용 가능 840.8 GB, 사용 가능은 macOS 회수 가능한 공간 포함, 사용 중은 전체에서 사용 가능을 뺀 값이며 실제 파일 점유량이 아님, APFS 공유 공간이며 볼륨별 독점 사용량이 아님, Disk 최근 10분 그래프, Read 점선, Write 실선, 원본 범위 0–47.7 MB/s, 현재 측정, 수집 공백은 이어 그리지 않음, 단축키 ⌘4
AX wall=2026-10-09T01:51:29Z tick=26 id=NetworkCard label=Network 카드, 기준점 갱신 중, 현재 속도 없음, 측정된 속도 없음, 일부 수집 실패: 물리 대상 정보 일부 미확인, 활성 대상 0개, 단축키 ⌘3
AX wall=2026-10-09T01:51:29Z tick=26 id=NetworkDetail missing
AX wall=2026-10-09T01:51:29Z tick=26 id=NetworkInterface-en0 missing
AX wall=2026-10-09T01:51:29Z tick=26 id=NetworkInterface-awdl0 missing
AX wall=2026-10-09T01:51:29Z tick=26 id=DiskCard label=Disk 카드, 정상 측정, 현재 Read 0.0 B/s, Write 4.0 KB/s, 보조 정보 확인됨, 저장 공간 전체 994.7 GB, 사용 가능 840.8 GB, 사용 가능은 macOS 회수 가능한 공간 포함, 사용 중은 전체에서 사용 가능을 뺀 값이며 실제 파일 점유량이 아님, APFS 공유 공간이며 볼륨별 독점 사용량이 아님, Disk 최근 10분 그래프, Read 점선, Write 실선, 원본 범위 0–47.7 MB/s, 현재 측정, 수집 공백은 이어 그리지 않음, 단축키 ⌘4
AX wall=2026-10-09T01:51:30Z tick=27 id=NetworkCard label=Network 카드, 기준점 갱신 중, 현재 속도 없음, 측정된 속도 없음, 일부 수집 실패: 대상 identity 또는 물리 정보 일부 미확인, 활성 확인 4개 · 논리·Wi-Fi·가상 · 상태 미확인 8개, 단축키 ⌘3
AX wall=2026-10-09T01:51:30Z tick=27 id=NetworkDetail missing
AX wall=2026-10-09T01:51:30Z tick=27 id=NetworkInterface-en0 missing
AX wall=2026-10-09T01:51:30Z tick=27 id=NetworkInterface-awdl0 missing
AX wall=2026-10-09T01:51:30Z tick=27 id=DiskCard label=Disk 카드, 정상 측정, 현재 Read 0.0 B/s, Write 20.1 KB/s, 보조 정보 확인됨, 저장 공간 전체 994.7 GB, 사용 가능 840.8 GB, 사용 가능은 macOS 회수 가능한 공간 포함, 사용 중은 전체에서 사용 가능을 뺀 값이며 실제 파일 점유량이 아님, APFS 공유 공간이며 볼륨별 독점 사용량이 아님, Disk 최근 10분 그래프, Read 점선, Write 실선, 원본 범위 0–47.7 MB/s, 현재 측정, 수집 공백은 이어 그리지 않음, 단축키 ⌘4
AX wall=2026-10-09T01:51:31Z tick=28 id=NetworkCard label=Network 카드, 일부 수집 실패: 물리 대상의 식별·연결·속도 일부를 확인하지 못했습니다, 확인된 일부 합계 다운로드 2.0 KB/s, 업로드 0.0 B/s, 일부 수집 실패: 대상 identity 또는 물리 정보 일부 미확인, 활성 확인 4개 · 논리·Wi-Fi·가상 · 상태 미확인 8개, 단축키 ⌘3
AX wall=2026-10-09T01:51:31Z tick=28 id=NetworkDetail missing
AX wall=2026-10-09T01:51:31Z tick=28 id=NetworkInterface-en0 missing
AX wall=2026-10-09T01:51:31Z tick=28 id=NetworkInterface-awdl0 missing
AX wall=2026-10-09T01:51:31Z tick=28 id=DiskCard label=Disk 카드, 정상 측정, 현재 Read 0.0 B/s, Write 8.1 KB/s, 보조 정보 확인됨, 저장 공간 전체 994.7 GB, 사용 가능 840.8 GB, 사용 가능은 macOS 회수 가능한 공간 포함, 사용 중은 전체에서 사용 가능을 뺀 값이며 실제 파일 점유량이 아님, APFS 공유 공간이며 볼륨별 독점 사용량이 아님, Disk 최근 10분 그래프, Read 점선, Write 실선, 원본 범위 0–47.7 MB/s, 현재 측정, 수집 공백은 이어 그리지 않음, 단축키 ⌘4
AX wall=2026-10-09T01:51:32Z tick=29 id=NetworkCard label=Network 카드, 일부 수집 실패: 물리 대상의 식별·연결·속도 일부를 확인하지 못했습니다, 확인된 일부 합계 다운로드 4.9 KB/s, 업로드 2.0 KB/s, 일부 수집 실패: 대상 identity 또는 물리 정보 일부 미확인, 활성 확인 4개 · 논리·Wi-Fi·가상 · 상태 미확인 8개, 단축키 ⌘3
AX wall=2026-10-09T01:51:32Z tick=29 id=NetworkDetail missing
AX wall=2026-10-09T01:51:32Z tick=29 id=NetworkInterface-en0 missing
AX wall=2026-10-09T01:51:32Z tick=29 id=NetworkInterface-awdl0 missing
AX wall=2026-10-09T01:51:32Z tick=29 id=DiskCard label=Disk 카드, 정상 측정, 현재 Read 0.0 B/s, Write 55.0 KB/s, 보조 정보 확인됨, 저장 공간 전체 994.7 GB, 사용 가능 840.8 GB, 사용 가능은 macOS 회수 가능한 공간 포함, 사용 중은 전체에서 사용 가능을 뺀 값이며 실제 파일 점유량이 아님, APFS 공유 공간이며 볼륨별 독점 사용량이 아님, Disk 최근 10분 그래프, Read 점선, Write 실선, 원본 범위 0–47.7 MB/s, 현재 측정, 수집 공백은 이어 그리지 않음, 단축키 ⌘4
AX wall=2026-10-09T01:51:33Z tick=30 id=NetworkCard label=Network 카드, 일부 수집 실패: 물리 대상의 식별·연결·속도 일부를 확인하지 못했습니다, 확인된 일부 합계 다운로드 7.0 KB/s, 업로드 1.0 KB/s, 일부 수집 실패: 대상 identity 또는 물리 정보 일부 미확인, 활성 확인 4개 · 논리·Wi-Fi·가상 · 상태 미확인 8개, 단축키 ⌘3
AX wall=2026-10-09T01:51:33Z tick=30 id=NetworkDetail missing
AX wall=2026-10-09T01:51:33Z tick=30 id=NetworkInterface-en0 missing
AX wall=2026-10-09T01:51:33Z tick=30 id=NetworkInterface-awdl0 missing
AX wall=2026-10-09T01:51:33Z tick=30 id=DiskCard label=Disk 카드, 정상 측정, 현재 Read 0.0 B/s, Write 0.0 B/s, 보조 정보 확인됨, 저장 공간 전체 994.7 GB, 사용 가능 840.8 GB, 사용 가능은 macOS 회수 가능한 공간 포함, 사용 중은 전체에서 사용 가능을 뺀 값이며 실제 파일 점유량이 아님, APFS 공유 공간이며 볼륨별 독점 사용량이 아님, Disk 최근 10분 그래프, Read 점선, Write 실선, 원본 범위 0–47.7 MB/s, 현재 측정, 수집 공백은 이어 그리지 않음, 단축키 ⌘4
AX wall=2026-10-09T01:51:34Z tick=31 id=NetworkCard label=Network 카드, 일부 수집 실패: 물리 대상의 식별·연결·속도 일부를 확인하지 못했습니다, 확인된 일부 합계 다운로드 8.0 KB/s, 업로드 5.0 KB/s, 일부 수집 실패: 대상 identity 또는 물리 정보 일부 미확인, 활성 확인 4개 · 논리·Wi-Fi·가상 · 상태 미확인 8개, 단축키 ⌘3
AX wall=2026-10-09T01:51:34Z tick=31 id=NetworkDetail missing
AX wall=2026-10-09T01:51:34Z tick=31 id=NetworkInterface-en0 missing
AX wall=2026-10-09T01:51:34Z tick=31 id=NetworkInterface-awdl0 missing
AX wall=2026-10-09T01:51:34Z tick=31 id=DiskCard label=Disk 카드, 정상 측정, 현재 Read 67.8 KB/s, Write 4.0 KB/s, 보조 정보 확인됨, 저장 공간 전체 994.7 GB, 사용 가능 840.8 GB, 사용 가능은 macOS 회수 가능한 공간 포함, 사용 중은 전체에서 사용 가능을 뺀 값이며 실제 파일 점유량이 아님, APFS 공유 공간이며 볼륨별 독점 사용량이 아님, Disk 최근 10분 그래프, Read 점선, Write 실선, 원본 범위 0–47.7 MB/s, 현재 측정, 수집 공백은 이어 그리지 않음, 단축키 ⌘4
AX wall=2026-10-09T01:51:35Z tick=32 press-status rc=0
AX wall=2026-10-09T01:51:36Z tick=32 id=NetworkCard missing
AX wall=2026-10-09T01:51:36Z tick=32 id=NetworkDetail missing
AX wall=2026-10-09T01:51:36Z tick=32 id=NetworkInterface-en0 missing
AX wall=2026-10-09T01:51:36Z tick=32 id=NetworkInterface-awdl0 missing
AX wall=2026-10-09T01:51:36Z tick=32 id=DiskCard missing
AX wall=2026-10-09T01:51:37Z tick=33 press-status rc=0
AX wall=2026-10-09T01:51:37Z tick=33 id=NetworkCard missing
AX wall=2026-10-09T01:51:37Z tick=33 id=NetworkDetail missing
AX wall=2026-10-09T01:51:37Z tick=33 id=NetworkInterface-en0 missing
AX wall=2026-10-09T01:51:37Z tick=33 id=NetworkInterface-awdl0 missing
AX wall=2026-10-09T01:51:37Z tick=33 id=DiskCard missing
AX wall=2026-10-09T01:51:38Z tick=34 press-status rc=0
AX wall=2026-10-09T01:51:38Z tick=34 id=NetworkCard label=Network 카드, 일부 수집 실패: 물리 대상의 식별·연결·속도 일부를 확인하지 못했습니다, 확인된 일부 합계 다운로드 9.0 KB/s, 업로드 1.0 KB/s, 일부 수집 실패: 대상 identity 또는 물리 정보 일부 미확인, 활성 확인 4개 · 논리·Wi-Fi·가상 · 상태 미확인 8개, 단축키 ⌘3
AX wall=2026-10-09T01:51:38Z tick=34 id=NetworkDetail missing
AX wall=2026-10-09T01:51:38Z tick=34 id=NetworkInterface-en0 missing
AX wall=2026-10-09T01:51:38Z tick=34 id=NetworkInterface-awdl0 missing
AX wall=2026-10-09T01:51:38Z tick=34 id=DiskCard label=Disk 카드, 정상 측정, 현재 Read 8.0 KB/s, Write 8.5 MB/s, 보조 정보 확인됨, 저장 공간 전체 994.7 GB, 사용 가능 840.8 GB, 사용 가능은 macOS 회수 가능한 공간 포함, 사용 중은 전체에서 사용 가능을 뺀 값이며 실제 파일 점유량이 아님, APFS 공유 공간이며 볼륨별 독점 사용량이 아님, Disk 최근 10분 그래프, Read 점선, Write 실선, 원본 범위 0–47.7 MB/s, 현재 측정, 수집 공백은 이어 그리지 않음, 단축키 ⌘4
AX wall=2026-10-09T01:51:40Z tick=35 press-status rc=0
AX wall=2026-10-09T01:51:40Z tick=35 id=NetworkCard missing
AX wall=2026-10-09T01:51:40Z tick=35 id=NetworkDetail missing
AX wall=2026-10-09T01:51:40Z tick=35 id=NetworkInterface-en0 missing
AX wall=2026-10-09T01:51:40Z tick=35 id=NetworkInterface-awdl0 missing
AX wall=2026-10-09T01:51:40Z tick=35 id=DiskCard missing
AX wall=2026-10-09T01:51:41Z tick=36 press-status rc=0
AX wall=2026-10-09T01:51:41Z tick=36 id=NetworkCard label=Network 카드, 일부 수집 실패: 물리 대상의 식별·연결·속도 일부를 확인하지 못했습니다, 확인된 일부 합계 다운로드 9.0 KB/s, 업로드 1.0 KB/s, 일부 수집 실패: 대상 identity 또는 물리 정보 일부 미확인, 활성 확인 4개 · 논리·Wi-Fi·가상 · 상태 미확인 8개, 단축키 ⌘3
AX wall=2026-10-09T01:51:41Z tick=36 id=NetworkDetail missing
AX wall=2026-10-09T01:51:41Z tick=36 id=NetworkInterface-en0 missing
AX wall=2026-10-09T01:51:41Z tick=36 id=NetworkInterface-awdl0 missing
AX wall=2026-10-09T01:51:41Z tick=36 id=DiskCard label=Disk 카드, 정상 측정, 현재 Read 8.0 KB/s, Write 8.5 MB/s, 보조 정보 확인됨, 저장 공간 전체 994.7 GB, 사용 가능 840.8 GB, 사용 가능은 macOS 회수 가능한 공간 포함, 사용 중은 전체에서 사용 가능을 뺀 값이며 실제 파일 점유량이 아님, APFS 공유 공간이며 볼륨별 독점 사용량이 아님, Disk 최근 10분 그래프, Read 점선, Write 실선, 원본 범위 0–47.7 MB/s, 현재 측정, 수집 공백은 이어 그리지 않음, 단축키 ⌘4
AX wall=2026-10-09T01:51:42Z tick=37 press-status rc=0
AX wall=2026-10-09T01:51:42Z tick=37 id=NetworkCard missing
AX wall=2026-10-09T01:51:42Z tick=37 id=NetworkDetail missing
AX wall=2026-10-09T01:51:42Z tick=37 id=NetworkInterface-en0 missing
AX wall=2026-10-09T01:51:42Z tick=37 id=NetworkInterface-awdl0 missing
AX wall=2026-10-09T01:51:42Z tick=37 id=DiskCard missing
AX wall=2026-10-09T01:51:44Z tick=38 press-status rc=0
AX wall=2026-10-09T01:51:44Z tick=38 id=NetworkCard label=Network 카드, 일부 수집 실패: 물리 대상의 식별·연결·속도 일부를 확인하지 못했습니다, 확인된 일부 합계 다운로드 9.0 KB/s, 업로드 1.0 KB/s, 일부 수집 실패: 대상 identity 또는 물리 정보 일부 미확인, 활성 확인 4개 · 논리·Wi-Fi·가상 · 상태 미확인 8개, 단축키 ⌘3
AX wall=2026-10-09T01:51:44Z tick=38 id=NetworkDetail missing
AX wall=2026-10-09T01:51:44Z tick=38 id=NetworkInterface-en0 missing
AX wall=2026-10-09T01:51:44Z tick=38 id=NetworkInterface-awdl0 missing
AX wall=2026-10-09T01:51:44Z tick=38 id=DiskCard label=Disk 카드, 정상 측정, 현재 Read 8.0 KB/s, Write 8.5 MB/s, 보조 정보 확인됨, 저장 공간 전체 994.7 GB, 사용 가능 840.8 GB, 사용 가능은 macOS 회수 가능한 공간 포함, 사용 중은 전체에서 사용 가능을 뺀 값이며 실제 파일 점유량이 아님, APFS 공유 공간이며 볼륨별 독점 사용량이 아님, Disk 최근 10분 그래프, Read 점선, Write 실선, 원본 범위 0–47.7 MB/s, 현재 측정, 수집 공백은 이어 그리지 않음, 단축키 ⌘4
AX wall=2026-10-09T01:51:45Z tick=39 id=NetworkCard label=Network 카드, 일부 수집 실패: 물리 대상의 식별·연결·속도 일부를 확인하지 못했습니다, 확인된 일부 합계 다운로드 9.0 KB/s, 업로드 1.0 KB/s, 일부 수집 실패: 대상 identity 또는 물리 정보 일부 미확인, 활성 확인 4개 · 논리·Wi-Fi·가상 · 상태 미확인 8개, 단축키 ⌘3
AX wall=2026-10-09T01:51:45Z tick=39 id=NetworkDetail missing
AX wall=2026-10-09T01:51:45Z tick=39 id=NetworkInterface-en0 missing
AX wall=2026-10-09T01:51:45Z tick=39 id=NetworkInterface-awdl0 missing
AX wall=2026-10-09T01:51:45Z tick=39 id=DiskCard label=Disk 카드, 정상 측정, 현재 Read 8.0 KB/s, Write 8.5 MB/s, 보조 정보 확인됨, 저장 공간 전체 994.7 GB, 사용 가능 840.8 GB, 사용 가능은 macOS 회수 가능한 공간 포함, 사용 중은 전체에서 사용 가능을 뺀 값이며 실제 파일 점유량이 아님, APFS 공유 공간이며 볼륨별 독점 사용량이 아님, Disk 최근 10분 그래프, Read 점선, Write 실선, 원본 범위 0–47.7 MB/s, 현재 측정, 수집 공백은 이어 그리지 않음, 단축키 ⌘4
AX wall=2026-10-09T01:51:46Z tick=40 press-status rc=0
AX wall=2026-10-09T01:51:46Z tick=40 id=NetworkCard missing
AX wall=2026-10-09T01:51:46Z tick=40 id=NetworkDetail missing
AX wall=2026-10-09T01:51:46Z tick=40 id=NetworkInterface-en0 missing
AX wall=2026-10-09T01:51:46Z tick=40 id=NetworkInterface-awdl0 missing
AX wall=2026-10-09T01:51:46Z tick=40 id=DiskCard missing
AX wall=2026-10-09T01:51:47Z tick=41 press-status rc=0
AX wall=2026-10-09T01:51:48Z tick=41 id=NetworkCard label=Network 카드, 기준점 갱신 중, 현재 속도 없음, 측정된 속도 없음, 일부 수집 실패: 대상 identity 또는 물리 정보 일부 미확인, 활성 확인 4개 · 논리·Wi-Fi·가상 · 상태 미확인 8개, 단축키 ⌘3
AX wall=2026-10-09T01:51:48Z tick=41 id=NetworkDetail missing
AX wall=2026-10-09T01:51:48Z tick=41 id=NetworkInterface-en0 missing
AX wall=2026-10-09T01:51:48Z tick=41 id=NetworkInterface-awdl0 missing
AX wall=2026-10-09T01:51:48Z tick=41 id=DiskCard label=Disk 카드, 기준점 갱신 중, 현재 속도 없음, 마지막 측정값(과거) Read 8.0 KB/s, Write 8.5 MB/s, 보조 정보 확인됨, 저장 공간 전체 994.7 GB, 사용 가능 840.8 GB, 사용 가능은 macOS 회수 가능한 공간 포함, 사용 중은 전체에서 사용 가능을 뺀 값이며 실제 파일 점유량이 아님, APFS 공유 공간이며 볼륨별 독점 사용량이 아님, Disk 최근 10분 그래프, Read 점선, Write 실선, 원본 범위 0–47.7 MB/s, 기준점 수집 중, 수집 공백은 이어 그리지 않음, 단축키 ⌘4
AX wall=2026-10-09T01:51:49Z tick=42 id=NetworkCard label=Network 카드, 기준점 갱신 중, 현재 속도 없음, 측정된 속도 없음, 일부 수집 실패: 대상 identity 또는 물리 정보 일부 미확인, 활성 확인 4개 · 논리·Wi-Fi·가상 · 상태 미확인 8개, 단축키 ⌘3
AX wall=2026-10-09T01:51:49Z tick=42 id=NetworkDetail missing
AX wall=2026-10-09T01:51:49Z tick=42 id=NetworkInterface-en0 missing
AX wall=2026-10-09T01:51:49Z tick=42 id=NetworkInterface-awdl0 missing
AX wall=2026-10-09T01:51:49Z tick=42 id=DiskCard label=Disk 카드, 기준점 갱신 중, 현재 속도 없음, 마지막 측정값(과거) Read 8.0 KB/s, Write 8.5 MB/s, 보조 정보 확인됨, 저장 공간 전체 994.7 GB, 사용 가능 840.8 GB, 사용 가능은 macOS 회수 가능한 공간 포함, 사용 중은 전체에서 사용 가능을 뺀 값이며 실제 파일 점유량이 아님, APFS 공유 공간이며 볼륨별 독점 사용량이 아님, Disk 최근 10분 그래프, Read 점선, Write 실선, 원본 범위 0–47.7 MB/s, 기준점 수집 중, 수집 공백은 이어 그리지 않음, 단축키 ⌘4
AX wall=2026-10-09T01:51:50Z tick=43 press-status rc=0
AX wall=2026-10-09T01:51:50Z tick=43 id=NetworkCard missing
AX wall=2026-10-09T01:51:50Z tick=43 id=NetworkDetail missing
AX wall=2026-10-09T01:51:50Z tick=43 id=NetworkInterface-en0 missing
AX wall=2026-10-09T01:51:50Z tick=43 id=NetworkInterface-awdl0 missing
AX wall=2026-10-09T01:51:50Z tick=43 id=DiskCard missing
AX wall=2026-10-09T01:51:51Z tick=44 press-status rc=0
AX wall=2026-10-09T01:51:51Z tick=44 id=NetworkCard label=Network 카드, 일부 수집 실패: 물리 대상의 식별·연결·속도 일부를 확인하지 못했습니다, 확인된 일부 합계 다운로드 9.5 KB/s, 업로드 8.5 KB/s, 일부 수집 실패: 대상 identity 또는 물리 정보 일부 미확인, 활성 확인 4개 · 논리·Wi-Fi·가상 · 상태 미확인 8개, 단축키 ⌘3
AX wall=2026-10-09T01:51:51Z tick=44 id=NetworkDetail missing
AX wall=2026-10-09T01:51:51Z tick=44 id=NetworkInterface-en0 missing
AX wall=2026-10-09T01:51:51Z tick=44 id=NetworkInterface-awdl0 missing
AX wall=2026-10-09T01:51:51Z tick=44 id=DiskCard label=Disk 카드, 정상 측정, 현재 Read 59.2 KB/s, Write 80.4 KB/s, 보조 정보 확인됨, 저장 공간 전체 994.7 GB, 사용 가능 840.8 GB, 사용 가능은 macOS 회수 가능한 공간 포함, 사용 중은 전체에서 사용 가능을 뺀 값이며 실제 파일 점유량이 아님, APFS 공유 공간이며 볼륨별 독점 사용량이 아님, Disk 최근 10분 그래프, Read 점선, Write 실선, 원본 범위 0–47.7 MB/s, 현재 측정, 수집 공백은 이어 그리지 않음, 단축키 ⌘4
AX wall=2026-10-09T01:51:53Z tick=45 id=NetworkCard label=Network 카드, 일부 수집 실패: 물리 대상의 식별·연결·속도 일부를 확인하지 못했습니다, 확인된 일부 합계 다운로드 9.5 KB/s, 업로드 8.5 KB/s, 일부 수집 실패: 대상 identity 또는 물리 정보 일부 미확인, 활성 확인 4개 · 논리·Wi-Fi·가상 · 상태 미확인 8개, 단축키 ⌘3
AX wall=2026-10-09T01:51:53Z tick=45 id=NetworkDetail missing
AX wall=2026-10-09T01:51:53Z tick=45 id=NetworkInterface-en0 missing
AX wall=2026-10-09T01:51:53Z tick=45 id=NetworkInterface-awdl0 missing
AX wall=2026-10-09T01:51:53Z tick=45 id=DiskCard label=Disk 카드, 정상 측정, 현재 Read 59.2 KB/s, Write 80.4 KB/s, 보조 정보 확인됨, 저장 공간 전체 994.7 GB, 사용 가능 840.8 GB, 사용 가능은 macOS 회수 가능한 공간 포함, 사용 중은 전체에서 사용 가능을 뺀 값이며 실제 파일 점유량이 아님, APFS 공유 공간이며 볼륨별 독점 사용량이 아님, Disk 최근 10분 그래프, Read 점선, Write 실선, 원본 범위 0–47.7 MB/s, 현재 측정, 수집 공백은 이어 그리지 않음, 단축키 ⌘4
AX wall=2026-10-09T01:51:54Z tick=46 id=NetworkCard label=Network 카드, 일부 수집 실패: 물리 대상의 식별·연결·속도 일부를 확인하지 못했습니다, 확인된 일부 합계 다운로드 2.7 KB/s, 업로드 349.4 B/s, 일부 수집 실패: 대상 identity 또는 물리 정보 일부 미확인, 활성 확인 4개 · 논리·Wi-Fi·가상 · 상태 미확인 8개, 단축키 ⌘3
AX wall=2026-10-09T01:51:54Z tick=46 id=NetworkDetail missing
AX wall=2026-10-09T01:51:54Z tick=46 id=NetworkInterface-en0 missing
AX wall=2026-10-09T01:51:54Z tick=46 id=NetworkInterface-awdl0 missing
AX wall=2026-10-09T01:51:54Z tick=46 id=DiskCard label=Disk 카드, 정상 측정, 현재 Read 10.9 KB/s, Write 3.0 MB/s, 보조 정보 확인됨, 저장 공간 전체 994.7 GB, 사용 가능 840.8 GB, 사용 가능은 macOS 회수 가능한 공간 포함, 사용 중은 전체에서 사용 가능을 뺀 값이며 실제 파일 점유량이 아님, APFS 공유 공간이며 볼륨별 독점 사용량이 아님, Disk 최근 10분 그래프, Read 점선, Write 실선, 원본 범위 0–47.7 MB/s, 현재 측정, 수집 공백은 이어 그리지 않음, 단축키 ⌘4
AX wall=2026-10-09T01:51:55Z tick=47 id=NetworkCard label=Network 카드, 일부 수집 실패: 물리 대상의 식별·연결·속도 일부를 확인하지 못했습니다, 확인된 일부 합계 다운로드 0.0 B/s, 업로드 1.1 KB/s, 일부 수집 실패: 대상 identity 또는 물리 정보 일부 미확인, 활성 확인 4개 · 논리·Wi-Fi·가상 · 상태 미확인 8개, 단축키 ⌘3
AX wall=2026-10-09T01:51:55Z tick=47 id=NetworkDetail missing
AX wall=2026-10-09T01:51:55Z tick=47 id=NetworkInterface-en0 missing
AX wall=2026-10-09T01:51:55Z tick=47 id=NetworkInterface-awdl0 missing
AX wall=2026-10-09T01:51:55Z tick=47 id=DiskCard label=Disk 카드, 정상 측정, 현재 Read 4.2 KB/s, Write 193.6 KB/s, 보조 정보 확인됨, 저장 공간 전체 994.7 GB, 사용 가능 840.8 GB, 사용 가능은 macOS 회수 가능한 공간 포함, 사용 중은 전체에서 사용 가능을 뺀 값이며 실제 파일 점유량이 아님, APFS 공유 공간이며 볼륨별 독점 사용량이 아님, Disk 최근 10분 그래프, Read 점선, Write 실선, 원본 범위 0–47.7 MB/s, 현재 측정, 수집 공백은 이어 그리지 않음, 단축키 ⌘4
AX wall=2026-10-09T01:51:56Z tick=48 id=NetworkCard label=Network 카드, 일부 수집 실패: 물리 대상의 식별·연결·속도 일부를 확인하지 못했습니다, 확인된 일부 합계 다운로드 0.0 B/s, 업로드 0.0 B/s, 일부 수집 실패: 대상 identity 또는 물리 정보 일부 미확인, 활성 확인 4개 · 논리·Wi-Fi·가상 · 상태 미확인 8개, 단축키 ⌘3
AX wall=2026-10-09T01:51:56Z tick=48 id=NetworkDetail missing
AX wall=2026-10-09T01:51:56Z tick=48 id=NetworkInterface-en0 missing
AX wall=2026-10-09T01:51:56Z tick=48 id=NetworkInterface-awdl0 missing
AX wall=2026-10-09T01:51:56Z tick=48 id=DiskCard label=Disk 카드, 정상 측정, 현재 Read 0.0 B/s, Write 3.8 KB/s, 보조 정보 확인됨, 저장 공간 전체 994.7 GB, 사용 가능 840.8 GB, 사용 가능은 macOS 회수 가능한 공간 포함, 사용 중은 전체에서 사용 가능을 뺀 값이며 실제 파일 점유량이 아님, APFS 공유 공간이며 볼륨별 독점 사용량이 아님, Disk 최근 10분 그래프, Read 점선, Write 실선, 원본 범위 0–47.7 MB/s, 현재 측정, 수집 공백은 이어 그리지 않음, 단축키 ⌘4
AX wall=2026-10-09T01:51:57Z tick=49 id=NetworkCard label=Network 카드, 일부 수집 실패: 물리 대상의 식별·연결·속도 일부를 확인하지 못했습니다, 확인된 일부 합계 다운로드 4.0 KB/s, 업로드 0.0 B/s, 일부 수집 실패: 대상 identity 또는 물리 정보 일부 미확인, 활성 확인 4개 · 논리·Wi-Fi·가상 · 상태 미확인 8개, 단축키 ⌘3
AX wall=2026-10-09T01:51:57Z tick=49 id=NetworkDetail missing
AX wall=2026-10-09T01:51:57Z tick=49 id=NetworkInterface-en0 missing
AX wall=2026-10-09T01:51:57Z tick=49 id=NetworkInterface-awdl0 missing
AX wall=2026-10-09T01:51:57Z tick=49 id=DiskCard label=Disk 카드, 정상 측정, 현재 Read 0.0 B/s, Write 32.1 KB/s, 보조 정보 확인됨, 저장 공간 전체 994.7 GB, 사용 가능 840.8 GB, 사용 가능은 macOS 회수 가능한 공간 포함, 사용 중은 전체에서 사용 가능을 뺀 값이며 실제 파일 점유량이 아님, APFS 공유 공간이며 볼륨별 독점 사용량이 아님, Disk 최근 10분 그래프, Read 점선, Write 실선, 원본 범위 0–47.7 MB/s, 현재 측정, 수집 공백은 이어 그리지 않음, 단축키 ⌘4
AX wall=2026-10-09T01:51:58Z tick=50 id=NetworkCard label=Network 카드, 일부 수집 실패: 물리 대상의 식별·연결·속도 일부를 확인하지 못했습니다, 확인된 일부 합계 다운로드 14.0 KB/s, 업로드 7.0 KB/s, 일부 수집 실패: 대상 identity 또는 물리 정보 일부 미확인, 활성 확인 4개 · 논리·Wi-Fi·가상 · 상태 미확인 8개, 단축키 ⌘3
AX wall=2026-10-09T01:51:58Z tick=50 id=NetworkDetail missing
AX wall=2026-10-09T01:51:58Z tick=50 id=NetworkInterface-en0 missing
AX wall=2026-10-09T01:51:58Z tick=50 id=NetworkInterface-awdl0 missing
AX wall=2026-10-09T01:51:58Z tick=50 id=DiskCard label=Disk 카드, 정상 측정, 현재 Read 0.0 B/s, Write 4.0 KB/s, 보조 정보 확인됨, 저장 공간 전체 994.7 GB, 사용 가능 840.8 GB, 사용 가능은 macOS 회수 가능한 공간 포함, 사용 중은 전체에서 사용 가능을 뺀 값이며 실제 파일 점유량이 아님, APFS 공유 공간이며 볼륨별 독점 사용량이 아님, Disk 최근 10분 그래프, Read 점선, Write 실선, 원본 범위 0–47.7 MB/s, 현재 측정, 수집 공백은 이어 그리지 않음, 단축키 ⌘4
AX wall=2026-10-09T01:51:59Z tick=51 id=NetworkCard label=Network 카드, 일부 수집 실패: 물리 대상의 식별·연결·속도 일부를 확인하지 못했습니다, 확인된 일부 합계 다운로드 101.3 KB/s, 업로드 32.1 KB/s, 일부 수집 실패: 대상 identity 또는 물리 정보 일부 미확인, 활성 확인 4개 · 논리·Wi-Fi·가상 · 상태 미확인 8개, 단축키 ⌘3
AX wall=2026-10-09T01:51:59Z tick=51 id=NetworkDetail missing
AX wall=2026-10-09T01:51:59Z tick=51 id=NetworkInterface-en0 missing
AX wall=2026-10-09T01:51:59Z tick=51 id=NetworkInterface-awdl0 missing
AX wall=2026-10-09T01:51:59Z tick=51 id=DiskCard label=Disk 카드, 정상 측정, 현재 Read 0.0 B/s, Write 20.1 KB/s, 보조 정보 확인됨, 저장 공간 전체 994.7 GB, 사용 가능 840.8 GB, 사용 가능은 macOS 회수 가능한 공간 포함, 사용 중은 전체에서 사용 가능을 뺀 값이며 실제 파일 점유량이 아님, APFS 공유 공간이며 볼륨별 독점 사용량이 아님, Disk 최근 10분 그래프, Read 점선, Write 실선, 원본 범위 0–47.7 MB/s, 현재 측정, 수집 공백은 이어 그리지 않음, 단축키 ⌘4
AX wall=2026-10-09T01:52:00Z tick=52 id=NetworkCard label=Network 카드, 일부 수집 실패: 물리 대상의 식별·연결·속도 일부를 확인하지 못했습니다, 확인된 일부 합계 다운로드 0.0 B/s, 업로드 1,020.4 B/s, 일부 수집 실패: 대상 identity 또는 물리 정보 일부 미확인, 활성 확인 4개 · 논리·Wi-Fi·가상 · 상태 미확인 8개, 단축키 ⌘3
AX wall=2026-10-09T01:52:00Z tick=52 id=NetworkDetail missing
AX wall=2026-10-09T01:52:00Z tick=52 id=NetworkInterface-en0 missing
AX wall=2026-10-09T01:52:00Z tick=52 id=NetworkInterface-awdl0 missing
AX wall=2026-10-09T01:52:00Z tick=52 id=DiskCard label=Disk 카드, 정상 측정, 현재 Read 0.0 B/s, Write 0.0 B/s, 보조 정보 확인됨, 저장 공간 전체 994.7 GB, 사용 가능 840.8 GB, 사용 가능은 macOS 회수 가능한 공간 포함, 사용 중은 전체에서 사용 가능을 뺀 값이며 실제 파일 점유량이 아님, APFS 공유 공간이며 볼륨별 독점 사용량이 아님, Disk 최근 10분 그래프, Read 점선, Write 실선, 원본 범위 0–47.7 MB/s, 현재 측정, 수집 공백은 이어 그리지 않음, 단축키 ⌘4
AX wall=2026-10-09T01:52:01Z tick=53 id=NetworkCard label=Network 카드, 일부 수집 실패: 물리 대상의 식별·연결·속도 일부를 확인하지 못했습니다, 확인된 일부 합계 다운로드 5.1 KB/s, 업로드 2.1 KB/s, 일부 수집 실패: 대상 identity 또는 물리 정보 일부 미확인, 활성 확인 4개 · 논리·Wi-Fi·가상 · 상태 미확인 8개, 단축키 ⌘3
AX wall=2026-10-09T01:52:01Z tick=53 id=NetworkDetail missing
AX wall=2026-10-09T01:52:01Z tick=53 id=NetworkInterface-en0 missing
AX wall=2026-10-09T01:52:01Z tick=53 id=NetworkInterface-awdl0 missing
AX wall=2026-10-09T01:52:01Z tick=53 id=DiskCard label=Disk 카드, 정상 측정, 현재 Read 0.0 B/s, Write 0.0 B/s, 보조 정보 확인됨, 저장 공간 전체 994.7 GB, 사용 가능 840.8 GB, 사용 가능은 macOS 회수 가능한 공간 포함, 사용 중은 전체에서 사용 가능을 뺀 값이며 실제 파일 점유량이 아님, APFS 공유 공간이며 볼륨별 독점 사용량이 아님, Disk 최근 10분 그래프, Read 점선, Write 실선, 원본 범위 0–47.7 MB/s, 현재 측정, 수집 공백은 이어 그리지 않음, 단축키 ⌘4
AX wall=2026-10-09T01:52:02Z tick=54 id=NetworkCard label=Network 카드, 일부 수집 실패: 물리 대상의 식별·연결·속도 일부를 확인하지 못했습니다, 확인된 일부 합계 다운로드 3.0 KB/s, 업로드 0.0 B/s, 일부 수집 실패: 대상 identity 또는 물리 정보 일부 미확인, 활성 확인 4개 · 논리·Wi-Fi·가상 · 상태 미확인 8개, 단축키 ⌘3
AX wall=2026-10-09T01:52:02Z tick=54 id=NetworkDetail missing
AX wall=2026-10-09T01:52:02Z tick=54 id=NetworkInterface-en0 missing
AX wall=2026-10-09T01:52:02Z tick=54 id=NetworkInterface-awdl0 missing
AX wall=2026-10-09T01:52:02Z tick=54 id=DiskCard label=Disk 카드, 정상 측정, 현재 Read 0.0 B/s, Write 32.1 KB/s, 보조 정보 확인됨, 저장 공간 전체 994.7 GB, 사용 가능 840.8 GB, 사용 가능은 macOS 회수 가능한 공간 포함, 사용 중은 전체에서 사용 가능을 뺀 값이며 실제 파일 점유량이 아님, APFS 공유 공간이며 볼륨별 독점 사용량이 아님, Disk 최근 10분 그래프, Read 점선, Write 실선, 원본 범위 0–47.7 MB/s, 현재 측정, 수집 공백은 이어 그리지 않음, 단축키 ⌘4
AX wall=2026-10-09T01:52:04Z tick=55 id=NetworkCard label=Network 카드, 일부 수집 실패: 물리 대상의 식별·연결·속도 일부를 확인하지 못했습니다, 확인된 일부 합계 다운로드 993.8 B/s, 업로드 0.0 B/s, 일부 수집 실패: 대상 identity 또는 물리 정보 일부 미확인, 활성 확인 4개 · 논리·Wi-Fi·가상 · 상태 미확인 8개, 단축키 ⌘3
AX wall=2026-10-09T01:52:04Z tick=55 id=NetworkDetail missing
AX wall=2026-10-09T01:52:04Z tick=55 id=NetworkInterface-en0 missing
AX wall=2026-10-09T01:52:04Z tick=55 id=NetworkInterface-awdl0 missing
AX wall=2026-10-09T01:52:04Z tick=55 id=DiskCard label=Disk 카드, 정상 측정, 현재 Read 0.0 B/s, Write 0.0 B/s, 보조 정보 확인됨, 저장 공간 전체 994.7 GB, 사용 가능 840.8 GB, 사용 가능은 macOS 회수 가능한 공간 포함, 사용 중은 전체에서 사용 가능을 뺀 값이며 실제 파일 점유량이 아님, APFS 공유 공간이며 볼륨별 독점 사용량이 아님, Disk 최근 10분 그래프, Read 점선, Write 실선, 원본 범위 0–47.7 MB/s, 현재 측정, 수집 공백은 이어 그리지 않음, 단축키 ⌘4
AX wall=2026-10-09T01:52:05Z tick=56 id=NetworkCard label=Network 카드, 일부 수집 실패: 물리 대상의 식별·연결·속도 일부를 확인하지 못했습니다, 확인된 일부 합계 다운로드 0.0 B/s, 업로드 0.0 B/s, 일부 수집 실패: 대상 identity 또는 물리 정보 일부 미확인, 활성 확인 4개 · 논리·Wi-Fi·가상 · 상태 미확인 8개, 단축키 ⌘3
AX wall=2026-10-09T01:52:05Z tick=56 id=NetworkDetail missing
AX wall=2026-10-09T01:52:05Z tick=56 id=NetworkInterface-en0 missing
AX wall=2026-10-09T01:52:05Z tick=56 id=NetworkInterface-awdl0 missing
AX wall=2026-10-09T01:52:05Z tick=56 id=DiskCard label=Disk 카드, 정상 측정, 현재 Read 100.1 KB/s, Write 556.6 KB/s, 보조 정보 확인됨, 저장 공간 전체 994.7 GB, 사용 가능 840.8 GB, 사용 가능은 macOS 회수 가능한 공간 포함, 사용 중은 전체에서 사용 가능을 뺀 값이며 실제 파일 점유량이 아님, APFS 공유 공간이며 볼륨별 독점 사용량이 아님, Disk 최근 10분 그래프, Read 점선, Write 실선, 원본 범위 0–47.7 MB/s, 현재 측정, 수집 공백은 이어 그리지 않음, 단축키 ⌘4
AX wall=2026-10-09T01:52:06Z tick=57 id=NetworkCard label=Network 카드, 일부 수집 실패: 물리 대상의 식별·연결·속도 일부를 확인하지 못했습니다, 확인된 일부 합계 다운로드 1.0 KB/s, 업로드 1.0 KB/s, 일부 수집 실패: 대상 identity 또는 물리 정보 일부 미확인, 활성 확인 4개 · 논리·Wi-Fi·가상 · 상태 미확인 8개, 단축키 ⌘3
AX wall=2026-10-09T01:52:06Z tick=57 id=NetworkDetail missing
AX wall=2026-10-09T01:52:06Z tick=57 id=NetworkInterface-en0 missing
AX wall=2026-10-09T01:52:06Z tick=57 id=NetworkInterface-awdl0 missing
AX wall=2026-10-09T01:52:06Z tick=57 id=DiskCard label=Disk 카드, 정상 측정, 현재 Read 0.0 B/s, Write 0.0 B/s, 보조 정보 확인됨, 저장 공간 전체 994.7 GB, 사용 가능 840.8 GB, 사용 가능은 macOS 회수 가능한 공간 포함, 사용 중은 전체에서 사용 가능을 뺀 값이며 실제 파일 점유량이 아님, APFS 공유 공간이며 볼륨별 독점 사용량이 아님, Disk 최근 10분 그래프, Read 점선, Write 실선, 원본 범위 0–47.7 MB/s, 현재 측정, 수집 공백은 이어 그리지 않음, 단축키 ⌘4
AX wall=2026-10-09T01:52:07Z tick=58 id=NetworkCard label=Network 카드, 일부 수집 실패: 물리 대상의 식별·연결·속도 일부를 확인하지 못했습니다, 확인된 일부 합계 다운로드 66.9 KB/s, 업로드 23.6 KB/s, 일부 수집 실패: 대상 identity 또는 물리 정보 일부 미확인, 활성 확인 4개 · 논리·Wi-Fi·가상 · 상태 미확인 8개, 단축키 ⌘3
AX wall=2026-10-09T01:52:07Z tick=58 id=NetworkDetail missing
AX wall=2026-10-09T01:52:07Z tick=58 id=NetworkInterface-en0 missing
AX wall=2026-10-09T01:52:07Z tick=58 id=NetworkInterface-awdl0 missing
AX wall=2026-10-09T01:52:07Z tick=58 id=DiskCard label=Disk 카드, 정상 측정, 현재 Read 0.0 B/s, Write 598.3 KB/s, 보조 정보 확인됨, 저장 공간 전체 994.7 GB, 사용 가능 840.8 GB, 사용 가능은 macOS 회수 가능한 공간 포함, 사용 중은 전체에서 사용 가능을 뺀 값이며 실제 파일 점유량이 아님, APFS 공유 공간이며 볼륨별 독점 사용량이 아님, Disk 최근 10분 그래프, Read 점선, Write 실선, 원본 범위 0–47.7 MB/s, 현재 측정, 수집 공백은 이어 그리지 않음, 단축키 ⌘4
AX wall=2026-10-09T01:52:08Z tick=59 id=NetworkCard label=Network 카드, 일부 수집 실패: 물리 대상의 식별·연결·속도 일부를 확인하지 못했습니다, 확인된 일부 합계 다운로드 28.1 KB/s, 업로드 1.0 KB/s, 일부 수집 실패: 대상 identity 또는 물리 정보 일부 미확인, 활성 확인 4개 · 논리·Wi-Fi·가상 · 상태 미확인 8개, 단축키 ⌘3
AX wall=2026-10-09T01:52:08Z tick=59 id=NetworkDetail missing
AX wall=2026-10-09T01:52:08Z tick=59 id=NetworkInterface-en0 missing
AX wall=2026-10-09T01:52:08Z tick=59 id=NetworkInterface-awdl0 missing
AX wall=2026-10-09T01:52:08Z tick=59 id=DiskCard label=Disk 카드, 정상 측정, 현재 Read 0.0 B/s, Write 0.0 B/s, 보조 정보 확인됨, 저장 공간 전체 994.7 GB, 사용 가능 840.8 GB, 사용 가능은 macOS 회수 가능한 공간 포함, 사용 중은 전체에서 사용 가능을 뺀 값이며 실제 파일 점유량이 아님, APFS 공유 공간이며 볼륨별 독점 사용량이 아님, Disk 최근 10분 그래프, Read 점선, Write 실선, 원본 범위 0–47.7 MB/s, 현재 측정, 수집 공백은 이어 그리지 않음, 단축키 ⌘4
AX wall=2026-10-09T01:52:09Z tick=60 id=NetworkCard label=Network 카드, 일부 수집 실패: 물리 대상의 식별·연결·속도 일부를 확인하지 못했습니다, 확인된 일부 합계 다운로드 0.0 B/s, 업로드 0.0 B/s, 일부 수집 실패: 대상 identity 또는 물리 정보 일부 미확인, 활성 확인 4개 · 논리·Wi-Fi·가상 · 상태 미확인 8개, 단축키 ⌘3
AX wall=2026-10-09T01:52:09Z tick=60 id=NetworkDetail missing
AX wall=2026-10-09T01:52:09Z tick=60 id=NetworkInterface-en0 missing
AX wall=2026-10-09T01:52:09Z tick=60 id=NetworkInterface-awdl0 missing
AX wall=2026-10-09T01:52:09Z tick=60 id=DiskCard label=Disk 카드, 정상 측정, 현재 Read 0.0 B/s, Write 0.0 B/s, 보조 정보 확인됨, 저장 공간 전체 994.7 GB, 사용 가능 840.8 GB, 사용 가능은 macOS 회수 가능한 공간 포함, 사용 중은 전체에서 사용 가능을 뺀 값이며 실제 파일 점유량이 아님, APFS 공유 공간이며 볼륨별 독점 사용량이 아님, Disk 최근 10분 그래프, Read 점선, Write 실선, 원본 범위 0–47.7 MB/s, 현재 측정, 수집 공백은 이어 그리지 않음, 단축키 ⌘4
AX wall=2026-10-09T01:52:10Z tick=61 id=NetworkCard label=Network 카드, 일부 수집 실패: 물리 대상의 식별·연결·속도 일부를 확인하지 못했습니다, 확인된 일부 합계 다운로드 0.0 B/s, 업로드 0.0 B/s, 일부 수집 실패: 대상 identity 또는 물리 정보 일부 미확인, 활성 확인 4개 · 논리·Wi-Fi·가상 · 상태 미확인 8개, 단축키 ⌘3
AX wall=2026-10-09T01:52:10Z tick=61 id=NetworkDetail missing
AX wall=2026-10-09T01:52:10Z tick=61 id=NetworkInterface-en0 missing
AX wall=2026-10-09T01:52:10Z tick=61 id=NetworkInterface-awdl0 missing
AX wall=2026-10-09T01:52:10Z tick=61 id=DiskCard label=Disk 카드, 정상 측정, 현재 Read 0.0 B/s, Write 0.0 B/s, 보조 정보 확인됨, 저장 공간 전체 994.7 GB, 사용 가능 840.8 GB, 사용 가능은 macOS 회수 가능한 공간 포함, 사용 중은 전체에서 사용 가능을 뺀 값이며 실제 파일 점유량이 아님, APFS 공유 공간이며 볼륨별 독점 사용량이 아님, Disk 최근 10분 그래프, Read 점선, Write 실선, 원본 범위 0–47.7 MB/s, 현재 측정, 수집 공백은 이어 그리지 않음, 단축키 ⌘4
AX wall=2026-10-09T01:52:11Z tick=62 id=NetworkCard label=Network 카드, 일부 수집 실패: 물리 대상의 식별·연결·속도 일부를 확인하지 못했습니다, 확인된 일부 합계 다운로드 9.0 KB/s, 업로드 1.0 KB/s, 일부 수집 실패: 대상 identity 또는 물리 정보 일부 미확인, 활성 확인 4개 · 논리·Wi-Fi·가상 · 상태 미확인 8개, 단축키 ⌘3
AX wall=2026-10-09T01:52:11Z tick=62 id=NetworkDetail missing
AX wall=2026-10-09T01:52:11Z tick=62 id=NetworkInterface-en0 missing
AX wall=2026-10-09T01:52:11Z tick=62 id=NetworkInterface-awdl0 missing
AX wall=2026-10-09T01:52:11Z tick=62 id=DiskCard label=Disk 카드, 정상 측정, 현재 Read 0.0 B/s, Write 0.0 B/s, 보조 정보 확인됨, 저장 공간 전체 994.7 GB, 사용 가능 840.8 GB, 사용 가능은 macOS 회수 가능한 공간 포함, 사용 중은 전체에서 사용 가능을 뺀 값이며 실제 파일 점유량이 아님, APFS 공유 공간이며 볼륨별 독점 사용량이 아님, Disk 최근 10분 그래프, Read 점선, Write 실선, 원본 범위 0–47.7 MB/s, 현재 측정, 수집 공백은 이어 그리지 않음, 단축키 ⌘4
AX wall=2026-10-09T01:52:12Z tick=63 id=NetworkCard label=Network 카드, 일부 수집 실패: 물리 대상의 식별·연결·속도 일부를 확인하지 못했습니다, 확인된 일부 합계 다운로드 36.0 KB/s, 업로드 15.0 KB/s, 일부 수집 실패: 대상 identity 또는 물리 정보 일부 미확인, 활성 확인 4개 · 논리·Wi-Fi·가상 · 상태 미확인 8개, 단축키 ⌘3
AX wall=2026-10-09T01:52:12Z tick=63 id=NetworkDetail missing
AX wall=2026-10-09T01:52:12Z tick=63 id=NetworkInterface-en0 missing
AX wall=2026-10-09T01:52:12Z tick=63 id=NetworkInterface-awdl0 missing
AX wall=2026-10-09T01:52:12Z tick=63 id=DiskCard label=Disk 카드, 정상 측정, 현재 Read 0.0 B/s, Write 48.0 KB/s, 보조 정보 확인됨, 저장 공간 전체 994.7 GB, 사용 가능 840.8 GB, 사용 가능은 macOS 회수 가능한 공간 포함, 사용 중은 전체에서 사용 가능을 뺀 값이며 실제 파일 점유량이 아님, APFS 공유 공간이며 볼륨별 독점 사용량이 아님, Disk 최근 10분 그래프, Read 점선, Write 실선, 원본 범위 0–47.7 MB/s, 현재 측정, 수집 공백은 이어 그리지 않음, 단축키 ⌘4
AX wall=2026-10-09T01:52:13Z tick=64 id=NetworkCard label=Network 카드, 일부 수집 실패: 물리 대상의 식별·연결·속도 일부를 확인하지 못했습니다, 확인된 일부 합계 다운로드 31.0 KB/s, 업로드 15.0 KB/s, 일부 수집 실패: 대상 identity 또는 물리 정보 일부 미확인, 활성 확인 4개 · 논리·Wi-Fi·가상 · 상태 미확인 8개, 단축키 ⌘3
AX wall=2026-10-09T01:52:13Z tick=64 id=NetworkDetail missing
AX wall=2026-10-09T01:52:13Z tick=64 id=NetworkInterface-en0 missing
AX wall=2026-10-09T01:52:13Z tick=64 id=NetworkInterface-awdl0 missing
AX wall=2026-10-09T01:52:13Z tick=64 id=DiskCard label=Disk 카드, 정상 측정, 현재 Read 0.0 B/s, Write 0.0 B/s, 보조 정보 확인됨, 저장 공간 전체 994.7 GB, 사용 가능 840.8 GB, 사용 가능은 macOS 회수 가능한 공간 포함, 사용 중은 전체에서 사용 가능을 뺀 값이며 실제 파일 점유량이 아님, APFS 공유 공간이며 볼륨별 독점 사용량이 아님, Disk 최근 10분 그래프, Read 점선, Write 실선, 원본 범위 0–47.7 MB/s, 현재 측정, 수집 공백은 이어 그리지 않음, 단축키 ⌘4
