AX wall=2026-10-09T01:49:40Z tick=0 press-card rc=0
AX wall=2026-10-09T01:49:40Z tick=0 id=NetworkCard label=Network 카드, 일부 수집 실패: 물리 대상의 식별·연결·속도 일부를 확인하지 못했습니다, 확인된 일부 합계 다운로드 32.7 KB/s, 업로드 5.1 KB/s, 일부 수집 실패: 대상 identity 또는 물리 정보 일부 미확인, 활성 확인 4개 · 논리·Wi-Fi·가상 · 상태 미확인 8개, 단축키 ⌘3
AX wall=2026-10-09T01:49:40Z tick=0 id=NetworkDetail missing
AX wall=2026-10-09T01:49:40Z tick=0 id=NetworkInterface-en0 missing
AX wall=2026-10-09T01:49:40Z tick=0 id=NetworkInterface-awdl0 missing
AX wall=2026-10-09T01:49:40Z tick=0 id=DiskCard label=Disk 카드, 정상 측정, 현재 Read 0.0 B/s, Write 143.2 KB/s, 보조 정보 확인됨, 저장 공간 전체 994.7 GB, 사용 가능 840.8 GB, 사용 가능은 macOS 회수 가능한 공간 포함, 사용 중은 전체에서 사용 가능을 뺀 값이며 실제 파일 점유량이 아님, APFS 공유 공간이며 볼륨별 독점 사용량이 아님, Disk 최근 10분 그래프, Read 점선, Write 실선, 원본 범위 0–47.7 MB/s, 현재 측정, 수집 공백은 이어 그리지 않음, 단축키 ⌘4
AX wall=2026-10-09T01:49:41Z tick=1 id=NetworkCard label=Network 카드, 일부 수집 실패: 물리 대상의 식별·연결·속도 일부를 확인하지 못했습니다, 확인된 일부 합계 다운로드 28.6 KB/s, 업로드 14.3 KB/s, 일부 수집 실패: 대상 identity 또는 물리 정보 일부 미확인, 활성 확인 4개 · 논리·Wi-Fi·가상 · 상태 미확인 8개, 단축키 ⌘3
AX wall=2026-10-09T01:49:41Z tick=1 id=NetworkDetail missing
AX wall=2026-10-09T01:49:41Z tick=1 id=NetworkInterface-en0 missing
AX wall=2026-10-09T01:49:41Z tick=1 id=NetworkInterface-awdl0 missing
AX wall=2026-10-09T01:49:41Z tick=1 id=DiskCard label=Disk 카드, 정상 측정, 현재 Read 0.0 B/s, Write 15.2 KB/s, 보조 정보 확인됨, 저장 공간 전체 994.7 GB, 사용 가능 840.8 GB, 사용 가능은 macOS 회수 가능한 공간 포함, 사용 중은 전체에서 사용 가능을 뺀 값이며 실제 파일 점유량이 아님, APFS 공유 공간이며 볼륨별 독점 사용량이 아님, Disk 최근 10분 그래프, Read 점선, Write 실선, 원본 범위 0–47.7 MB/s, 현재 측정, 수집 공백은 이어 그리지 않음, 단축키 ⌘4
AX wall=2026-10-09T01:49:42Z tick=2 id=NetworkCard label=Network 카드, 일부 수집 실패: 물리 대상의 식별·연결·속도 일부를 확인하지 못했습니다, 확인된 일부 합계 다운로드 5.2 KB/s, 업로드 4.1 KB/s, 일부 수집 실패: 대상 identity 또는 물리 정보 일부 미확인, 활성 확인 4개 · 논리·Wi-Fi·가상 · 상태 미확인 8개, 단축키 ⌘3
AX wall=2026-10-09T01:49:42Z tick=2 id=NetworkDetail missing
AX wall=2026-10-09T01:49:42Z tick=2 id=NetworkInterface-en0 missing
AX wall=2026-10-09T01:49:42Z tick=2 id=NetworkInterface-awdl0 missing
AX wall=2026-10-09T01:49:42Z tick=2 id=DiskCard label=Disk 카드, 정상 측정, 현재 Read 0.0 B/s, Write 0.0 B/s, 보조 정보 확인됨, 저장 공간 전체 994.7 GB, 사용 가능 840.8 GB, 사용 가능은 macOS 회수 가능한 공간 포함, 사용 중은 전체에서 사용 가능을 뺀 값이며 실제 파일 점유량이 아님, APFS 공유 공간이며 볼륨별 독점 사용량이 아님, Disk 최근 10분 그래프, Read 점선, Write 실선, 원본 범위 0–47.7 MB/s, 현재 측정, 수집 공백은 이어 그리지 않음, 단축키 ⌘4
AX wall=2026-10-09T01:49:43Z tick=3 id=NetworkCard label=Network 카드, 일부 수집 실패: 물리 대상의 식별·연결·속도 일부를 확인하지 못했습니다, 확인된 일부 합계 다운로드 1.3 MB/s, 업로드 11.4 KB/s, 일부 수집 실패: 대상 identity 또는 물리 정보 일부 미확인, 활성 확인 4개 · 논리·Wi-Fi·가상 · 상태 미확인 8개, 단축키 ⌘3
AX wall=2026-10-09T01:49:43Z tick=3 id=NetworkDetail missing
AX wall=2026-10-09T01:49:43Z tick=3 id=NetworkInterface-en0 missing
AX wall=2026-10-09T01:49:43Z tick=3 id=NetworkInterface-awdl0 missing
AX wall=2026-10-09T01:49:43Z tick=3 id=DiskCard label=Disk 카드, 정상 측정, 현재 Read 0.0 B/s, Write 859.1 KB/s, 보조 정보 확인됨, 저장 공간 전체 994.7 GB, 사용 가능 840.8 GB, 사용 가능은 macOS 회수 가능한 공간 포함, 사용 중은 전체에서 사용 가능을 뺀 값이며 실제 파일 점유량이 아님, APFS 공유 공간이며 볼륨별 독점 사용량이 아님, Disk 최근 10분 그래프, Read 점선, Write 실선, 원본 범위 0–47.7 MB/s, 현재 측정, 수집 공백은 이어 그리지 않음, 단축키 ⌘4
AX wall=2026-10-09T01:49:44Z tick=4 id=NetworkCard label=Network 카드, 일부 수집 실패: 물리 대상의 식별·연결·속도 일부를 확인하지 못했습니다, 확인된 일부 합계 다운로드 6.9 KB/s, 업로드 2.0 KB/s, 일부 수집 실패: 대상 identity 또는 물리 정보 일부 미확인, 활성 확인 4개 · 논리·Wi-Fi·가상 · 상태 미확인 8개, 단축키 ⌘3
AX wall=2026-10-09T01:49:44Z tick=4 id=NetworkDetail missing
AX wall=2026-10-09T01:49:44Z tick=4 id=NetworkInterface-en0 missing
AX wall=2026-10-09T01:49:44Z tick=4 id=NetworkInterface-awdl0 missing
AX wall=2026-10-09T01:49:44Z tick=4 id=DiskCard label=Disk 카드, 정상 측정, 현재 Read 0.0 B/s, Write 4.0 KB/s, 보조 정보 확인됨, 저장 공간 전체 994.7 GB, 사용 가능 840.8 GB, 사용 가능은 macOS 회수 가능한 공간 포함, 사용 중은 전체에서 사용 가능을 뺀 값이며 실제 파일 점유량이 아님, APFS 공유 공간이며 볼륨별 독점 사용량이 아님, Disk 최근 10분 그래프, Read 점선, Write 실선, 원본 범위 0–47.7 MB/s, 현재 측정, 수집 공백은 이어 그리지 않음, 단축키 ⌘4
AX wall=2026-10-09T01:49:45Z tick=5 id=NetworkCard label=Network 카드, 일부 수집 실패: 물리 대상의 식별·연결·속도 일부를 확인하지 못했습니다, 확인된 일부 합계 다운로드 60.6 KB/s, 업로드 15.6 KB/s, 일부 수집 실패: 대상 identity 또는 물리 정보 일부 미확인, 활성 확인 4개 · 논리·Wi-Fi·가상 · 상태 미확인 8개, 단축키 ⌘3
AX wall=2026-10-09T01:49:45Z tick=5 id=NetworkDetail missing
AX wall=2026-10-09T01:49:45Z tick=5 id=NetworkInterface-en0 missing
AX wall=2026-10-09T01:49:45Z tick=5 id=NetworkInterface-awdl0 missing
AX wall=2026-10-09T01:49:45Z tick=5 id=DiskCard label=Disk 카드, 정상 측정, 현재 Read 11.7 KB/s, Write 198.9 KB/s, 보조 정보 확인됨, 저장 공간 전체 994.7 GB, 사용 가능 840.8 GB, 사용 가능은 macOS 회수 가능한 공간 포함, 사용 중은 전체에서 사용 가능을 뺀 값이며 실제 파일 점유량이 아님, APFS 공유 공간이며 볼륨별 독점 사용량이 아님, Disk 최근 10분 그래프, Read 점선, Write 실선, 원본 범위 0–47.7 MB/s, 현재 측정, 수집 공백은 이어 그리지 않음, 단축키 ⌘4
AX wall=2026-10-09T01:49:47Z tick=6 id=NetworkCard label=Network 카드, 일부 수집 실패: 물리 대상의 식별·연결·속도 일부를 확인하지 못했습니다, 확인된 일부 합계 다운로드 32.8 KB/s, 업로드 5.0 KB/s, 일부 수집 실패: 대상 identity 또는 물리 정보 일부 미확인, 활성 확인 4개 · 논리·Wi-Fi·가상 · 상태 미확인 8개, 단축키 ⌘3
AX wall=2026-10-09T01:49:47Z tick=6 id=NetworkDetail missing
AX wall=2026-10-09T01:49:47Z tick=6 id=NetworkInterface-en0 missing
AX wall=2026-10-09T01:49:47Z tick=6 id=NetworkInterface-awdl0 missing
AX wall=2026-10-09T01:49:47Z tick=6 id=DiskCard label=Disk 카드, 정상 측정, 현재 Read 0.0 B/s, Write 63.7 KB/s, 보조 정보 확인됨, 저장 공간 전체 994.7 GB, 사용 가능 840.8 GB, 사용 가능은 macOS 회수 가능한 공간 포함, 사용 중은 전체에서 사용 가능을 뺀 값이며 실제 파일 점유량이 아님, APFS 공유 공간이며 볼륨별 독점 사용량이 아님, Disk 최근 10분 그래프, Read 점선, Write 실선, 원본 범위 0–47.7 MB/s, 현재 측정, 수집 공백은 이어 그리지 않음, 단축키 ⌘4
AX wall=2026-10-09T01:49:48Z tick=7 id=NetworkCard label=Network 카드, 일부 수집 실패: 물리 대상의 식별·연결·속도 일부를 확인하지 못했습니다, 확인된 일부 합계 다운로드 5.2 KB/s, 업로드 18.6 KB/s, 일부 수집 실패: 대상 identity 또는 물리 정보 일부 미확인, 활성 확인 4개 · 논리·Wi-Fi·가상 · 상태 미확인 8개, 단축키 ⌘3
AX wall=2026-10-09T01:49:48Z tick=7 id=NetworkDetail missing
AX wall=2026-10-09T01:49:48Z tick=7 id=NetworkInterface-en0 missing
AX wall=2026-10-09T01:49:48Z tick=7 id=NetworkInterface-awdl0 missing
AX wall=2026-10-09T01:49:48Z tick=7 id=DiskCard label=Disk 카드, 정상 측정, 현재 Read 0.0 B/s, Write 0.0 B/s, 보조 정보 확인됨, 저장 공간 전체 994.7 GB, 사용 가능 840.8 GB, 사용 가능은 macOS 회수 가능한 공간 포함, 사용 중은 전체에서 사용 가능을 뺀 값이며 실제 파일 점유량이 아님, APFS 공유 공간이며 볼륨별 독점 사용량이 아님, Disk 최근 10분 그래프, Read 점선, Write 실선, 원본 범위 0–47.7 MB/s, 현재 측정, 수집 공백은 이어 그리지 않음, 단축키 ⌘4
AX wall=2026-10-09T01:49:49Z tick=8 id=NetworkCard label=Network 카드, 일부 수집 실패: 물리 대상의 식별·연결·속도 일부를 확인하지 못했습니다, 확인된 일부 합계 다운로드 0.0 B/s, 업로드 0.0 B/s, 일부 수집 실패: 대상 identity 또는 물리 정보 일부 미확인, 활성 확인 4개 · 논리·Wi-Fi·가상 · 상태 미확인 8개, 단축키 ⌘3
AX wall=2026-10-09T01:49:49Z tick=8 id=NetworkDetail missing
AX wall=2026-10-09T01:49:49Z tick=8 id=NetworkInterface-en0 missing
AX wall=2026-10-09T01:49:49Z tick=8 id=NetworkInterface-awdl0 missing
AX wall=2026-10-09T01:49:49Z tick=8 id=DiskCard label=Disk 카드, 정상 측정, 현재 Read 0.0 B/s, Write 0.0 B/s, 보조 정보 확인됨, 저장 공간 전체 994.7 GB, 사용 가능 840.8 GB, 사용 가능은 macOS 회수 가능한 공간 포함, 사용 중은 전체에서 사용 가능을 뺀 값이며 실제 파일 점유량이 아님, APFS 공유 공간이며 볼륨별 독점 사용량이 아님, Disk 최근 10분 그래프, Read 점선, Write 실선, 원본 범위 0–47.7 MB/s, 현재 측정, 수집 공백은 이어 그리지 않음, 단축키 ⌘4
AX wall=2026-10-09T01:49:50Z tick=9 id=NetworkCard label=Network 카드, 일부 수집 실패: 물리 대상의 식별·연결·속도 일부를 확인하지 못했습니다, 확인된 일부 합계 다운로드 6.0 KB/s, 업로드 4.0 KB/s, 일부 수집 실패: 대상 identity 또는 물리 정보 일부 미확인, 활성 확인 4개 · 논리·Wi-Fi·가상 · 상태 미확인 8개, 단축키 ⌘3
AX wall=2026-10-09T01:49:50Z tick=9 id=NetworkDetail missing
AX wall=2026-10-09T01:49:50Z tick=9 id=NetworkInterface-en0 missing
AX wall=2026-10-09T01:49:50Z tick=9 id=NetworkInterface-awdl0 missing
AX wall=2026-10-09T01:49:50Z tick=9 id=DiskCard label=Disk 카드, 정상 측정, 현재 Read 0.0 B/s, Write 48.5 KB/s, 보조 정보 확인됨, 저장 공간 전체 994.7 GB, 사용 가능 840.8 GB, 사용 가능은 macOS 회수 가능한 공간 포함, 사용 중은 전체에서 사용 가능을 뺀 값이며 실제 파일 점유량이 아님, APFS 공유 공간이며 볼륨별 독점 사용량이 아님, Disk 최근 10분 그래프, Read 점선, Write 실선, 원본 범위 0–47.7 MB/s, 현재 측정, 수집 공백은 이어 그리지 않음, 단축키 ⌘4
AX wall=2026-10-09T01:49:51Z tick=10 id=NetworkCard label=Network 카드, 일부 수집 실패: 물리 대상의 식별·연결·속도 일부를 확인하지 못했습니다, 확인된 일부 합계 다운로드 37.4 KB/s, 업로드 11.8 KB/s, 일부 수집 실패: 대상 identity 또는 물리 정보 일부 미확인, 활성 확인 4개 · 논리·Wi-Fi·가상 · 상태 미확인 8개, 단축키 ⌘3
AX wall=2026-10-09T01:49:51Z tick=10 id=NetworkDetail missing
AX wall=2026-10-09T01:49:51Z tick=10 id=NetworkInterface-en0 missing
AX wall=2026-10-09T01:49:51Z tick=10 id=NetworkInterface-awdl0 missing
AX wall=2026-10-09T01:49:51Z tick=10 id=DiskCard label=Disk 카드, 정상 측정, 현재 Read 0.0 B/s, Write 5.4 MB/s, 보조 정보 확인됨, 저장 공간 전체 994.7 GB, 사용 가능 840.8 GB, 사용 가능은 macOS 회수 가능한 공간 포함, 사용 중은 전체에서 사용 가능을 뺀 값이며 실제 파일 점유량이 아님, APFS 공유 공간이며 볼륨별 독점 사용량이 아님, Disk 최근 10분 그래프, Read 점선, Write 실선, 원본 범위 0–47.7 MB/s, 현재 측정, 수집 공백은 이어 그리지 않음, 단축키 ⌘4
AX wall=2026-10-09T01:49:52Z tick=11 id=NetworkCard label=Network 카드, 일부 수집 실패: 물리 대상의 식별·연결·속도 일부를 확인하지 못했습니다, 확인된 일부 합계 다운로드 28.9 KB/s, 업로드 1,020.4 B/s, 일부 수집 실패: 대상 identity 또는 물리 정보 일부 미확인, 활성 확인 4개 · 논리·Wi-Fi·가상 · 상태 미확인 8개, 단축키 ⌘3
AX wall=2026-10-09T01:49:52Z tick=11 id=NetworkDetail missing
AX wall=2026-10-09T01:49:52Z tick=11 id=NetworkInterface-en0 missing
AX wall=2026-10-09T01:49:52Z tick=11 id=NetworkInterface-awdl0 missing
AX wall=2026-10-09T01:49:52Z tick=11 id=DiskCard label=Disk 카드, 정상 측정, 현재 Read 0.0 B/s, Write 0.0 B/s, 보조 정보 확인됨, 저장 공간 전체 994.7 GB, 사용 가능 840.8 GB, 사용 가능은 macOS 회수 가능한 공간 포함, 사용 중은 전체에서 사용 가능을 뺀 값이며 실제 파일 점유량이 아님, APFS 공유 공간이며 볼륨별 독점 사용량이 아님, Disk 최근 10분 그래프, Read 점선, Write 실선, 원본 범위 0–47.7 MB/s, 현재 측정, 수집 공백은 이어 그리지 않음, 단축키 ⌘4
AX wall=2026-10-09T01:49:53Z tick=12 id=NetworkCard label=Network 카드, 일부 수집 실패: 물리 대상의 식별·연결·속도 일부를 확인하지 못했습니다, 확인된 일부 합계 다운로드 0.0 B/s, 업로드 0.0 B/s, 일부 수집 실패: 대상 identity 또는 물리 정보 일부 미확인, 활성 확인 4개 · 논리·Wi-Fi·가상 · 상태 미확인 8개, 단축키 ⌘3
AX wall=2026-10-09T01:49:53Z tick=12 id=NetworkDetail missing
AX wall=2026-10-09T01:49:53Z tick=12 id=NetworkInterface-en0 missing
AX wall=2026-10-09T01:49:53Z tick=12 id=NetworkInterface-awdl0 missing
AX wall=2026-10-09T01:49:53Z tick=12 id=DiskCard label=Disk 카드, 정상 측정, 현재 Read 0.0 B/s, Write 84.9 KB/s, 보조 정보 확인됨, 저장 공간 전체 994.7 GB, 사용 가능 840.8 GB, 사용 가능은 macOS 회수 가능한 공간 포함, 사용 중은 전체에서 사용 가능을 뺀 값이며 실제 파일 점유량이 아님, APFS 공유 공간이며 볼륨별 독점 사용량이 아님, Disk 최근 10분 그래프, Read 점선, Write 실선, 원본 범위 0–47.7 MB/s, 현재 측정, 수집 공백은 이어 그리지 않음, 단축키 ⌘4
AX wall=2026-10-09T01:49:54Z tick=13 id=NetworkCard label=Network 카드, 일부 수집 실패: 물리 대상의 식별·연결·속도 일부를 확인하지 못했습니다, 확인된 일부 합계 다운로드 1.0 KB/s, 업로드 1.0 KB/s, 일부 수집 실패: 대상 identity 또는 물리 정보 일부 미확인, 활성 확인 4개 · 논리·Wi-Fi·가상 · 상태 미확인 8개, 단축키 ⌘3
AX wall=2026-10-09T01:49:54Z tick=13 id=NetworkDetail missing
AX wall=2026-10-09T01:49:54Z tick=13 id=NetworkInterface-en0 missing
AX wall=2026-10-09T01:49:54Z tick=13 id=NetworkInterface-awdl0 missing
AX wall=2026-10-09T01:49:54Z tick=13 id=DiskCard label=Disk 카드, 정상 측정, 현재 Read 0.0 B/s, Write 4.1 KB/s, 보조 정보 확인됨, 저장 공간 전체 994.7 GB, 사용 가능 840.8 GB, 사용 가능은 macOS 회수 가능한 공간 포함, 사용 중은 전체에서 사용 가능을 뺀 값이며 실제 파일 점유량이 아님, APFS 공유 공간이며 볼륨별 독점 사용량이 아님, Disk 최근 10분 그래프, Read 점선, Write 실선, 원본 범위 0–47.7 MB/s, 현재 측정, 수집 공백은 이어 그리지 않음, 단축키 ⌘4
AX wall=2026-10-09T01:49:55Z tick=14 id=NetworkCard label=Network 카드, 일부 수집 실패: 물리 대상의 식별·연결·속도 일부를 확인하지 못했습니다, 확인된 일부 합계 다운로드 0.0 B/s, 업로드 0.0 B/s, 일부 수집 실패: 대상 identity 또는 물리 정보 일부 미확인, 활성 확인 4개 · 논리·Wi-Fi·가상 · 상태 미확인 8개, 단축키 ⌘3
AX wall=2026-10-09T01:49:55Z tick=14 id=NetworkDetail missing
AX wall=2026-10-09T01:49:55Z tick=14 id=NetworkInterface-en0 missing
AX wall=2026-10-09T01:49:55Z tick=14 id=NetworkInterface-awdl0 missing
AX wall=2026-10-09T01:49:55Z tick=14 id=DiskCard label=Disk 카드, 정상 측정, 현재 Read 0.0 B/s, Write 174.4 KB/s, 보조 정보 확인됨, 저장 공간 전체 994.7 GB, 사용 가능 840.8 GB, 사용 가능은 macOS 회수 가능한 공간 포함, 사용 중은 전체에서 사용 가능을 뺀 값이며 실제 파일 점유량이 아님, APFS 공유 공간이며 볼륨별 독점 사용량이 아님, Disk 최근 10분 그래프, Read 점선, Write 실선, 원본 범위 0–47.7 MB/s, 현재 측정, 수집 공백은 이어 그리지 않음, 단축키 ⌘4
AX wall=2026-10-09T01:49:56Z tick=15 id=NetworkCard label=Network 카드, 일부 수집 실패: 물리 대상의 식별·연결·속도 일부를 확인하지 못했습니다, 확인된 일부 합계 다운로드 0.0 B/s, 업로드 0.0 B/s, 일부 수집 실패: 대상 identity 또는 물리 정보 일부 미확인, 활성 확인 4개 · 논리·Wi-Fi·가상 · 상태 미확인 8개, 단축키 ⌘3
AX wall=2026-10-09T01:49:56Z tick=15 id=NetworkDetail missing
AX wall=2026-10-09T01:49:56Z tick=15 id=NetworkInterface-en0 missing
AX wall=2026-10-09T01:49:56Z tick=15 id=NetworkInterface-awdl0 missing
AX wall=2026-10-09T01:49:56Z tick=15 id=DiskCard label=Disk 카드, 정상 측정, 현재 Read 0.0 B/s, Write 31.4 KB/s, 보조 정보 확인됨, 저장 공간 전체 994.7 GB, 사용 가능 840.8 GB, 사용 가능은 macOS 회수 가능한 공간 포함, 사용 중은 전체에서 사용 가능을 뺀 값이며 실제 파일 점유량이 아님, APFS 공유 공간이며 볼륨별 독점 사용량이 아님, Disk 최근 10분 그래프, Read 점선, Write 실선, 원본 범위 0–47.7 MB/s, 현재 측정, 수집 공백은 이어 그리지 않음, 단축키 ⌘4
AX wall=2026-10-09T01:49:58Z tick=16 id=NetworkCard label=Network 카드, 일부 수집 실패: 물리 대상의 식별·연결·속도 일부를 확인하지 못했습니다, 확인된 일부 합계 다운로드 6.1 KB/s, 업로드 1.0 KB/s, 일부 수집 실패: 대상 identity 또는 물리 정보 일부 미확인, 활성 확인 4개 · 논리·Wi-Fi·가상 · 상태 미확인 8개, 단축키 ⌘3
AX wall=2026-10-09T01:49:58Z tick=16 id=NetworkDetail missing
AX wall=2026-10-09T01:49:58Z tick=16 id=NetworkInterface-en0 missing
AX wall=2026-10-09T01:49:58Z tick=16 id=NetworkInterface-awdl0 missing
AX wall=2026-10-09T01:49:58Z tick=16 id=DiskCard label=Disk 카드, 정상 측정, 현재 Read 0.0 B/s, Write 0.0 B/s, 보조 정보 확인됨, 저장 공간 전체 994.7 GB, 사용 가능 840.8 GB, 사용 가능은 macOS 회수 가능한 공간 포함, 사용 중은 전체에서 사용 가능을 뺀 값이며 실제 파일 점유량이 아님, APFS 공유 공간이며 볼륨별 독점 사용량이 아님, Disk 최근 10분 그래프, Read 점선, Write 실선, 원본 범위 0–47.7 MB/s, 현재 측정, 수집 공백은 이어 그리지 않음, 단축키 ⌘4
AX wall=2026-10-09T01:49:59Z tick=17 id=NetworkCard label=Network 카드, 일부 수집 실패: 물리 대상의 식별·연결·속도 일부를 확인하지 못했습니다, 확인된 일부 합계 다운로드 32.0 KB/s, 업로드 14.0 KB/s, 일부 수집 실패: 대상 identity 또는 물리 정보 일부 미확인, 활성 확인 4개 · 논리·Wi-Fi·가상 · 상태 미확인 8개, 단축키 ⌘3
AX wall=2026-10-09T01:49:59Z tick=17 id=NetworkDetail missing
AX wall=2026-10-09T01:49:59Z tick=17 id=NetworkInterface-en0 missing
AX wall=2026-10-09T01:49:59Z tick=17 id=NetworkInterface-awdl0 missing
AX wall=2026-10-09T01:49:59Z tick=17 id=DiskCard label=Disk 카드, 정상 측정, 현재 Read 32.0 KB/s, Write 12.0 KB/s, 보조 정보 확인됨, 저장 공간 전체 994.7 GB, 사용 가능 840.8 GB, 사용 가능은 macOS 회수 가능한 공간 포함, 사용 중은 전체에서 사용 가능을 뺀 값이며 실제 파일 점유량이 아님, APFS 공유 공간이며 볼륨별 독점 사용량이 아님, Disk 최근 10분 그래프, Read 점선, Write 실선, 원본 범위 0–47.7 MB/s, 현재 측정, 수집 공백은 이어 그리지 않음, 단축키 ⌘4
AX wall=2026-10-09T01:50:00Z tick=18 id=NetworkCard label=Network 카드, 일부 수집 실패: 물리 대상의 식별·연결·속도 일부를 확인하지 못했습니다, 확인된 일부 합계 다운로드 33.9 KB/s, 업로드 6.0 KB/s, 일부 수집 실패: 대상 identity 또는 물리 정보 일부 미확인, 활성 확인 4개 · 논리·Wi-Fi·가상 · 상태 미확인 8개, 단축키 ⌘3
AX wall=2026-10-09T01:50:00Z tick=18 id=NetworkDetail missing
AX wall=2026-10-09T01:50:00Z tick=18 id=NetworkInterface-en0 missing
AX wall=2026-10-09T01:50:00Z tick=18 id=NetworkInterface-awdl0 missing
AX wall=2026-10-09T01:50:00Z tick=18 id=DiskCard label=Disk 카드, 정상 측정, 현재 Read 0.0 B/s, Write 19.9 KB/s, 보조 정보 확인됨, 저장 공간 전체 994.7 GB, 사용 가능 840.8 GB, 사용 가능은 macOS 회수 가능한 공간 포함, 사용 중은 전체에서 사용 가능을 뺀 값이며 실제 파일 점유량이 아님, APFS 공유 공간이며 볼륨별 독점 사용량이 아님, Disk 최근 10분 그래프, Read 점선, Write 실선, 원본 범위 0–47.7 MB/s, 현재 측정, 수집 공백은 이어 그리지 않음, 단축키 ⌘4
AX wall=2026-10-09T01:50:01Z tick=19 id=NetworkCard label=Network 카드, 일부 수집 실패: 물리 대상의 식별·연결·속도 일부를 확인하지 못했습니다, 확인된 일부 합계 다운로드 6.2 KB/s, 업로드 5.2 KB/s, 일부 수집 실패: 대상 identity 또는 물리 정보 일부 미확인, 활성 확인 4개 · 논리·Wi-Fi·가상 · 상태 미확인 8개, 단축키 ⌘3
AX wall=2026-10-09T01:50:01Z tick=19 id=NetworkDetail missing
AX wall=2026-10-09T01:50:01Z tick=19 id=NetworkInterface-en0 missing
AX wall=2026-10-09T01:50:01Z tick=19 id=NetworkInterface-awdl0 missing
AX wall=2026-10-09T01:50:01Z tick=19 id=DiskCard label=Disk 카드, 정상 측정, 현재 Read 0.0 B/s, Write 20.6 KB/s, 보조 정보 확인됨, 저장 공간 전체 994.7 GB, 사용 가능 840.8 GB, 사용 가능은 macOS 회수 가능한 공간 포함, 사용 중은 전체에서 사용 가능을 뺀 값이며 실제 파일 점유량이 아님, APFS 공유 공간이며 볼륨별 독점 사용량이 아님, Disk 최근 10분 그래프, Read 점선, Write 실선, 원본 범위 0–47.7 MB/s, 현재 측정, 수집 공백은 이어 그리지 않음, 단축키 ⌘4
AX wall=2026-10-09T01:50:02Z tick=20 id=NetworkCard label=Network 카드, 일부 수집 실패: 물리 대상의 식별·연결·속도 일부를 확인하지 못했습니다, 확인된 일부 합계 다운로드 56.5 KB/s, 업로드 14.6 KB/s, 일부 수집 실패: 대상 identity 또는 물리 정보 일부 미확인, 활성 확인 4개 · 논리·Wi-Fi·가상 · 상태 미확인 8개, 단축키 ⌘3
AX wall=2026-10-09T01:50:02Z tick=20 id=NetworkDetail missing
AX wall=2026-10-09T01:50:02Z tick=20 id=NetworkInterface-en0 missing
AX wall=2026-10-09T01:50:02Z tick=20 id=NetworkInterface-awdl0 missing
AX wall=2026-10-09T01:50:02Z tick=20 id=DiskCard label=Disk 카드, 정상 측정, 현재 Read 0.0 B/s, Write 20.1 KB/s, 보조 정보 확인됨, 저장 공간 전체 994.7 GB, 사용 가능 840.8 GB, 사용 가능은 macOS 회수 가능한 공간 포함, 사용 중은 전체에서 사용 가능을 뺀 값이며 실제 파일 점유량이 아님, APFS 공유 공간이며 볼륨별 독점 사용량이 아님, Disk 최근 10분 그래프, Read 점선, Write 실선, 원본 범위 0–47.7 MB/s, 현재 측정, 수집 공백은 이어 그리지 않음, 단축키 ⌘4
AX wall=2026-10-09T01:50:03Z tick=21 id=NetworkCard label=Network 카드, 일부 수집 실패: 물리 대상의 식별·연결·속도 일부를 확인하지 못했습니다, 확인된 일부 합계 다운로드 2.1 KB/s, 업로드 0.0 B/s, 일부 수집 실패: 대상 identity 또는 물리 정보 일부 미확인, 활성 확인 4개 · 논리·Wi-Fi·가상 · 상태 미확인 8개, 단축키 ⌘3
AX wall=2026-10-09T01:50:03Z tick=21 id=NetworkDetail missing
AX wall=2026-10-09T01:50:03Z tick=21 id=NetworkInterface-en0 missing
AX wall=2026-10-09T01:50:03Z tick=21 id=NetworkInterface-awdl0 missing
AX wall=2026-10-09T01:50:03Z tick=21 id=DiskCard label=Disk 카드, 정상 측정, 현재 Read 0.0 B/s, Write 4.1 KB/s, 보조 정보 확인됨, 저장 공간 전체 994.7 GB, 사용 가능 840.8 GB, 사용 가능은 macOS 회수 가능한 공간 포함, 사용 중은 전체에서 사용 가능을 뺀 값이며 실제 파일 점유량이 아님, APFS 공유 공간이며 볼륨별 독점 사용량이 아님, Disk 최근 10분 그래프, Read 점선, Write 실선, 원본 범위 0–47.7 MB/s, 현재 측정, 수집 공백은 이어 그리지 않음, 단축키 ⌘4
AX wall=2026-10-09T01:50:04Z tick=22 id=NetworkCard label=Network 카드, 일부 수집 실패: 물리 대상의 식별·연결·속도 일부를 확인하지 못했습니다, 확인된 일부 합계 다운로드 4.8 KB/s, 업로드 991.2 B/s, 일부 수집 실패: 대상 identity 또는 물리 정보 일부 미확인, 활성 확인 4개 · 논리·Wi-Fi·가상 · 상태 미확인 8개, 단축키 ⌘3
AX wall=2026-10-09T01:50:04Z tick=22 id=NetworkDetail missing
AX wall=2026-10-09T01:50:04Z tick=22 id=NetworkInterface-en0 missing
AX wall=2026-10-09T01:50:04Z tick=22 id=NetworkInterface-awdl0 missing
AX wall=2026-10-09T01:50:04Z tick=22 id=DiskCard label=Disk 카드, 정상 측정, 현재 Read 0.0 B/s, Write 7.8 KB/s, 보조 정보 확인됨, 저장 공간 전체 994.7 GB, 사용 가능 840.8 GB, 사용 가능은 macOS 회수 가능한 공간 포함, 사용 중은 전체에서 사용 가능을 뺀 값이며 실제 파일 점유량이 아님, APFS 공유 공간이며 볼륨별 독점 사용량이 아님, Disk 최근 10분 그래프, Read 점선, Write 실선, 원본 범위 0–47.7 MB/s, 현재 측정, 수집 공백은 이어 그리지 않음, 단축키 ⌘4
AX wall=2026-10-09T01:50:05Z tick=23 id=NetworkCard label=Network 카드, 일부 수집 실패: 물리 대상의 식별·연결·속도 일부를 확인하지 못했습니다, 확인된 일부 합계 다운로드 37.0 KB/s, 업로드 12.0 KB/s, 일부 수집 실패: 대상 identity 또는 물리 정보 일부 미확인, 활성 확인 4개 · 논리·Wi-Fi·가상 · 상태 미확인 8개, 단축키 ⌘3
AX wall=2026-10-09T01:50:05Z tick=23 id=NetworkDetail missing
AX wall=2026-10-09T01:50:05Z tick=23 id=NetworkInterface-en0 missing
AX wall=2026-10-09T01:50:05Z tick=23 id=NetworkInterface-awdl0 missing
AX wall=2026-10-09T01:50:05Z tick=23 id=DiskCard label=Disk 카드, 정상 측정, 현재 Read 0.0 B/s, Write 256.1 KB/s, 보조 정보 확인됨, 저장 공간 전체 994.7 GB, 사용 가능 840.8 GB, 사용 가능은 macOS 회수 가능한 공간 포함, 사용 중은 전체에서 사용 가능을 뺀 값이며 실제 파일 점유량이 아님, APFS 공유 공간이며 볼륨별 독점 사용량이 아님, Disk 최근 10분 그래프, Read 점선, Write 실선, 원본 범위 0–47.7 MB/s, 현재 측정, 수집 공백은 이어 그리지 않음, 단축키 ⌘4
AX wall=2026-10-09T01:50:06Z tick=24 id=NetworkCard label=Network 카드, 일부 수집 실패: 물리 대상의 식별·연결·속도 일부를 확인하지 못했습니다, 확인된 일부 합계 다운로드 5.1 KB/s, 업로드 1.0 KB/s, 일부 수집 실패: 대상 identity 또는 물리 정보 일부 미확인, 활성 확인 4개 · 논리·Wi-Fi·가상 · 상태 미확인 8개, 단축키 ⌘3
AX wall=2026-10-09T01:50:06Z tick=24 id=NetworkDetail missing
AX wall=2026-10-09T01:50:06Z tick=24 id=NetworkInterface-en0 missing
AX wall=2026-10-09T01:50:06Z tick=24 id=NetworkInterface-awdl0 missing
AX wall=2026-10-09T01:50:06Z tick=24 id=DiskCard label=Disk 카드, 정상 측정, 현재 Read 0.0 B/s, Write 53.1 KB/s, 보조 정보 확인됨, 저장 공간 전체 994.7 GB, 사용 가능 840.8 GB, 사용 가능은 macOS 회수 가능한 공간 포함, 사용 중은 전체에서 사용 가능을 뺀 값이며 실제 파일 점유량이 아님, APFS 공유 공간이며 볼륨별 독점 사용량이 아님, Disk 최근 10분 그래프, Read 점선, Write 실선, 원본 범위 0–47.7 MB/s, 현재 측정, 수집 공백은 이어 그리지 않음, 단축키 ⌘4
AX wall=2026-10-09T01:50:07Z tick=25 id=NetworkCard label=Network 카드, 일부 수집 실패: 물리 대상의 식별·연결·속도 일부를 확인하지 못했습니다, 확인된 일부 합계 다운로드 1.9 KB/s, 업로드 0.0 B/s, 일부 수집 실패: 대상 identity 또는 물리 정보 일부 미확인, 활성 확인 4개 · 논리·Wi-Fi·가상 · 상태 미확인 8개, 단축키 ⌘3
AX wall=2026-10-09T01:50:07Z tick=25 id=NetworkDetail missing
AX wall=2026-10-09T01:50:07Z tick=25 id=NetworkInterface-en0 missing
AX wall=2026-10-09T01:50:07Z tick=25 id=NetworkInterface-awdl0 missing
AX wall=2026-10-09T01:50:07Z tick=25 id=DiskCard label=Disk 카드, 정상 측정, 현재 Read 0.0 B/s, Write 3.9 KB/s, 보조 정보 확인됨, 저장 공간 전체 994.7 GB, 사용 가능 840.8 GB, 사용 가능은 macOS 회수 가능한 공간 포함, 사용 중은 전체에서 사용 가능을 뺀 값이며 실제 파일 점유량이 아님, APFS 공유 공간이며 볼륨별 독점 사용량이 아님, Disk 최근 10분 그래프, Read 점선, Write 실선, 원본 범위 0–47.7 MB/s, 현재 측정, 수집 공백은 이어 그리지 않음, 단축키 ⌘4
AX wall=2026-10-09T01:50:09Z tick=26 id=NetworkCard label=Network 카드, 일부 수집 실패: 물리 대상의 식별·연결·속도 일부를 확인하지 못했습니다, 확인된 일부 합계 다운로드 8.4 KB/s, 업로드 1.1 KB/s, 일부 수집 실패: 대상 identity 또는 물리 정보 일부 미확인, 활성 확인 4개 · 논리·Wi-Fi·가상 · 상태 미확인 8개, 단축키 ⌘3
AX wall=2026-10-09T01:50:09Z tick=26 id=NetworkDetail missing
AX wall=2026-10-09T01:50:09Z tick=26 id=NetworkInterface-en0 missing
AX wall=2026-10-09T01:50:09Z tick=26 id=NetworkInterface-awdl0 missing
AX wall=2026-10-09T01:50:09Z tick=26 id=DiskCard label=Disk 카드, 정상 측정, 현재 Read 0.0 B/s, Write 4.2 KB/s, 보조 정보 확인됨, 저장 공간 전체 994.7 GB, 사용 가능 840.8 GB, 사용 가능은 macOS 회수 가능한 공간 포함, 사용 중은 전체에서 사용 가능을 뺀 값이며 실제 파일 점유량이 아님, APFS 공유 공간이며 볼륨별 독점 사용량이 아님, Disk 최근 10분 그래프, Read 점선, Write 실선, 원본 범위 0–47.7 MB/s, 현재 측정, 수집 공백은 이어 그리지 않음, 단축키 ⌘4
AX wall=2026-10-09T01:50:10Z tick=27 id=NetworkCard label=Network 카드, 일부 수집 실패: 물리 대상의 식별·연결·속도 일부를 확인하지 못했습니다, 확인된 일부 합계 다운로드 7.8 KB/s, 업로드 1.9 KB/s, 일부 수집 실패: 대상 identity 또는 물리 정보 일부 미확인, 활성 확인 4개 · 논리·Wi-Fi·가상 · 상태 미확인 8개, 단축키 ⌘3
AX wall=2026-10-09T01:50:10Z tick=27 id=NetworkDetail missing
AX wall=2026-10-09T01:50:10Z tick=27 id=NetworkInterface-en0 missing
AX wall=2026-10-09T01:50:10Z tick=27 id=NetworkInterface-awdl0 missing
AX wall=2026-10-09T01:50:10Z tick=27 id=DiskCard label=Disk 카드, 정상 측정, 현재 Read 0.0 B/s, Write 3.9 KB/s, 보조 정보 확인됨, 저장 공간 전체 994.7 GB, 사용 가능 840.8 GB, 사용 가능은 macOS 회수 가능한 공간 포함, 사용 중은 전체에서 사용 가능을 뺀 값이며 실제 파일 점유량이 아님, APFS 공유 공간이며 볼륨별 독점 사용량이 아님, Disk 최근 10분 그래프, Read 점선, Write 실선, 원본 범위 0–47.7 MB/s, 현재 측정, 수집 공백은 이어 그리지 않음, 단축키 ⌘4
AX wall=2026-10-09T01:50:11Z tick=28 id=NetworkCard label=Network 카드, 일부 수집 실패: 물리 대상의 식별·연결·속도 일부를 확인하지 못했습니다, 확인된 일부 합계 다운로드 5.1 KB/s, 업로드 1.0 KB/s, 일부 수집 실패: 대상 identity 또는 물리 정보 일부 미확인, 활성 확인 4개 · 논리·Wi-Fi·가상 · 상태 미확인 8개, 단축키 ⌘3
AX wall=2026-10-09T01:50:11Z tick=28 id=NetworkDetail missing
AX wall=2026-10-09T01:50:11Z tick=28 id=NetworkInterface-en0 missing
AX wall=2026-10-09T01:50:11Z tick=28 id=NetworkInterface-awdl0 missing
AX wall=2026-10-09T01:50:11Z tick=28 id=DiskCard label=Disk 카드, 정상 측정, 현재 Read 0.0 B/s, Write 0.0 B/s, 보조 정보 확인됨, 저장 공간 전체 994.7 GB, 사용 가능 840.8 GB, 사용 가능은 macOS 회수 가능한 공간 포함, 사용 중은 전체에서 사용 가능을 뺀 값이며 실제 파일 점유량이 아님, APFS 공유 공간이며 볼륨별 독점 사용량이 아님, Disk 최근 10분 그래프, Read 점선, Write 실선, 원본 범위 0–47.7 MB/s, 현재 측정, 수집 공백은 이어 그리지 않음, 단축키 ⌘4
AX wall=2026-10-09T01:50:12Z tick=29 id=NetworkCard label=Network 카드, 일부 수집 실패: 물리 대상의 식별·연결·속도 일부를 확인하지 못했습니다, 확인된 일부 합계 다운로드 6.9 KB/s, 업로드 1,011.5 B/s, 일부 수집 실패: 대상 identity 또는 물리 정보 일부 미확인, 활성 확인 4개 · 논리·Wi-Fi·가상 · 상태 미확인 8개, 단축키 ⌘3
AX wall=2026-10-09T01:50:12Z tick=29 id=NetworkDetail missing
AX wall=2026-10-09T01:50:12Z tick=29 id=NetworkInterface-en0 missing
AX wall=2026-10-09T01:50:12Z tick=29 id=NetworkInterface-awdl0 missing
AX wall=2026-10-09T01:50:12Z tick=29 id=DiskCard label=Disk 카드, 정상 측정, 현재 Read 0.0 B/s, Write 19.8 KB/s, 보조 정보 확인됨, 저장 공간 전체 994.7 GB, 사용 가능 840.8 GB, 사용 가능은 macOS 회수 가능한 공간 포함, 사용 중은 전체에서 사용 가능을 뺀 값이며 실제 파일 점유량이 아님, APFS 공유 공간이며 볼륨별 독점 사용량이 아님, Disk 최근 10분 그래프, Read 점선, Write 실선, 원본 범위 0–47.7 MB/s, 현재 측정, 수집 공백은 이어 그리지 않음, 단축키 ⌘4
AX wall=2026-10-09T01:50:13Z tick=30 id=NetworkCard label=Network 카드, 일부 수집 실패: 물리 대상의 식별·연결·속도 일부를 확인하지 못했습니다, 확인된 일부 합계 다운로드 36.6 KB/s, 업로드 107.8 KB/s, 일부 수집 실패: 대상 identity 또는 물리 정보 일부 미확인, 활성 확인 4개 · 논리·Wi-Fi·가상 · 상태 미확인 8개, 단축키 ⌘3
AX wall=2026-10-09T01:50:13Z tick=30 id=NetworkDetail missing
AX wall=2026-10-09T01:50:13Z tick=30 id=NetworkInterface-en0 missing
AX wall=2026-10-09T01:50:13Z tick=30 id=NetworkInterface-awdl0 missing
AX wall=2026-10-09T01:50:13Z tick=30 id=DiskCard label=Disk 카드, 정상 측정, 현재 Read 16.3 KB/s, Write 16.3 KB/s, 보조 정보 확인됨, 저장 공간 전체 994.7 GB, 사용 가능 840.8 GB, 사용 가능은 macOS 회수 가능한 공간 포함, 사용 중은 전체에서 사용 가능을 뺀 값이며 실제 파일 점유량이 아님, APFS 공유 공간이며 볼륨별 독점 사용량이 아님, Disk 최근 10분 그래프, Read 점선, Write 실선, 원본 범위 0–47.7 MB/s, 현재 측정, 수집 공백은 이어 그리지 않음, 단축키 ⌘4
AX wall=2026-10-09T01:50:14Z tick=31 id=NetworkCard label=Network 카드, 일부 수집 실패: 물리 대상의 식별·연결·속도 일부를 확인하지 못했습니다, 확인된 일부 합계 다운로드 37.2 KB/s, 업로드 14.1 KB/s, 일부 수집 실패: 대상 identity 또는 물리 정보 일부 미확인, 활성 확인 4개 · 논리·Wi-Fi·가상 · 상태 미확인 8개, 단축키 ⌘3
AX wall=2026-10-09T01:50:14Z tick=31 id=NetworkDetail missing
AX wall=2026-10-09T01:50:14Z tick=31 id=NetworkInterface-en0 missing
AX wall=2026-10-09T01:50:14Z tick=31 id=NetworkInterface-awdl0 missing
AX wall=2026-10-09T01:50:14Z tick=31 id=DiskCard label=Disk 카드, 정상 측정, 현재 Read 0.0 B/s, Write 24.2 KB/s, 보조 정보 확인됨, 저장 공간 전체 994.7 GB, 사용 가능 840.8 GB, 사용 가능은 macOS 회수 가능한 공간 포함, 사용 중은 전체에서 사용 가능을 뺀 값이며 실제 파일 점유량이 아님, APFS 공유 공간이며 볼륨별 독점 사용량이 아님, Disk 최근 10분 그래프, Read 점선, Write 실선, 원본 범위 0–47.7 MB/s, 현재 측정, 수집 공백은 이어 그리지 않음, 단축키 ⌘4
AX wall=2026-10-09T01:50:15Z tick=32 id=NetworkCard label=Network 카드, 일부 수집 실패: 물리 대상의 식별·연결·속도 일부를 확인하지 못했습니다, 확인된 일부 합계 다운로드 37.1 KB/s, 업로드 9.8 KB/s, 일부 수집 실패: 대상 identity 또는 물리 정보 일부 미확인, 활성 확인 4개 · 논리·Wi-Fi·가상 · 상태 미확인 8개, 단축키 ⌘3
AX wall=2026-10-09T01:50:15Z tick=32 id=NetworkDetail missing
AX wall=2026-10-09T01:50:15Z tick=32 id=NetworkInterface-en0 missing
AX wall=2026-10-09T01:50:15Z tick=32 id=NetworkInterface-awdl0 missing
AX wall=2026-10-09T01:50:15Z tick=32 id=DiskCard label=Disk 카드, 정상 측정, 현재 Read 3.9 KB/s, Write 8.8 MB/s, 보조 정보 확인됨, 저장 공간 전체 994.7 GB, 사용 가능 840.8 GB, 사용 가능은 macOS 회수 가능한 공간 포함, 사용 중은 전체에서 사용 가능을 뺀 값이며 실제 파일 점유량이 아님, APFS 공유 공간이며 볼륨별 독점 사용량이 아님, Disk 최근 10분 그래프, Read 점선, Write 실선, 원본 범위 0–47.7 MB/s, 현재 측정, 수집 공백은 이어 그리지 않음, 단축키 ⌘4
AX wall=2026-10-09T01:50:16Z tick=33 id=NetworkCard label=Network 카드, 일부 수집 실패: 물리 대상의 식별·연결·속도 일부를 확인하지 못했습니다, 확인된 일부 합계 다운로드 9.0 KB/s, 업로드 1,021.0 B/s, 일부 수집 실패: 대상 identity 또는 물리 정보 일부 미확인, 활성 확인 4개 · 논리·Wi-Fi·가상 · 상태 미확인 8개, 단축키 ⌘3
AX wall=2026-10-09T01:50:16Z tick=33 id=NetworkDetail missing
AX wall=2026-10-09T01:50:16Z tick=33 id=NetworkInterface-en0 missing
AX wall=2026-10-09T01:50:16Z tick=33 id=NetworkInterface-awdl0 missing
AX wall=2026-10-09T01:50:16Z tick=33 id=DiskCard label=Disk 카드, 정상 측정, 현재 Read 0.0 B/s, Write 35.8 KB/s, 보조 정보 확인됨, 저장 공간 전체 994.7 GB, 사용 가능 840.8 GB, 사용 가능은 macOS 회수 가능한 공간 포함, 사용 중은 전체에서 사용 가능을 뺀 값이며 실제 파일 점유량이 아님, APFS 공유 공간이며 볼륨별 독점 사용량이 아님, Disk 최근 10분 그래프, Read 점선, Write 실선, 원본 범위 0–47.7 MB/s, 현재 측정, 수집 공백은 이어 그리지 않음, 단축키 ⌘4
AX wall=2026-10-09T01:50:17Z tick=34 id=NetworkCard label=Network 카드, 일부 수집 실패: 물리 대상의 식별·연결·속도 일부를 확인하지 못했습니다, 확인된 일부 합계 다운로드 6.0 KB/s, 업로드 2.0 KB/s, 일부 수집 실패: 대상 identity 또는 물리 정보 일부 미확인, 활성 확인 4개 · 논리·Wi-Fi·가상 · 상태 미확인 8개, 단축키 ⌘3
AX wall=2026-10-09T01:50:17Z tick=34 id=NetworkDetail missing
AX wall=2026-10-09T01:50:17Z tick=34 id=NetworkInterface-en0 missing
AX wall=2026-10-09T01:50:17Z tick=34 id=NetworkInterface-awdl0 missing
AX wall=2026-10-09T01:50:17Z tick=34 id=DiskCard label=Disk 카드, 정상 측정, 현재 Read 0.0 B/s, Write 4.0 KB/s, 보조 정보 확인됨, 저장 공간 전체 994.7 GB, 사용 가능 840.8 GB, 사용 가능은 macOS 회수 가능한 공간 포함, 사용 중은 전체에서 사용 가능을 뺀 값이며 실제 파일 점유량이 아님, APFS 공유 공간이며 볼륨별 독점 사용량이 아님, Disk 최근 10분 그래프, Read 점선, Write 실선, 원본 범위 0–47.7 MB/s, 현재 측정, 수집 공백은 이어 그리지 않음, 단축키 ⌘4
AX wall=2026-10-09T01:50:18Z tick=35 id=NetworkCard label=Network 카드, 일부 수집 실패: 물리 대상의 식별·연결·속도 일부를 확인하지 못했습니다, 확인된 일부 합계 다운로드 65.3 KB/s, 업로드 19.4 KB/s, 일부 수집 실패: 대상 identity 또는 물리 정보 일부 미확인, 활성 확인 4개 · 논리·Wi-Fi·가상 · 상태 미확인 8개, 단축키 ⌘3
AX wall=2026-10-09T01:50:18Z tick=35 id=NetworkDetail missing
AX wall=2026-10-09T01:50:18Z tick=35 id=NetworkInterface-en0 missing
AX wall=2026-10-09T01:50:18Z tick=35 id=NetworkInterface-awdl0 missing
AX wall=2026-10-09T01:50:18Z tick=35 id=DiskCard label=Disk 카드, 정상 측정, 현재 Read 16.3 KB/s, Write 53.1 KB/s, 보조 정보 확인됨, 저장 공간 전체 994.7 GB, 사용 가능 840.8 GB, 사용 가능은 macOS 회수 가능한 공간 포함, 사용 중은 전체에서 사용 가능을 뺀 값이며 실제 파일 점유량이 아님, APFS 공유 공간이며 볼륨별 독점 사용량이 아님, Disk 최근 10분 그래프, Read 점선, Write 실선, 원본 범위 0–47.7 MB/s, 현재 측정, 수집 공백은 이어 그리지 않음, 단축키 ⌘4
AX wall=2026-10-09T01:50:19Z tick=36 id=NetworkCard label=Network 카드, 일부 수집 실패: 물리 대상의 식별·연결·속도 일부를 확인하지 못했습니다, 확인된 일부 합계 다운로드 4.0 KB/s, 업로드 1,011.8 B/s, 일부 수집 실패: 대상 identity 또는 물리 정보 일부 미확인, 활성 확인 4개 · 논리·Wi-Fi·가상 · 상태 미확인 8개, 단축키 ⌘3
AX wall=2026-10-09T01:50:20Z tick=36 id=NetworkDetail missing
AX wall=2026-10-09T01:50:20Z tick=36 id=NetworkInterface-en0 missing
AX wall=2026-10-09T01:50:20Z tick=36 id=NetworkInterface-awdl0 missing
AX wall=2026-10-09T01:50:20Z tick=36 id=DiskCard label=Disk 카드, 정상 측정, 현재 Read 0.0 B/s, Write 7.9 KB/s, 보조 정보 확인됨, 저장 공간 전체 994.7 GB, 사용 가능 840.8 GB, 사용 가능은 macOS 회수 가능한 공간 포함, 사용 중은 전체에서 사용 가능을 뺀 값이며 실제 파일 점유량이 아님, APFS 공유 공간이며 볼륨별 독점 사용량이 아님, Disk 최근 10분 그래프, Read 점선, Write 실선, 원본 범위 0–47.7 MB/s, 현재 측정, 수집 공백은 이어 그리지 않음, 단축키 ⌘4
AX wall=2026-10-09T01:50:21Z tick=37 id=NetworkCard label=Network 카드, 기준점 갱신 중, 현재 속도 없음, 측정된 속도 없음, 일부 수집 실패: 물리 대상 정보 일부 미확인, 활성 대상 0개, 단축키 ⌘3
AX wall=2026-10-09T01:50:21Z tick=37 id=NetworkDetail missing
AX wall=2026-10-09T01:50:21Z tick=37 id=NetworkInterface-en0 missing
AX wall=2026-10-09T01:50:21Z tick=37 id=NetworkInterface-awdl0 missing
AX wall=2026-10-09T01:50:21Z tick=37 id=DiskCard label=Disk 카드, 정상 측정, 현재 Read 0.0 B/s, Write 28.3 KB/s, 보조 정보 확인됨, 저장 공간 전체 994.7 GB, 사용 가능 840.8 GB, 사용 가능은 macOS 회수 가능한 공간 포함, 사용 중은 전체에서 사용 가능을 뺀 값이며 실제 파일 점유량이 아님, APFS 공유 공간이며 볼륨별 독점 사용량이 아님, Disk 최근 10분 그래프, Read 점선, Write 실선, 원본 범위 0–47.7 MB/s, 현재 측정, 수집 공백은 이어 그리지 않음, 단축키 ⌘4
AX wall=2026-10-09T01:50:22Z tick=38 id=NetworkCard label=Network 카드, 기준점 갱신 중, 현재 속도 없음, 측정된 속도 없음, 일부 수집 실패: 대상 identity 또는 물리 정보 일부 미확인, 활성 확인 2개 · 논리·가상 · 상태 미확인 8개, 단축키 ⌘3
AX wall=2026-10-09T01:50:22Z tick=38 id=NetworkDetail missing
AX wall=2026-10-09T01:50:22Z tick=38 id=NetworkInterface-en0 missing
AX wall=2026-10-09T01:50:22Z tick=38 id=NetworkInterface-awdl0 missing
AX wall=2026-10-09T01:50:22Z tick=38 id=DiskCard label=Disk 카드, 정상 측정, 현재 Read 3.3 MB/s, Write 3.8 MB/s, 보조 정보 확인됨, 저장 공간 전체 994.7 GB, 사용 가능 840.8 GB, 사용 가능은 macOS 회수 가능한 공간 포함, 사용 중은 전체에서 사용 가능을 뺀 값이며 실제 파일 점유량이 아님, APFS 공유 공간이며 볼륨별 독점 사용량이 아님, Disk 최근 10분 그래프, Read 점선, Write 실선, 원본 범위 0–47.7 MB/s, 현재 측정, 수집 공백은 이어 그리지 않음, 단축키 ⌘4
AX wall=2026-10-09T01:50:23Z tick=39 id=NetworkCard label=Network 카드, 일부 수집 실패: 물리 대상의 식별·연결·속도 일부를 확인하지 못했습니다, 측정된 속도 없음, 일부 수집 실패: 대상 identity 또는 물리 정보 일부 미확인, 활성 확인 2개 · 논리·가상 · 상태 미확인 8개, 단축키 ⌘3
AX wall=2026-10-09T01:50:23Z tick=39 id=NetworkDetail missing
AX wall=2026-10-09T01:50:23Z tick=39 id=NetworkInterface-en0 missing
AX wall=2026-10-09T01:50:23Z tick=39 id=NetworkInterface-awdl0 missing
AX wall=2026-10-09T01:50:23Z tick=39 id=DiskCard label=Disk 카드, 정상 측정, 현재 Read 0.0 B/s, Write 8.0 KB/s, 보조 정보 확인됨, 저장 공간 전체 994.7 GB, 사용 가능 840.8 GB, 사용 가능은 macOS 회수 가능한 공간 포함, 사용 중은 전체에서 사용 가능을 뺀 값이며 실제 파일 점유량이 아님, APFS 공유 공간이며 볼륨별 독점 사용량이 아님, Disk 최근 10분 그래프, Read 점선, Write 실선, 원본 범위 0–47.7 MB/s, 현재 측정, 수집 공백은 이어 그리지 않음, 단축키 ⌘4
AX wall=2026-10-09T01:50:24Z tick=40 id=NetworkCard label=Network 카드, 기준점 갱신 중, 현재 속도 없음, 측정된 속도 없음, 일부 수집 실패: 대상 identity 또는 물리 정보 일부 미확인, 활성 확인 3개 · 논리·가상 · 상태 미확인 8개, 단축키 ⌘3
AX wall=2026-10-09T01:50:24Z tick=40 id=NetworkDetail missing
AX wall=2026-10-09T01:50:24Z tick=40 id=NetworkInterface-en0 missing
AX wall=2026-10-09T01:50:24Z tick=40 id=NetworkInterface-awdl0 missing
AX wall=2026-10-09T01:50:24Z tick=40 id=DiskCard label=Disk 카드, 정상 측정, 현재 Read 4.0 KB/s, Write 35.8 KB/s, 보조 정보 확인됨, 저장 공간 전체 994.7 GB, 사용 가능 840.8 GB, 사용 가능은 macOS 회수 가능한 공간 포함, 사용 중은 전체에서 사용 가능을 뺀 값이며 실제 파일 점유량이 아님, APFS 공유 공간이며 볼륨별 독점 사용량이 아님, Disk 최근 10분 그래프, Read 점선, Write 실선, 원본 범위 0–47.7 MB/s, 현재 측정, 수집 공백은 이어 그리지 않음, 단축키 ⌘4
AX wall=2026-10-09T01:50:25Z tick=41 id=NetworkCard label=Network 카드, 기준점 갱신 중, 현재 속도 없음, 측정된 속도 없음, 일부 수집 실패: 물리 대상 정보 일부 미확인, 활성 대상 0개, 단축키 ⌘3
AX wall=2026-10-09T01:50:25Z tick=41 id=NetworkDetail missing
AX wall=2026-10-09T01:50:25Z tick=41 id=NetworkInterface-en0 missing
AX wall=2026-10-09T01:50:25Z tick=41 id=NetworkInterface-awdl0 missing
AX wall=2026-10-09T01:50:25Z tick=41 id=DiskCard label=Disk 카드, 정상 측정, 현재 Read 2.0 MB/s, Write 349.4 KB/s, 보조 정보 확인됨, 저장 공간 전체 994.7 GB, 사용 가능 840.8 GB, 사용 가능은 macOS 회수 가능한 공간 포함, 사용 중은 전체에서 사용 가능을 뺀 값이며 실제 파일 점유량이 아님, APFS 공유 공간이며 볼륨별 독점 사용량이 아님, Disk 최근 10분 그래프, Read 점선, Write 실선, 원본 범위 0–47.7 MB/s, 현재 측정, 수집 공백은 이어 그리지 않음, 단축키 ⌘4
AX wall=2026-10-09T01:50:26Z tick=42 id=NetworkCard label=Network 카드, 기준점 갱신 중, 현재 속도 없음, 측정된 속도 없음, 일부 수집 실패: 물리 대상 정보 일부 미확인, 활성 대상 0개, 단축키 ⌘3
AX wall=2026-10-09T01:50:26Z tick=42 id=NetworkDetail missing
AX wall=2026-10-09T01:50:26Z tick=42 id=NetworkInterface-en0 missing
AX wall=2026-10-09T01:50:26Z tick=42 id=NetworkInterface-awdl0 missing
AX wall=2026-10-09T01:50:26Z tick=42 id=DiskCard label=Disk 카드, 정상 측정, 현재 Read 420.2 KB/s, Write 2.3 MB/s, 보조 정보 확인됨, 저장 공간 전체 994.7 GB, 사용 가능 840.8 GB, 사용 가능은 macOS 회수 가능한 공간 포함, 사용 중은 전체에서 사용 가능을 뺀 값이며 실제 파일 점유량이 아님, APFS 공유 공간이며 볼륨별 독점 사용량이 아님, Disk 최근 10분 그래프, Read 점선, Write 실선, 원본 범위 0–47.7 MB/s, 현재 측정, 수집 공백은 이어 그리지 않음, 단축키 ⌘4
AX wall=2026-10-09T01:50:27Z tick=43 id=NetworkCard label=Network 카드, 기준점 갱신 중, 현재 속도 없음, 측정된 속도 없음, 일부 수집 실패: 대상 identity 또는 물리 정보 일부 미확인, 활성 확인 4개 · 논리·Wi-Fi·가상 · 상태 미확인 8개, 단축키 ⌘3
AX wall=2026-10-09T01:50:27Z tick=43 id=NetworkDetail missing
AX wall=2026-10-09T01:50:27Z tick=43 id=NetworkInterface-en0 missing
AX wall=2026-10-09T01:50:27Z tick=43 id=NetworkInterface-awdl0 missing
AX wall=2026-10-09T01:50:27Z tick=43 id=DiskCard label=Disk 카드, 정상 측정, 현재 Read 20.7 KB/s, Write 12.4 KB/s, 보조 정보 확인됨, 저장 공간 전체 994.7 GB, 사용 가능 840.8 GB, 사용 가능은 macOS 회수 가능한 공간 포함, 사용 중은 전체에서 사용 가능을 뺀 값이며 실제 파일 점유량이 아님, APFS 공유 공간이며 볼륨별 독점 사용량이 아님, Disk 최근 10분 그래프, Read 점선, Write 실선, 원본 범위 0–47.7 MB/s, 현재 측정, 수집 공백은 이어 그리지 않음, 단축키 ⌘4
AX wall=2026-10-09T01:50:28Z tick=44 id=NetworkCard label=Network 카드, 일부 수집 실패: 물리 대상의 식별·연결·속도 일부를 확인하지 못했습니다, 확인된 일부 합계 다운로드 79.4 KB/s, 업로드 39.7 KB/s, 일부 수집 실패: 대상 identity 또는 물리 정보 일부 미확인, 활성 확인 4개 · 논리·Wi-Fi·가상 · 상태 미확인 8개, 단축키 ⌘3
AX wall=2026-10-09T01:50:28Z tick=44 id=NetworkDetail missing
AX wall=2026-10-09T01:50:28Z tick=44 id=NetworkInterface-en0 missing
AX wall=2026-10-09T01:50:28Z tick=44 id=NetworkInterface-awdl0 missing
AX wall=2026-10-09T01:50:28Z tick=44 id=DiskCard label=Disk 카드, 정상 측정, 현재 Read 51.6 KB/s, Write 35.7 KB/s, 보조 정보 확인됨, 저장 공간 전체 994.7 GB, 사용 가능 840.8 GB, 사용 가능은 macOS 회수 가능한 공간 포함, 사용 중은 전체에서 사용 가능을 뺀 값이며 실제 파일 점유량이 아님, APFS 공유 공간이며 볼륨별 독점 사용량이 아님, Disk 최근 10분 그래프, Read 점선, Write 실선, 원본 범위 0–47.7 MB/s, 현재 측정, 수집 공백은 이어 그리지 않음, 단축키 ⌘4
AX wall=2026-10-09T01:50:29Z tick=45 id=NetworkCard label=Network 카드, 기준점 갱신 중, 현재 속도 없음, 측정된 속도 없음, 일부 수집 실패: 물리 대상 정보 일부 미확인, 활성 대상 0개, 단축키 ⌘3
AX wall=2026-10-09T01:50:29Z tick=45 id=NetworkDetail missing
AX wall=2026-10-09T01:50:29Z tick=45 id=NetworkInterface-en0 missing
AX wall=2026-10-09T01:50:29Z tick=45 id=NetworkInterface-awdl0 missing
AX wall=2026-10-09T01:50:29Z tick=45 id=DiskCard label=Disk 카드, 정상 측정, 현재 Read 1.5 MB/s, Write 106.5 KB/s, 보조 정보 확인됨, 저장 공간 전체 994.7 GB, 사용 가능 840.8 GB, 사용 가능은 macOS 회수 가능한 공간 포함, 사용 중은 전체에서 사용 가능을 뺀 값이며 실제 파일 점유량이 아님, APFS 공유 공간이며 볼륨별 독점 사용량이 아님, Disk 최근 10분 그래프, Read 점선, Write 실선, 원본 범위 0–47.7 MB/s, 현재 측정, 수집 공백은 이어 그리지 않음, 단축키 ⌘4
AX wall=2026-10-09T01:50:31Z tick=46 id=NetworkCard label=Network 카드, 기준점 갱신 중, 현재 속도 없음, 측정된 속도 없음, 일부 수집 실패: 대상 identity 또는 물리 정보 일부 미확인, 활성 확인 4개 · 논리·Wi-Fi·가상 · 상태 미확인 8개, 단축키 ⌘3
AX wall=2026-10-09T01:50:31Z tick=46 id=NetworkDetail missing
AX wall=2026-10-09T01:50:31Z tick=46 id=NetworkInterface-en0 missing
AX wall=2026-10-09T01:50:31Z tick=46 id=NetworkInterface-awdl0 missing
AX wall=2026-10-09T01:50:31Z tick=46 id=DiskCard label=Disk 카드, 정상 측정, 현재 Read 0.0 B/s, Write 109.8 KB/s, 보조 정보 확인됨, 저장 공간 전체 994.7 GB, 사용 가능 840.8 GB, 사용 가능은 macOS 회수 가능한 공간 포함, 사용 중은 전체에서 사용 가능을 뺀 값이며 실제 파일 점유량이 아님, APFS 공유 공간이며 볼륨별 독점 사용량이 아님, Disk 최근 10분 그래프, Read 점선, Write 실선, 원본 범위 0–47.7 MB/s, 현재 측정, 수집 공백은 이어 그리지 않음, 단축키 ⌘4
AX wall=2026-10-09T01:50:32Z tick=47 id=NetworkCard label=Network 카드, 일부 수집 실패: 물리 대상의 식별·연결·속도 일부를 확인하지 못했습니다, 확인된 일부 합계 다운로드 1,020.2 B/s, 업로드 1,020.2 B/s, 일부 수집 실패: 대상 identity 또는 물리 정보 일부 미확인, 활성 확인 4개 · 논리·Wi-Fi·가상 · 상태 미확인 8개, 단축키 ⌘3
AX wall=2026-10-09T01:50:32Z tick=47 id=NetworkDetail missing
AX wall=2026-10-09T01:50:32Z tick=47 id=NetworkInterface-en0 missing
AX wall=2026-10-09T01:50:32Z tick=47 id=NetworkInterface-awdl0 missing
AX wall=2026-10-09T01:50:32Z tick=47 id=DiskCard label=Disk 카드, 정상 측정, 현재 Read 31.9 KB/s, Write 67.7 KB/s, 보조 정보 확인됨, 저장 공간 전체 994.7 GB, 사용 가능 840.8 GB, 사용 가능은 macOS 회수 가능한 공간 포함, 사용 중은 전체에서 사용 가능을 뺀 값이며 실제 파일 점유량이 아님, APFS 공유 공간이며 볼륨별 독점 사용량이 아님, Disk 최근 10분 그래프, Read 점선, Write 실선, 원본 범위 0–47.7 MB/s, 현재 측정, 수집 공백은 이어 그리지 않음, 단축키 ⌘4
AX wall=2026-10-09T01:50:33Z tick=48 id=NetworkCard label=Network 카드, 일부 수집 실패: 물리 대상의 식별·연결·속도 일부를 확인하지 못했습니다, 확인된 일부 합계 다운로드 1.0 KB/s, 업로드 0.0 B/s, 일부 수집 실패: 대상 identity 또는 물리 정보 일부 미확인, 활성 확인 4개 · 논리·Wi-Fi·가상 · 상태 미확인 8개, 단축키 ⌘3
AX wall=2026-10-09T01:50:33Z tick=48 id=NetworkDetail missing
AX wall=2026-10-09T01:50:33Z tick=48 id=NetworkInterface-en0 missing
AX wall=2026-10-09T01:50:33Z tick=48 id=NetworkInterface-awdl0 missing
AX wall=2026-10-09T01:50:33Z tick=48 id=DiskCard label=Disk 카드, 정상 측정, 현재 Read 330.8 KB/s, Write 181.6 KB/s, 보조 정보 확인됨, 저장 공간 전체 994.7 GB, 사용 가능 840.8 GB, 사용 가능은 macOS 회수 가능한 공간 포함, 사용 중은 전체에서 사용 가능을 뺀 값이며 실제 파일 점유량이 아님, APFS 공유 공간이며 볼륨별 독점 사용량이 아님, Disk 최근 10분 그래프, Read 점선, Write 실선, 원본 범위 0–47.7 MB/s, 현재 측정, 수집 공백은 이어 그리지 않음, 단축키 ⌘4
AX wall=2026-10-09T01:50:34Z tick=49 id=NetworkCard label=Network 카드, 일부 수집 실패: 물리 대상의 식별·연결·속도 일부를 확인하지 못했습니다, 확인된 일부 합계 다운로드 33.9 KB/s, 업로드 8.7 KB/s, 일부 수집 실패: 대상 identity 또는 물리 정보 일부 미확인, 활성 확인 4개 · 논리·Wi-Fi·가상 · 상태 미확인 8개, 단축키 ⌘3
AX wall=2026-10-09T01:50:34Z tick=49 id=NetworkDetail missing
AX wall=2026-10-09T01:50:34Z tick=49 id=NetworkInterface-en0 missing
AX wall=2026-10-09T01:50:34Z tick=49 id=NetworkInterface-awdl0 missing
AX wall=2026-10-09T01:50:34Z tick=49 id=DiskCard label=Disk 카드, 정상 측정, 현재 Read 0.0 B/s, Write 38.7 KB/s, 보조 정보 확인됨, 저장 공간 전체 994.7 GB, 사용 가능 840.8 GB, 사용 가능은 macOS 회수 가능한 공간 포함, 사용 중은 전체에서 사용 가능을 뺀 값이며 실제 파일 점유량이 아님, APFS 공유 공간이며 볼륨별 독점 사용량이 아님, Disk 최근 10분 그래프, Read 점선, Write 실선, 원본 범위 0–47.7 MB/s, 현재 측정, 수집 공백은 이어 그리지 않음, 단축키 ⌘4
AX wall=2026-10-09T01:50:35Z tick=50 id=NetworkCard label=Network 카드, 일부 수집 실패: 물리 대상의 식별·연결·속도 일부를 확인하지 못했습니다, 확인된 일부 합계 다운로드 9.3 KB/s, 업로드 5.1 KB/s, 일부 수집 실패: 대상 identity 또는 물리 정보 일부 미확인, 활성 확인 4개 · 논리·Wi-Fi·가상 · 상태 미확인 8개, 단축키 ⌘3
AX wall=2026-10-09T01:50:35Z tick=50 id=NetworkDetail missing
AX wall=2026-10-09T01:50:35Z tick=50 id=NetworkInterface-en0 missing
AX wall=2026-10-09T01:50:35Z tick=50 id=NetworkInterface-awdl0 missing
AX wall=2026-10-09T01:50:35Z tick=50 id=DiskCard label=Disk 카드, 정상 측정, 현재 Read 247.4 KB/s, Write 296.1 KB/s, 보조 정보 확인됨, 저장 공간 전체 994.7 GB, 사용 가능 840.8 GB, 사용 가능은 macOS 회수 가능한 공간 포함, 사용 중은 전체에서 사용 가능을 뺀 값이며 실제 파일 점유량이 아님, APFS 공유 공간이며 볼륨별 독점 사용량이 아님, Disk 최근 10분 그래프, Read 점선, Write 실선, 원본 범위 0–47.7 MB/s, 현재 측정, 수집 공백은 이어 그리지 않음, 단축키 ⌘4
AX wall=2026-10-09T01:50:36Z tick=51 id=NetworkCard label=Network 카드, 일부 수집 실패: 물리 대상의 식별·연결·속도 일부를 확인하지 못했습니다, 확인된 일부 합계 다운로드 24.6 KB/s, 업로드 8.9 KB/s, 일부 수집 실패: 대상 identity 또는 물리 정보 일부 미확인, 활성 확인 4개 · 논리·Wi-Fi·가상 · 상태 미확인 8개, 단축키 ⌘3
AX wall=2026-10-09T01:50:36Z tick=51 id=NetworkDetail missing
AX wall=2026-10-09T01:50:36Z tick=51 id=NetworkInterface-en0 missing
AX wall=2026-10-09T01:50:36Z tick=51 id=NetworkInterface-awdl0 missing
AX wall=2026-10-09T01:50:36Z tick=51 id=DiskCard label=Disk 카드, 정상 측정, 현재 Read 2.5 MB/s, Write 2.3 MB/s, 보조 정보 확인됨, 저장 공간 전체 994.7 GB, 사용 가능 840.8 GB, 사용 가능은 macOS 회수 가능한 공간 포함, 사용 중은 전체에서 사용 가능을 뺀 값이며 실제 파일 점유량이 아님, APFS 공유 공간이며 볼륨별 독점 사용량이 아님, Disk 최근 10분 그래프, Read 점선, Write 실선, 원본 범위 0–47.7 MB/s, 현재 측정, 수집 공백은 이어 그리지 않음, 단축키 ⌘4
AX wall=2026-10-09T01:50:37Z tick=52 id=NetworkCard label=Network 카드, 일부 수집 실패: 물리 대상의 식별·연결·속도 일부를 확인하지 못했습니다, 확인된 일부 합계 다운로드 0.0 B/s, 업로드 0.0 B/s, 일부 수집 실패: 대상 identity 또는 물리 정보 일부 미확인, 활성 확인 4개 · 논리·Wi-Fi·가상 · 상태 미확인 8개, 단축키 ⌘3
AX wall=2026-10-09T01:50:37Z tick=52 id=NetworkDetail missing
AX wall=2026-10-09T01:50:37Z tick=52 id=NetworkInterface-en0 missing
AX wall=2026-10-09T01:50:37Z tick=52 id=NetworkInterface-awdl0 missing
AX wall=2026-10-09T01:50:37Z tick=52 id=DiskCard label=Disk 카드, 정상 측정, 현재 Read 16.6 KB/s, Write 4.1 KB/s, 보조 정보 확인됨, 저장 공간 전체 994.7 GB, 사용 가능 840.8 GB, 사용 가능은 macOS 회수 가능한 공간 포함, 사용 중은 전체에서 사용 가능을 뺀 값이며 실제 파일 점유량이 아님, APFS 공유 공간이며 볼륨별 독점 사용량이 아님, Disk 최근 10분 그래프, Read 점선, Write 실선, 원본 범위 0–47.7 MB/s, 현재 측정, 수집 공백은 이어 그리지 않음, 단축키 ⌘4
AX wall=2026-10-09T01:50:38Z tick=53 id=NetworkCard label=Network 카드, 일부 수집 실패: 물리 대상의 식별·연결·속도 일부를 확인하지 못했습니다, 확인된 일부 합계 다운로드 0.0 B/s, 업로드 0.0 B/s, 일부 수집 실패: 대상 identity 또는 물리 정보 일부 미확인, 활성 확인 4개 · 논리·Wi-Fi·가상 · 상태 미확인 8개, 단축키 ⌘3
AX wall=2026-10-09T01:50:38Z tick=53 id=NetworkDetail missing
AX wall=2026-10-09T01:50:38Z tick=53 id=NetworkInterface-en0 missing
AX wall=2026-10-09T01:50:38Z tick=53 id=NetworkInterface-awdl0 missing
AX wall=2026-10-09T01:50:38Z tick=53 id=DiskCard label=Disk 카드, 정상 측정, 현재 Read 0.0 B/s, Write 3.9 KB/s, 보조 정보 확인됨, 저장 공간 전체 994.7 GB, 사용 가능 840.8 GB, 사용 가능은 macOS 회수 가능한 공간 포함, 사용 중은 전체에서 사용 가능을 뺀 값이며 실제 파일 점유량이 아님, APFS 공유 공간이며 볼륨별 독점 사용량이 아님, Disk 최근 10분 그래프, Read 점선, Write 실선, 원본 범위 0–47.7 MB/s, 현재 측정, 수집 공백은 이어 그리지 않음, 단축키 ⌘4
AX wall=2026-10-09T01:50:39Z tick=54 id=NetworkCard label=Network 카드, 일부 수집 실패: 물리 대상의 식별·연결·속도 일부를 확인하지 못했습니다, 확인된 일부 합계 다운로드 1,022.1 B/s, 업로드 1,022.1 B/s, 일부 수집 실패: 대상 identity 또는 물리 정보 일부 미확인, 활성 확인 4개 · 논리·Wi-Fi·가상 · 상태 미확인 8개, 단축키 ⌘3
AX wall=2026-10-09T01:50:39Z tick=54 id=NetworkDetail missing
AX wall=2026-10-09T01:50:39Z tick=54 id=NetworkInterface-en0 missing
AX wall=2026-10-09T01:50:39Z tick=54 id=NetworkInterface-awdl0 missing
AX wall=2026-10-09T01:50:39Z tick=54 id=DiskCard label=Disk 카드, 정상 측정, 현재 Read 0.0 B/s, Write 4.0 KB/s, 보조 정보 확인됨, 저장 공간 전체 994.7 GB, 사용 가능 840.8 GB, 사용 가능은 macOS 회수 가능한 공간 포함, 사용 중은 전체에서 사용 가능을 뺀 값이며 실제 파일 점유량이 아님, APFS 공유 공간이며 볼륨별 독점 사용량이 아님, Disk 최근 10분 그래프, Read 점선, Write 실선, 원본 범위 0–47.7 MB/s, 현재 측정, 수집 공백은 이어 그리지 않음, 단축키 ⌘4
AX wall=2026-10-09T01:50:40Z tick=55 id=NetworkCard label=Network 카드, 일부 수집 실패: 물리 대상의 식별·연결·속도 일부를 확인하지 못했습니다, 확인된 일부 합계 다운로드 4.9 KB/s, 업로드 4.9 KB/s, 일부 수집 실패: 대상 identity 또는 물리 정보 일부 미확인, 활성 확인 4개 · 논리·Wi-Fi·가상 · 상태 미확인 8개, 단축키 ⌘3
AX wall=2026-10-09T01:50:40Z tick=55 id=NetworkDetail missing
AX wall=2026-10-09T01:50:40Z tick=55 id=NetworkInterface-en0 missing
AX wall=2026-10-09T01:50:40Z tick=55 id=NetworkInterface-awdl0 missing
AX wall=2026-10-09T01:50:40Z tick=55 id=DiskCard label=Disk 카드, 정상 측정, 현재 Read 0.0 B/s, Write 19.5 KB/s, 보조 정보 확인됨, 저장 공간 전체 994.7 GB, 사용 가능 840.8 GB, 사용 가능은 macOS 회수 가능한 공간 포함, 사용 중은 전체에서 사용 가능을 뺀 값이며 실제 파일 점유량이 아님, APFS 공유 공간이며 볼륨별 독점 사용량이 아님, Disk 최근 10분 그래프, Read 점선, Write 실선, 원본 범위 0–47.7 MB/s, 현재 측정, 수집 공백은 이어 그리지 않음, 단축키 ⌘4
AX wall=2026-10-09T01:50:42Z tick=56 id=NetworkCard label=Network 카드, 일부 수집 실패: 물리 대상의 식별·연결·속도 일부를 확인하지 못했습니다, 확인된 일부 합계 다운로드 66.6 KB/s, 업로드 35.9 KB/s, 일부 수집 실패: 대상 identity 또는 물리 정보 일부 미확인, 활성 확인 4개 · 논리·Wi-Fi·가상 · 상태 미확인 8개, 단축키 ⌘3
AX wall=2026-10-09T01:50:42Z tick=56 id=NetworkDetail missing
AX wall=2026-10-09T01:50:42Z tick=56 id=NetworkInterface-en0 missing
AX wall=2026-10-09T01:50:42Z tick=56 id=NetworkInterface-awdl0 missing
AX wall=2026-10-09T01:50:42Z tick=56 id=DiskCard label=Disk 카드, 정상 측정, 현재 Read 0.0 B/s, Write 53.4 KB/s, 보조 정보 확인됨, 저장 공간 전체 994.7 GB, 사용 가능 840.8 GB, 사용 가능은 macOS 회수 가능한 공간 포함, 사용 중은 전체에서 사용 가능을 뺀 값이며 실제 파일 점유량이 아님, APFS 공유 공간이며 볼륨별 독점 사용량이 아님, Disk 최근 10분 그래프, Read 점선, Write 실선, 원본 범위 0–47.7 MB/s, 현재 측정, 수집 공백은 이어 그리지 않음, 단축키 ⌘4
AX wall=2026-10-09T01:50:43Z tick=57 id=NetworkCard label=Network 카드, 일부 수집 실패: 물리 대상의 식별·연결·속도 일부를 확인하지 못했습니다, 확인된 일부 합계 다운로드 28.0 KB/s, 업로드 0.0 B/s, 일부 수집 실패: 대상 identity 또는 물리 정보 일부 미확인, 활성 확인 4개 · 논리·Wi-Fi·가상 · 상태 미확인 8개, 단축키 ⌘3
AX wall=2026-10-09T01:50:43Z tick=57 id=NetworkDetail missing
AX wall=2026-10-09T01:50:43Z tick=57 id=NetworkInterface-en0 missing
AX wall=2026-10-09T01:50:43Z tick=57 id=NetworkInterface-awdl0 missing
AX wall=2026-10-09T01:50:43Z tick=57 id=DiskCard label=Disk 카드, 정상 측정, 현재 Read 0.0 B/s, Write 68.0 KB/s, 보조 정보 확인됨, 저장 공간 전체 994.7 GB, 사용 가능 840.8 GB, 사용 가능은 macOS 회수 가능한 공간 포함, 사용 중은 전체에서 사용 가능을 뺀 값이며 실제 파일 점유량이 아님, APFS 공유 공간이며 볼륨별 독점 사용량이 아님, Disk 최근 10분 그래프, Read 점선, Write 실선, 원본 범위 0–47.7 MB/s, 현재 측정, 수집 공백은 이어 그리지 않음, 단축키 ⌘4
AX wall=2026-10-09T01:50:44Z tick=58 id=NetworkCard label=Network 카드, 일부 수집 실패: 물리 대상의 식별·연결·속도 일부를 확인하지 못했습니다, 확인된 일부 합계 다운로드 7.0 KB/s, 업로드 1.0 KB/s, 일부 수집 실패: 대상 identity 또는 물리 정보 일부 미확인, 활성 확인 4개 · 논리·Wi-Fi·가상 · 상태 미확인 8개, 단축키 ⌘3
AX wall=2026-10-09T01:50:44Z tick=58 id=NetworkDetail missing
AX wall=2026-10-09T01:50:44Z tick=58 id=NetworkInterface-en0 missing
AX wall=2026-10-09T01:50:44Z tick=58 id=NetworkInterface-awdl0 missing
AX wall=2026-10-09T01:50:44Z tick=58 id=DiskCard label=Disk 카드, 정상 측정, 현재 Read 289.4 KB/s, Write 1.7 MB/s, 보조 정보 확인됨, 저장 공간 전체 994.7 GB, 사용 가능 840.8 GB, 사용 가능은 macOS 회수 가능한 공간 포함, 사용 중은 전체에서 사용 가능을 뺀 값이며 실제 파일 점유량이 아님, APFS 공유 공간이며 볼륨별 독점 사용량이 아님, Disk 최근 10분 그래프, Read 점선, Write 실선, 원본 범위 0–47.7 MB/s, 현재 측정, 수집 공백은 이어 그리지 않음, 단축키 ⌘4
AX wall=2026-10-09T01:50:45Z tick=59 id=NetworkCard label=Network 카드, 일부 수집 실패: 물리 대상의 식별·연결·속도 일부를 확인하지 못했습니다, 확인된 일부 합계 다운로드 33.5 KB/s, 업로드 13.8 KB/s, 일부 수집 실패: 대상 identity 또는 물리 정보 일부 미확인, 활성 확인 4개 · 논리·Wi-Fi·가상 · 상태 미확인 8개, 단축키 ⌘3
AX wall=2026-10-09T01:50:45Z tick=59 id=NetworkDetail missing
AX wall=2026-10-09T01:50:45Z tick=59 id=NetworkInterface-en0 missing
AX wall=2026-10-09T01:50:45Z tick=59 id=NetworkInterface-awdl0 missing
AX wall=2026-10-09T01:50:45Z tick=59 id=DiskCard label=Disk 카드, 정상 측정, 현재 Read 0.0 B/s, Write 35.5 KB/s, 보조 정보 확인됨, 저장 공간 전체 994.7 GB, 사용 가능 840.8 GB, 사용 가능은 macOS 회수 가능한 공간 포함, 사용 중은 전체에서 사용 가능을 뺀 값이며 실제 파일 점유량이 아님, APFS 공유 공간이며 볼륨별 독점 사용량이 아님, Disk 최근 10분 그래프, Read 점선, Write 실선, 원본 범위 0–47.7 MB/s, 현재 측정, 수집 공백은 이어 그리지 않음, 단축키 ⌘4
AX wall=2026-10-09T01:50:46Z tick=60 id=NetworkCard label=Network 카드, 일부 수집 실패: 물리 대상의 식별·연결·속도 일부를 확인하지 못했습니다, 확인된 일부 합계 다운로드 2.0 KB/s, 업로드 4.0 KB/s, 일부 수집 실패: 대상 identity 또는 물리 정보 일부 미확인, 활성 확인 4개 · 논리·Wi-Fi·가상 · 상태 미확인 8개, 단축키 ⌘3
AX wall=2026-10-09T01:50:46Z tick=60 id=NetworkDetail missing
AX wall=2026-10-09T01:50:46Z tick=60 id=NetworkInterface-en0 missing
AX wall=2026-10-09T01:50:46Z tick=60 id=NetworkInterface-awdl0 missing
AX wall=2026-10-09T01:50:46Z tick=60 id=DiskCard label=Disk 카드, 정상 측정, 현재 Read 2.0 MB/s, Write 32.0 KB/s, 보조 정보 확인됨, 저장 공간 전체 994.7 GB, 사용 가능 840.8 GB, 사용 가능은 macOS 회수 가능한 공간 포함, 사용 중은 전체에서 사용 가능을 뺀 값이며 실제 파일 점유량이 아님, APFS 공유 공간이며 볼륨별 독점 사용량이 아님, Disk 최근 10분 그래프, Read 점선, Write 실선, 원본 범위 0–47.7 MB/s, 현재 측정, 수집 공백은 이어 그리지 않음, 단축키 ⌘4
AX wall=2026-10-09T01:50:47Z tick=61 id=NetworkCard label=Network 카드, 일부 수집 실패: 물리 대상의 식별·연결·속도 일부를 확인하지 못했습니다, 확인된 일부 합계 다운로드 12.0 KB/s, 업로드 248.8 KB/s, 일부 수집 실패: 대상 identity 또는 물리 정보 일부 미확인, 활성 확인 4개 · 논리·Wi-Fi·가상 · 상태 미확인 8개, 단축키 ⌘3
AX wall=2026-10-09T01:50:47Z tick=61 id=NetworkDetail missing
AX wall=2026-10-09T01:50:47Z tick=61 id=NetworkInterface-en0 missing
AX wall=2026-10-09T01:50:47Z tick=61 id=NetworkInterface-awdl0 missing
AX wall=2026-10-09T01:50:47Z tick=61 id=DiskCard label=Disk 카드, 정상 측정, 현재 Read 1.9 MB/s, Write 0.0 B/s, 보조 정보 확인됨, 저장 공간 전체 994.7 GB, 사용 가능 840.8 GB, 사용 가능은 macOS 회수 가능한 공간 포함, 사용 중은 전체에서 사용 가능을 뺀 값이며 실제 파일 점유량이 아님, APFS 공유 공간이며 볼륨별 독점 사용량이 아님, Disk 최근 10분 그래프, Read 점선, Write 실선, 원본 범위 0–47.7 MB/s, 현재 측정, 수집 공백은 이어 그리지 않음, 단축키 ⌘4
AX wall=2026-10-09T01:50:48Z tick=62 id=NetworkCard label=Network 카드, 일부 수집 실패: 물리 대상의 식별·연결·속도 일부를 확인하지 못했습니다, 확인된 일부 합계 다운로드 73.3 KB/s, 업로드 3.0 KB/s, 일부 수집 실패: 대상 identity 또는 물리 정보 일부 미확인, 활성 확인 4개 · 논리·Wi-Fi·가상 · 상태 미확인 8개, 단축키 ⌘3
AX wall=2026-10-09T01:50:48Z tick=62 id=NetworkDetail missing
AX wall=2026-10-09T01:50:48Z tick=62 id=NetworkInterface-en0 missing
AX wall=2026-10-09T01:50:48Z tick=62 id=NetworkInterface-awdl0 missing
AX wall=2026-10-09T01:50:48Z tick=62 id=DiskCard label=Disk 카드, 정상 측정, 현재 Read 20.1 KB/s, Write 0.0 B/s, 보조 정보 확인됨, 저장 공간 전체 994.7 GB, 사용 가능 840.8 GB, 사용 가능은 macOS 회수 가능한 공간 포함, 사용 중은 전체에서 사용 가능을 뺀 값이며 실제 파일 점유량이 아님, APFS 공유 공간이며 볼륨별 독점 사용량이 아님, Disk 최근 10분 그래프, Read 점선, Write 실선, 원본 범위 0–47.7 MB/s, 현재 측정, 수집 공백은 이어 그리지 않음, 단축키 ⌘4
AX wall=2026-10-09T01:50:49Z tick=63 id=NetworkCard label=Network 카드, 일부 수집 실패: 물리 대상의 식별·연결·속도 일부를 확인하지 못했습니다, 확인된 일부 합계 다운로드 3.0 KB/s, 업로드 1,016.3 B/s, 일부 수집 실패: 대상 identity 또는 물리 정보 일부 미확인, 활성 확인 4개 · 논리·Wi-Fi·가상 · 상태 미확인 8개, 단축키 ⌘3
AX wall=2026-10-09T01:50:49Z tick=63 id=NetworkDetail missing
AX wall=2026-10-09T01:50:49Z tick=63 id=NetworkInterface-en0 missing
AX wall=2026-10-09T01:50:49Z tick=63 id=NetworkInterface-awdl0 missing
AX wall=2026-10-09T01:50:49Z tick=63 id=DiskCard label=Disk 카드, 정상 측정, 현재 Read 0.0 B/s, Write 0.0 B/s, 보조 정보 확인됨, 저장 공간 전체 994.7 GB, 사용 가능 840.8 GB, 사용 가능은 macOS 회수 가능한 공간 포함, 사용 중은 전체에서 사용 가능을 뺀 값이며 실제 파일 점유량이 아님, APFS 공유 공간이며 볼륨별 독점 사용량이 아님, Disk 최근 10분 그래프, Read 점선, Write 실선, 원본 범위 0–47.7 MB/s, 현재 측정, 수집 공백은 이어 그리지 않음, 단축키 ⌘4
AX wall=2026-10-09T01:50:50Z tick=64 id=NetworkCard label=Network 카드, 일부 수집 실패: 물리 대상의 식별·연결·속도 일부를 확인하지 못했습니다, 확인된 일부 합계 다운로드 15.4 KB/s, 업로드 8.2 KB/s, 일부 수집 실패: 대상 identity 또는 물리 정보 일부 미확인, 활성 확인 4개 · 논리·Wi-Fi·가상 · 상태 미확인 8개, 단축키 ⌘3
AX wall=2026-10-09T01:50:50Z tick=64 id=NetworkDetail missing
AX wall=2026-10-09T01:50:50Z tick=64 id=NetworkInterface-en0 missing
AX wall=2026-10-09T01:50:50Z tick=64 id=NetworkInterface-awdl0 missing
AX wall=2026-10-09T01:50:50Z tick=64 id=DiskCard label=Disk 카드, 정상 측정, 현재 Read 0.0 B/s, Write 658.2 KB/s, 보조 정보 확인됨, 저장 공간 전체 994.7 GB, 사용 가능 840.8 GB, 사용 가능은 macOS 회수 가능한 공간 포함, 사용 중은 전체에서 사용 가능을 뺀 값이며 실제 파일 점유량이 아님, APFS 공유 공간이며 볼륨별 독점 사용량이 아님, Disk 최근 10분 그래프, Read 점선, Write 실선, 원본 범위 0–47.7 MB/s, 현재 측정, 수집 공백은 이어 그리지 않음, 단축키 ⌘4
