Command line invocation:
    /Applications/Xcode.app/Contents/Developer/usr/bin/xcodebuild -project ResourceRunner.xcodeproj -scheme ResourceRunner -configuration Release -derivedDataPath /tmp/ResourceRunner-M3-task011-retry-release CODE_SIGNING_ALLOWED=NO build

Build settings from command line:
    CODE_SIGNING_ALLOWED = NO

2026-10-02 23:54:45.927 xcodebuild[73094:47932087] [MT] IDERunDestination: Supported platforms for the buildables in the current scheme is empty.
--- xcodebuild: WARNING: Using the first of multiple matching destinations:
{ platform:macOS, arch:arm64, id:00006034-000811520144001C, name:My Mac }
{ platform:macOS, name:Any Mac }
ComputePackagePrebuildTargetDependencyGraph

Prepare packages

CreateBuildRequest

SendProjectDescription

CreateBuildOperation

ComputeTargetDependencyGraph
note: Building targets in dependency order
note: Target dependency graph (1 target)
    Target 'ResourceRunner' in project 'ResourceRunner' (no dependencies)

GatherProvisioningInputs

CreateBuildDescription

ExecuteExternalTool /Applications/Xcode.app/Contents/Developer/Toolchains/XcodeDefault.xctoolchain/usr/bin/clang -v -E -dM -isysroot /Applications/Xcode.app/Contents/Developer/Platforms/MacOSX.platform/Developer/SDKs/MacOSX26.5.sdk -x c -c /dev/null

ExecuteExternalTool /Applications/Xcode.app/Contents/Developer/usr/bin/actool --version --output-format xml1

ExecuteExternalTool /Applications/Xcode.app/Contents/Developer/Toolchains/XcodeDefault.xctoolchain/usr/bin/swiftc --version

ExecuteExternalTool /Applications/Xcode.app/Contents/Developer/Toolchains/XcodeDefault.xctoolchain/usr/bin/ld -version_details

Build description signature: 81f68ac84ae3b065b400ae9090d66775
Build description path: /tmp/ResourceRunner-M3-task011-retry-release/Build/Intermediates.noindex/XCBuildData/81f68ac84ae3b065b400ae9090d66775.xcbuilddata
ClangStatCache /Applications/Xcode.app/Contents/Developer/Toolchains/XcodeDefault.xctoolchain/usr/bin/clang-stat-cache /Applications/Xcode.app/Contents/Developer/Platforms/MacOSX.platform/Developer/SDKs/MacOSX26.5.sdk /tmp/ResourceRunner-M3-task011-retry-release/SDKStatCaches.noindex/macosx26.5-25F70-e082c4a02f00227109f4ed75e425c832.sdkstatcache
    cd /Users/zipkero/XcodeProjects/ResourceRunner/ResourceRunner.xcodeproj
    /Applications/Xcode.app/Contents/Developer/Toolchains/XcodeDefault.xctoolchain/usr/bin/clang-stat-cache /Applications/Xcode.app/Contents/Developer/Platforms/MacOSX.platform/Developer/SDKs/MacOSX26.5.sdk -o /tmp/ResourceRunner-M3-task011-retry-release/SDKStatCaches.noindex/macosx26.5-25F70-e082c4a02f00227109f4ed75e425c832.sdkstatcache

CreateBuildDirectory /tmp/ResourceRunner-M3-task011-retry-release/Build/Products
    cd /Users/zipkero/XcodeProjects/ResourceRunner/ResourceRunner.xcodeproj
    builtin-create-build-directory /tmp/ResourceRunner-M3-task011-retry-release/Build/Products

CreateBuildDirectory /tmp/ResourceRunner-M3-task011-retry-release/Build/Intermediates.noindex
    cd /Users/zipkero/XcodeProjects/ResourceRunner/ResourceRunner.xcodeproj
    builtin-create-build-directory /tmp/ResourceRunner-M3-task011-retry-release/Build/Intermediates.noindex

CreateBuildDirectory /tmp/ResourceRunner-M3-task011-retry-release/Build/Intermediates.noindex/SwiftExplicitPrecompiledModules
    cd /Users/zipkero/XcodeProjects/ResourceRunner/ResourceRunner.xcodeproj
    builtin-create-build-directory /tmp/ResourceRunner-M3-task011-retry-release/Build/Intermediates.noindex/SwiftExplicitPrecompiledModules

CreateBuildDirectory /tmp/ResourceRunner-M3-task011-retry-release/Build/Intermediates.noindex/ExplicitPrecompiledModules
    cd /Users/zipkero/XcodeProjects/ResourceRunner/ResourceRunner.xcodeproj
    builtin-create-build-directory /tmp/ResourceRunner-M3-task011-retry-release/Build/Intermediates.noindex/ExplicitPrecompiledModules

CreateBuildDirectory /tmp/ResourceRunner-M3-task011-retry-release/Build/Intermediates.noindex/EagerLinkingTBDs/Release
    cd /Users/zipkero/XcodeProjects/ResourceRunner/ResourceRunner.xcodeproj
    builtin-create-build-directory /tmp/ResourceRunner-M3-task011-retry-release/Build/Intermediates.noindex/EagerLinkingTBDs/Release

CreateBuildDirectory /tmp/ResourceRunner-M3-task011-retry-release/Build/Products/Release
    cd /Users/zipkero/XcodeProjects/ResourceRunner/ResourceRunner.xcodeproj
    builtin-create-build-directory /tmp/ResourceRunner-M3-task011-retry-release/Build/Products/Release

WriteAuxiliaryFile /tmp/ResourceRunner-M3-task011-retry-release/Build/Intermediates.noindex/ResourceRunner.build/Release/ResourceRunner-8c3503f0990367d409751a2585fa2393-VFS/all-product-headers.yaml
    cd /Users/zipkero/XcodeProjects/ResourceRunner/ResourceRunner.xcodeproj
    write-file /tmp/ResourceRunner-M3-task011-retry-release/Build/Intermediates.noindex/ResourceRunner.build/Release/ResourceRunner-8c3503f0990367d409751a2585fa2393-VFS/all-product-headers.yaml

WriteAuxiliaryFile /tmp/ResourceRunner-M3-task011-retry-release/Build/Intermediates.noindex/ResourceRunner.build/Release/ResourceRunner.build/empty-ResourceRunner.plist (in target 'ResourceRunner' from project 'ResourceRunner')
    cd /Users/zipkero/XcodeProjects/ResourceRunner
    write-file /tmp/ResourceRunner-M3-task011-retry-release/Build/Intermediates.noindex/ResourceRunner.build/Release/ResourceRunner.build/empty-ResourceRunner.plist

WriteAuxiliaryFile /tmp/ResourceRunner-M3-task011-retry-release/Build/Intermediates.noindex/ResourceRunner.build/Release/ResourceRunner.build/ResourceRunner-generated-files.hmap (in target 'ResourceRunner' from project 'ResourceRunner')
    cd /Users/zipkero/XcodeProjects/ResourceRunner
    write-file /tmp/ResourceRunner-M3-task011-retry-release/Build/Intermediates.noindex/ResourceRunner.build/Release/ResourceRunner.build/ResourceRunner-generated-files.hmap

WriteAuxiliaryFile /tmp/ResourceRunner-M3-task011-retry-release/Build/Intermediates.noindex/ResourceRunner.build/Release/ResourceRunner.build/ResourceRunner-all-non-framework-target-headers.hmap (in target 'ResourceRunner' from project 'ResourceRunner')
    cd /Users/zipkero/XcodeProjects/ResourceRunner
    write-file /tmp/ResourceRunner-M3-task011-retry-release/Build/Intermediates.noindex/ResourceRunner.build/Release/ResourceRunner.build/ResourceRunner-all-non-framework-target-headers.hmap

WriteAuxiliaryFile /tmp/ResourceRunner-M3-task011-retry-release/Build/Intermediates.noindex/ResourceRunner.build/Release/ResourceRunner.build/ResourceRunner-all-target-headers.hmap (in target 'ResourceRunner' from project 'ResourceRunner')
    cd /Users/zipkero/XcodeProjects/ResourceRunner
    write-file /tmp/ResourceRunner-M3-task011-retry-release/Build/Intermediates.noindex/ResourceRunner.build/Release/ResourceRunner.build/ResourceRunner-all-target-headers.hmap

WriteAuxiliaryFile /tmp/ResourceRunner-M3-task011-retry-release/Build/Intermediates.noindex/ResourceRunner.build/Release/ResourceRunner.build/ResourceRunner-project-headers.hmap (in target 'ResourceRunner' from project 'ResourceRunner')
    cd /Users/zipkero/XcodeProjects/ResourceRunner
    write-file /tmp/ResourceRunner-M3-task011-retry-release/Build/Intermediates.noindex/ResourceRunner.build/Release/ResourceRunner.build/ResourceRunner-project-headers.hmap

WriteAuxiliaryFile /tmp/ResourceRunner-M3-task011-retry-release/Build/Intermediates.noindex/ResourceRunner.build/Release/ResourceRunner.build/ResourceRunner.hmap (in target 'ResourceRunner' from project 'ResourceRunner')
    cd /Users/zipkero/XcodeProjects/ResourceRunner
    write-file /tmp/ResourceRunner-M3-task011-retry-release/Build/Intermediates.noindex/ResourceRunner.build/Release/ResourceRunner.build/ResourceRunner.hmap

WriteAuxiliaryFile /tmp/ResourceRunner-M3-task011-retry-release/Build/Intermediates.noindex/ResourceRunner.build/Release/ResourceRunner.build/ResourceRunner-own-target-headers.hmap (in target 'ResourceRunner' from project 'ResourceRunner')
    cd /Users/zipkero/XcodeProjects/ResourceRunner
    write-file /tmp/ResourceRunner-M3-task011-retry-release/Build/Intermediates.noindex/ResourceRunner.build/Release/ResourceRunner.build/ResourceRunner-own-target-headers.hmap

WriteAuxiliaryFile /tmp/ResourceRunner-M3-task011-retry-release/Build/Intermediates.noindex/ResourceRunner.build/Release/ResourceRunner.build/ResourceRunner.DependencyStaticMetadataFileList (in target 'ResourceRunner' from project 'ResourceRunner')
    cd /Users/zipkero/XcodeProjects/ResourceRunner
    write-file /tmp/ResourceRunner-M3-task011-retry-release/Build/Intermediates.noindex/ResourceRunner.build/Release/ResourceRunner.build/ResourceRunner.DependencyStaticMetadataFileList

WriteAuxiliaryFile /tmp/ResourceRunner-M3-task011-retry-release/Build/Intermediates.noindex/ResourceRunner.build/Release/ResourceRunner.build/Objects-normal/arm64/ResourceRunner_const_extract_protocols.json (in target 'ResourceRunner' from project 'ResourceRunner')
    cd /Users/zipkero/XcodeProjects/ResourceRunner
    write-file /tmp/ResourceRunner-M3-task011-retry-release/Build/Intermediates.noindex/ResourceRunner.build/Release/ResourceRunner.build/Objects-normal/arm64/ResourceRunner_const_extract_protocols.json

WriteAuxiliaryFile /tmp/ResourceRunner-M3-task011-retry-release/Build/Intermediates.noindex/ResourceRunner.build/Release/ResourceRunner.build/Objects-normal/arm64/ResourceRunner.SwiftFileList (in target 'ResourceRunner' from project 'ResourceRunner')
    cd /Users/zipkero/XcodeProjects/ResourceRunner
    write-file /tmp/ResourceRunner-M3-task011-retry-release/Build/Intermediates.noindex/ResourceRunner.build/Release/ResourceRunner.build/Objects-normal/arm64/ResourceRunner.SwiftFileList

WriteAuxiliaryFile /tmp/ResourceRunner-M3-task011-retry-release/Build/Intermediates.noindex/ResourceRunner.build/Release/ResourceRunner.build/Objects-normal/arm64/ResourceRunner.LinkFileList (in target 'ResourceRunner' from project 'ResourceRunner')
    cd /Users/zipkero/XcodeProjects/ResourceRunner
    write-file /tmp/ResourceRunner-M3-task011-retry-release/Build/Intermediates.noindex/ResourceRunner.build/Release/ResourceRunner.build/Objects-normal/arm64/ResourceRunner.LinkFileList

WriteAuxiliaryFile /tmp/ResourceRunner-M3-task011-retry-release/Build/Intermediates.noindex/ResourceRunner.build/Release/ResourceRunner.build/Objects-normal/arm64/ResourceRunner-OutputFileMap.json (in target 'ResourceRunner' from project 'ResourceRunner')
    cd /Users/zipkero/XcodeProjects/ResourceRunner
    write-file /tmp/ResourceRunner-M3-task011-retry-release/Build/Intermediates.noindex/ResourceRunner.build/Release/ResourceRunner.build/Objects-normal/arm64/ResourceRunner-OutputFileMap.json

WriteAuxiliaryFile /tmp/ResourceRunner-M3-task011-retry-release/Build/Intermediates.noindex/ResourceRunner.build/Release/ResourceRunner.build/Objects-normal/arm64/ResourceRunner.SwiftConstValuesFileList (in target 'ResourceRunner' from project 'ResourceRunner')
    cd /Users/zipkero/XcodeProjects/ResourceRunner
    write-file /tmp/ResourceRunner-M3-task011-retry-release/Build/Intermediates.noindex/ResourceRunner.build/Release/ResourceRunner.build/Objects-normal/arm64/ResourceRunner.SwiftConstValuesFileList

WriteAuxiliaryFile /tmp/ResourceRunner-M3-task011-retry-release/Build/Intermediates.noindex/ResourceRunner.build/Release/ResourceRunner.build/ResourceRunner.DependencyMetadataFileList (in target 'ResourceRunner' from project 'ResourceRunner')
    cd /Users/zipkero/XcodeProjects/ResourceRunner
    write-file /tmp/ResourceRunner-M3-task011-retry-release/Build/Intermediates.noindex/ResourceRunner.build/Release/ResourceRunner.build/ResourceRunner.DependencyMetadataFileList

MkDir /tmp/ResourceRunner-M3-task011-retry-release/Build/Products/Release/ResourceRunner.app/Contents (in target 'ResourceRunner' from project 'ResourceRunner')
    cd /Users/zipkero/XcodeProjects/ResourceRunner
    /bin/mkdir -p /tmp/ResourceRunner-M3-task011-retry-release/Build/Products/Release/ResourceRunner.app/Contents

MkDir /tmp/ResourceRunner-M3-task011-retry-release/Build/Products/Release/ResourceRunner.app (in target 'ResourceRunner' from project 'ResourceRunner')
    cd /Users/zipkero/XcodeProjects/ResourceRunner
    /bin/mkdir -p /tmp/ResourceRunner-M3-task011-retry-release/Build/Products/Release/ResourceRunner.app

MkDir /tmp/ResourceRunner-M3-task011-retry-release/Build/Products/Release/ResourceRunner.app/Contents/Resources (in target 'ResourceRunner' from project 'ResourceRunner')
    cd /Users/zipkero/XcodeProjects/ResourceRunner
    /bin/mkdir -p /tmp/ResourceRunner-M3-task011-retry-release/Build/Products/Release/ResourceRunner.app/Contents/Resources

MkDir /tmp/ResourceRunner-M3-task011-retry-release/Build/Products/Release/ResourceRunner.app/Contents/MacOS (in target 'ResourceRunner' from project 'ResourceRunner')
    cd /Users/zipkero/XcodeProjects/ResourceRunner
    /bin/mkdir -p /tmp/ResourceRunner-M3-task011-retry-release/Build/Products/Release/ResourceRunner.app/Contents/MacOS

MkDir /tmp/ResourceRunner-M3-task011-retry-release/Build/Intermediates.noindex/ResourceRunner.build/Release/ResourceRunner.build/assetcatalog_output/thinned (in target 'ResourceRunner' from project 'ResourceRunner')
    cd /Users/zipkero/XcodeProjects/ResourceRunner
    /bin/mkdir -p /tmp/ResourceRunner-M3-task011-retry-release/Build/Intermediates.noindex/ResourceRunner.build/Release/ResourceRunner.build/assetcatalog_output/thinned

MkDir /tmp/ResourceRunner-M3-task011-retry-release/Build/Intermediates.noindex/ResourceRunner.build/Release/ResourceRunner.build/assetcatalog_output/unthinned (in target 'ResourceRunner' from project 'ResourceRunner')
    cd /Users/zipkero/XcodeProjects/ResourceRunner
    /bin/mkdir -p /tmp/ResourceRunner-M3-task011-retry-release/Build/Intermediates.noindex/ResourceRunner.build/Release/ResourceRunner.build/assetcatalog_output/unthinned

GenerateAssetSymbols /Users/zipkero/XcodeProjects/ResourceRunner/ResourceRunner/Assets.xcassets (in target 'ResourceRunner' from project 'ResourceRunner')
    cd /Users/zipkero/XcodeProjects/ResourceRunner
    /Applications/Xcode.app/Contents/Developer/usr/bin/actool /Users/zipkero/XcodeProjects/ResourceRunner/ResourceRunner/Assets.xcassets --compile /tmp/ResourceRunner-M3-task011-retry-release/Build/Products/Release/ResourceRunner.app/Contents/Resources --output-format human-readable-text --notices --warnings --export-dependency-info /tmp/ResourceRunner-M3-task011-retry-release/Build/Intermediates.noindex/ResourceRunner.build/Release/ResourceRunner.build/assetcatalog_dependencies --output-partial-info-plist /tmp/ResourceRunner-M3-task011-retry-release/Build/Intermediates.noindex/ResourceRunner.build/Release/ResourceRunner.build/assetcatalog_generated_info.plist --app-icon AppIcon --accent-color AccentColor --enable-on-demand-resources NO --development-region en --target-device mac --minimum-deployment-target 26.5 --platform macosx --bundle-identifier com.zipkero.ResourceRunner --generate-swift-asset-symbols /tmp/ResourceRunner-M3-task011-retry-release/Build/Intermediates.noindex/ResourceRunner.build/Release/ResourceRunner.build/DerivedSources/GeneratedAssetSymbols.swift --generate-objc-asset-symbols /tmp/ResourceRunner-M3-task011-retry-release/Build/Intermediates.noindex/ResourceRunner.build/Release/ResourceRunner.build/DerivedSources/GeneratedAssetSymbols.h --generate-asset-symbol-index /tmp/ResourceRunner-M3-task011-retry-release/Build/Intermediates.noindex/ResourceRunner.build/Release/ResourceRunner.build/DerivedSources/GeneratedAssetSymbols-Index.plist
/* com.apple.actool.compilation-results */
/tmp/ResourceRunner-M3-task011-retry-release/Build/Intermediates.noindex/ResourceRunner.build/Release/ResourceRunner.build/DerivedSources/GeneratedAssetSymbols-Index.plist
/tmp/ResourceRunner-M3-task011-retry-release/Build/Intermediates.noindex/ResourceRunner.build/Release/ResourceRunner.build/DerivedSources/GeneratedAssetSymbols.h
/tmp/ResourceRunner-M3-task011-retry-release/Build/Intermediates.noindex/ResourceRunner.build/Release/ResourceRunner.build/DerivedSources/GeneratedAssetSymbols.swift


CompileAssetCatalogVariant thinned /tmp/ResourceRunner-M3-task011-retry-release/Build/Products/Release/ResourceRunner.app/Contents/Resources /Users/zipkero/XcodeProjects/ResourceRunner/ResourceRunner/Assets.xcassets (in target 'ResourceRunner' from project 'ResourceRunner')
    cd /Users/zipkero/XcodeProjects/ResourceRunner
    /Applications/Xcode.app/Contents/Developer/usr/bin/actool /Users/zipkero/XcodeProjects/ResourceRunner/ResourceRunner/Assets.xcassets --compile /tmp/ResourceRunner-M3-task011-retry-release/Build/Intermediates.noindex/ResourceRunner.build/Release/ResourceRunner.build/assetcatalog_output/thinned --output-format human-readable-text --notices --warnings --export-dependency-info /tmp/ResourceRunner-M3-task011-retry-release/Build/Intermediates.noindex/ResourceRunner.build/Release/ResourceRunner.build/assetcatalog_dependencies_thinned --output-partial-info-plist /tmp/ResourceRunner-M3-task011-retry-release/Build/Intermediates.noindex/ResourceRunner.build/Release/ResourceRunner.build/assetcatalog_generated_info.plist_thinned --app-icon AppIcon --accent-color AccentColor --enable-on-demand-resources NO --development-region en --target-device mac --minimum-deployment-target 26.5 --platform macosx
/* com.apple.actool.compilation-results */
/tmp/ResourceRunner-M3-task011-retry-release/Build/Intermediates.noindex/ResourceRunner.build/Release/ResourceRunner.build/assetcatalog_generated_info.plist_thinned
/tmp/ResourceRunner-M3-task011-retry-release/Build/Intermediates.noindex/ResourceRunner.build/Release/ResourceRunner.build/assetcatalog_output/thinned/Assets.car


LinkAssetCatalog /Users/zipkero/XcodeProjects/ResourceRunner/ResourceRunner/Assets.xcassets (in target 'ResourceRunner' from project 'ResourceRunner')
    cd /Users/zipkero/XcodeProjects/ResourceRunner
    builtin-linkAssetCatalog --thinned /tmp/ResourceRunner-M3-task011-retry-release/Build/Intermediates.noindex/ResourceRunner.build/Release/ResourceRunner.build/assetcatalog_output/thinned --thinned-dependencies /tmp/ResourceRunner-M3-task011-retry-release/Build/Intermediates.noindex/ResourceRunner.build/Release/ResourceRunner.build/assetcatalog_dependencies_thinned --thinned-info-plist-content /tmp/ResourceRunner-M3-task011-retry-release/Build/Intermediates.noindex/ResourceRunner.build/Release/ResourceRunner.build/assetcatalog_generated_info.plist_thinned --unthinned /tmp/ResourceRunner-M3-task011-retry-release/Build/Intermediates.noindex/ResourceRunner.build/Release/ResourceRunner.build/assetcatalog_output/unthinned --unthinned-dependencies /tmp/ResourceRunner-M3-task011-retry-release/Build/Intermediates.noindex/ResourceRunner.build/Release/ResourceRunner.build/assetcatalog_dependencies_unthinned --unthinned-info-plist-content /tmp/ResourceRunner-M3-task011-retry-release/Build/Intermediates.noindex/ResourceRunner.build/Release/ResourceRunner.build/assetcatalog_generated_info.plist_unthinned --output /tmp/ResourceRunner-M3-task011-retry-release/Build/Products/Release/ResourceRunner.app/Contents/Resources --plist-output /tmp/ResourceRunner-M3-task011-retry-release/Build/Intermediates.noindex/ResourceRunner.build/Release/ResourceRunner.build/assetcatalog_generated_info.plist
note: Emplaced /tmp/ResourceRunner-M3-task011-retry-release/Build/Products/Release/ResourceRunner.app/Contents/Resources/Assets.car (in target 'ResourceRunner' from project 'ResourceRunner')

ProcessInfoPlistFile /tmp/ResourceRunner-M3-task011-retry-release/Build/Products/Release/ResourceRunner.app/Contents/Info.plist /tmp/ResourceRunner-M3-task011-retry-release/Build/Intermediates.noindex/ResourceRunner.build/Release/ResourceRunner.build/empty-ResourceRunner.plist (in target 'ResourceRunner' from project 'ResourceRunner')
    cd /Users/zipkero/XcodeProjects/ResourceRunner
    builtin-infoPlistUtility /tmp/ResourceRunner-M3-task011-retry-release/Build/Intermediates.noindex/ResourceRunner.build/Release/ResourceRunner.build/empty-ResourceRunner.plist -producttype com.apple.product-type.application -genpkginfo /tmp/ResourceRunner-M3-task011-retry-release/Build/Products/Release/ResourceRunner.app/Contents/PkgInfo -expandbuildsettings -platform macosx -additionalcontentfile /tmp/ResourceRunner-M3-task011-retry-release/Build/Intermediates.noindex/ResourceRunner.build/Release/ResourceRunner.build/assetcatalog_generated_info.plist -o /tmp/ResourceRunner-M3-task011-retry-release/Build/Products/Release/ResourceRunner.app/Contents/Info.plist

SwiftDriver ResourceRunner normal arm64 com.apple.xcode.tools.swift.compiler (in target 'ResourceRunner' from project 'ResourceRunner')
    cd /Users/zipkero/XcodeProjects/ResourceRunner
    builtin-SwiftDriver -- /Applications/Xcode.app/Contents/Developer/Toolchains/XcodeDefault.xctoolchain/usr/bin/swiftc -module-name ResourceRunner -O -whole-module-optimization @/tmp/ResourceRunner-M3-task011-retry-release/Build/Intermediates.noindex/ResourceRunner.build/Release/ResourceRunner.build/Objects-normal/arm64/ResourceRunner.SwiftFileList -default-isolation\=MainActor -enable-bare-slash-regex -enable-upcoming-feature DisableOutwardActorInference -enable-upcoming-feature InferSendableFromCaptures -enable-upcoming-feature GlobalActorIsolatedTypesUsability -enable-upcoming-feature MemberImportVisibility -enable-upcoming-feature InferIsolatedConformances -enable-upcoming-feature NonisolatedNonsendingByDefault -enable-experimental-feature DebugDescriptionMacro -sdk /Applications/Xcode.app/Contents/Developer/Platforms/MacOSX.platform/Developer/SDKs/MacOSX26.5.sdk -target arm64-apple-macos26.5 -g -module-cache-path /tmp/ResourceRunner-M3-task011-retry-release/ModuleCache.noindex -Xfrontend -serialize-debugging-options -profile-coverage-mapping -profile-generate -swift-version 5 -I /tmp/ResourceRunner-M3-task011-retry-release/Build/Products/Release -F /tmp/ResourceRunner-M3-task011-retry-release/Build/Products/Release -emit-localized-strings -emit-localized-strings-path /tmp/ResourceRunner-M3-task011-retry-release/Build/Intermediates.noindex/ResourceRunner.build/Release/ResourceRunner.build/Objects-normal/arm64 -c -num-threads 14 -Xcc -ivfsstatcache -Xcc /tmp/ResourceRunner-M3-task011-retry-release/SDKStatCaches.noindex/macosx26.5-25F70-e082c4a02f00227109f4ed75e425c832.sdkstatcache -output-file-map /tmp/ResourceRunner-M3-task011-retry-release/Build/Intermediates.noindex/ResourceRunner.build/Release/ResourceRunner.build/Objects-normal/arm64/ResourceRunner-OutputFileMap.json -use-frontend-parseable-output -save-temps -no-color-diagnostics -explicit-module-build -module-cache-path /tmp/ResourceRunner-M3-task011-retry-release/Build/Intermediates.noindex/SwiftExplicitPrecompiledModules -clang-scanner-module-cache-path /tmp/ResourceRunner-M3-task011-retry-release/ModuleCache.noindex -sdk-module-cache-path /tmp/ResourceRunner-M3-task011-retry-release/ModuleCache.noindex -serialize-diagnostics -emit-dependencies -emit-module -emit-module-path /tmp/ResourceRunner-M3-task011-retry-release/Build/Intermediates.noindex/ResourceRunner.build/Release/ResourceRunner.build/Objects-normal/arm64/ResourceRunner.swiftmodule -validate-clang-modules-once -clang-build-session-file /tmp/ResourceRunner-M3-task011-retry-release/ModuleCache.noindex/Session.modulevalidation -Xcc -I/tmp/ResourceRunner-M3-task011-retry-release/Build/Intermediates.noindex/ResourceRunner.build/Release/ResourceRunner.build/swift-overrides.hmap -emit-const-values -Xfrontend -const-gather-protocols-file -Xfrontend /tmp/ResourceRunner-M3-task011-retry-release/Build/Intermediates.noindex/ResourceRunner.build/Release/ResourceRunner.build/Objects-normal/arm64/ResourceRunner_const_extract_protocols.json -Xcc -iquote -Xcc /tmp/ResourceRunner-M3-task011-retry-release/Build/Intermediates.noindex/ResourceRunner.build/Release/ResourceRunner.build/ResourceRunner-generated-files.hmap -Xcc -I/tmp/ResourceRunner-M3-task011-retry-release/Build/Intermediates.noindex/ResourceRunner.build/Release/ResourceRunner.build/ResourceRunner-own-target-headers.hmap -Xcc -I/tmp/ResourceRunner-M3-task011-retry-release/Build/Intermediates.noindex/ResourceRunner.build/Release/ResourceRunner.build/ResourceRunner-all-target-headers.hmap -Xcc -iquote -Xcc /tmp/ResourceRunner-M3-task011-retry-release/Build/Intermediates.noindex/ResourceRunner.build/Release/ResourceRunner.build/ResourceRunner-project-headers.hmap -Xcc -I/tmp/ResourceRunner-M3-task011-retry-release/Build/Products/Release/include -Xcc -I/tmp/ResourceRunner-M3-task011-retry-release/Build/Intermediates.noindex/ResourceRunner.build/Release/ResourceRunner.build/DerivedSources-normal/arm64 -Xcc -I/tmp/ResourceRunner-M3-task011-retry-release/Build/Intermediates.noindex/ResourceRunner.build/Release/ResourceRunner.build/DerivedSources/arm64 -Xcc -I/tmp/ResourceRunner-M3-task011-retry-release/Build/Intermediates.noindex/ResourceRunner.build/Release/ResourceRunner.build/DerivedSources -emit-objc-header -emit-objc-header-path /tmp/ResourceRunner-M3-task011-retry-release/Build/Intermediates.noindex/ResourceRunner.build/Release/ResourceRunner.build/Objects-normal/arm64/ResourceRunner-Swift.h -working-directory /Users/zipkero/XcodeProjects/ResourceRunner -no-emit-module-separately-wmo

SwiftDriver\ Compilation ResourceRunner normal arm64 com.apple.xcode.tools.swift.compiler (in target 'ResourceRunner' from project 'ResourceRunner')
    cd /Users/zipkero/XcodeProjects/ResourceRunner
    builtin-Swift-Compilation -- /Applications/Xcode.app/Contents/Developer/Toolchains/XcodeDefault.xctoolchain/usr/bin/swiftc -module-name ResourceRunner -O -whole-module-optimization @/tmp/ResourceRunner-M3-task011-retry-release/Build/Intermediates.noindex/ResourceRunner.build/Release/ResourceRunner.build/Objects-normal/arm64/ResourceRunner.SwiftFileList -default-isolation\=MainActor -enable-bare-slash-regex -enable-upcoming-feature DisableOutwardActorInference -enable-upcoming-feature InferSendableFromCaptures -enable-upcoming-feature GlobalActorIsolatedTypesUsability -enable-upcoming-feature MemberImportVisibility -enable-upcoming-feature InferIsolatedConformances -enable-upcoming-feature NonisolatedNonsendingByDefault -enable-experimental-feature DebugDescriptionMacro -sdk /Applications/Xcode.app/Contents/Developer/Platforms/MacOSX.platform/Developer/SDKs/MacOSX26.5.sdk -target arm64-apple-macos26.5 -g -module-cache-path /tmp/ResourceRunner-M3-task011-retry-release/ModuleCache.noindex -Xfrontend -serialize-debugging-options -profile-coverage-mapping -profile-generate -swift-version 5 -I /tmp/ResourceRunner-M3-task011-retry-release/Build/Products/Release -F /tmp/ResourceRunner-M3-task011-retry-release/Build/Products/Release -emit-localized-strings -emit-localized-strings-path /tmp/ResourceRunner-M3-task011-retry-release/Build/Intermediates.noindex/ResourceRunner.build/Release/ResourceRunner.build/Objects-normal/arm64 -c -num-threads 14 -Xcc -ivfsstatcache -Xcc /tmp/ResourceRunner-M3-task011-retry-release/SDKStatCaches.noindex/macosx26.5-25F70-e082c4a02f00227109f4ed75e425c832.sdkstatcache -output-file-map /tmp/ResourceRunner-M3-task011-retry-release/Build/Intermediates.noindex/ResourceRunner.build/Release/ResourceRunner.build/Objects-normal/arm64/ResourceRunner-OutputFileMap.json -use-frontend-parseable-output -save-temps -no-color-diagnostics -explicit-module-build -module-cache-path /tmp/ResourceRunner-M3-task011-retry-release/Build/Intermediates.noindex/SwiftExplicitPrecompiledModules -clang-scanner-module-cache-path /tmp/ResourceRunner-M3-task011-retry-release/ModuleCache.noindex -sdk-module-cache-path /tmp/ResourceRunner-M3-task011-retry-release/ModuleCache.noindex -serialize-diagnostics -emit-dependencies -emit-module -emit-module-path /tmp/ResourceRunner-M3-task011-retry-release/Build/Intermediates.noindex/ResourceRunner.build/Release/ResourceRunner.build/Objects-normal/arm64/ResourceRunner.swiftmodule -validate-clang-modules-once -clang-build-session-file /tmp/ResourceRunner-M3-task011-retry-release/ModuleCache.noindex/Session.modulevalidation -Xcc -I/tmp/ResourceRunner-M3-task011-retry-release/Build/Intermediates.noindex/ResourceRunner.build/Release/ResourceRunner.build/swift-overrides.hmap -emit-const-values -Xfrontend -const-gather-protocols-file -Xfrontend /tmp/ResourceRunner-M3-task011-retry-release/Build/Intermediates.noindex/ResourceRunner.build/Release/ResourceRunner.build/Objects-normal/arm64/ResourceRunner_const_extract_protocols.json -Xcc -iquote -Xcc /tmp/ResourceRunner-M3-task011-retry-release/Build/Intermediates.noindex/ResourceRunner.build/Release/ResourceRunner.build/ResourceRunner-generated-files.hmap -Xcc -I/tmp/ResourceRunner-M3-task011-retry-release/Build/Intermediates.noindex/ResourceRunner.build/Release/ResourceRunner.build/ResourceRunner-own-target-headers.hmap -Xcc -I/tmp/ResourceRunner-M3-task011-retry-release/Build/Intermediates.noindex/ResourceRunner.build/Release/ResourceRunner.build/ResourceRunner-all-target-headers.hmap -Xcc -iquote -Xcc /tmp/ResourceRunner-M3-task011-retry-release/Build/Intermediates.noindex/ResourceRunner.build/Release/ResourceRunner.build/ResourceRunner-project-headers.hmap -Xcc -I/tmp/ResourceRunner-M3-task011-retry-release/Build/Products/Release/include -Xcc -I/tmp/ResourceRunner-M3-task011-retry-release/Build/Intermediates.noindex/ResourceRunner.build/Release/ResourceRunner.build/DerivedSources-normal/arm64 -Xcc -I/tmp/ResourceRunner-M3-task011-retry-release/Build/Intermediates.noindex/ResourceRunner.build/Release/ResourceRunner.build/DerivedSources/arm64 -Xcc -I/tmp/ResourceRunner-M3-task011-retry-release/Build/Intermediates.noindex/ResourceRunner.build/Release/ResourceRunner.build/DerivedSources -emit-objc-header -emit-objc-header-path /tmp/ResourceRunner-M3-task011-retry-release/Build/Intermediates.noindex/ResourceRunner.build/Release/ResourceRunner.build/Objects-normal/arm64/ResourceRunner-Swift.h -working-directory /Users/zipkero/XcodeProjects/ResourceRunner -no-emit-module-separately-wmo

SwiftExplicitDependencyGeneratePcm arm64 /tmp/ResourceRunner-M3-task011-retry-release/ModuleCache.noindex/_Builtin_float-8IMQPVAPAZTKJK89KC1FSWQV2.pcm

SwiftExplicitDependencyGeneratePcm arm64 /tmp/ResourceRunner-M3-task011-retry-release/ModuleCache.noindex/ptrcheck-DOPF4J4KQ6M5YVYTV3GVND2IZ.pcm

SwiftExplicitDependencyGeneratePcm arm64 /tmp/ResourceRunner-M3-task011-retry-release/ModuleCache.noindex/_Builtin_stdarg-17D79SKW1AKN7PPNDKPC169AO.pcm

SwiftExplicitDependencyGeneratePcm arm64 /tmp/ResourceRunner-M3-task011-retry-release/ModuleCache.noindex/_AvailabilityInternal-BA1HVHHXSYUHAXZBIUFOIVAJT.pcm

SwiftExplicitDependencyGeneratePcm arm64 /tmp/ResourceRunner-M3-task011-retry-release/ModuleCache.noindex/ptrauth-NSKWF4RZGCVFE6DJKX6M8IAH.pcm

SwiftExplicitDependencyGeneratePcm arm64 /tmp/ResourceRunner-M3-task011-retry-release/ModuleCache.noindex/DeveloperToolsSupport-EI7RXRU2J4SVLHCK49V1HMCY2.pcm

SwiftExplicitDependencyGeneratePcm arm64 /tmp/ResourceRunner-M3-task011-retry-release/ModuleCache.noindex/_Builtin_stdbool-CXMZ21RK35AIVA090E42P6CFQ.pcm

SwiftExplicitDependencyGeneratePcm arm64 /tmp/ResourceRunner-M3-task011-retry-release/ModuleCache.noindex/_SwiftConcurrencyShims-45UQY78WZOSQE6EELTQW8L2D6.pcm

SwiftExplicitDependencyGeneratePcm arm64 /tmp/ResourceRunner-M3-task011-retry-release/ModuleCache.noindex/_Builtin_stddef-C5URHRZ1IX05E3BHWVR1FMYEF.pcm

SwiftExplicitDependencyGeneratePcm arm64 /tmp/ResourceRunner-M3-task011-retry-release/ModuleCache.noindex/SwiftShims-6DNSMD6RCBGPVSXWD9YN8H0OL.pcm

SwiftExplicitDependencyGeneratePcm arm64 /tmp/ResourceRunner-M3-task011-retry-release/ModuleCache.noindex/_DarwinFoundation1-5U1YBXQGDPBRSS990R6YW56ZA.pcm

SwiftExplicitDependencyGeneratePcm arm64 /tmp/ResourceRunner-M3-task011-retry-release/ModuleCache.noindex/_Builtin_limits-A1ZN39PS4OQZIF03OP6WDQB0I.pcm

SwiftExplicitDependencyGeneratePcm arm64 /tmp/ResourceRunner-M3-task011-retry-release/ModuleCache.noindex/_DarwinFoundation2-64FMJY9NH4HMWCBXNRH29ARMX.pcm

SwiftExplicitDependencyGeneratePcm arm64 /tmp/ResourceRunner-M3-task011-retry-release/ModuleCache.noindex/_Builtin_stdint-6OLL6LKU77SUCWRSXGE3RJ5WA.pcm

SwiftExplicitDependencyGeneratePcm arm64 /tmp/ResourceRunner-M3-task011-retry-release/ModuleCache.noindex/_Builtin_tgmath-GXYAN286OHHUOO34QHEOD6B.pcm

SwiftExplicitDependencyGeneratePcm arm64 /tmp/ResourceRunner-M3-task011-retry-release/ModuleCache.noindex/sys_types-CSJU6CDMDY6078N22ZVECPSJF.pcm

SwiftExplicitDependencyGeneratePcm arm64 /tmp/ResourceRunner-M3-task011-retry-release/ModuleCache.noindex/_Builtin_stdatomic-8JFEX4G624BP0DVBHJL182GWV.pcm

SwiftExplicitDependencyGeneratePcm arm64 /tmp/ResourceRunner-M3-task011-retry-release/ModuleCache.noindex/libDER-3D6IKD99EB1HEKBIXU014K3KY.pcm

SwiftExplicitDependencyGeneratePcm arm64 /tmp/ResourceRunner-M3-task011-retry-release/ModuleCache.noindex/_DarwinFoundation3-4M8PPH6JDQPCNI7SMRJJXR8NG.pcm

SwiftExplicitDependencyGeneratePcm arm64 /tmp/ResourceRunner-M3-task011-retry-release/ModuleCache.noindex/_Builtin_intrinsics-CANJK8UR70F759L61011U67C.pcm

SwiftExplicitDependencyGeneratePcm arm64 /tmp/ResourceRunner-M3-task011-retry-release/ModuleCache.noindex/OpenGL-BUA97NODRQNOGHLQFI3LJVTGO.pcm

SwiftExplicitDependencyGeneratePcm arm64 /tmp/ResourceRunner-M3-task011-retry-release/ModuleCache.noindex/_Builtin_inttypes-4GL4CALM9WNAID21BIFBH5IK0.pcm

SwiftExplicitDependencyGeneratePcm arm64 /tmp/ResourceRunner-M3-task011-retry-release/ModuleCache.noindex/Darwin-A9C9H8EZULNVCUZ5F5CUSIN9C.pcm

SwiftExplicitDependencyGeneratePcm arm64 /tmp/ResourceRunner-M3-task011-retry-release/ModuleCache.noindex/simd-31IP9E3H3QFDVOR7L92MCVMBV.pcm

SwiftExplicitDependencyGeneratePcm arm64 /tmp/ResourceRunner-M3-task011-retry-release/ModuleCache.noindex/MachO-2LMAZJNRXIWTOESTRMICSA11I.pcm

SwiftExplicitDependencyGeneratePcm arm64 /tmp/ResourceRunner-M3-task011-retry-release/ModuleCache.noindex/libkern-1EUNA86A0KZL9OAH7DOGPN2B7.pcm

SwiftExplicitDependencyGeneratePcm arm64 /tmp/ResourceRunner-M3-task011-retry-release/ModuleCache.noindex/launch-8E6RKYG7AGRUTZLD7TDUPZVZB.pcm

SwiftExplicitDependencyGeneratePcm arm64 /tmp/ResourceRunner-M3-task011-retry-release/ModuleCache.noindex/CUPS-4FB6M7CYB1CFII01GIBMZZK89.pcm

SwiftExplicitDependencyGeneratePcm arm64 /tmp/ResourceRunner-M3-task011-retry-release/ModuleCache.noindex/ObjectiveC-E9BI4DKF0LIBX8VDYDIO9X2CE.pcm

SwiftExplicitDependencyGeneratePcm arm64 /tmp/ResourceRunner-M3-task011-retry-release/ModuleCache.noindex/Spatial-3J2C8E1WNV7SBRUJID3LHEVJC.pcm

SwiftExplicitDependencyGeneratePcm arm64 /tmp/ResourceRunner-M3-task011-retry-release/ModuleCache.noindex/os_object-2A3AC4AOW6C3ORT7GBWIXA7JC.pcm

SwiftExplicitDependencyGeneratePcm arm64 /tmp/ResourceRunner-M3-task011-retry-release/ModuleCache.noindex/os_workgroup-6FKDGCGKCQVMBUA7FREUJHUGP.pcm

SwiftExplicitDependencyGeneratePcm arm64 /tmp/ResourceRunner-M3-task011-retry-release/ModuleCache.noindex/Dispatch-9N37UKUK59DXY1QHDVHN13HW4.pcm

SwiftExplicitDependencyGeneratePcm arm64 /tmp/ResourceRunner-M3-task011-retry-release/ModuleCache.noindex/XPC-KJRG5IID4XUI99XWND8MUL1Z.pcm

SwiftExplicitDependencyGeneratePcm arm64 /tmp/ResourceRunner-M3-task011-retry-release/ModuleCache.noindex/CoreFoundation-326SUIH5RDHJVH24M4UFJ5WZ.pcm

SwiftExplicitDependencyGeneratePcm arm64 /tmp/ResourceRunner-M3-task011-retry-release/ModuleCache.noindex/os-4O6G4X8F0FWYR5AINZZQEFE3L.pcm

SwiftExplicitDependencyGeneratePcm arm64 /tmp/ResourceRunner-M3-task011-retry-release/ModuleCache.noindex/ColorSync-E1U7Y1XSLZO3L4BKD4ABK2PCE.pcm

SwiftExplicitDependencyGeneratePcm arm64 /tmp/ResourceRunner-M3-task011-retry-release/ModuleCache.noindex/CFNetwork-AZL5WY63M636G18Z9BIH3CEEZ.pcm

SwiftExplicitDependencyGeneratePcm arm64 /tmp/ResourceRunner-M3-task011-retry-release/ModuleCache.noindex/Security-DNZII5HF33FJ2ETWN1M1XGNJC.pcm

SwiftExplicitDependencyGeneratePcm arm64 /tmp/ResourceRunner-M3-task011-retry-release/ModuleCache.noindex/IOKit-5UR0IG2MS97TMYG4WE1ILUA5K.pcm

SwiftExplicitDependencyGeneratePcm arm64 /tmp/ResourceRunner-M3-task011-retry-release/ModuleCache.noindex/SystemConfiguration-8PRMVE3G2TCZNN4M3KM2WNEQ.pcm

SwiftExplicitDependencyGeneratePcm arm64 /tmp/ResourceRunner-M3-task011-retry-release/ModuleCache.noindex/CoreGraphics-DKLK6L1S4CXGQQAGFBBKTF0EZ.pcm

SwiftExplicitDependencyGeneratePcm arm64 /tmp/ResourceRunner-M3-task011-retry-release/ModuleCache.noindex/DiskArbitration-7G3GKLXM0RYO3BDQGNMM90L7Q.pcm

SwiftExplicitDependencyGeneratePcm arm64 /tmp/ResourceRunner-M3-task011-retry-release/ModuleCache.noindex/CoreServices-DX4U2AZHA2M2PPTBYSBDSOV5J.pcm

SwiftExplicitDependencyGeneratePcm arm64 /tmp/ResourceRunner-M3-task011-retry-release/ModuleCache.noindex/ImageIO-APR875135JC00DWKIUC2GG2V6.pcm

SwiftExplicitDependencyGeneratePcm arm64 /tmp/ResourceRunner-M3-task011-retry-release/ModuleCache.noindex/CoreText-566LIBXKNBK9K73X6Y8QGEJK7.pcm

SwiftExplicitDependencyGeneratePcm arm64 /tmp/ResourceRunner-M3-task011-retry-release/ModuleCache.noindex/Foundation-C1ONQKMPB2HFMWA2BCG7IKY1N.pcm

SwiftExplicitDependencyGeneratePcm arm64 /tmp/ResourceRunner-M3-task011-retry-release/ModuleCache.noindex/OSLog-8YHTKRBM925Z4HOTLFZLGUMQT.pcm

SwiftExplicitDependencyGeneratePcm arm64 /tmp/ResourceRunner-M3-task011-retry-release/ModuleCache.noindex/IOSurface-BG53F2I2ZTY278NPIMKU8P5LR.pcm

SwiftExplicitDependencyGeneratePcm arm64 /tmp/ResourceRunner-M3-task011-retry-release/ModuleCache.noindex/DataDetection-2M0VS910WIGU577F83R5NFI2B.pcm

SwiftExplicitDependencyGeneratePcm arm64 /tmp/ResourceRunner-M3-task011-retry-release/ModuleCache.noindex/Accessibility-2HRD79YBMBCZZ1HQ1F8P57V7O.pcm

SwiftExplicitDependencyGeneratePcm arm64 /tmp/ResourceRunner-M3-task011-retry-release/ModuleCache.noindex/CoreData-DIZYFUDDSYUTRI6HWF50AF93P.pcm

SwiftExplicitDependencyGeneratePcm arm64 /tmp/ResourceRunner-M3-task011-retry-release/ModuleCache.noindex/UniformTypeIdentifiers-B919J2R714OINJQXQK9Y51SO.pcm

SwiftExplicitDependencyGeneratePcm arm64 /tmp/ResourceRunner-M3-task011-retry-release/ModuleCache.noindex/ApplicationServices-B759DAMZNQTAK1QD3UJ33Z.pcm

SwiftExplicitDependencyGeneratePcm arm64 /tmp/ResourceRunner-M3-task011-retry-release/ModuleCache.noindex/Symbols-4ER6GX8TQ47O4I2EZNKCKDR6I.pcm

SwiftExplicitDependencyGeneratePcm arm64 /tmp/ResourceRunner-M3-task011-retry-release/ModuleCache.noindex/CoreTransferable-5JQY2C393KD39PII4XMZSMY98.pcm

SwiftExplicitDependencyGeneratePcm arm64 /tmp/ResourceRunner-M3-task011-retry-release/ModuleCache.noindex/Metal-4RZID0QRRFX55XIVG17ARHNDW.pcm

SwiftExplicitDependencyGeneratePcm arm64 /tmp/ResourceRunner-M3-task011-retry-release/ModuleCache.noindex/CoreVideo-9EC635FX3BM7EAPE7E1Z0M937.pcm

SwiftExplicitDependencyGeneratePcm arm64 /tmp/ResourceRunner-M3-task011-retry-release/ModuleCache.noindex/QuartzCore-DYY4JSBHU0WA5IKUWSHE1GEDB.pcm

SwiftExplicitDependencyGeneratePcm arm64 /tmp/ResourceRunner-M3-task011-retry-release/ModuleCache.noindex/CoreImage-CO4WMYXCUHQ01ULMCQW7IUSX3.pcm

SwiftExplicitDependencyGeneratePcm arm64 /tmp/ResourceRunner-M3-task011-retry-release/ModuleCache.noindex/SwiftUICore-7D2CA9J0SBXKFJ8PY8E8HK68E.pcm

SwiftExplicitDependencyGeneratePcm arm64 /tmp/ResourceRunner-M3-task011-retry-release/ModuleCache.noindex/AppKit-2OAETNPULBZ2XLIE29LWJ5CG0.pcm

SwiftExplicitDependencyGeneratePcm arm64 /tmp/ResourceRunner-M3-task011-retry-release/ModuleCache.noindex/SwiftUI-5P4SEB3YUU9LZNVGXDXZSCT3R.pcm

SwiftCompile normal arm64 Compiling\ AppDelegate.swift,\ ApplicationCoordinator.swift,\ ApplicationIconCache.swift,\ ApplicationRanking.swift,\ ApplicationRowIcon.swift,\ AuxiliaryCollectionScheduler.swift,\ CharacterStateSource.swift,\ CollectionAdmission.swift,\ CollectionDeliveryStore.swift,\ CollectionPipelines.swift,\ CPUActivityStateEvaluator.swift,\ CPUSystemMetricsCollector.swift,\ DashboardColorPalette.swift,\ DashboardPresentation.swift,\ DashboardPresentationStore.swift,\ DashboardStyle.swift,\ DashboardView.swift,\ DiskActivity.swift,\ DiskDashboardView.swift,\ DiskNativeAdapter.swift,\ DiskTopology.swift,\ MemorySystemMetricsCollector.swift,\ MonitoringLifecycle.swift,\ MonitoringSampleStore.swift,\ MonitoringScheduler.swift,\ NetworkActivity.swift,\ NetworkDashboardView.swift,\ NetworkMetadata.swift,\ NetworkNativeAdapter.swift,\ NetworkTopology.swift,\ ProcessHistoryStore.swift,\ ProcessSurvey.swift,\ ProcessSurveyCollector.swift,\ ProcessSurveySampleSource.swift,\ ResourceActivityPresentation.swift,\ ResourceQuantityFormatter.swift,\ ResourceRateGraph.swift,\ ResourceRateGraphView.swift,\ ResourceRunnerApp.swift,\ ResourceTopologyObserver.swift,\ StatusBarController.swift,\ StorageMetadata.swift,\ SystemLifecycleObserver.swift,\ SystemMetrics.swift,\ SystemMetricsSampleSource.swift,\ GeneratedAssetSymbols.swift /Users/zipkero/XcodeProjects/ResourceRunner/ResourceRunner/AppDelegate.swift /Users/zipkero/XcodeProjects/ResourceRunner/ResourceRunner/ApplicationCoordinator.swift /Users/zipkero/XcodeProjects/ResourceRunner/ResourceRunner/ApplicationIconCache.swift /Users/zipkero/XcodeProjects/ResourceRunner/ResourceRunner/ApplicationRanking.swift /Users/zipkero/XcodeProjects/ResourceRunner/ResourceRunner/ApplicationRowIcon.swift /Users/zipkero/XcodeProjects/ResourceRunner/ResourceRunner/AuxiliaryCollectionScheduler.swift /Users/zipkero/XcodeProjects/ResourceRunner/ResourceRunner/CharacterStateSource.swift /Users/zipkero/XcodeProjects/ResourceRunner/ResourceRunner/CollectionAdmission.swift /Users/zipkero/XcodeProjects/ResourceRunner/ResourceRunner/CollectionDeliveryStore.swift /Users/zipkero/XcodeProjects/ResourceRunner/ResourceRunner/CollectionPipelines.swift /Users/zipkero/XcodeProjects/ResourceRunner/ResourceRunner/CPUActivityStateEvaluator.swift /Users/zipkero/XcodeProjects/ResourceRunner/ResourceRunner/CPUSystemMetricsCollector.swift /Users/zipkero/XcodeProjects/ResourceRunner/ResourceRunner/DashboardColorPalette.swift /Users/zipkero/XcodeProjects/ResourceRunner/ResourceRunner/DashboardPresentation.swift /Users/zipkero/XcodeProjects/ResourceRunner/ResourceRunner/DashboardPresentationStore.swift /Users/zipkero/XcodeProjects/ResourceRunner/ResourceRunner/DashboardStyle.swift /Users/zipkero/XcodeProjects/ResourceRunner/ResourceRunner/DashboardView.swift /Users/zipkero/XcodeProjects/ResourceRunner/ResourceRunner/DiskActivity.swift /Users/zipkero/XcodeProjects/ResourceRunner/ResourceRunner/DiskDashboardView.swift /Users/zipkero/XcodeProjects/ResourceRunner/ResourceRunner/DiskNativeAdapter.swift /Users/zipkero/XcodeProjects/ResourceRunner/ResourceRunner/DiskTopology.swift /Users/zipkero/XcodeProjects/ResourceRunner/ResourceRunner/MemorySystemMetricsCollector.swift /Users/zipkero/XcodeProjects/ResourceRunner/ResourceRunner/MonitoringLifecycle.swift /Users/zipkero/XcodeProjects/ResourceRunner/ResourceRunner/MonitoringSampleStore.swift /Users/zipkero/XcodeProjects/ResourceRunner/ResourceRunner/MonitoringScheduler.swift /Users/zipkero/XcodeProjects/ResourceRunner/ResourceRunner/NetworkActivity.swift /Users/zipkero/XcodeProjects/ResourceRunner/ResourceRunner/NetworkDashboardView.swift /Users/zipkero/XcodeProjects/ResourceRunner/ResourceRunner/NetworkMetadata.swift /Users/zipkero/XcodeProjects/ResourceRunner/ResourceRunner/NetworkNativeAdapter.swift /Users/zipkero/XcodeProjects/ResourceRunner/ResourceRunner/NetworkTopology.swift /Users/zipkero/XcodeProjects/ResourceRunner/ResourceRunner/ProcessHistoryStore.swift /Users/zipkero/XcodeProjects/ResourceRunner/ResourceRunner/ProcessSurvey.swift /Users/zipkero/XcodeProjects/ResourceRunner/ResourceRunner/ProcessSurveyCollector.swift /Users/zipkero/XcodeProjects/ResourceRunner/ResourceRunner/ProcessSurveySampleSource.swift /Users/zipkero/XcodeProjects/ResourceRunner/ResourceRunner/ResourceActivityPresentation.swift /Users/zipkero/XcodeProjects/ResourceRunner/ResourceRunner/ResourceQuantityFormatter.swift /Users/zipkero/XcodeProjects/ResourceRunner/ResourceRunner/ResourceRateGraph.swift /Users/zipkero/XcodeProjects/ResourceRunner/ResourceRunner/ResourceRateGraphView.swift /Users/zipkero/XcodeProjects/ResourceRunner/ResourceRunner/ResourceRunnerApp.swift /Users/zipkero/XcodeProjects/ResourceRunner/ResourceRunner/ResourceTopologyObserver.swift /Users/zipkero/XcodeProjects/ResourceRunner/ResourceRunner/StatusBarController.swift /Users/zipkero/XcodeProjects/ResourceRunner/ResourceRunner/StorageMetadata.swift /Users/zipkero/XcodeProjects/ResourceRunner/ResourceRunner/SystemLifecycleObserver.swift /Users/zipkero/XcodeProjects/ResourceRunner/ResourceRunner/SystemMetrics.swift /Users/zipkero/XcodeProjects/ResourceRunner/ResourceRunner/SystemMetricsSampleSource.swift /tmp/ResourceRunner-M3-task011-retry-release/Build/Intermediates.noindex/ResourceRunner.build/Release/ResourceRunner.build/DerivedSources/GeneratedAssetSymbols.swift /Applications/Xcode.app/Contents/Developer/Toolchains/XcodeDefault.xctoolchain/usr/lib/swift/macosx/prebuilt-modules/26.5/QuartzCore.swiftmodule/arm64e-apple-macos.swiftmodule /Applications/Xcode.app/Contents/Developer/Toolchains/XcodeDefault.xctoolchain/usr/lib/swift/macosx/prebuilt-modules/26.5/_Concurrency.swiftmodule/arm64e-apple-macos.swiftmodule /Applications/Xcode.app/Contents/Developer/Toolchains/XcodeDefault.xctoolchain/usr/lib/swift/macosx/prebuilt-modules/26.5/CoreGraphics.swiftmodule/arm64e-apple-macos.swiftmodule /Applications/Xcode.app/Contents/Developer/Toolchains/XcodeDefault.xctoolchain/usr/lib/swift/macosx/prebuilt-modules/26.5/CoreImage.swiftmodule/arm64e-apple-macos.swiftmodule /Applications/Xcode.app/Contents/Developer/Toolchains/XcodeDefault.xctoolchain/usr/lib/swift/macosx/prebuilt-modules/26.5/Darwin.swiftmodule/arm64e-apple-macos.swiftmodule /Applications/Xcode.app/Contents/Developer/Toolchains/XcodeDefault.xctoolchain/usr/lib/swift/macosx/prebuilt-modules/26.5/os.swiftmodule/arm64e-apple-macos.swiftmodule /Applications/Xcode.app/Contents/Developer/Toolchains/XcodeDefault.xctoolchain/usr/lib/swift/macosx/prebuilt-modules/26.5/Metal.swiftmodule/arm64e-apple-macos.swiftmodule /Applications/Xcode.app/Contents/Developer/Toolchains/XcodeDefault.xctoolchain/usr/lib/swift/macosx/prebuilt-modules/26.5/_StringProcessing.swiftmodule/arm64e-apple-macos.swiftmodule /Applications/Xcode.app/Contents/Developer/Toolchains/XcodeDefault.xctoolchain/usr/lib/swift/macosx/prebuilt-modules/26.5/XPC.swiftmodule/arm64e-apple-macos.swiftmodule /Applications/Xcode.app/Contents/Developer/Toolchains/XcodeDefault.xctoolchain/usr/lib/swift/macosx/prebuilt-modules/26.5/AppKit.swiftmodule/arm64e-apple-macos.swiftmodule /Applications/Xcode.app/Contents/Developer/Toolchains/XcodeDefault.xctoolchain/usr/lib/swift/macosx/prebuilt-modules/26.5/Combine.swiftmodule/arm64e-apple-macos.swiftmodule /Applications/Xcode.app/Contents/Developer/Toolchains/XcodeDefault.xctoolchain/usr/lib/swift/macosx/prebuilt-modules/26.5/CoreTransferable.swiftmodule/arm64e-apple-macos.swiftmodule /Applications/Xcode.app/Contents/Developer/Toolchains/XcodeDefault.xctoolchain/usr/lib/swift/macosx/prebuilt-modules/26.5/CoreData.swiftmodule/arm64e-apple-macos.swiftmodule /Applications/Xcode.app/Contents/Developer/Toolchains/XcodeDefault.xctoolchain/usr/lib/swift/macosx/prebuilt-modules/26.5/simd.swiftmodule/arm64e-apple-macos.swiftmodule /Applications/Xcode.app/Contents/Developer/Toolchains/XcodeDefault.xctoolchain/usr/lib/swift/macosx/prebuilt-modules/26.5/OSLog.swiftmodule/arm64e-apple-macos.swiftmodule /Applications/Xcode.app/Contents/Developer/Toolchains/XcodeDefault.xctoolchain/usr/lib/swift/macosx/prebuilt-modules/26.5/IOKit.swiftmodule/arm64e-apple-macos.swiftmodule /Applications/Xcode.app/Contents/Developer/Toolchains/XcodeDefault.xctoolchain/usr/lib/swift/macosx/prebuilt-modules/26.5/Swift.swiftmodule/arm64e-apple-macos.swiftmodule /Applications/Xcode.app/Contents/Developer/Toolchains/XcodeDefault.xctoolchain/usr/lib/swift/macosx/prebuilt-modules/26.5/Observation.swiftmodule/arm64e-apple-macos.swiftmodule /Applications/Xcode.app/Contents/Developer/Toolchains/XcodeDefault.xctoolchain/usr/lib/swift/macosx/prebuilt-modules/26.5/_Builtin_float.swiftmodule/arm64e-apple-macos.swiftmodule /Applications/Xcode.app/Contents/Developer/Toolchains/XcodeDefault.xctoolchain/usr/lib/swift/macosx/prebuilt-modules/26.5/CoreText.swiftmodule/arm64e-apple-macos.swiftmodule /Applications/Xcode.app/Contents/Developer/Toolchains/XcodeDefault.xctoolchain/usr/lib/swift/macosx/prebuilt-modules/26.5/System.swiftmodule/arm64e-apple-macos.swiftmodule /Applications/Xcode.app/Contents/Developer/Toolchains/XcodeDefault.xctoolchain/usr/lib/swift/macosx/prebuilt-modules/26.5/Accessibility.swiftmodule/arm64e-apple-macos.swiftmodule /Applications/Xcode.app/Contents/Developer/Toolchains/XcodeDefault.xctoolchain/usr/lib/swift/macosx/prebuilt-modules/26.5/Spatial.swiftmodule/arm64e-apple-macos.swiftmodule /Applications/Xcode.app/Contents/Developer/Toolchains/XcodeDefault.xctoolchain/usr/lib/swift/macosx/prebuilt-modules/26.5/_DarwinFoundation2.swiftmodule/arm64e-apple-macos.swiftmodule /Applications/Xcode.app/Contents/Developer/Toolchains/XcodeDefault.xctoolchain/usr/lib/swift/macosx/prebuilt-modules/26.5/SwiftUICore.swiftmodule/arm64e-apple-macos.swiftmodule /Applications/Xcode.app/Contents/Developer/Toolchains/XcodeDefault.xctoolchain/usr/lib/swift/macosx/prebuilt-modules/26.5/Dispatch.swiftmodule/arm64e-apple-macos.swiftmodule /Applications/Xcode.app/Contents/Developer/Toolchains/XcodeDefault.xctoolchain/usr/lib/swift/macosx/prebuilt-modules/26.5/DeveloperToolsSupport.swiftmodule/arm64e-apple-macos.swiftmodule /Applications/Xcode.app/Contents/Developer/Toolchains/XcodeDefault.xctoolchain/usr/lib/swift/macosx/prebuilt-modules/26.5/Symbols.swiftmodule/arm64e-apple-macos.swiftmodule /Applications/Xcode.app/Contents/Developer/Toolchains/XcodeDefault.xctoolchain/usr/lib/swift/macosx/prebuilt-modules/26.5/ObjectiveC.swiftmodule/arm64e-apple-macos.swiftmodule /Applications/Xcode.app/Contents/Developer/Toolchains/XcodeDefault.xctoolchain/usr/lib/swift/macosx/prebuilt-modules/26.5/_DarwinFoundation3.swiftmodule/arm64e-apple-macos.swiftmodule /Applications/Xcode.app/Contents/Developer/Toolchains/XcodeDefault.xctoolchain/usr/lib/swift/macosx/prebuilt-modules/26.5/CoreFoundation.swiftmodule/arm64e-apple-macos.swiftmodule /Applications/Xcode.app/Contents/Developer/Toolchains/XcodeDefault.xctoolchain/usr/lib/swift/macosx/prebuilt-modules/26.5/Foundation.swiftmodule/arm64e-apple-macos.swiftmodule /Applications/Xcode.app/Contents/Developer/Toolchains/XcodeDefault.xctoolchain/usr/lib/swift/macosx/prebuilt-modules/26.5/_DarwinFoundation1.swiftmodule/arm64e-apple-macos.swiftmodule /Applications/Xcode.app/Contents/Developer/Toolchains/XcodeDefault.xctoolchain/usr/lib/swift/macosx/prebuilt-modules/26.5/CoreVideo.swiftmodule/arm64e-apple-macos.swiftmodule /Applications/Xcode.app/Contents/Developer/Toolchains/XcodeDefault.xctoolchain/usr/lib/swift/macosx/prebuilt-modules/26.5/UniformTypeIdentifiers.swiftmodule/arm64e-apple-macos.swiftmodule /Applications/Xcode.app/Contents/Developer/Toolchains/XcodeDefault.xctoolchain/usr/lib/swift/macosx/prebuilt-modules/26.5/SwiftUI.swiftmodule/arm64e-apple-macos.swiftmodule /Applications/Xcode.app/Contents/Developer/Toolchains/XcodeDefault.xctoolchain/usr/lib/swift/macosx/prebuilt-modules/26.5/DataDetection.swiftmodule/arm64e-apple-macos.swiftmodule /tmp/ResourceRunner-M3-task011-retry-release/ModuleCache.noindex/_DarwinFoundation1-5U1YBXQGDPBRSS990R6YW56ZA.pcm /tmp/ResourceRunner-M3-task011-retry-release/ModuleCache.noindex/libDER-3D6IKD99EB1HEKBIXU014K3KY.pcm /tmp/ResourceRunner-M3-task011-retry-release/ModuleCache.noindex/MachO-2LMAZJNRXIWTOESTRMICSA11I.pcm /tmp/ResourceRunner-M3-task011-retry-release/ModuleCache.noindex/Security-DNZII5HF33FJ2ETWN1M1XGNJC.pcm /tmp/ResourceRunner-M3-task011-retry-release/ModuleCache.noindex/CoreVideo-9EC635FX3BM7EAPE7E1Z0M937.pcm /tmp/ResourceRunner-M3-task011-retry-release/ModuleCache.noindex/AppKit-2OAETNPULBZ2XLIE29LWJ5CG0.pcm /tmp/ResourceRunner-M3-task011-retry-release/ModuleCache.noindex/IOKit-5UR0IG2MS97TMYG4WE1ILUA5K.pcm /tmp/ResourceRunner-M3-task011-retry-release/ModuleCache.noindex/_Builtin_stdatomic-8JFEX4G624BP0DVBHJL182GWV.pcm /tmp/ResourceRunner-M3-task011-retry-release/ModuleCache.noindex/Accessibility-2HRD79YBMBCZZ1HQ1F8P57V7O.pcm /tmp/ResourceRunner-M3-task011-retry-release/ModuleCache.noindex/os-4O6G4X8F0FWYR5AINZZQEFE3L.pcm /tmp/ResourceRunner-M3-task011-retry-release/ModuleCache.noindex/Spatial-3J2C8E1WNV7SBRUJID3LHEVJC.pcm /tmp/ResourceRunner-M3-task011-retry-release/ModuleCache.noindex/launch-8E6RKYG7AGRUTZLD7TDUPZVZB.pcm /tmp/ResourceRunner-M3-task011-retry-release/ModuleCache.noindex/_Builtin_inttypes-4GL4CALM9WNAID21BIFBH5IK0.pcm /tmp/ResourceRunner-M3-task011-retry-release/ModuleCache.noindex/OSLog-8YHTKRBM925Z4HOTLFZLGUMQT.pcm /tmp/ResourceRunner-M3-task011-retry-release/ModuleCache.noindex/ColorSync-E1U7Y1XSLZO3L4BKD4ABK2PCE.pcm /tmp/ResourceRunner-M3-task011-retry-release/ModuleCache.noindex/CoreData-DIZYFUDDSYUTRI6HWF50AF93P.pcm /tmp/ResourceRunner-M3-task011-retry-release/ModuleCache.noindex/XPC-KJRG5IID4XUI99XWND8MUL1Z.pcm /tmp/ResourceRunner-M3-task011-retry-release/ModuleCache.noindex/SwiftUI-5P4SEB3YUU9LZNVGXDXZSCT3R.pcm /tmp/ResourceRunner-M3-task011-retry-release/ModuleCache.noindex/sys_types-CSJU6CDMDY6078N22ZVECPSJF.pcm /tmp/ResourceRunner-M3-task011-retry-release/ModuleCache.noindex/_AvailabilityInternal-BA1HVHHXSYUHAXZBIUFOIVAJT.pcm /tmp/ResourceRunner-M3-task011-retry-release/ModuleCache.noindex/DataDetection-2M0VS910WIGU577F83R5NFI2B.pcm /tmp/ResourceRunner-M3-task011-retry-release/ModuleCache.noindex/_DarwinFoundation2-64FMJY9NH4HMWCBXNRH29ARMX.pcm /tmp/ResourceRunner-M3-task011-retry-release/ModuleCache.noindex/ObjectiveC-E9BI4DKF0LIBX8VDYDIO9X2CE.pcm /tmp/ResourceRunner-M3-task011-retry-release/ModuleCache.noindex/ptrcheck-DOPF4J4KQ6M5YVYTV3GVND2IZ.pcm /tmp/ResourceRunner-M3-task011-retry-release/ModuleCache.noindex/_Builtin_stdbool-CXMZ21RK35AIVA090E42P6CFQ.pcm /tmp/ResourceRunner-M3-task011-retry-release/ModuleCache.noindex/CoreTransferable-5JQY2C393KD39PII4XMZSMY98.pcm /tmp/ResourceRunner-M3-task011-retry-release/ModuleCache.noindex/_Builtin_limits-A1ZN39PS4OQZIF03OP6WDQB0I.pcm /tmp/ResourceRunner-M3-task011-retry-release/ModuleCache.noindex/_Builtin_stddef-C5URHRZ1IX05E3BHWVR1FMYEF.pcm /tmp/ResourceRunner-M3-task011-retry-release/ModuleCache.noindex/DeveloperToolsSupport-EI7RXRU2J4SVLHCK49V1HMCY2.pcm /tmp/ResourceRunner-M3-task011-retry-release/ModuleCache.noindex/Symbols-4ER6GX8TQ47O4I2EZNKCKDR6I.pcm /tmp/ResourceRunner-M3-task011-retry-release/ModuleCache.noindex/CoreFoundation-326SUIH5RDHJVH24M4UFJ5WZ.pcm /tmp/ResourceRunner-M3-task011-retry-release/ModuleCache.noindex/ImageIO-APR875135JC00DWKIUC2GG2V6.pcm /tmp/ResourceRunner-M3-task011-retry-release/ModuleCache.noindex/_Builtin_stdint-6OLL6LKU77SUCWRSXGE3RJ5WA.pcm /tmp/ResourceRunner-M3-task011-retry-release/ModuleCache.noindex/UniformTypeIdentifiers-B919J2R714OINJQXQK9Y51SO.pcm /tmp/ResourceRunner-M3-task011-retry-release/ModuleCache.noindex/_Builtin_float-8IMQPVAPAZTKJK89KC1FSWQV2.pcm /tmp/ResourceRunner-M3-task011-retry-release/ModuleCache.noindex/Dispatch-9N37UKUK59DXY1QHDVHN13HW4.pcm /tmp/ResourceRunner-M3-task011-retry-release/ModuleCache.noindex/CoreServices-DX4U2AZHA2M2PPTBYSBDSOV5J.pcm /tmp/ResourceRunner-M3-task011-retry-release/ModuleCache.noindex/os_workgroup-6FKDGCGKCQVMBUA7FREUJHUGP.pcm /tmp/ResourceRunner-M3-task011-retry-release/ModuleCache.noindex/os_object-2A3AC4AOW6C3ORT7GBWIXA7JC.pcm /tmp/ResourceRunner-M3-task011-retry-release/ModuleCache.noindex/CoreGraphics-DKLK6L1S4CXGQQAGFBBKTF0EZ.pcm /tmp/ResourceRunner-M3-task011-retry-release/ModuleCache.noindex/SystemConfiguration-8PRMVE3G2TCZNN4M3KM2WNEQ.pcm /tmp/ResourceRunner-M3-task011-retry-release/ModuleCache.noindex/CoreImage-CO4WMYXCUHQ01ULMCQW7IUSX3.pcm /tmp/ResourceRunner-M3-task011-retry-release/ModuleCache.noindex/libkern-1EUNA86A0KZL9OAH7DOGPN2B7.pcm /tmp/ResourceRunner-M3-task011-retry-release/ModuleCache.noindex/CoreText-566LIBXKNBK9K73X6Y8QGEJK7.pcm /tmp/ResourceRunner-M3-task011-retry-release/ModuleCache.noindex/OpenGL-BUA97NODRQNOGHLQFI3LJVTGO.pcm /tmp/ResourceRunner-M3-task011-retry-release/ModuleCache.noindex/_Builtin_intrinsics-CANJK8UR70F759L61011U67C.pcm /tmp/ResourceRunner-M3-task011-retry-release/ModuleCache.noindex/CUPS-4FB6M7CYB1CFII01GIBMZZK89.pcm /tmp/ResourceRunner-M3-task011-retry-release/ModuleCache.noindex/SwiftShims-6DNSMD6RCBGPVSXWD9YN8H0OL.pcm /tmp/ResourceRunner-M3-task011-retry-release/ModuleCache.noindex/_DarwinFoundation3-4M8PPH6JDQPCNI7SMRJJXR8NG.pcm /tmp/ResourceRunner-M3-task011-retry-release/ModuleCache.noindex/Darwin-A9C9H8EZULNVCUZ5F5CUSIN9C.pcm /tmp/ResourceRunner-M3-task011-retry-release/ModuleCache.noindex/Foundation-C1ONQKMPB2HFMWA2BCG7IKY1N.pcm /tmp/ResourceRunner-M3-task011-retry-release/ModuleCache.noindex/_SwiftConcurrencyShims-45UQY78WZOSQE6EELTQW8L2D6.pcm /tmp/ResourceRunner-M3-task011-retry-release/ModuleCache.noindex/QuartzCore-DYY4JSBHU0WA5IKUWSHE1GEDB.pcm /tmp/ResourceRunner-M3-task011-retry-release/ModuleCache.noindex/ptrauth-NSKWF4RZGCVFE6DJKX6M8IAH.pcm /tmp/ResourceRunner-M3-task011-retry-release/ModuleCache.noindex/DiskArbitration-7G3GKLXM0RYO3BDQGNMM90L7Q.pcm /tmp/ResourceRunner-M3-task011-retry-release/ModuleCache.noindex/Metal-4RZID0QRRFX55XIVG17ARHNDW.pcm /tmp/ResourceRunner-M3-task011-retry-release/ModuleCache.noindex/_Builtin_stdarg-17D79SKW1AKN7PPNDKPC169AO.pcm /tmp/ResourceRunner-M3-task011-retry-release/ModuleCache.noindex/SwiftUICore-7D2CA9J0SBXKFJ8PY8E8HK68E.pcm /tmp/ResourceRunner-M3-task011-retry-release/ModuleCache.noindex/simd-31IP9E3H3QFDVOR7L92MCVMBV.pcm /tmp/ResourceRunner-M3-task011-retry-release/ModuleCache.noindex/_Builtin_tgmath-GXYAN286OHHUOO34QHEOD6B.pcm /tmp/ResourceRunner-M3-task011-retry-release/ModuleCache.noindex/CFNetwork-AZL5WY63M636G18Z9BIH3CEEZ.pcm /tmp/ResourceRunner-M3-task011-retry-release/ModuleCache.noindex/ApplicationServices-B759DAMZNQTAK1QD3UJ33Z.pcm /tmp/ResourceRunner-M3-task011-retry-release/ModuleCache.noindex/IOSurface-BG53F2I2ZTY278NPIMKU8P5LR.pcm /tmp/ResourceRunner-M3-task011-retry-release/Build/Intermediates.noindex/ResourceRunner.build/Release/ResourceRunner.build/Objects-normal/arm64/ResourceRunner-dependencies-1.json (in target 'ResourceRunner' from project 'ResourceRunner')

CompileSwift normal arm64 (in target 'ResourceRunner' from project 'ResourceRunner')
    cd /Users/zipkero/XcodeProjects/ResourceRunner
    
/Users/zipkero/XcodeProjects/ResourceRunner/ResourceRunner/DashboardView.swift:251:17: warning: '+' was deprecated in macOS 26.0: Use string interpolation on `Text` instead: `Text("Hello \(name)")`
                + Text("\(Int(lastKnown.presentation.overallUsage.rounded()))\(CPUCardPresentation.overallUsageUnitLabel)")
                ^
/Users/zipkero/XcodeProjects/ResourceRunner/ResourceRunner/DashboardView.swift:258:17: warning: '+' was deprecated in macOS 26.0: Use string interpolation on `Text` instead: `Text("Hello \(name)")`
                + Text("\(Int(lastKnown.presentation.overallUsage.rounded()))\(CPUCardPresentation.overallUsageUnitLabel)")
                ^
/Users/zipkero/XcodeProjects/ResourceRunner/ResourceRunner/DashboardView.swift:288:29: warning: '+' was deprecated in macOS 26.0: Use string interpolation on `Text` instead: `Text("Hello \(name)")`
                            + Text(entry.valueText).dashboardTypography(DashboardStyle.TypographyRole.value)
                            ^
/Users/zipkero/XcodeProjects/ResourceRunner/ResourceRunner/DashboardView.swift:460:17: warning: '+' was deprecated in macOS 26.0: Use string interpolation on `Text` instead: `Text("Hello \(name)")`
                + Text(" / \(DashboardValueColumn.byteText(presentation.totalPhysicalBytes))")
                ^
/Users/zipkero/XcodeProjects/ResourceRunner/ResourceRunner/DashboardView.swift:467:17: warning: '+' was deprecated in macOS 26.0: Use string interpolation on `Text` instead: `Text("Hello \(name)")`
                + Text(DashboardValueColumn.byteText(lastKnown.presentation.usedBytes))
                ^
/Users/zipkero/XcodeProjects/ResourceRunner/ResourceRunner/DashboardView.swift:474:17: warning: '+' was deprecated in macOS 26.0: Use string interpolation on `Text` instead: `Text("Hello \(name)")`
                + Text(DashboardValueColumn.byteText(lastKnown.presentation.usedBytes))
                ^
/Users/zipkero/XcodeProjects/ResourceRunner/ResourceRunner/DashboardView.swift:499:29: warning: '+' was deprecated in macOS 26.0: Use string interpolation on `Text` instead: `Text("Hello \(name)")`
                return line + Text(Image(systemName: name))
                            ^
/Users/zipkero/XcodeProjects/ResourceRunner/ResourceRunner/DashboardView.swift:501:29: warning: '+' was deprecated in macOS 26.0: Use string interpolation on `Text` instead: `Text("Hello \(name)")`
                return line + Text(" \(text)")
                            ^
/Users/zipkero/XcodeProjects/ResourceRunner/ResourceRunner/DashboardView.swift:503:29: warning: '+' was deprecated in macOS 26.0: Use string interpolation on `Text` instead: `Text("Hello \(name)")`
                return line + Text(" · ")
/Users/zipkero/XcodeProjects/ResourceRunner/ResourceRunner/DashboardView.swift:505:29: warning: '+' was deprecated in macOS 26.0: Use string interpolation on `Text` instead: `Text("Hello \(name)")`
                return line + Text("Swap \(text)")
                            ^
/Users/zipkero/XcodeProjects/ResourceRunner/ResourceRunner/DashboardView.swift:507:29: warning: '+' was deprecated in macOS 26.0: Use string interpolation on `Text` instead: `Text("Hello \(name)")`
                return line + Text(" (\(text))")
                            ^
/Users/zipkero/XcodeProjects/ResourceRunner/ResourceRunner/DashboardView.swift:509:29: warning: '+' was deprecated in macOS 26.0: Use string interpolation on `Text` instead: `Text("Hello \(name)")`
                return line + Text("구성 \(text)")
/Users/zipkero/XcodeProjects/ResourceRunner/ResourceRunner/DashboardView.swift:529:29: warning: '+' was deprecated in macOS 26.0: Use string interpolation on `Text` instead: `Text("Hello \(name)")`
                return line + Text(Image(systemName: "square.fill"))
                            ^
/Users/zipkero/XcodeProjects/ResourceRunner/ResourceRunner/DashboardView.swift:532:29: warning: '+' was deprecated in macOS 26.0: Use string interpolation on `Text` instead: `Text("Hello \(name)")`
                return line + Text(" \(text)")
                            ^
/Users/zipkero/XcodeProjects/ResourceRunner/ResourceRunner/DashboardView.swift:534:29: warning: '+' was deprecated in macOS 26.0: Use string interpolation on `Text` instead: `Text("Hello \(name)")`
                return line + Text("  ")
                            ^
/Users/zipkero/XcodeProjects/ResourceRunner/ResourceRunner/DashboardView.swift:1183:25: warning: '+' was deprecated in macOS 26.0: Use string interpolation on `Text` instead: `Text("Hello \(name)")`
                        + Text("\(fmt(load.oneMinute)) / \(fmt(load.fiveMinutes)) / \(fmt(load.fifteenMinutes))")
                        ^

SwiftDriverJobDiscovery normal arm64 Compiling AppDelegate.swift, ApplicationCoordinator.swift, ApplicationIconCache.swift, ApplicationRanking.swift, ApplicationRowIcon.swift, AuxiliaryCollectionScheduler.swift, CharacterStateSource.swift, CollectionAdmission.swift, CollectionDeliveryStore.swift, CollectionPipelines.swift, CPUActivityStateEvaluator.swift, CPUSystemMetricsCollector.swift, DashboardColorPalette.swift, DashboardPresentation.swift, DashboardPresentationStore.swift, DashboardStyle.swift, DashboardView.swift, DiskActivity.swift, DiskDashboardView.swift, DiskNativeAdapter.swift, DiskTopology.swift, MemorySystemMetricsCollector.swift, MonitoringLifecycle.swift, MonitoringSampleStore.swift, MonitoringScheduler.swift, NetworkActivity.swift, NetworkDashboardView.swift, NetworkMetadata.swift, NetworkNativeAdapter.swift, NetworkTopology.swift, ProcessHistoryStore.swift, ProcessSurvey.swift, ProcessSurveyCollector.swift, ProcessSurveySampleSource.swift, ResourceActivityPresentation.swift, ResourceQuantityFormatter.swift, ResourceRateGraph.swift, ResourceRateGraphView.swift, ResourceRunnerApp.swift, ResourceTopologyObserver.swift, StatusBarController.swift, StorageMetadata.swift, SystemLifecycleObserver.swift, SystemMetrics.swift, SystemMetricsSampleSource.swift, GeneratedAssetSymbols.swift (in target 'ResourceRunner' from project 'ResourceRunner')

SwiftDriver\ Compilation\ Requirements ResourceRunner normal arm64 com.apple.xcode.tools.swift.compiler (in target 'ResourceRunner' from project 'ResourceRunner')
    cd /Users/zipkero/XcodeProjects/ResourceRunner
    builtin-Swift-Compilation-Requirements -- /Applications/Xcode.app/Contents/Developer/Toolchains/XcodeDefault.xctoolchain/usr/bin/swiftc -module-name ResourceRunner -O -whole-module-optimization @/tmp/ResourceRunner-M3-task011-retry-release/Build/Intermediates.noindex/ResourceRunner.build/Release/ResourceRunner.build/Objects-normal/arm64/ResourceRunner.SwiftFileList -default-isolation\=MainActor -enable-bare-slash-regex -enable-upcoming-feature DisableOutwardActorInference -enable-upcoming-feature InferSendableFromCaptures -enable-upcoming-feature GlobalActorIsolatedTypesUsability -enable-upcoming-feature MemberImportVisibility -enable-upcoming-feature InferIsolatedConformances -enable-upcoming-feature NonisolatedNonsendingByDefault -enable-experimental-feature DebugDescriptionMacro -sdk /Applications/Xcode.app/Contents/Developer/Platforms/MacOSX.platform/Developer/SDKs/MacOSX26.5.sdk -target arm64-apple-macos26.5 -g -module-cache-path /tmp/ResourceRunner-M3-task011-retry-release/ModuleCache.noindex -Xfrontend -serialize-debugging-options -profile-coverage-mapping -profile-generate -swift-version 5 -I /tmp/ResourceRunner-M3-task011-retry-release/Build/Products/Release -F /tmp/ResourceRunner-M3-task011-retry-release/Build/Products/Release -emit-localized-strings -emit-localized-strings-path /tmp/ResourceRunner-M3-task011-retry-release/Build/Intermediates.noindex/ResourceRunner.build/Release/ResourceRunner.build/Objects-normal/arm64 -c -num-threads 14 -Xcc -ivfsstatcache -Xcc /tmp/ResourceRunner-M3-task011-retry-release/SDKStatCaches.noindex/macosx26.5-25F70-e082c4a02f00227109f4ed75e425c832.sdkstatcache -output-file-map /tmp/ResourceRunner-M3-task011-retry-release/Build/Intermediates.noindex/ResourceRunner.build/Release/ResourceRunner.build/Objects-normal/arm64/ResourceRunner-OutputFileMap.json -use-frontend-parseable-output -save-temps -no-color-diagnostics -explicit-module-build -module-cache-path /tmp/ResourceRunner-M3-task011-retry-release/Build/Intermediates.noindex/SwiftExplicitPrecompiledModules -clang-scanner-module-cache-path /tmp/ResourceRunner-M3-task011-retry-release/ModuleCache.noindex -sdk-module-cache-path /tmp/ResourceRunner-M3-task011-retry-release/ModuleCache.noindex -serialize-diagnostics -emit-dependencies -emit-module -emit-module-path /tmp/ResourceRunner-M3-task011-retry-release/Build/Intermediates.noindex/ResourceRunner.build/Release/ResourceRunner.build/Objects-normal/arm64/ResourceRunner.swiftmodule -validate-clang-modules-once -clang-build-session-file /tmp/ResourceRunner-M3-task011-retry-release/ModuleCache.noindex/Session.modulevalidation -Xcc -I/tmp/ResourceRunner-M3-task011-retry-release/Build/Intermediates.noindex/ResourceRunner.build/Release/ResourceRunner.build/swift-overrides.hmap -emit-const-values -Xfrontend -const-gather-protocols-file -Xfrontend /tmp/ResourceRunner-M3-task011-retry-release/Build/Intermediates.noindex/ResourceRunner.build/Release/ResourceRunner.build/Objects-normal/arm64/ResourceRunner_const_extract_protocols.json -Xcc -iquote -Xcc /tmp/ResourceRunner-M3-task011-retry-release/Build/Intermediates.noindex/ResourceRunner.build/Release/ResourceRunner.build/ResourceRunner-generated-files.hmap -Xcc -I/tmp/ResourceRunner-M3-task011-retry-release/Build/Intermediates.noindex/ResourceRunner.build/Release/ResourceRunner.build/ResourceRunner-own-target-headers.hmap -Xcc -I/tmp/ResourceRunner-M3-task011-retry-release/Build/Intermediates.noindex/ResourceRunner.build/Release/ResourceRunner.build/ResourceRunner-all-target-headers.hmap -Xcc -iquote -Xcc /tmp/ResourceRunner-M3-task011-retry-release/Build/Intermediates.noindex/ResourceRunner.build/Release/ResourceRunner.build/ResourceRunner-project-headers.hmap -Xcc -I/tmp/ResourceRunner-M3-task011-retry-release/Build/Products/Release/include -Xcc -I/tmp/ResourceRunner-M3-task011-retry-release/Build/Intermediates.noindex/ResourceRunner.build/Release/ResourceRunner.build/DerivedSources-normal/arm64 -Xcc -I/tmp/ResourceRunner-M3-task011-retry-release/Build/Intermediates.noindex/ResourceRunner.build/Release/ResourceRunner.build/DerivedSources/arm64 -Xcc -I/tmp/ResourceRunner-M3-task011-retry-release/Build/Intermediates.noindex/ResourceRunner.build/Release/ResourceRunner.build/DerivedSources -emit-objc-header -emit-objc-header-path /tmp/ResourceRunner-M3-task011-retry-release/Build/Intermediates.noindex/ResourceRunner.build/Release/ResourceRunner.build/Objects-normal/arm64/ResourceRunner-Swift.h -working-directory /Users/zipkero/XcodeProjects/ResourceRunner -no-emit-module-separately-wmo

SwiftMergeGeneratedHeaders /tmp/ResourceRunner-M3-task011-retry-release/Build/Intermediates.noindex/ResourceRunner.build/Release/ResourceRunner.build/DerivedSources/ResourceRunner-Swift.h /tmp/ResourceRunner-M3-task011-retry-release/Build/Intermediates.noindex/ResourceRunner.build/Release/ResourceRunner.build/Objects-normal/arm64/ResourceRunner-Swift.h (in target 'ResourceRunner' from project 'ResourceRunner')
    cd /Users/zipkero/XcodeProjects/ResourceRunner
    builtin-swiftHeaderTool -arch arm64 /tmp/ResourceRunner-M3-task011-retry-release/Build/Intermediates.noindex/ResourceRunner.build/Release/ResourceRunner.build/Objects-normal/arm64/ResourceRunner-Swift.h -o /tmp/ResourceRunner-M3-task011-retry-release/Build/Intermediates.noindex/ResourceRunner.build/Release/ResourceRunner.build/DerivedSources/ResourceRunner-Swift.h

Copy /tmp/ResourceRunner-M3-task011-retry-release/Build/Products/Release/ResourceRunner.swiftmodule/arm64-apple-macos.swiftdoc /tmp/ResourceRunner-M3-task011-retry-release/Build/Intermediates.noindex/ResourceRunner.build/Release/ResourceRunner.build/Objects-normal/arm64/ResourceRunner.swiftdoc (in target 'ResourceRunner' from project 'ResourceRunner')
    cd /Users/zipkero/XcodeProjects/ResourceRunner
    builtin-copy -exclude .DS_Store -exclude CVS -exclude .svn -exclude .git -exclude .hg -resolve-src-symlinks -rename /tmp/ResourceRunner-M3-task011-retry-release/Build/Intermediates.noindex/ResourceRunner.build/Release/ResourceRunner.build/Objects-normal/arm64/ResourceRunner.swiftdoc /tmp/ResourceRunner-M3-task011-retry-release/Build/Products/Release/ResourceRunner.swiftmodule/arm64-apple-macos.swiftdoc

Copy /tmp/ResourceRunner-M3-task011-retry-release/Build/Products/Release/ResourceRunner.swiftmodule/arm64-apple-macos.abi.json /tmp/ResourceRunner-M3-task011-retry-release/Build/Intermediates.noindex/ResourceRunner.build/Release/ResourceRunner.build/Objects-normal/arm64/ResourceRunner.abi.json (in target 'ResourceRunner' from project 'ResourceRunner')
    cd /Users/zipkero/XcodeProjects/ResourceRunner
    builtin-copy -exclude .DS_Store -exclude CVS -exclude .svn -exclude .git -exclude .hg -resolve-src-symlinks -rename /tmp/ResourceRunner-M3-task011-retry-release/Build/Intermediates.noindex/ResourceRunner.build/Release/ResourceRunner.build/Objects-normal/arm64/ResourceRunner.abi.json /tmp/ResourceRunner-M3-task011-retry-release/Build/Products/Release/ResourceRunner.swiftmodule/arm64-apple-macos.abi.json

Copy /tmp/ResourceRunner-M3-task011-retry-release/Build/Products/Release/ResourceRunner.swiftmodule/arm64-apple-macos.swiftmodule /tmp/ResourceRunner-M3-task011-retry-release/Build/Intermediates.noindex/ResourceRunner.build/Release/ResourceRunner.build/Objects-normal/arm64/ResourceRunner.swiftmodule (in target 'ResourceRunner' from project 'ResourceRunner')
    cd /Users/zipkero/XcodeProjects/ResourceRunner
    builtin-copy -exclude .DS_Store -exclude CVS -exclude .svn -exclude .git -exclude .hg -resolve-src-symlinks -rename /tmp/ResourceRunner-M3-task011-retry-release/Build/Intermediates.noindex/ResourceRunner.build/Release/ResourceRunner.build/Objects-normal/arm64/ResourceRunner.swiftmodule /tmp/ResourceRunner-M3-task011-retry-release/Build/Products/Release/ResourceRunner.swiftmodule/arm64-apple-macos.swiftmodule

Copy /tmp/ResourceRunner-M3-task011-retry-release/Build/Products/Release/ResourceRunner.swiftmodule/Project/arm64-apple-macos.swiftsourceinfo /tmp/ResourceRunner-M3-task011-retry-release/Build/Intermediates.noindex/ResourceRunner.build/Release/ResourceRunner.build/Objects-normal/arm64/ResourceRunner.swiftsourceinfo (in target 'ResourceRunner' from project 'ResourceRunner')
    cd /Users/zipkero/XcodeProjects/ResourceRunner
    builtin-copy -exclude .DS_Store -exclude CVS -exclude .svn -exclude .git -exclude .hg -resolve-src-symlinks -rename /tmp/ResourceRunner-M3-task011-retry-release/Build/Intermediates.noindex/ResourceRunner.build/Release/ResourceRunner.build/Objects-normal/arm64/ResourceRunner.swiftsourceinfo /tmp/ResourceRunner-M3-task011-retry-release/Build/Products/Release/ResourceRunner.swiftmodule/Project/arm64-apple-macos.swiftsourceinfo

Ld /tmp/ResourceRunner-M3-task011-retry-release/Build/Products/Release/ResourceRunner.app/Contents/MacOS/ResourceRunner normal (in target 'ResourceRunner' from project 'ResourceRunner')
    cd /Users/zipkero/XcodeProjects/ResourceRunner
    /Applications/Xcode.app/Contents/Developer/Toolchains/XcodeDefault.xctoolchain/usr/bin/clang -Xlinker -reproducible -target arm64-apple-macos26.5 -isysroot /Applications/Xcode.app/Contents/Developer/Platforms/MacOSX.platform/Developer/SDKs/MacOSX26.5.sdk -Os -L/tmp/ResourceRunner-M3-task011-retry-release/Build/Intermediates.noindex/EagerLinkingTBDs/Release -L/tmp/ResourceRunner-M3-task011-retry-release/Build/Products/Release -F/tmp/ResourceRunner-M3-task011-retry-release/Build/Intermediates.noindex/EagerLinkingTBDs/Release -F/tmp/ResourceRunner-M3-task011-retry-release/Build/Products/Release -filelist /tmp/ResourceRunner-M3-task011-retry-release/Build/Intermediates.noindex/ResourceRunner.build/Release/ResourceRunner.build/Objects-normal/arm64/ResourceRunner.LinkFileList -Xlinker -rpath -Xlinker @executable_path/../Frameworks -Xlinker -object_path_lto -Xlinker /tmp/ResourceRunner-M3-task011-retry-release/Build/Intermediates.noindex/ResourceRunner.build/Release/ResourceRunner.build/Objects-normal/arm64/ResourceRunner_lto.o -Xlinker -debug_variant -Xlinker -dependency_info -Xlinker /tmp/ResourceRunner-M3-task011-retry-release/Build/Intermediates.noindex/ResourceRunner.build/Release/ResourceRunner.build/Objects-normal/arm64/ResourceRunner_dependency_info.dat -fobjc-link-runtime -fprofile-instr-generate -L/Applications/Xcode.app/Contents/Developer/Toolchains/XcodeDefault.xctoolchain/usr/lib/swift/macosx -L/usr/lib/swift -Xlinker -add_ast_path -Xlinker /tmp/ResourceRunner-M3-task011-retry-release/Build/Intermediates.noindex/ResourceRunner.build/Release/ResourceRunner.build/Objects-normal/arm64/ResourceRunner.swiftmodule @/tmp/ResourceRunner-M3-task011-retry-release/Build/Intermediates.noindex/ResourceRunner.build/Release/ResourceRunner.build/Objects-normal/arm64/ResourceRunner-linker-args.resp -o /tmp/ResourceRunner-M3-task011-retry-release/Build/Products/Release/ResourceRunner.app/Contents/MacOS/ResourceRunner

CopySwiftLibs /tmp/ResourceRunner-M3-task011-retry-release/Build/Products/Release/ResourceRunner.app (in target 'ResourceRunner' from project 'ResourceRunner')
    cd /Users/zipkero/XcodeProjects/ResourceRunner
    builtin-swiftStdLibTool --copy --verbose --scan-executable /tmp/ResourceRunner-M3-task011-retry-release/Build/Products/Release/ResourceRunner.app/Contents/MacOS/ResourceRunner --scan-folder /tmp/ResourceRunner-M3-task011-retry-release/Build/Products/Release/ResourceRunner.app/Contents/Frameworks --scan-folder /tmp/ResourceRunner-M3-task011-retry-release/Build/Products/Release/ResourceRunner.app/Contents/PlugIns --scan-folder /tmp/ResourceRunner-M3-task011-retry-release/Build/Products/Release/ResourceRunner.app/Contents/Library/SystemExtensions --scan-folder /tmp/ResourceRunner-M3-task011-retry-release/Build/Products/Release/ResourceRunner.app/Contents/Extensions --platform macosx --toolchain /Applications/Xcode.app/Contents/Developer/Toolchains/XcodeDefault.xctoolchain --destination /tmp/ResourceRunner-M3-task011-retry-release/Build/Products/Release/ResourceRunner.app/Contents/Frameworks --strip-bitcode --strip-bitcode-tool /Applications/Xcode.app/Contents/Developer/Toolchains/XcodeDefault.xctoolchain/usr/bin/bitcode_strip --emit-dependency-info /tmp/ResourceRunner-M3-task011-retry-release/Build/Intermediates.noindex/ResourceRunner.build/Release/ResourceRunner.build/SwiftStdLibToolInputDependencies.dep --filter-for-swift-os
Ignoring --strip-bitcode because --sign was not passed

ExtractAppIntentsMetadata (in target 'ResourceRunner' from project 'ResourceRunner')
    cd /Users/zipkero/XcodeProjects/ResourceRunner
    /Applications/Xcode.app/Contents/Developer/Toolchains/XcodeDefault.xctoolchain/usr/bin/appintentsmetadataprocessor --toolchain-dir /Applications/Xcode.app/Contents/Developer/Toolchains/XcodeDefault.xctoolchain --module-name ResourceRunner --sdk-root /Applications/Xcode.app/Contents/Developer/Platforms/MacOSX.platform/Developer/SDKs/MacOSX26.5.sdk --xcode-version 17F113 --platform-family macOS --deployment-target 26.5 --bundle-identifier com.zipkero.ResourceRunner --output /tmp/ResourceRunner-M3-task011-retry-release/Build/Products/Release/ResourceRunner.app/Contents/Resources --target-triple arm64-apple-macos26.5 --binary-file /tmp/ResourceRunner-M3-task011-retry-release/Build/Products/Release/ResourceRunner.app/Contents/MacOS/ResourceRunner --dependency-file /tmp/ResourceRunner-M3-task011-retry-release/Build/Intermediates.noindex/ResourceRunner.build/Release/ResourceRunner.build/Objects-normal/arm64/ResourceRunner_dependency_info.dat --stringsdata-file /tmp/ResourceRunner-M3-task011-retry-release/Build/Intermediates.noindex/ResourceRunner.build/Release/ResourceRunner.build/Objects-normal/arm64/ExtractedAppShortcutsMetadata.stringsdata --source-file-list /tmp/ResourceRunner-M3-task011-retry-release/Build/Intermediates.noindex/ResourceRunner.build/Release/ResourceRunner.build/Objects-normal/arm64/ResourceRunner.SwiftFileList --metadata-file-list /tmp/ResourceRunner-M3-task011-retry-release/Build/Intermediates.noindex/ResourceRunner.build/Release/ResourceRunner.build/ResourceRunner.DependencyMetadataFileList --static-metadata-file-list /tmp/ResourceRunner-M3-task011-retry-release/Build/Intermediates.noindex/ResourceRunner.build/Release/ResourceRunner.build/ResourceRunner.DependencyStaticMetadataFileList --swift-const-vals-list /tmp/ResourceRunner-M3-task011-retry-release/Build/Intermediates.noindex/ResourceRunner.build/Release/ResourceRunner.build/Objects-normal/arm64/ResourceRunner.SwiftConstValuesFileList --compile-time-extraction --deployment-aware-processing --validate-assistant-intents --no-app-shortcuts-localization
2026-10-02 23:55:04.183 appintentsmetadataprocessor[73590:47933633] Starting appintentsmetadataprocessor export
2026-10-02 23:55:04.184 appintentsmetadataprocessor[73590:47933633] warning: Metadata extraction skipped. No AppIntents.framework dependency found.

GenerateDSYMFile /tmp/ResourceRunner-M3-task011-retry-release/Build/Products/Release/ResourceRunner.app.dSYM /tmp/ResourceRunner-M3-task011-retry-release/Build/Products/Release/ResourceRunner.app/Contents/MacOS/ResourceRunner (in target 'ResourceRunner' from project 'ResourceRunner')
    cd /Users/zipkero/XcodeProjects/ResourceRunner
    /Applications/Xcode.app/Contents/Developer/Toolchains/XcodeDefault.xctoolchain/usr/bin/dsymutil /tmp/ResourceRunner-M3-task011-retry-release/Build/Products/Release/ResourceRunner.app/Contents/MacOS/ResourceRunner -o /tmp/ResourceRunner-M3-task011-retry-release/Build/Products/Release/ResourceRunner.app.dSYM

RegisterExecutionPolicyException /tmp/ResourceRunner-M3-task011-retry-release/Build/Products/Release/ResourceRunner.app (in target 'ResourceRunner' from project 'ResourceRunner')
    cd /Users/zipkero/XcodeProjects/ResourceRunner
    builtin-RegisterExecutionPolicyException /tmp/ResourceRunner-M3-task011-retry-release/Build/Products/Release/ResourceRunner.app

Validate /tmp/ResourceRunner-M3-task011-retry-release/Build/Products/Release/ResourceRunner.app (in target 'ResourceRunner' from project 'ResourceRunner')
    cd /Users/zipkero/XcodeProjects/ResourceRunner
    builtin-validationUtility /tmp/ResourceRunner-M3-task011-retry-release/Build/Products/Release/ResourceRunner.app -no-validate-extension -infoplist-subpath Contents/Info.plist

Touch /tmp/ResourceRunner-M3-task011-retry-release/Build/Products/Release/ResourceRunner.app (in target 'ResourceRunner' from project 'ResourceRunner')
    cd /Users/zipkero/XcodeProjects/ResourceRunner
    /usr/bin/touch -c /tmp/ResourceRunner-M3-task011-retry-release/Build/Products/Release/ResourceRunner.app

RegisterWithLaunchServices /tmp/ResourceRunner-M3-task011-retry-release/Build/Products/Release/ResourceRunner.app (in target 'ResourceRunner' from project 'ResourceRunner')
    cd /Users/zipkero/XcodeProjects/ResourceRunner
    /System/Library/Frameworks/CoreServices.framework/Versions/Current/Frameworks/LaunchServices.framework/Versions/Current/Support/lsregister -f -R -trusted /tmp/ResourceRunner-M3-task011-retry-release/Build/Products/Release/ResourceRunner.app

** BUILD SUCCEEDED **

