Exported 19 attachments for: DiskDashboardViewTests/fixedSlotsAndStatesKeepRateAndCapacityIndependent():
File: AE20BDF0-A8F5-4D48-9ADD-113B5671E0B1.png, suggested name: "disk-card-german-locale-light_0_7CB30EE7-10CE-4195-A12C-887FC0B6A89D.png"
File: D1D2A392-84BA-47AE-BC68-4314997B675E.png, suggested name: "disk-card-long-value-dark_0_C5E9486F-F636-4ED1-9134-336C4C3DD8BB.png"
File: C25EB48E-6241-4E95-BDDF-5CC485564BF8.png, suggested name: "disk-card-long-value-light_0_2FE533A8-9E00-4589-A317-374A634A058A.png"
File: 06FAD7F8-B12C-4C2C-8DEB-2F7A62D75D68.png, suggested name: "disk-card-no-device-dark_0_C8744EAB-84B8-49A7-A24C-A87C74EE1AF1.png"
File: 87D9CFD7-EB93-4C66-8556-90AD4152A4AF.png, suggested name: "disk-card-no-device-light_0_A2FCB37E-9BBA-483C-BBB1-8D617C4670D8.png"
File: 113F1C52-073F-4CFF-83E2-A9CFAE363589.png, suggested name: "disk-card-capacity-partial-dark_0_1D6B09F4-DE1C-4C36-BB5C-7A2175FA1504.png"
File: 57A69632-374F-4DC7-B072-2D0250C88C6E.png, suggested name: "disk-card-capacity-partial-light_0_45AD7FA0-578F-4794-8F08-686B98A035E7.png"
File: 13968324-85D0-410F-A150-39B0CD89D7AA.png, suggested name: "disk-card-capacity-failure-dark_0_17FFCF5F-4FEE-450E-94BE-6E7E22F9AEF3.png"
File: DEF97AE7-112C-49B1-B0E7-15965C43FF1B.png, suggested name: "disk-card-capacity-failure-light_0_15E70808-240B-4F35-9ADA-D058032689FA.png"
File: F52405A4-AEB4-4E23-B882-3E07C391DF0F.png, suggested name: "disk-card-stopped-dark_0_AE1B5A86-115D-4546-8F3D-FDAFECDE4153.png"
File: 312E021D-0ECD-402F-8E4F-F282C36E58F8.png, suggested name: "disk-card-stopped-light_0_E4EE271D-3132-4153-9543-F3E1F9BC94AB.png"
File: 18E596C4-0E87-487C-B4CE-5CD386E24CF7.png, suggested name: "disk-card-activity-failure-dark_0_6D3DB4B6-D590-4F91-9008-55E9EEFFDEBD.png"
File: FDD8C411-F166-4C16-8306-E796FA0A2B08.png, suggested name: "disk-card-activity-failure-light_0_3E478644-819D-4AC5-9950-1F4CBAF26D4E.png"
File: 795A8249-CADE-4A89-B736-63CFF854F681.png, suggested name: "disk-card-partial-dark_0_3050C54D-DEFD-41A6-A16B-1D77BEFD4717.png"
File: 1DD037BF-DB7A-48A8-B18D-B24C1B0C3C95.png, suggested name: "disk-card-partial-light_0_62F73AE7-A674-49CA-9CF4-89C5E053E20D.png"
File: 03B7E355-1CF9-46AF-B84D-0DAFB87E76BD.png, suggested name: "disk-card-normal-dark_0_E707A4E9-4F41-4651-83EF-431E0E8F7092.png"
File: DF059072-F081-425B-ACC4-E59E700F9BD7.png, suggested name: "disk-card-normal-light_0_B4E33BF2-DE18-48EF-8D4D-63401ECEC457.png"
File: 4936EC1C-1BB5-4085-B1AF-91DBED12AAAB.png, suggested name: "disk-card-initial-dark_0_79CD829E-8803-4C51-9C5C-670D5C3B1AD9.png"
File: 75A0E16A-09BB-4F0F-996F-0DEE30BB69B9.png, suggested name: "disk-card-initial-light_0_1BEF8590-3C52-4E4A-860C-12AE08E3FD11.png"

Skipped export for DiskDashboardViewTests/diskSelectionAndExplicitCloseUseCommonStore(): no matching attachments

Exported 1 attachment for: DiskDashboardViewTests/conditionalOperationsAndExternalMountStatesStayDistinct():
File: 30D815F8-3A4B-45E1-B4B1-9F8E4B51D061.png, suggested name: "disk-detail-external-unmounted-unknown-failure_0_86937882-82A2-49B2-966A-550EBDFBF847.png"

Exported 1 attachment for: DiskDashboardViewTests/detailPreservesSharedCapacityDriverCountersOperationsAndRelations():
File: 2318B84D-D89C-43F6-8A1D-879A319E94D4.png, suggested name: "disk-detail-volume-device-long-name_0_AB626926-D5A9-4836-96FC-B4BE38E4DF49.png"

Generated manifest file with attachment details: /Users/zipkero/XcodeProjects/ResourceRunner/evidence/task-011/renders/manifest.json
